[INFO] Scanning for projects...
[INFO] 
[INFO] -------------------------< com.neritech:saas >--------------------------
[INFO] Building Neritech Oficina Mec├ónica SaaS 0.0.1-SNAPSHOT
[INFO] --------------------------------[ jar ]---------------------------------
[INFO] 
[INFO] --- maven-resources-plugin:3.3.1:resources (default-resources) @ saas ---
[INFO] Copying 3 resources from src\main\resources to target\classes
[INFO] Copying 205 resources from src\main\resources to target\classes
[INFO] 
[INFO] --- maven-compiler-plugin:3.12.1:compile (default-compile) @ saas ---
[INFO] Recompiling the module because of changed source code.
[INFO] Compiling 1136 source files with javac [debug parameters release 21] to target\classes
[WARNING] /C:/Users/alexa/OneDrive/Documentos/NeriTech/backend/src/main/java/com/neritech/saas/fiscal/domain/CstProduto.java:[30,21] @SuperBuilder will ignore the initializing expression entirely. If you want the initializing expression to serve as default, add @Builder.Default. If it is not supposed to be settable during building, make the field final.
[WARNING] /C:/Users/alexa/OneDrive/Documentos/NeriTech/backend/src/main/java/com/neritech/saas/fiscal/domain/RegimeTributario.java:[32,21] @SuperBuilder will ignore the initializing expression entirely. If you want the initializing expression to serve as default, add @Builder.Default. If it is not supposed to be settable during building, make the field final.
[WARNING] /C:/Users/alexa/OneDrive/Documentos/NeriTech/backend/src/main/java/com/neritech/saas/fiscal/domain/CertificadoDigital.java:[42,21] @SuperBuilder will ignore the initializing expression entirely. If you want the initializing expression to serve as default, add @Builder.Default. If it is not supposed to be settable during building, make the field final.
[WARNING] /C:/Users/alexa/OneDrive/Documentos/NeriTech/backend/src/main/java/com/neritech/saas/fiscal/domain/ConfiguracaoNfe.java:[38,21] @SuperBuilder will ignore the initializing expression entirely. If you want the initializing expression to serve as default, add @Builder.Default. If it is not supposed to be settable during building, make the field final.
[WARNING] /C:/Users/alexa/OneDrive/Documentos/NeriTech/backend/src/main/java/com/neritech/saas/fiscal/domain/ConfiguracaoNfe.java:[40,21] @SuperBuilder will ignore the initializing expression entirely. If you want the initializing expression to serve as default, add @Builder.Default. If it is not supposed to be settable during building, make the field final.
[WARNING] /C:/Users/alexa/OneDrive/Documentos/NeriTech/backend/src/main/java/com/neritech/saas/integracao/domain/Sincronizacao.java:[39,21] @SuperBuilder will ignore the initializing expression entirely. If you want the initializing expression to serve as default, add @Builder.Default. If it is not supposed to be settable during building, make the field final.
[WARNING] /C:/Users/alexa/OneDrive/Documentos/NeriTech/backend/src/main/java/com/neritech/saas/integracao/domain/Sincronizacao.java:[41,21] @SuperBuilder will ignore the initializing expression entirely. If you want the initializing expression to serve as default, add @Builder.Default. If it is not supposed to be settable during building, make the field final.
[WARNING] /C:/Users/alexa/OneDrive/Documentos/NeriTech/backend/src/main/java/com/neritech/saas/integracao/domain/IntegracaoAtiva.java:[34,21] @SuperBuilder will ignore the initializing expression entirely. If you want the initializing expression to serve as default, add @Builder.Default. If it is not supposed to be settable during building, make the field final.
[WARNING] /C:/Users/alexa/OneDrive/Documentos/NeriTech/backend/src/main/java/com/neritech/saas/relatorios/domain/RelatorioSalvo.java:[69,21] @SuperBuilder will ignore the initializing expression entirely. If you want the initializing expression to serve as default, add @Builder.Default. If it is not supposed to be settable during building, make the field final.
[WARNING] /C:/Users/alexa/OneDrive/Documentos/NeriTech/backend/src/main/java/com/neritech/saas/relatorios/domain/RelatorioSalvo.java:[75,21] @SuperBuilder will ignore the initializing expression entirely. If you want the initializing expression to serve as default, add @Builder.Default. If it is not supposed to be settable during building, make the field final.
[WARNING] /C:/Users/alexa/OneDrive/Documentos/NeriTech/backend/src/main/java/com/neritech/saas/relatorios/domain/RelatorioSalvo.java:[90,21] @SuperBuilder will ignore the initializing expression entirely. If you want the initializing expression to serve as default, add @Builder.Default. If it is not supposed to be settable during building, make the field final.
[WARNING] /C:/Users/alexa/OneDrive/Documentos/NeriTech/backend/src/main/java/com/neritech/saas/relatorios/domain/RelatorioSalvo.java:[93,21] @SuperBuilder will ignore the initializing expression entirely. If you want the initializing expression to serve as default, add @Builder.Default. If it is not supposed to be settable during building, make the field final.
[WARNING] /C:/Users/alexa/OneDrive/Documentos/NeriTech/backend/src/main/java/com/neritech/saas/integracao/domain/TokenApi.java:[32,20] @SuperBuilder will ignore the initializing expression entirely. If you want the initializing expression to serve as default, add @Builder.Default. If it is not supposed to be settable during building, make the field final.
[WARNING] /C:/Users/alexa/OneDrive/Documentos/NeriTech/backend/src/main/java/com/neritech/saas/integracao/domain/TokenApi.java:[36,21] @SuperBuilder will ignore the initializing expression entirely. If you want the initializing expression to serve as default, add @Builder.Default. If it is not supposed to be settable during building, make the field final.
[WARNING] /C:/Users/alexa/OneDrive/Documentos/NeriTech/backend/src/main/java/com/neritech/saas/integracao/domain/Webhook.java:[29,20] @SuperBuilder will ignore the initializing expression entirely. If you want the initializing expression to serve as default, add @Builder.Default. If it is not supposed to be settable during building, make the field final.
[WARNING] /C:/Users/alexa/OneDrive/Documentos/NeriTech/backend/src/main/java/com/neritech/saas/integracao/domain/Webhook.java:[36,21] @SuperBuilder will ignore the initializing expression entirely. If you want the initializing expression to serve as default, add @Builder.Default. If it is not supposed to be settable during building, make the field final.
[WARNING] /C:/Users/alexa/OneDrive/Documentos/NeriTech/backend/src/main/java/com/neritech/saas/integracao/domain/Webhook.java:[38,21] @SuperBuilder will ignore the initializing expression entirely. If you want the initializing expression to serve as default, add @Builder.Default. If it is not supposed to be settable during building, make the field final.
[WARNING] /C:/Users/alexa/OneDrive/Documentos/NeriTech/backend/src/main/java/com/neritech/saas/fiscal/domain/Cfop.java:[31,21] @SuperBuilder will ignore the initializing expression entirely. If you want the initializing expression to serve as default, add @Builder.Default. If it is not supposed to be settable during building, make the field final.
[WARNING] /C:/Users/alexa/OneDrive/Documentos/NeriTech/backend/src/main/java/com/neritech/saas/integracao/domain/MapeamentoDados.java:[38,21] @SuperBuilder will ignore the initializing expression entirely. If you want the initializing expression to serve as default, add @Builder.Default. If it is not supposed to be settable during building, make the field final.
[WARNING] /C:/Users/alexa/OneDrive/Documentos/NeriTech/backend/src/main/java/com/neritech/saas/fiscal/domain/AliquotaImposto.java:[35,21] @SuperBuilder will ignore the initializing expression entirely. If you want the initializing expression to serve as default, add @Builder.Default. If it is not supposed to be settable during building, make the field final.
[WARNING] /C:/Users/alexa/OneDrive/Documentos/NeriTech/backend/src/main/java/com/neritech/saas/fiscal/domain/NcmProduto.java:[30,21] @SuperBuilder will ignore the initializing expression entirely. If you want the initializing expression to serve as default, add @Builder.Default. If it is not supposed to be settable during building, make the field final.
[INFO] MapStruct: Using accessor naming strategy: org.mapstruct.ap.spi.DefaultAccessorNamingStrategy
[INFO] MapStruct: Using builder provider: org.mapstruct.ap.spi.DefaultBuilderProvider
[INFO] MapStruct: Using enum naming strategy: org.mapstruct.ap.spi.DefaultEnumMappingStrategy
[INFO]  MapStruct: processing: com.neritech.saas.comunicacao.mapper.QuestionarioMapper.
[INFO] - MapStruct: creating bean mapping method implementation for com.neritech.saas.comunicacao.domain.Questionario toEntity(com.neritech.saas.comunicacao.dto.QuestionarioRequest request).
[INFO] -- MapStruct: mapping property: request.empresaId() to: setEmpresaId(java.lang.Long).
[INFO] -- MapStruct: selecting property mapping: request.empresaId().
[INFO] -- MapStruct: mapping property: request.dsQuestionario() to: setDsQuestionario(java.lang.String).
[INFO] -- MapStruct: selecting property mapping: request.dsQuestionario().
[INFO] -- MapStruct: mapping property: request.urlImagem() to: setUrlImagem(java.lang.String).
[INFO] -- MapStruct: selecting property mapping: request.urlImagem().
[INFO] -- MapStruct: mapping property: request.snAtivo() to: setSnAtivo(java.lang.Boolean).
[INFO] -- MapStruct: selecting property mapping: request.snAtivo().
[INFO] - MapStruct: creating bean mapping method implementation for com.neritech.saas.comunicacao.dto.QuestionarioResponse toResponse(com.neritech.saas.comunicacao.domain.Questionario entity).
[INFO] -- MapStruct: mapping property: entity.getId() to: id.
[INFO] -- MapStruct: selecting property mapping: entity.getId().
[INFO] -- MapStruct: mapping property: entity.getEmpresaId() to: empresaId.
[INFO] -- MapStruct: selecting property mapping: entity.getEmpresaId().
[INFO] -- MapStruct: mapping property: entity.getDsQuestionario() to: dsQuestionario.
[INFO] -- MapStruct: selecting property mapping: entity.getDsQuestionario().
[INFO] -- MapStruct: mapping property: entity.getUrlImagem() to: urlImagem.
[INFO] -- MapStruct: selecting property mapping: entity.getUrlImagem().
[INFO] -- MapStruct: mapping property: entity.getSnAtivo() to: snAtivo.
[INFO] -- MapStruct: selecting property mapping: entity.getSnAtivo().
[INFO] -- MapStruct: mapping property: entity.getDataCadastro() to: dataCadastro.
[INFO] -- MapStruct: selecting property mapping: entity.getDataCadastro().
[INFO] -- MapStruct: mapping property: entity.getDataAtualizacao() to: dataAtualizacao.
[INFO] -- MapStruct: selecting property mapping: entity.getDataAtualizacao().
[INFO] - MapStruct: creating bean mapping method implementation for void updateEntityFromRequest(com.neritech.saas.comunicacao.dto.QuestionarioRequest request, @MappingTarget com.neritech.saas.comunicacao.domain.Questionario entity).
[INFO] -- MapStruct: mapping property: request.empresaId() to: setEmpresaId(java.lang.Long).
[INFO] -- MapStruct: selecting property mapping: request.empresaId().
[INFO] -- MapStruct: mapping property: request.dsQuestionario() to: setDsQuestionario(java.lang.String).
[INFO] -- MapStruct: selecting property mapping: request.dsQuestionario().
[INFO] -- MapStruct: mapping property: request.urlImagem() to: setUrlImagem(java.lang.String).
[INFO] -- MapStruct: selecting property mapping: request.urlImagem().
[INFO] -- MapStruct: mapping property: request.snAtivo() to: setSnAtivo(java.lang.Boolean).
[INFO] -- MapStruct: selecting property mapping: request.snAtivo().
[INFO]  MapStruct: processing: com.neritech.saas.veiculo.mapper.TipoCombustivelMapper.
[INFO] - MapStruct: creating bean mapping method implementation for com.neritech.saas.veiculo.domain.TipoCombustivel toEntity(com.neritech.saas.veiculo.dto.TipoCombustivelRequest request).
[INFO] -- MapStruct: mapping property: request.nome() to: setNome(java.lang.String).
[INFO] -- MapStruct: selecting property mapping: request.nome().
[INFO] - MapStruct: creating bean mapping method implementation for com.neritech.saas.veiculo.dto.TipoCombustivelResponse toResponse(com.neritech.saas.veiculo.domain.TipoCombustivel entity).
[INFO] -- MapStruct: mapping property: entity.getId() to: id.
[INFO] -- MapStruct: selecting property mapping: entity.getId().
[INFO] -- MapStruct: mapping property: entity.getNome() to: nome.
[INFO] -- MapStruct: selecting property mapping: entity.getNome().
[INFO] - MapStruct: creating bean mapping method implementation for void updateEntityFromRequest(com.neritech.saas.veiculo.dto.TipoCombustivelRequest request, @MappingTarget com.neritech.saas.veiculo.domain.TipoCombustivel entity).
[INFO] -- MapStruct: mapping property: request.nome() to: setNome(java.lang.String).
[INFO] -- MapStruct: selecting property mapping: request.nome().
[INFO]  MapStruct: processing: com.neritech.saas.garantia.mapper.ItemGarantiaMapper.
[INFO] - MapStruct: creating bean mapping method implementation for com.neritech.saas.garantia.domain.ItemGarantia toEntity(com.neritech.saas.garantia.dto.ItemGarantiaRequest request).
[INFO] -- MapStruct: mapping property: request.tipoItem() to: setTipoItem(com.neritech.saas.garantia.domain.TipoItemGarantia).
[INFO] -- MapStruct: selecting property mapping: request.tipoItem().
[INFO] -- MapStruct: mapping property: request.servicoId() to: setServicoId(java.lang.Long).
[INFO] -- MapStruct: selecting property mapping: request.servicoId().
[INFO] -- MapStruct: mapping property: request.produtoId() to: setProdutoId(java.lang.Long).
[INFO] -- MapStruct: selecting property mapping: request.produtoId().
[INFO] -- MapStruct: mapping property: request.descricaoItem() to: setDescricaoItem(java.lang.String).
[INFO] -- MapStruct: selecting property mapping: request.descricaoItem().
[INFO] -- MapStruct: mapping property: request.quantidadeOriginal() to: setQuantidadeOriginal(java.math.BigDecimal).
[INFO] -- MapStruct: selecting property mapping: request.quantidadeOriginal().
[INFO] -- MapStruct: mapping property: request.valorUnitarioOriginal() to: setValorUnitarioOriginal(java.math.BigDecimal).
[INFO] -- MapStruct: selecting property mapping: request.valorUnitarioOriginal().
[INFO] -- MapStruct: mapping property: request.valorTotalOriginal() to: setValorTotalOriginal(java.math.BigDecimal).
[INFO] -- MapStruct: selecting property mapping: request.valorTotalOriginal().
[INFO] -- MapStruct: mapping property: request.valorCobertura() to: setValorCobertura(java.math.BigDecimal).
[INFO] -- MapStruct: selecting property mapping: request.valorCobertura().
[INFO] -- MapStruct: mapping property: request.condicoesEspecificas() to: setCondicoesEspecificas(java.lang.String).
[INFO] -- MapStruct: selecting property mapping: request.condicoesEspecificas().
[INFO] -- MapStruct: mapping property: request.defeitoCoberto() to: setDefeitoCoberto(java.lang.String).
[INFO] -- MapStruct: selecting property mapping: request.defeitoCoberto().
[INFO] -- MapStruct: mapping property: request.defeitoNaoCoberto() to: setDefeitoNaoCoberto(java.lang.String).
[INFO] -- MapStruct: selecting property mapping: request.defeitoNaoCoberto().
[INFO] -- MapStruct: mapping property: request.prazoAcionamentoDias() to: setPrazoAcionamentoDias(java.lang.Integer).
[INFO] -- MapStruct: selecting property mapping: request.prazoAcionamentoDias().
[INFO] -- MapStruct: mapping property: request.percentualCobertura() to: setPercentualCobertura(java.math.BigDecimal).
[INFO] -- MapStruct: selecting property mapping: request.percentualCobertura().
[INFO] -- MapStruct: mapping property: request.ativo() to: setAtivo(java.lang.Boolean).
[INFO] -- MapStruct: selecting property mapping: request.ativo().
[INFO] - MapStruct: creating bean mapping method implementation for com.neritech.saas.garantia.dto.ItemGarantiaResponse toResponse(com.neritech.saas.garantia.domain.ItemGarantia entity).
[INFO] -- MapStruct: mapping property: entity.getId() to: id.
[INFO] -- MapStruct: selecting property mapping: entity.getId().
[INFO] -- MapStruct: mapping property: entity.getTipoItem() to: tipoItem.
[INFO] -- MapStruct: selecting property mapping: entity.getTipoItem().
[INFO] -- MapStruct: mapping property: entity.getServicoId() to: servicoId.
[INFO] -- MapStruct: selecting property mapping: entity.getServicoId().
[INFO] -- MapStruct: mapping property: entity.getProdutoId() to: produtoId.
[INFO] -- MapStruct: selecting property mapping: entity.getProdutoId().
[INFO] -- MapStruct: mapping property: entity.getDescricaoItem() to: descricaoItem.
[INFO] -- MapStruct: selecting property mapping: entity.getDescricaoItem().
[INFO] -- MapStruct: mapping property: entity.getQuantidadeOriginal() to: quantidadeOriginal.
[INFO] -- MapStruct: selecting property mapping: entity.getQuantidadeOriginal().
[INFO] -- MapStruct: mapping property: entity.getValorUnitarioOriginal() to: valorUnitarioOriginal.
[INFO] -- MapStruct: selecting property mapping: entity.getValorUnitarioOriginal().
[INFO] -- MapStruct: mapping property: entity.getValorTotalOriginal() to: valorTotalOriginal.
[INFO] -- MapStruct: selecting property mapping: entity.getValorTotalOriginal().
[INFO] -- MapStruct: mapping property: entity.getPercentualCobertura() to: percentualCobertura.
[INFO] -- MapStruct: selecting property mapping: entity.getPercentualCobertura().
[INFO] -- MapStruct: mapping property: entity.getValorCobertura() to: valorCobertura.
[INFO] -- MapStruct: selecting property mapping: entity.getValorCobertura().
[INFO] -- MapStruct: mapping property: entity.getCondicoesEspecificas() to: condicoesEspecificas.
[INFO] -- MapStruct: selecting property mapping: entity.getCondicoesEspecificas().
[INFO] -- MapStruct: mapping property: entity.getDefeitoCoberto() to: defeitoCoberto.
[INFO] -- MapStruct: selecting property mapping: entity.getDefeitoCoberto().
[INFO] -- MapStruct: mapping property: entity.getDefeitoNaoCoberto() to: defeitoNaoCoberto.
[INFO] -- MapStruct: selecting property mapping: entity.getDefeitoNaoCoberto().
[INFO] -- MapStruct: mapping property: entity.getPrazoAcionamentoDias() to: prazoAcionamentoDias.
[INFO] -- MapStruct: selecting property mapping: entity.getPrazoAcionamentoDias().
[INFO] -- MapStruct: mapping property: entity.getQuantidadeUtilizada() to: quantidadeUtilizada.
[INFO] -- MapStruct: selecting property mapping: entity.getQuantidadeUtilizada().
[INFO] -- MapStruct: mapping property: entity.getValorUtilizado() to: valorUtilizado.
[INFO] -- MapStruct: selecting property mapping: entity.getValorUtilizado().
[INFO] -- MapStruct: mapping property: entity.getSaldoDisponivel() to: saldoDisponivel.
[INFO] -- MapStruct: selecting property mapping: entity.getSaldoDisponivel().
[INFO] -- MapStruct: mapping property: entity.getObservacoes() to: observacoes.
[INFO] -- MapStruct: selecting property mapping: entity.getObservacoes().
[INFO] -- MapStruct: mapping property: entity.getAtivo() to: ativo.
[INFO] -- MapStruct: selecting property mapping: entity.getAtivo().
[INFO] - MapStruct: creating bean mapping method implementation for void updateEntityFromDTO(com.neritech.saas.garantia.dto.ItemGarantiaRequest request, @MappingTarget com.neritech.saas.garantia.domain.ItemGarantia entity).
[INFO] -- MapStruct: mapping property: request.tipoItem() to: setTipoItem(com.neritech.saas.garantia.domain.TipoItemGarantia).
[INFO] -- MapStruct: selecting property mapping: request.tipoItem().
[INFO] -- MapStruct: mapping property: request.servicoId() to: setServicoId(java.lang.Long).
[INFO] -- MapStruct: selecting property mapping: request.servicoId().
[INFO] -- MapStruct: mapping property: request.produtoId() to: setProdutoId(java.lang.Long).
[INFO] -- MapStruct: selecting property mapping: request.produtoId().
[INFO] -- MapStruct: mapping property: request.descricaoItem() to: setDescricaoItem(java.lang.String).
[INFO] -- MapStruct: selecting property mapping: request.descricaoItem().
[INFO] -- MapStruct: mapping property: request.quantidadeOriginal() to: setQuantidadeOriginal(java.math.BigDecimal).
[INFO] -- MapStruct: selecting property mapping: request.quantidadeOriginal().
[INFO] -- MapStruct: mapping property: request.valorUnitarioOriginal() to: setValorUnitarioOriginal(java.math.BigDecimal).
[INFO] -- MapStruct: selecting property mapping: request.valorUnitarioOriginal().
[INFO] -- MapStruct: mapping property: request.valorTotalOriginal() to: setValorTotalOriginal(java.math.BigDecimal).
[INFO] -- MapStruct: selecting property mapping: request.valorTotalOriginal().
[INFO] -- MapStruct: mapping property: request.valorCobertura() to: setValorCobertura(java.math.BigDecimal).
[INFO] -- MapStruct: selecting property mapping: request.valorCobertura().
[INFO] -- MapStruct: mapping property: request.condicoesEspecificas() to: setCondicoesEspecificas(java.lang.String).
[INFO] -- MapStruct: selecting property mapping: request.condicoesEspecificas().
[INFO] -- MapStruct: mapping property: request.defeitoCoberto() to: setDefeitoCoberto(java.lang.String).
[INFO] -- MapStruct: selecting property mapping: request.defeitoCoberto().
[INFO] -- MapStruct: mapping property: request.defeitoNaoCoberto() to: setDefeitoNaoCoberto(java.lang.String).
[INFO] -- MapStruct: selecting property mapping: request.defeitoNaoCoberto().
[INFO] -- MapStruct: mapping property: request.prazoAcionamentoDias() to: setPrazoAcionamentoDias(java.lang.Integer).
[INFO] -- MapStruct: selecting property mapping: request.prazoAcionamentoDias().
[INFO] -- MapStruct: mapping property: request.percentualCobertura() to: setPercentualCobertura(java.math.BigDecimal).
[INFO] -- MapStruct: selecting property mapping: request.percentualCobertura().
[INFO] -- MapStruct: mapping property: request.ativo() to: setAtivo(java.lang.Boolean).
[INFO] -- MapStruct: selecting property mapping: request.ativo().
[INFO]  MapStruct: processing: com.neritech.saas.financeiro.mapper.CentroCustoMapper.
[INFO] - MapStruct: creating bean mapping method implementation for com.neritech.saas.financeiro.domain.CentroCusto toEntity(com.neritech.saas.financeiro.dto.CentroCustoRequest request).
[INFO] -- MapStruct: mapping property: request.codigo() to: setCodigo(java.lang.String).
[INFO] -- MapStruct: selecting property mapping: request.codigo().
[INFO] -- MapStruct: mapping property: request.nome() to: setNome(java.lang.String).
[INFO] -- MapStruct: selecting property mapping: request.nome().
[INFO] -- MapStruct: mapping property: request.descricao() to: setDescricao(java.lang.String).
[INFO] -- MapStruct: selecting property mapping: request.descricao().
[INFO] -- MapStruct: mapping property: request.tipo() to: setTipo(com.neritech.saas.financeiro.domain.enums.TipoCentroCusto).
[INFO] -- MapStruct: selecting property mapping: request.tipo().
[INFO] -- MapStruct: mapping property: request.responsavelId() to: setResponsavelId(java.lang.Long).
[INFO] -- MapStruct: selecting property mapping: request.responsavelId().
[INFO] -- MapStruct: mapping property: request.orcamentoMensal() to: setOrcamentoMensal(java.math.BigDecimal).
[INFO] -- MapStruct: selecting property mapping: request.orcamentoMensal().
[INFO] -- MapStruct: mapping property: request.orcamentoAnual() to: setOrcamentoAnual(java.math.BigDecimal).
[INFO] -- MapStruct: selecting property mapping: request.orcamentoAnual().
[INFO] -- MapStruct: mapping property: request.ativo() to: setAtivo(java.lang.Boolean).
[INFO] -- MapStruct: selecting property mapping: request.ativo().
[INFO] - MapStruct: creating bean mapping method implementation for com.neritech.saas.financeiro.dto.CentroCustoResponse toResponse(com.neritech.saas.financeiro.domain.CentroCusto entity).
[INFO] -- MapStruct: mapping property: entityCentroCustoPaiNome( entity ) to: centroCustoPaiNome.
[INFO] -- MapStruct: selecting property mapping: entityCentroCustoPaiNome( entity ).
[INFO] -- MapStruct: mapping property: entity.getId() to: id.
[INFO] -- MapStruct: selecting property mapping: entity.getId().
[INFO] -- MapStruct: mapping property: entity.getEmpresaId() to: empresaId.
[INFO] -- MapStruct: selecting property mapping: entity.getEmpresaId().
[INFO] -- MapStruct: mapping property: entity.getCodigo() to: codigo.
[INFO] -- MapStruct: selecting property mapping: entity.getCodigo().
[INFO] -- MapStruct: mapping property: entity.getNome() to: nome.
[INFO] -- MapStruct: selecting property mapping: entity.getNome().
[INFO] -- MapStruct: mapping property: entity.getDescricao() to: descricao.
[INFO] -- MapStruct: selecting property mapping: entity.getDescricao().
[INFO] -- MapStruct: mapping property: entity.getTipo() to: tipo.
[INFO] -- MapStruct: selecting property mapping: entity.getTipo().
[INFO] -- MapStruct: mapping property: entity.getResponsavelId() to: responsavelId.
[INFO] -- MapStruct: selecting property mapping: entity.getResponsavelId().
[INFO] -- MapStruct: mapping property: entity.getOrcamentoMensal() to: orcamentoMensal.
[INFO] -- MapStruct: selecting property mapping: entity.getOrcamentoMensal().
[INFO] -- MapStruct: mapping property: entity.getOrcamentoAnual() to: orcamentoAnual.
[INFO] -- MapStruct: selecting property mapping: entity.getOrcamentoAnual().
[INFO] -- MapStruct: mapping property: entity.getAtivo() to: ativo.
[INFO] -- MapStruct: selecting property mapping: entity.getAtivo().
[INFO] - MapStruct: creating bean mapping method implementation for void updateEntityFromDTO(com.neritech.saas.financeiro.dto.CentroCustoRequest request, @MappingTarget com.neritech.saas.financeiro.domain.CentroCusto entity).
[INFO] -- MapStruct: mapping property: request.codigo() to: setCodigo(java.lang.String).
[INFO] -- MapStruct: selecting property mapping: request.codigo().
[INFO] -- MapStruct: mapping property: request.nome() to: setNome(java.lang.String).
[INFO] -- MapStruct: selecting property mapping: request.nome().
[INFO] -- MapStruct: mapping property: request.descricao() to: setDescricao(java.lang.String).
[INFO] -- MapStruct: selecting property mapping: request.descricao().
[INFO] -- MapStruct: mapping property: request.tipo() to: setTipo(com.neritech.saas.financeiro.domain.enums.TipoCentroCusto).
[INFO] -- MapStruct: selecting property mapping: request.tipo().
[INFO] -- MapStruct: mapping property: request.responsavelId() to: setResponsavelId(java.lang.Long).
[INFO] -- MapStruct: selecting property mapping: request.responsavelId().
[INFO] -- MapStruct: mapping property: request.orcamentoMensal() to: setOrcamentoMensal(java.math.BigDecimal).
[INFO] -- MapStruct: selecting property mapping: request.orcamentoMensal().
[INFO] -- MapStruct: mapping property: request.orcamentoAnual() to: setOrcamentoAnual(java.math.BigDecimal).
[INFO] -- MapStruct: selecting property mapping: request.orcamentoAnual().
[INFO] -- MapStruct: mapping property: request.ativo() to: setAtivo(java.lang.Boolean).
[INFO] -- MapStruct: selecting property mapping: request.ativo().
[INFO]  MapStruct: processing: com.neritech.saas.empresa.mapper.EnderecoEmpresaMapper.
[INFO] - MapStruct: creating bean mapping method implementation for com.neritech.saas.empresa.domain.EnderecoEmpresa toEntity(com.neritech.saas.empresa.dto.EnderecoEmpresaRequest request).
[INFO] -- MapStruct: mapping property: request.tipoEndereco() to: setTipoEndereco(com.neritech.saas.empresa.domain.enums.TipoEndereco).
[INFO] -- MapStruct: selecting property mapping: request.tipoEndereco().
[INFO] -- MapStruct: mapping property: request.cep() to: setCep(java.lang.String).
[INFO] -- MapStruct: selecting property mapping: request.cep().
[INFO] -- MapStruct: mapping property: request.logradouro() to: setLogradouro(java.lang.String).
[INFO] -- MapStruct: selecting property mapping: request.logradouro().
[INFO] -- MapStruct: mapping property: request.numero() to: setNumero(java.lang.String).
[INFO] -- MapStruct: selecting property mapping: request.numero().
[INFO] -- MapStruct: mapping property: request.complemento() to: setComplemento(java.lang.String).
[INFO] -- MapStruct: selecting property mapping: request.complemento().
[INFO] -- MapStruct: mapping property: request.bairro() to: setBairro(java.lang.String).
[INFO] -- MapStruct: selecting property mapping: request.bairro().
[INFO] -- MapStruct: mapping property: request.cidade() to: setCidade(java.lang.String).
[INFO] -- MapStruct: selecting property mapping: request.cidade().
[INFO] -- MapStruct: mapping property: request.estado() to: setEstado(java.lang.String).
[INFO] -- MapStruct: selecting property mapping: request.estado().
[INFO] -- MapStruct: mapping property: request.pais() to: setPais(java.lang.String).
[INFO] -- MapStruct: selecting property mapping: request.pais().
[INFO] -- MapStruct: mapping property: request.principal() to: setPrincipal(java.lang.Boolean).
[INFO] -- MapStruct: selecting property mapping: request.principal().
[INFO] -- MapStruct: mapping property: request.ativo() to: setAtivo(java.lang.Boolean).
[INFO] -- MapStruct: selecting property mapping: request.ativo().
[INFO] - MapStruct: creating bean mapping method implementation for com.neritech.saas.empresa.dto.EnderecoEmpresaResponse toResponse(com.neritech.saas.empresa.domain.EnderecoEmpresa entity).
[INFO] -- MapStruct: mapping property: entityEmpresaId( entity ) to: empresaId.
[INFO] -- MapStruct: selecting property mapping: entityEmpresaId( entity ).
[INFO] -- MapStruct: mapping property: entityEmpresaNomeFantasia( entity ) to: empresaNome.
[INFO] -- MapStruct: selecting property mapping: entityEmpresaNomeFantasia( entity ).
[INFO] -- MapStruct: mapping property: entity.getId() to: id.
[INFO] -- MapStruct: selecting property mapping: entity.getId().
[INFO] -- MapStruct: mapping property: entity.getTipoEndereco() to: tipoEndereco.
[INFO] -- MapStruct: selecting property mapping: entity.getTipoEndereco().
[INFO] -- MapStruct: mapping property: entity.getCep() to: cep.
[INFO] -- MapStruct: selecting property mapping: entity.getCep().
[INFO] -- MapStruct: mapping property: entity.getLogradouro() to: logradouro.
[INFO] -- MapStruct: selecting property mapping: entity.getLogradouro().
[INFO] -- MapStruct: mapping property: entity.getNumero() to: numero.
[INFO] -- MapStruct: selecting property mapping: entity.getNumero().
[INFO] -- MapStruct: mapping property: entity.getComplemento() to: complemento.
[INFO] -- MapStruct: selecting property mapping: entity.getComplemento().
[INFO] -- MapStruct: mapping property: entity.getBairro() to: bairro.
[INFO] -- MapStruct: selecting property mapping: entity.getBairro().
[INFO] -- MapStruct: mapping property: entity.getCidade() to: cidade.
[INFO] -- MapStruct: selecting property mapping: entity.getCidade().
[INFO] -- MapStruct: mapping property: entity.getEstado() to: estado.
[INFO] -- MapStruct: selecting property mapping: entity.getEstado().
[INFO] -- MapStruct: mapping property: entity.getPais() to: pais.
[INFO] -- MapStruct: selecting property mapping: entity.getPais().
[INFO] -- MapStruct: mapping property: entity.getPrincipal() to: principal.
[INFO] -- MapStruct: selecting property mapping: entity.getPrincipal().
[INFO] -- MapStruct: mapping property: entity.getAtivo() to: ativo.
[INFO] -- MapStruct: selecting property mapping: entity.getAtivo().
[INFO] -- MapStruct: mapping property: entity.getDataCadastro() to: dataCadastro.
[INFO] -- MapStruct: selecting property mapping: entity.getDataCadastro().
[INFO] -- MapStruct: mapping property: entity.getDataAtualizacao() to: dataAtualizacao.
[INFO] -- MapStruct: selecting property mapping: entity.getDataAtualizacao().
[INFO] - MapStruct: creating bean mapping method implementation for void updateEntityFromRequest(com.neritech.saas.empresa.dto.EnderecoEmpresaRequest request, @MappingTarget com.neritech.saas.empresa.domain.EnderecoEmpresa entity).
[INFO] -- MapStruct: mapping property: request.tipoEndereco() to: setTipoEndereco(com.neritech.saas.empresa.domain.enums.TipoEndereco).
[INFO] -- MapStruct: selecting property mapping: request.tipoEndereco().
[INFO] -- MapStruct: mapping property: request.cep() to: setCep(java.lang.String).
[INFO] -- MapStruct: selecting property mapping: request.cep().
[INFO] -- MapStruct: mapping property: request.logradouro() to: setLogradouro(java.lang.String).
[INFO] -- MapStruct: selecting property mapping: request.logradouro().
[INFO] -- MapStruct: mapping property: request.numero() to: setNumero(java.lang.String).
[INFO] -- MapStruct: selecting property mapping: request.numero().
[INFO] -- MapStruct: mapping property: request.complemento() to: setComplemento(java.lang.String).
[INFO] -- MapStruct: selecting property mapping: request.complemento().
[INFO] -- MapStruct: mapping property: request.bairro() to: setBairro(java.lang.String).
[INFO] -- MapStruct: selecting property mapping: request.bairro().
[INFO] -- MapStruct: mapping property: request.cidade() to: setCidade(java.lang.String).
[INFO] -- MapStruct: selecting property mapping: request.cidade().
[INFO] -- MapStruct: mapping property: request.estado() to: setEstado(java.lang.String).
[INFO] -- MapStruct: selecting property mapping: request.estado().
[INFO] -- MapStruct: mapping property: request.pais() to: setPais(java.lang.String).
[INFO] -- MapStruct: selecting property mapping: request.pais().
[INFO] -- MapStruct: mapping property: request.principal() to: setPrincipal(java.lang.Boolean).
[INFO] -- MapStruct: selecting property mapping: request.principal().
[INFO] -- MapStruct: mapping property: request.ativo() to: setAtivo(java.lang.Boolean).
[INFO] -- MapStruct: selecting property mapping: request.ativo().
[INFO]  MapStruct: processing: com.neritech.saas.estoque.mapper.LocalizacaoEstoqueMapper.
[INFO] - MapStruct: creating bean mapping method implementation for com.neritech.saas.estoque.domain.LocalizacaoEstoque toEntity(com.neritech.saas.estoque.dto.LocalizacaoEstoqueRequest request).
[INFO] -- MapStruct: mapping property: request.empresaId() to: setEmpresaId(java.lang.Long).
[INFO] -- MapStruct: selecting property mapping: request.empresaId().
[INFO] -- MapStruct: mapping property: request.codigo() to: setCodigo(java.lang.String).
[INFO] -- MapStruct: selecting property mapping: request.codigo().
[INFO] -- MapStruct: mapping property: request.nome() to: setNome(java.lang.String).
[INFO] -- MapStruct: selecting property mapping: request.nome().
[INFO] -- MapStruct: mapping property: request.descricao() to: setDescricao(java.lang.String).
[INFO] -- MapStruct: selecting property mapping: request.descricao().
[INFO] -- MapStruct: mapping property: request.tipoLocalizacao() to: setTipoLocalizacao(com.neritech.saas.estoque.domain.enums.TipoLocalizacao).
[INFO] -- MapStruct: selecting property mapping: request.tipoLocalizacao().
[INFO] -- MapStruct: mapping property: request.setor() to: setSetor(java.lang.String).
[INFO] -- MapStruct: selecting property mapping: request.setor().
[INFO] -- MapStruct: mapping property: request.corredor() to: setCorredor(java.lang.String).
[INFO] -- MapStruct: selecting property mapping: request.corredor().
[INFO] -- MapStruct: mapping property: request.prateleira() to: setPrateleira(java.lang.String).
[INFO] -- MapStruct: selecting property mapping: request.prateleira().
[INFO] -- MapStruct: mapping property: request.posicao() to: setPosicao(java.lang.String).
[INFO] -- MapStruct: selecting property mapping: request.posicao().
[INFO] -- MapStruct: mapping property: request.capacidadeMaxima() to: setCapacidadeMaxima(java.math.BigDecimal).
[INFO] -- MapStruct: selecting property mapping: request.capacidadeMaxima().
[INFO] -- MapStruct: mapping property: request.temperaturaControlada() to: setTemperaturaControlada(java.lang.Boolean).
[INFO] -- MapStruct: selecting property mapping: request.temperaturaControlada().
[INFO] -- MapStruct: mapping property: request.temperaturaMin() to: setTemperaturaMin(java.math.BigDecimal).
[INFO] -- MapStruct: selecting property mapping: request.temperaturaMin().
[INFO] -- MapStruct: mapping property: request.temperaturaMax() to: setTemperaturaMax(java.math.BigDecimal).
[INFO] -- MapStruct: selecting property mapping: request.temperaturaMax().
[INFO] -- MapStruct: mapping property: request.umidadeControlada() to: setUmidadeControlada(java.lang.Boolean).
[INFO] -- MapStruct: selecting property mapping: request.umidadeControlada().
[INFO] -- MapStruct: mapping property: request.umidadeMin() to: setUmidadeMin(java.math.BigDecimal).
[INFO] -- MapStruct: selecting property mapping: request.umidadeMin().
[INFO] -- MapStruct: mapping property: request.umidadeMax() to: setUmidadeMax(java.math.BigDecimal).
[INFO] -- MapStruct: selecting property mapping: request.umidadeMax().
[INFO] -- MapStruct: mapping property: request.acessoRestrito() to: setAcessoRestrito(java.lang.Boolean).
[INFO] -- MapStruct: selecting property mapping: request.acessoRestrito().
[INFO] -- MapStruct: mapping property: request.usuariosAcesso() to: setUsuariosAcesso(java.lang.String).
[INFO] -- MapStruct: selecting property mapping: request.usuariosAcesso().
[INFO] -- MapStruct: mapping property: request.observacoes() to: setObservacoes(java.lang.String).
[INFO] -- MapStruct: selecting property mapping: request.observacoes().
[INFO] -- MapStruct: mapping property: request.ativo() to: setAtivo(java.lang.Boolean).
[INFO] -- MapStruct: selecting property mapping: request.ativo().
[INFO] - MapStruct: creating bean mapping method implementation for com.neritech.saas.estoque.dto.LocalizacaoEstoqueResponse toResponse(com.neritech.saas.estoque.domain.LocalizacaoEstoque entity).
[INFO] -- MapStruct: mapping property: entity.getId() to: id.
[INFO] -- MapStruct: selecting property mapping: entity.getId().
[INFO] -- MapStruct: mapping property: entity.getEmpresaId() to: empresaId.
[INFO] -- MapStruct: selecting property mapping: entity.getEmpresaId().
[INFO] -- MapStruct: mapping property: entity.getCodigo() to: codigo.
[INFO] -- MapStruct: selecting property mapping: entity.getCodigo().
[INFO] -- MapStruct: mapping property: entity.getNome() to: nome.
[INFO] -- MapStruct: selecting property mapping: entity.getNome().
[INFO] -- MapStruct: mapping property: entity.getDescricao() to: descricao.
[INFO] -- MapStruct: selecting property mapping: entity.getDescricao().
[INFO] -- MapStruct: mapping property: entity.getTipoLocalizacao() to: tipoLocalizacao.
[INFO] -- MapStruct: selecting property mapping: entity.getTipoLocalizacao().
[INFO] -- MapStruct: mapping property: entity.getSetor() to: setor.
[INFO] -- MapStruct: selecting property mapping: entity.getSetor().
[INFO] -- MapStruct: mapping property: entity.getCorredor() to: corredor.
[INFO] -- MapStruct: selecting property mapping: entity.getCorredor().
[INFO] -- MapStruct: mapping property: entity.getPrateleira() to: prateleira.
[INFO] -- MapStruct: selecting property mapping: entity.getPrateleira().
[INFO] -- MapStruct: mapping property: entity.getPosicao() to: posicao.
[INFO] -- MapStruct: selecting property mapping: entity.getPosicao().
[INFO] -- MapStruct: mapping property: entity.getCapacidadeMaxima() to: capacidadeMaxima.
[INFO] -- MapStruct: selecting property mapping: entity.getCapacidadeMaxima().
[INFO] -- MapStruct: mapping property: entity.getTemperaturaControlada() to: temperaturaControlada.
[INFO] -- MapStruct: selecting property mapping: entity.getTemperaturaControlada().
[INFO] -- MapStruct: mapping property: entity.getTemperaturaMin() to: temperaturaMin.
[INFO] -- MapStruct: selecting property mapping: entity.getTemperaturaMin().
[INFO] -- MapStruct: mapping property: entity.getTemperaturaMax() to: temperaturaMax.
[INFO] -- MapStruct: selecting property mapping: entity.getTemperaturaMax().
[INFO] -- MapStruct: mapping property: entity.getUmidadeControlada() to: umidadeControlada.
[INFO] -- MapStruct: selecting property mapping: entity.getUmidadeControlada().
[INFO] -- MapStruct: mapping property: entity.getUmidadeMin() to: umidadeMin.
[INFO] -- MapStruct: selecting property mapping: entity.getUmidadeMin().
[INFO] -- MapStruct: mapping property: entity.getUmidadeMax() to: umidadeMax.
[INFO] -- MapStruct: selecting property mapping: entity.getUmidadeMax().
[INFO] -- MapStruct: mapping property: entity.getAcessoRestrito() to: acessoRestrito.
[INFO] -- MapStruct: selecting property mapping: entity.getAcessoRestrito().
[INFO] -- MapStruct: mapping property: entity.getUsuariosAcesso() to: usuariosAcesso.
[INFO] -- MapStruct: selecting property mapping: entity.getUsuariosAcesso().
[INFO] -- MapStruct: mapping property: entity.getObservacoes() to: observacoes.
[INFO] -- MapStruct: selecting property mapping: entity.getObservacoes().
[INFO] -- MapStruct: mapping property: entity.getAtivo() to: ativo.
[INFO] -- MapStruct: selecting property mapping: entity.getAtivo().
[INFO] - MapStruct: creating bean mapping method implementation for void updateEntityFromRequest(com.neritech.saas.estoque.dto.LocalizacaoEstoqueRequest request, @MappingTarget com.neritech.saas.estoque.domain.LocalizacaoEstoque entity).
[INFO] -- MapStruct: mapping property: request.empresaId() to: setEmpresaId(java.lang.Long).
[INFO] -- MapStruct: selecting property mapping: request.empresaId().
[INFO] -- MapStruct: mapping property: request.codigo() to: setCodigo(java.lang.String).
[INFO] -- MapStruct: selecting property mapping: request.codigo().
[INFO] -- MapStruct: mapping property: request.nome() to: setNome(java.lang.String).
[INFO] -- MapStruct: selecting property mapping: request.nome().
[INFO] -- MapStruct: mapping property: request.descricao() to: setDescricao(java.lang.String).
[INFO] -- MapStruct: selecting property mapping: request.descricao().
[INFO] -- MapStruct: mapping property: request.tipoLocalizacao() to: setTipoLocalizacao(com.neritech.saas.estoque.domain.enums.TipoLocalizacao).
[INFO] -- MapStruct: selecting property mapping: request.tipoLocalizacao().
[INFO] -- MapStruct: mapping property: request.setor() to: setSetor(java.lang.String).
[INFO] -- MapStruct: selecting property mapping: request.setor().
[INFO] -- MapStruct: mapping property: request.corredor() to: setCorredor(java.lang.String).
[INFO] -- MapStruct: selecting property mapping: request.corredor().
[INFO] -- MapStruct: mapping property: request.prateleira() to: setPrateleira(java.lang.String).
[INFO] -- MapStruct: selecting property mapping: request.prateleira().
[INFO] -- MapStruct: mapping property: request.posicao() to: setPosicao(java.lang.String).
[INFO] -- MapStruct: selecting property mapping: request.posicao().
[INFO] -- MapStruct: mapping property: request.capacidadeMaxima() to: setCapacidadeMaxima(java.math.BigDecimal).
[INFO] -- MapStruct: selecting property mapping: request.capacidadeMaxima().
[INFO] -- MapStruct: mapping property: request.temperaturaControlada() to: setTemperaturaControlada(java.lang.Boolean).
[INFO] -- MapStruct: selecting property mapping: request.temperaturaControlada().
[INFO] -- MapStruct: mapping property: request.temperaturaMin() to: setTemperaturaMin(java.math.BigDecimal).
[INFO] -- MapStruct: selecting property mapping: request.temperaturaMin().
[INFO] -- MapStruct: mapping property: request.temperaturaMax() to: setTemperaturaMax(java.math.BigDecimal).
[INFO] -- MapStruct: selecting property mapping: request.temperaturaMax().
[INFO] -- MapStruct: mapping property: request.umidadeControlada() to: setUmidadeControlada(java.lang.Boolean).
[INFO] -- MapStruct: selecting property mapping: request.umidadeControlada().
[INFO] -- MapStruct: mapping property: request.umidadeMin() to: setUmidadeMin(java.math.BigDecimal).
[INFO] -- MapStruct: selecting property mapping: request.umidadeMin().
[INFO] -- MapStruct: mapping property: request.umidadeMax() to: setUmidadeMax(java.math.BigDecimal).
[INFO] -- MapStruct: selecting property mapping: request.umidadeMax().
[INFO] -- MapStruct: mapping property: request.acessoRestrito() to: setAcessoRestrito(java.lang.Boolean).
[INFO] -- MapStruct: selecting property mapping: request.acessoRestrito().
[INFO] -- MapStruct: mapping property: request.usuariosAcesso() to: setUsuariosAcesso(java.lang.String).
[INFO] -- MapStruct: selecting property mapping: request.usuariosAcesso().
[INFO] -- MapStruct: mapping property: request.observacoes() to: setObservacoes(java.lang.String).
[INFO] -- MapStruct: selecting property mapping: request.observacoes().
[INFO] -- MapStruct: mapping property: request.ativo() to: setAtivo(java.lang.Boolean).
[INFO] -- MapStruct: selecting property mapping: request.ativo().
[INFO]  MapStruct: processing: com.neritech.saas.rh.mapper.TreinamentoMapper.
[INFO] - MapStruct: creating bean mapping method implementation for com.neritech.saas.rh.domain.Treinamento toEntity(com.neritech.saas.rh.dto.TreinamentoRequest request).
[INFO] -- MapStruct: mapping property: request.empresaId() to: setEmpresaId(java.lang.Long).
[INFO] -- MapStruct: selecting property mapping: request.empresaId().
[INFO] -- MapStruct: mapping property: request.nomeTreinamento() to: setNomeTreinamento(java.lang.String).
[INFO] -- MapStruct: selecting property mapping: request.nomeTreinamento().
[INFO] -- MapStruct: mapping property: request.descricao() to: setDescricao(java.lang.String).
[INFO] -- MapStruct: selecting property mapping: request.descricao().
[INFO] -- MapStruct: mapping property: request.categoria() to: setCategoria(java.lang.String).
[INFO] -- MapStruct: selecting property mapping: request.categoria().
[INFO] -- MapStruct: mapping property: request.tipoTreinamento() to: setTipoTreinamento(com.neritech.saas.rh.domain.enums.TipoTreinamento).
[INFO] -- MapStruct: selecting property mapping: request.tipoTreinamento().
[INFO] -- MapStruct: mapping property: request.instrutorInternoId() to: setInstrutorInternoId(java.lang.Long).
[INFO] -- MapStruct: selecting property mapping: request.instrutorInternoId().
[INFO] -- MapStruct: mapping property: request.instrutorExterno() to: setInstrutorExterno(java.lang.String).
[INFO] -- MapStruct: selecting property mapping: request.instrutorExterno().
[INFO] -- MapStruct: mapping property: request.empresaTreinamento() to: setEmpresaTreinamento(java.lang.String).
[INFO] -- MapStruct: selecting property mapping: request.empresaTreinamento().
[INFO] -- MapStruct: mapping property: request.cargaHoraria() to: setCargaHoraria(java.lang.Integer).
[INFO] -- MapStruct: selecting property mapping: request.cargaHoraria().
[INFO] -- MapStruct: mapping property: request.dataInicio() to: setDataInicio(java.time.LocalDate).
[INFO] -- MapStruct: selecting property mapping: request.dataInicio().
[INFO] -- MapStruct: mapping property: request.dataFim() to: setDataFim(java.time.LocalDate).
[INFO] -- MapStruct: selecting property mapping: request.dataFim().
[INFO] -- MapStruct: mapping property: request.localRealizacao() to: setLocalRealizacao(java.lang.String).
[INFO] -- MapStruct: selecting property mapping: request.localRealizacao().
[INFO] -- MapStruct: mapping property: request.capacidadeMaxima() to: setCapacidadeMaxima(java.lang.Integer).
[INFO] -- MapStruct: selecting property mapping: request.capacidadeMaxima().
[INFO] -- MapStruct: mapping property: request.custoTotal() to: setCustoTotal(java.math.BigDecimal).
[INFO] -- MapStruct: selecting property mapping: request.custoTotal().
[INFO] -- MapStruct: mapping property: request.custoPorParticipante() to: setCustoPorParticipante(java.math.BigDecimal).
[INFO] -- MapStruct: selecting property mapping: request.custoPorParticipante().
[INFO] -- MapStruct: mapping property: request.objetivoTreinamento() to: setObjetivoTreinamento(java.lang.String).
[INFO] -- MapStruct: selecting property mapping: request.objetivoTreinamento().
[INFO] -- MapStruct: mapping property: request.conteudoProgramatico() to: setConteudoProgramatico(java.lang.String).
[INFO] -- MapStruct: selecting property mapping: request.conteudoProgramatico().
[INFO] -- MapStruct: mapping property: request.materialNecessario() to: setMaterialNecessario(java.lang.String).
[INFO] -- MapStruct: selecting property mapping: request.materialNecessario().
[INFO] -- MapStruct: mapping property: request.certificacaoEmitida() to: setCertificacaoEmitida(java.lang.Boolean).
[INFO] -- MapStruct: selecting property mapping: request.certificacaoEmitida().
[INFO] -- MapStruct: mapping property: request.nomeCertificacao() to: setNomeCertificacao(java.lang.String).
[INFO] -- MapStruct: selecting property mapping: request.nomeCertificacao().
[INFO] -- MapStruct: mapping property: request.validadeCertificacaoMeses() to: setValidadeCertificacaoMeses(java.lang.Integer).
[INFO] -- MapStruct: selecting property mapping: request.validadeCertificacaoMeses().
[INFO] -- MapStruct: mapping property: request.obrigatorio() to: setObrigatorio(java.lang.Boolean).
[INFO] -- MapStruct: selecting property mapping: request.obrigatorio().
[INFO] -- MapStruct: mapping property: request.cargosObrigatorios() to: setCargosObrigatorios(java.lang.String).
[INFO] -- MapStruct: selecting property mapping: request.cargosObrigatorios().
[INFO] -- MapStruct: mapping property: request.departamentosObrigatorios() to: setDepartamentosObrigatorios(java.lang.String).
[INFO] -- MapStruct: selecting property mapping: request.departamentosObrigatorios().
[INFO] -- MapStruct: mapping property: request.status() to: setStatus(com.neritech.saas.rh.domain.enums.StatusTreinamento).
[INFO] -- MapStruct: selecting property mapping: request.status().
[INFO] -- MapStruct: mapping property: request.avaliacaoMedia() to: setAvaliacaoMedia(java.math.BigDecimal).
[INFO] -- MapStruct: selecting property mapping: request.avaliacaoMedia().
[INFO] -- MapStruct: mapping property: request.observacoes() to: setObservacoes(java.lang.String).
[INFO] -- MapStruct: selecting property mapping: request.observacoes().
[INFO] - MapStruct: creating bean mapping method implementation for com.neritech.saas.rh.dto.TreinamentoResponse toResponse(com.neritech.saas.rh.domain.Treinamento entity).
[INFO] -- MapStruct: mapping property: entity.getId() to: id.
[INFO] -- MapStruct: selecting property mapping: entity.getId().
[INFO] -- MapStruct: mapping property: entity.getEmpresaId() to: empresaId.
[INFO] -- MapStruct: selecting property mapping: entity.getEmpresaId().
[INFO] -- MapStruct: mapping property: entity.getNomeTreinamento() to: nomeTreinamento.
[INFO] -- MapStruct: selecting property mapping: entity.getNomeTreinamento().
[INFO] -- MapStruct: mapping property: entity.getDescricao() to: descricao.
[INFO] -- MapStruct: selecting property mapping: entity.getDescricao().
[INFO] -- MapStruct: mapping property: entity.getCategoria() to: categoria.
[INFO] -- MapStruct: selecting property mapping: entity.getCategoria().
[INFO] -- MapStruct: mapping property: entity.getTipoTreinamento() to: tipoTreinamento.
[INFO] -- MapStruct: selecting property mapping: entity.getTipoTreinamento().
[INFO] -- MapStruct: mapping property: entity.getInstrutorInternoId() to: instrutorInternoId.
[INFO] -- MapStruct: selecting property mapping: entity.getInstrutorInternoId().
[INFO] -- MapStruct: mapping property: entity.getInstrutorExterno() to: instrutorExterno.
[INFO] -- MapStruct: selecting property mapping: entity.getInstrutorExterno().
[INFO] -- MapStruct: mapping property: entity.getEmpresaTreinamento() to: empresaTreinamento.
[INFO] -- MapStruct: selecting property mapping: entity.getEmpresaTreinamento().
[INFO] -- MapStruct: mapping property: entity.getCargaHoraria() to: cargaHoraria.
[INFO] -- MapStruct: selecting property mapping: entity.getCargaHoraria().
[INFO] -- MapStruct: mapping property: entity.getDataInicio() to: dataInicio.
[INFO] -- MapStruct: selecting property mapping: entity.getDataInicio().
[INFO] -- MapStruct: mapping property: entity.getDataFim() to: dataFim.
[INFO] -- MapStruct: selecting property mapping: entity.getDataFim().
[INFO] -- MapStruct: mapping property: entity.getLocalRealizacao() to: localRealizacao.
[INFO] -- MapStruct: selecting property mapping: entity.getLocalRealizacao().
[INFO] -- MapStruct: mapping property: entity.getCapacidadeMaxima() to: capacidadeMaxima.
[INFO] -- MapStruct: selecting property mapping: entity.getCapacidadeMaxima().
[INFO] -- MapStruct: mapping property: entity.getCustoTotal() to: custoTotal.
[INFO] -- MapStruct: selecting property mapping: entity.getCustoTotal().
[INFO] -- MapStruct: mapping property: entity.getCustoPorParticipante() to: custoPorParticipante.
[INFO] -- MapStruct: selecting property mapping: entity.getCustoPorParticipante().
[INFO] -- MapStruct: mapping property: entity.getObjetivoTreinamento() to: objetivoTreinamento.
[INFO] -- MapStruct: selecting property mapping: entity.getObjetivoTreinamento().
[INFO] -- MapStruct: mapping property: entity.getConteudoProgramatico() to: conteudoProgramatico.
[INFO] -- MapStruct: selecting property mapping: entity.getConteudoProgramatico().
[INFO] -- MapStruct: mapping property: entity.getMaterialNecessario() to: materialNecessario.
[INFO] -- MapStruct: selecting property mapping: entity.getMaterialNecessario().
[INFO] -- MapStruct: mapping property: entity.getCertificacaoEmitida() to: certificacaoEmitida.
[INFO] -- MapStruct: selecting property mapping: entity.getCertificacaoEmitida().
[INFO] -- MapStruct: mapping property: entity.getNomeCertificacao() to: nomeCertificacao.
[INFO] -- MapStruct: selecting property mapping: entity.getNomeCertificacao().
[INFO] -- MapStruct: mapping property: entity.getValidadeCertificacaoMeses() to: validadeCertificacaoMeses.
[INFO] -- MapStruct: selecting property mapping: entity.getValidadeCertificacaoMeses().
[INFO] -- MapStruct: mapping property: entity.getObrigatorio() to: obrigatorio.
[INFO] -- MapStruct: selecting property mapping: entity.getObrigatorio().
[INFO] -- MapStruct: mapping property: entity.getCargosObrigatorios() to: cargosObrigatorios.
[INFO] -- MapStruct: selecting property mapping: entity.getCargosObrigatorios().
[INFO] -- MapStruct: mapping property: entity.getDepartamentosObrigatorios() to: departamentosObrigatorios.
[INFO] -- MapStruct: selecting property mapping: entity.getDepartamentosObrigatorios().
[INFO] -- MapStruct: mapping property: entity.getStatus() to: status.
[INFO] -- MapStruct: selecting property mapping: entity.getStatus().
[INFO] -- MapStruct: mapping property: entity.getAvaliacaoMedia() to: avaliacaoMedia.
[INFO] -- MapStruct: selecting property mapping: entity.getAvaliacaoMedia().
[INFO] -- MapStruct: mapping property: entity.getObservacoes() to: observacoes.
[INFO] -- MapStruct: selecting property mapping: entity.getObservacoes().
[INFO] -- MapStruct: mapping property: entity.getCriadoPor() to: criadoPor.
[INFO] -- MapStruct: selecting property mapping: entity.getCriadoPor().
[INFO] -- MapStruct: mapping property: entity.getDataCadastro() to: dataCadastro.
[INFO] -- MapStruct: selecting property mapping: entity.getDataCadastro().
[INFO] -- MapStruct: mapping property: entity.getDataAtualizacao() to: dataAtualizacao.
[INFO] -- MapStruct: selecting property mapping: entity.getDataAtualizacao().
[INFO] - MapStruct: creating bean mapping method implementation for void updateEntity(com.neritech.saas.rh.dto.TreinamentoRequest request, @MappingTarget com.neritech.saas.rh.domain.Treinamento entity).
[INFO] -- MapStruct: mapping property: request.empresaId() to: setEmpresaId(java.lang.Long).
[INFO] -- MapStruct: selecting property mapping: request.empresaId().
[INFO] -- MapStruct: mapping property: request.nomeTreinamento() to: setNomeTreinamento(java.lang.String).
[INFO] -- MapStruct: selecting property mapping: request.nomeTreinamento().
[INFO] -- MapStruct: mapping property: request.descricao() to: setDescricao(java.lang.String).
[INFO] -- MapStruct: selecting property mapping: request.descricao().
[INFO] -- MapStruct: mapping property: request.categoria() to: setCategoria(java.lang.String).
[INFO] -- MapStruct: selecting property mapping: request.categoria().
[INFO] -- MapStruct: mapping property: request.tipoTreinamento() to: setTipoTreinamento(com.neritech.saas.rh.domain.enums.TipoTreinamento).
[INFO] -- MapStruct: selecting property mapping: request.tipoTreinamento().
[INFO] -- MapStruct: mapping property: request.instrutorInternoId() to: setInstrutorInternoId(java.lang.Long).
[INFO] -- MapStruct: selecting property mapping: request.instrutorInternoId().
[INFO] -- MapStruct: mapping property: request.instrutorExterno() to: setInstrutorExterno(java.lang.String).
[INFO] -- MapStruct: selecting property mapping: request.instrutorExterno().
[INFO] -- MapStruct: mapping property: request.empresaTreinamento() to: setEmpresaTreinamento(java.lang.String).
[INFO] -- MapStruct: selecting property mapping: request.empresaTreinamento().
[INFO] -- MapStruct: mapping property: request.cargaHoraria() to: setCargaHoraria(java.lang.Integer).
[INFO] -- MapStruct: selecting property mapping: request.cargaHoraria().
[INFO] -- MapStruct: mapping property: request.dataInicio() to: setDataInicio(java.time.LocalDate).
[INFO] -- MapStruct: selecting property mapping: request.dataInicio().
[INFO] -- MapStruct: mapping property: request.dataFim() to: setDataFim(java.time.LocalDate).
[INFO] -- MapStruct: selecting property mapping: request.dataFim().
[INFO] -- MapStruct: mapping property: request.localRealizacao() to: setLocalRealizacao(java.lang.String).
[INFO] -- MapStruct: selecting property mapping: request.localRealizacao().
[INFO] -- MapStruct: mapping property: request.capacidadeMaxima() to: setCapacidadeMaxima(java.lang.Integer).
[INFO] -- MapStruct: selecting property mapping: request.capacidadeMaxima().
[INFO] -- MapStruct: mapping property: request.custoTotal() to: setCustoTotal(java.math.BigDecimal).
[INFO] -- MapStruct: selecting property mapping: request.custoTotal().
[INFO] -- MapStruct: mapping property: request.custoPorParticipante() to: setCustoPorParticipante(java.math.BigDecimal).
[INFO] -- MapStruct: selecting property mapping: request.custoPorParticipante().
[INFO] -- MapStruct: mapping property: request.objetivoTreinamento() to: setObjetivoTreinamento(java.lang.String).
[INFO] -- MapStruct: selecting property mapping: request.objetivoTreinamento().
[INFO] -- MapStruct: mapping property: request.conteudoProgramatico() to: setConteudoProgramatico(java.lang.String).
[INFO] -- MapStruct: selecting property mapping: request.conteudoProgramatico().
[INFO] -- MapStruct: mapping property: request.materialNecessario() to: setMaterialNecessario(java.lang.String).
[INFO] -- MapStruct: selecting property mapping: request.materialNecessario().
[INFO] -- MapStruct: mapping property: request.certificacaoEmitida() to: setCertificacaoEmitida(java.lang.Boolean).
[INFO] -- MapStruct: selecting property mapping: request.certificacaoEmitida().
[INFO] -- MapStruct: mapping property: request.nomeCertificacao() to: setNomeCertificacao(java.lang.String).
[INFO] -- MapStruct: selecting property mapping: request.nomeCertificacao().
[INFO] -- MapStruct: mapping property: request.validadeCertificacaoMeses() to: setValidadeCertificacaoMeses(java.lang.Integer).
[INFO] -- MapStruct: selecting property mapping: request.validadeCertificacaoMeses().
[INFO] -- MapStruct: mapping property: request.obrigatorio() to: setObrigatorio(java.lang.Boolean).
[INFO] -- MapStruct: selecting property mapping: request.obrigatorio().
[INFO] -- MapStruct: mapping property: request.cargosObrigatorios() to: setCargosObrigatorios(java.lang.String).
[INFO] -- MapStruct: selecting property mapping: request.cargosObrigatorios().
[INFO] -- MapStruct: mapping property: request.departamentosObrigatorios() to: setDepartamentosObrigatorios(java.lang.String).
[INFO] -- MapStruct: selecting property mapping: request.departamentosObrigatorios().
[INFO] -- MapStruct: mapping property: request.status() to: setStatus(com.neritech.saas.rh.domain.enums.StatusTreinamento).
[INFO] -- MapStruct: selecting property mapping: request.status().
[INFO] -- MapStruct: mapping property: request.avaliacaoMedia() to: setAvaliacaoMedia(java.math.BigDecimal).
[INFO] -- MapStruct: selecting property mapping: request.avaliacaoMedia().
[INFO] -- MapStruct: mapping property: request.observacoes() to: setObservacoes(java.lang.String).
[INFO] -- MapStruct: selecting property mapping: request.observacoes().
[INFO]  MapStruct: processing: com.neritech.saas.fiscal.mapper.ConfiguracaoNfeMapper.
[INFO] - MapStruct: creating bean mapping method implementation for com.neritech.saas.fiscal.domain.ConfiguracaoNfe toEntity(com.neritech.saas.fiscal.dto.ConfiguracaoNfeRequest request).
[INFO] MapStruct: referred types not available (yet), deferring mapper: com.neritech.saas.fiscal.mapper.ConfiguracaoNfeMapper
[INFO]  MapStruct: processing: com.neritech.saas.rh.mapper.EspecialidadeMapper.
[INFO] - MapStruct: creating bean mapping method implementation for com.neritech.saas.rh.domain.Especialidade toEntity(com.neritech.saas.rh.dto.EspecialidadeRequest request).
[INFO] -- MapStruct: mapping property: request.empresaId() to: setEmpresaId(java.lang.Long).
[INFO] -- MapStruct: selecting property mapping: request.empresaId().
[INFO] -- MapStruct: mapping property: request.nome() to: setNome(java.lang.String).
[INFO] -- MapStruct: selecting property mapping: request.nome().
[INFO] -- MapStruct: mapping property: request.descricao() to: setDescricao(java.lang.String).
[INFO] -- MapStruct: selecting property mapping: request.descricao().
[INFO] -- MapStruct: mapping property: request.categoria() to: setCategoria(java.lang.String).
[INFO] -- MapStruct: selecting property mapping: request.categoria().
[INFO] -- MapStruct: mapping property: request.nivelComplexidade() to: setNivelComplexidade(com.neritech.saas.rh.domain.enums.NivelComplexidade).
[INFO] -- MapStruct: selecting property mapping: request.nivelComplexidade().
[INFO] -- MapStruct: mapping property: request.certificacaoObrigatoria() to: setCertificacaoObrigatoria(java.lang.Boolean).
[INFO] -- MapStruct: selecting property mapping: request.certificacaoObrigatoria().
[INFO] -- MapStruct: mapping property: request.nomeCertificacao() to: setNomeCertificacao(java.lang.String).
[INFO] -- MapStruct: selecting property mapping: request.nomeCertificacao().
[INFO] -- MapStruct: mapping property: request.entidadeCertificadora() to: setEntidadeCertificadora(java.lang.String).
[INFO] -- MapStruct: selecting property mapping: request.entidadeCertificadora().
[INFO] -- MapStruct: mapping property: request.validadeCertificacaoMeses() to: setValidadeCertificacaoMeses(java.lang.Integer).
[INFO] -- MapStruct: selecting property mapping: request.validadeCertificacaoMeses().
[INFO] -- MapStruct: mapping property: request.experienciaMinimaAnos() to: setExperienciaMinimaAnos(java.lang.Integer).
[INFO] -- MapStruct: selecting property mapping: request.experienciaMinimaAnos().
[INFO] -- MapStruct: mapping property: request.adicionalSalarialPercentual() to: setAdicionalSalarialPercentual(java.math.BigDecimal).
[INFO] -- MapStruct: selecting property mapping: request.adicionalSalarialPercentual().
[INFO] -- MapStruct: mapping property: request.ativo() to: setAtivo(java.lang.Boolean).
[INFO] -- MapStruct: selecting property mapping: request.ativo().
[INFO] - MapStruct: creating bean mapping method implementation for com.neritech.saas.rh.dto.EspecialidadeResponse toResponse(com.neritech.saas.rh.domain.Especialidade entity).
[INFO] -- MapStruct: mapping property: entity.getId() to: id.
[INFO] -- MapStruct: selecting property mapping: entity.getId().
[INFO] -- MapStruct: mapping property: entity.getEmpresaId() to: empresaId.
[INFO] -- MapStruct: selecting property mapping: entity.getEmpresaId().
[INFO] -- MapStruct: mapping property: entity.getNome() to: nome.
[INFO] -- MapStruct: selecting property mapping: entity.getNome().
[INFO] -- MapStruct: mapping property: entity.getDescricao() to: descricao.
[INFO] -- MapStruct: selecting property mapping: entity.getDescricao().
[INFO] -- MapStruct: mapping property: entity.getCategoria() to: categoria.
[INFO] -- MapStruct: selecting property mapping: entity.getCategoria().
[INFO] -- MapStruct: mapping property: entity.getNivelComplexidade() to: nivelComplexidade.
[INFO] -- MapStruct: selecting property mapping: entity.getNivelComplexidade().
[INFO] -- MapStruct: mapping property: entity.getCertificacaoObrigatoria() to: certificacaoObrigatoria.
[INFO] -- MapStruct: selecting property mapping: entity.getCertificacaoObrigatoria().
[INFO] -- MapStruct: mapping property: entity.getNomeCertificacao() to: nomeCertificacao.
[INFO] -- MapStruct: selecting property mapping: entity.getNomeCertificacao().
[INFO] -- MapStruct: mapping property: entity.getEntidadeCertificadora() to: entidadeCertificadora.
[INFO] -- MapStruct: selecting property mapping: entity.getEntidadeCertificadora().
[INFO] -- MapStruct: mapping property: entity.getValidadeCertificacaoMeses() to: validadeCertificacaoMeses.
[INFO] -- MapStruct: selecting property mapping: entity.getValidadeCertificacaoMeses().
[INFO] -- MapStruct: mapping property: entity.getExperienciaMinimaAnos() to: experienciaMinimaAnos.
[INFO] -- MapStruct: selecting property mapping: entity.getExperienciaMinimaAnos().
[INFO] -- MapStruct: mapping property: entity.getAdicionalSalarialPercentual() to: adicionalSalarialPercentual.
[INFO] -- MapStruct: selecting property mapping: entity.getAdicionalSalarialPercentual().
[INFO] -- MapStruct: mapping property: entity.getAtivo() to: ativo.
[INFO] -- MapStruct: selecting property mapping: entity.getAtivo().
[INFO] -- MapStruct: mapping property: entity.getDataCadastro() to: dataCadastro.
[INFO] -- MapStruct: selecting property mapping: entity.getDataCadastro().
[INFO] -- MapStruct: mapping property: entity.getDataAtualizacao() to: dataAtualizacao.
[INFO] -- MapStruct: selecting property mapping: entity.getDataAtualizacao().
[INFO] - MapStruct: creating bean mapping method implementation for void updateEntity(com.neritech.saas.rh.dto.EspecialidadeRequest request, @MappingTarget com.neritech.saas.rh.domain.Especialidade entity).
[INFO] -- MapStruct: mapping property: request.empresaId() to: setEmpresaId(java.lang.Long).
[INFO] -- MapStruct: selecting property mapping: request.empresaId().
[INFO] -- MapStruct: mapping property: request.nome() to: setNome(java.lang.String).
[INFO] -- MapStruct: selecting property mapping: request.nome().
[INFO] -- MapStruct: mapping property: request.descricao() to: setDescricao(java.lang.String).
[INFO] -- MapStruct: selecting property mapping: request.descricao().
[INFO] -- MapStruct: mapping property: request.categoria() to: setCategoria(java.lang.String).
[INFO] -- MapStruct: selecting property mapping: request.categoria().
[INFO] -- MapStruct: mapping property: request.nivelComplexidade() to: setNivelComplexidade(com.neritech.saas.rh.domain.enums.NivelComplexidade).
[INFO] -- MapStruct: selecting property mapping: request.nivelComplexidade().
[INFO] -- MapStruct: mapping property: request.certificacaoObrigatoria() to: setCertificacaoObrigatoria(java.lang.Boolean).
[INFO] -- MapStruct: selecting property mapping: request.certificacaoObrigatoria().
[INFO] -- MapStruct: mapping property: request.nomeCertificacao() to: setNomeCertificacao(java.lang.String).
[INFO] -- MapStruct: selecting property mapping: request.nomeCertificacao().
[INFO] -- MapStruct: mapping property: request.entidadeCertificadora() to: setEntidadeCertificadora(java.lang.String).
[INFO] -- MapStruct: selecting property mapping: request.entidadeCertificadora().
[INFO] -- MapStruct: mapping property: request.validadeCertificacaoMeses() to: setValidadeCertificacaoMeses(java.lang.Integer).
[INFO] -- MapStruct: selecting property mapping: request.validadeCertificacaoMeses().
[INFO] -- MapStruct: mapping property: request.experienciaMinimaAnos() to: setExperienciaMinimaAnos(java.lang.Integer).
[INFO] -- MapStruct: selecting property mapping: request.experienciaMinimaAnos().
[INFO] -- MapStruct: mapping property: request.adicionalSalarialPercentual() to: setAdicionalSalarialPercentual(java.math.BigDecimal).
[INFO] -- MapStruct: selecting property mapping: request.adicionalSalarialPercentual().
[INFO] -- MapStruct: mapping property: request.ativo() to: setAtivo(java.lang.Boolean).
[INFO] -- MapStruct: selecting property mapping: request.ativo().
[INFO]  MapStruct: processing: com.neritech.saas.financeiro.mapper.ContasPagarMapper.
[INFO] - MapStruct: creating bean mapping method implementation for com.neritech.saas.financeiro.domain.ContasPagar toEntity(com.neritech.saas.financeiro.dto.ContasPagarRequest request).
[INFO] -- MapStruct: mapping property: request.numeroTitulo() to: setNumeroTitulo(java.lang.String).
[INFO] -- MapStruct: selecting property mapping: request.numeroTitulo().
[INFO] -- MapStruct: mapping property: request.fornecedorId() to: setFornecedorId(java.lang.Long).
[INFO] -- MapStruct: selecting property mapping: request.fornecedorId().
[INFO] -- MapStruct: mapping property: request.tipoTitulo() to: setTipoTitulo(com.neritech.saas.financeiro.domain.enums.TipoTitulo).
[INFO] -- MapStruct: selecting property mapping: request.tipoTitulo().
[INFO] -- MapStruct: mapping property: request.descricao() to: setDescricao(java.lang.String).
[INFO] -- MapStruct: selecting property mapping: request.descricao().
[INFO] -- MapStruct: mapping property: request.numeroDocumento() to: setNumeroDocumento(java.lang.String).
[INFO] -- MapStruct: selecting property mapping: request.numeroDocumento().
[INFO] -- MapStruct: mapping property: request.dataEmissao() to: setDataEmissao(java.time.LocalDate).
[INFO] -- MapStruct: selecting property mapping: request.dataEmissao().
[INFO] -- MapStruct: mapping property: request.dataVencimento() to: setDataVencimento(java.time.LocalDate).
[INFO] -- MapStruct: selecting property mapping: request.dataVencimento().
[INFO] -- MapStruct: mapping property: request.valorJuros() to: setValorJuros(java.math.BigDecimal).
[INFO] -- MapStruct: selecting property mapping: request.valorJuros().
[INFO] -- MapStruct: mapping property: request.valorMulta() to: setValorMulta(java.math.BigDecimal).
[INFO] -- MapStruct: selecting property mapping: request.valorMulta().
[INFO] -- MapStruct: mapping property: request.valorDesconto() to: setValorDesconto(java.math.BigDecimal).
[INFO] -- MapStruct: selecting property mapping: request.valorDesconto().
[INFO] -- MapStruct: mapping property: request.valorPago() to: setValorPago(java.math.BigDecimal).
[INFO] -- MapStruct: selecting property mapping: request.valorPago().
[INFO] -- MapStruct: mapping property: request.dataPagamento() to: setDataPagamento(java.time.LocalDate).
[INFO] -- MapStruct: selecting property mapping: request.dataPagamento().
[INFO] -- MapStruct: mapping property: request.status() to: setStatus(com.neritech.saas.financeiro.domain.enums.StatusTitulo).
[INFO] -- MapStruct: selecting property mapping: request.status().
[INFO] -- MapStruct: mapping property: request.observacoes() to: setObservacoes(java.lang.String).
[INFO] -- MapStruct: selecting property mapping: request.observacoes().
[INFO] - MapStruct: creating bean mapping method implementation for com.neritech.saas.financeiro.dto.ContasPagarResponse toResponse(com.neritech.saas.financeiro.domain.ContasPagar entity).
[INFO] -- MapStruct: mapping property: entity.getId() to: id.
[INFO] -- MapStruct: selecting property mapping: entity.getId().
[INFO] -- MapStruct: mapping property: entity.getEmpresaId() to: empresaId.
[INFO] -- MapStruct: selecting property mapping: entity.getEmpresaId().
[INFO] -- MapStruct: mapping property: entity.getDescricao() to: descricao.
[INFO] -- MapStruct: selecting property mapping: entity.getDescricao().
[INFO] -- MapStruct: mapping property: entity.getFornecedorId() to: fornecedorId.
[INFO] -- MapStruct: selecting property mapping: entity.getFornecedorId().
[INFO] -- MapStruct: mapping property: entity.getNumeroDocumento() to: numeroDocumento.
[INFO] -- MapStruct: selecting property mapping: entity.getNumeroDocumento().
[INFO] -- MapStruct: mapping property: entity.getDataEmissao() to: dataEmissao.
[INFO] -- MapStruct: selecting property mapping: entity.getDataEmissao().
[INFO] -- MapStruct: mapping property: entity.getDataVencimento() to: dataVencimento.
[INFO] -- MapStruct: selecting property mapping: entity.getDataVencimento().
[INFO] -- MapStruct: mapping property: entity.getDataPagamento() to: dataPagamento.
[INFO] -- MapStruct: selecting property mapping: entity.getDataPagamento().
[INFO] -- MapStruct: mapping property: entity.getValorPago() to: valorPago.
[INFO] -- MapStruct: selecting property mapping: entity.getValorPago().
[INFO] -- MapStruct: mapping property: entity.getValorJuros() to: valorJuros.
[INFO] -- MapStruct: selecting property mapping: entity.getValorJuros().
[INFO] -- MapStruct: mapping property: entity.getValorMulta() to: valorMulta.
[INFO] -- MapStruct: selecting property mapping: entity.getValorMulta().
[INFO] -- MapStruct: mapping property: entity.getValorDesconto() to: valorDesconto.
[INFO] -- MapStruct: selecting property mapping: entity.getValorDesconto().
[INFO] -- MapStruct: mapping property: entity.getStatus() to: status.
[INFO] -- MapStruct: selecting property mapping: entity.getStatus().
[INFO] -- MapStruct: mapping property: entity.getTipoTitulo() to: tipoTitulo.
[INFO] -- MapStruct: selecting property mapping: entity.getTipoTitulo().
[INFO] -- MapStruct: mapping property: entity.getNumeroTitulo() to: numeroTitulo.
[INFO] -- MapStruct: selecting property mapping: entity.getNumeroTitulo().
[INFO] -- MapStruct: mapping property: entity.getObservacoes() to: observacoes.
[INFO] -- MapStruct: selecting property mapping: entity.getObservacoes().
[INFO] - MapStruct: creating bean mapping method implementation for void updateEntityFromDTO(com.neritech.saas.financeiro.dto.ContasPagarRequest request, @MappingTarget com.neritech.saas.financeiro.domain.ContasPagar entity).
[INFO] -- MapStruct: mapping property: request.numeroTitulo() to: setNumeroTitulo(java.lang.String).
[INFO] -- MapStruct: selecting property mapping: request.numeroTitulo().
[INFO] -- MapStruct: mapping property: request.fornecedorId() to: setFornecedorId(java.lang.Long).
[INFO] -- MapStruct: selecting property mapping: request.fornecedorId().
[INFO] -- MapStruct: mapping property: request.tipoTitulo() to: setTipoTitulo(com.neritech.saas.financeiro.domain.enums.TipoTitulo).
[INFO] -- MapStruct: selecting property mapping: request.tipoTitulo().
[INFO] -- MapStruct: mapping property: request.descricao() to: setDescricao(java.lang.String).
[INFO] -- MapStruct: selecting property mapping: request.descricao().
[INFO] -- MapStruct: mapping property: request.numeroDocumento() to: setNumeroDocumento(java.lang.String).
[INFO] -- MapStruct: selecting property mapping: request.numeroDocumento().
[INFO] -- MapStruct: mapping property: request.dataEmissao() to: setDataEmissao(java.time.LocalDate).
[INFO] -- MapStruct: selecting property mapping: request.dataEmissao().
[INFO] -- MapStruct: mapping property: request.dataVencimento() to: setDataVencimento(java.time.LocalDate).
[INFO] -- MapStruct: selecting property mapping: request.dataVencimento().
[INFO] -- MapStruct: mapping property: request.valorJuros() to: setValorJuros(java.math.BigDecimal).
[INFO] -- MapStruct: selecting property mapping: request.valorJuros().
[INFO] -- MapStruct: mapping property: request.valorMulta() to: setValorMulta(java.math.BigDecimal).
[INFO] -- MapStruct: selecting property mapping: request.valorMulta().
[INFO] -- MapStruct: mapping property: request.valorDesconto() to: setValorDesconto(java.math.BigDecimal).
[INFO] -- MapStruct: selecting property mapping: request.valorDesconto().
[INFO] -- MapStruct: mapping property: request.valorPago() to: setValorPago(java.math.BigDecimal).
[INFO] -- MapStruct: selecting property mapping: request.valorPago().
[INFO] -- MapStruct: mapping property: request.dataPagamento() to: setDataPagamento(java.time.LocalDate).
[INFO] -- MapStruct: selecting property mapping: request.dataPagamento().
[INFO] -- MapStruct: mapping property: request.status() to: setStatus(com.neritech.saas.financeiro.domain.enums.StatusTitulo).
[INFO] -- MapStruct: selecting property mapping: request.status().
[INFO] -- MapStruct: mapping property: request.observacoes() to: setObservacoes(java.lang.String).
[INFO] -- MapStruct: selecting property mapping: request.observacoes().
[INFO]  MapStruct: processing: com.neritech.saas.financeiro.mapper.PagamentoMapper.
[INFO] - MapStruct: creating bean mapping method implementation for com.neritech.saas.financeiro.domain.Pagamento toEntity(com.neritech.saas.financeiro.dto.PagamentoRequest request).
[INFO] -- MapStruct: mapping property: request.clienteId() to: setClienteId(java.lang.Long).
[INFO] -- MapStruct: selecting property mapping: request.clienteId().
[INFO] -- MapStruct: mapping property: request.dataPagamento() to: setDataPagamento(java.time.LocalDateTime).
[INFO] -- MapStruct: selecting property mapping: java.time.LocalDateTime #xmlGregorianCalendarToLocalDateTime(javax.xml.datatype.XMLGregorianCalendar #localDateToXmlGregorianCalendar(request.dataPagamento())).
[INFO] -- MapStruct: mapping property: request.status() to: setStatus(com.neritech.saas.financeiro.domain.enums.StatusPagamento).
[INFO] -- MapStruct: selecting property mapping: request.status().
[INFO] -- MapStruct: mapping property: request.comprovanteUrl() to: setComprovanteUrl(java.lang.String).
[INFO] -- MapStruct: selecting property mapping: request.comprovanteUrl().
[INFO] -- MapStruct: mapping property: request.observacoes() to: setObservacoes(java.lang.String).
[INFO] -- MapStruct: selecting property mapping: request.observacoes().
[INFO] - MapStruct: creating bean mapping method implementation for com.neritech.saas.financeiro.dto.PagamentoResponse toResponse(com.neritech.saas.financeiro.domain.Pagamento entity).
[INFO] -- MapStruct: mapping property: entityFaturaNumeroFatura( entity ) to: faturaNumero.
[INFO] -- MapStruct: selecting property mapping: entityFaturaNumeroFatura( entity ).
[INFO] -- MapStruct: mapping property: entity.getId() to: id.
[INFO] -- MapStruct: selecting property mapping: entity.getId().
[INFO] -- MapStruct: mapping property: entity.getEmpresaId() to: empresaId.
[INFO] -- MapStruct: selecting property mapping: entity.getEmpresaId().
[INFO] -- MapStruct: mapping property: entity.getClienteId() to: clienteId.
[INFO] -- MapStruct: selecting property mapping: entity.getClienteId().
[INFO] -- MapStruct: mapping property: entity.getDataPagamento() to: dataPagamento.
[INFO] -- MapStruct: selecting property mapping: java.time.LocalDate #xmlGregorianCalendarToLocalDate(javax.xml.datatype.XMLGregorianCalendar #localDateTimeToXmlGregorianCalendar(entity.getDataPagamento())).
[INFO] -- MapStruct: mapping property: entity.getStatus() to: status.
[INFO] -- MapStruct: selecting property mapping: entity.getStatus().
[INFO] -- MapStruct: mapping property: entity.getComprovanteUrl() to: comprovanteUrl.
[INFO] -- MapStruct: selecting property mapping: entity.getComprovanteUrl().
[INFO] -- MapStruct: mapping property: entity.getObservacoes() to: observacoes.
[INFO] -- MapStruct: selecting property mapping: entity.getObservacoes().
[INFO] -- MapStruct: mapping property: entity.getParcelas() to: parcelas.
[INFO] -- MapStruct: selecting element mapping: com.neritech.saas.financeiro.dto.ParcelaPagamentoResponse ParcelaPagamentoMapper#toResponse(parcelaPagamento).
[INFO] -- MapStruct: creating property mapping: java.util.List<com.neritech.saas.financeiro.dto.ParcelaPagamentoResponse> #parcelaPagamentoListToParcelaPagamentoResponseList(entity.getParcelas()).
[INFO] -- MapStruct: selecting property mapping: java.util.List<com.neritech.saas.financeiro.dto.ParcelaPagamentoResponse> #parcelaPagamentoListToParcelaPagamentoResponseList(entity.getParcelas()).
[INFO] - MapStruct: creating bean mapping method implementation for void updateEntityFromDTO(com.neritech.saas.financeiro.dto.PagamentoRequest request, @MappingTarget com.neritech.saas.financeiro.domain.Pagamento entity).
[INFO] -- MapStruct: mapping property: request.clienteId() to: setClienteId(java.lang.Long).
[INFO] -- MapStruct: selecting property mapping: request.clienteId().
[INFO] -- MapStruct: mapping property: request.dataPagamento() to: setDataPagamento(java.time.LocalDateTime).
[INFO] -- MapStruct: selecting property mapping: java.time.LocalDateTime #xmlGregorianCalendarToLocalDateTime(javax.xml.datatype.XMLGregorianCalendar #localDateToXmlGregorianCalendar(request.dataPagamento())).
[INFO] -- MapStruct: mapping property: request.status() to: setStatus(com.neritech.saas.financeiro.domain.enums.StatusPagamento).
[INFO] -- MapStruct: selecting property mapping: request.status().
[INFO] -- MapStruct: mapping property: request.comprovanteUrl() to: setComprovanteUrl(java.lang.String).
[INFO] -- MapStruct: selecting property mapping: request.comprovanteUrl().
[INFO] -- MapStruct: mapping property: request.observacoes() to: setObservacoes(java.lang.String).
[INFO] -- MapStruct: selecting property mapping: request.observacoes().
[INFO]  MapStruct: processing: com.neritech.saas.financeiro.mapper.ItemFaturaMapper.
[INFO] - MapStruct: creating bean mapping method implementation for com.neritech.saas.financeiro.domain.ItemFatura toEntity(com.neritech.saas.financeiro.dto.ItemFaturaRequest request).
[INFO] -- MapStruct: mapping property: request.tipoItem() to: setTipoItem(com.neritech.saas.financeiro.domain.enums.TipoItemFatura).
[INFO] -- MapStruct: selecting property mapping: request.tipoItem().
[INFO] -- MapStruct: mapping property: request.servicoId() to: setServicoId(java.lang.Long).
[INFO] -- MapStruct: selecting property mapping: request.servicoId().
[INFO] -- MapStruct: mapping property: request.produtoId() to: setProdutoId(java.lang.Long).
[INFO] -- MapStruct: selecting property mapping: request.produtoId().
[INFO] -- MapStruct: mapping property: request.descricao() to: setDescricao(java.lang.String).
[INFO] -- MapStruct: selecting property mapping: request.descricao().
[INFO] -- MapStruct: mapping property: request.quantidade() to: setQuantidade(java.math.BigDecimal).
[INFO] -- MapStruct: selecting property mapping: request.quantidade().
[INFO] -- MapStruct: mapping property: request.valorUnitario() to: setValorUnitario(java.math.BigDecimal).
[INFO] -- MapStruct: selecting property mapping: request.valorUnitario().
[INFO] -- MapStruct: mapping property: request.ncm() to: setNcm(java.lang.String).
[INFO] -- MapStruct: selecting property mapping: request.ncm().
[INFO] -- MapStruct: mapping property: request.cfop() to: setCfop(java.lang.String).
[INFO] -- MapStruct: selecting property mapping: request.cfop().
[INFO] -- MapStruct: mapping property: request.cstIcms() to: setCstIcms(java.lang.String).
[INFO] -- MapStruct: selecting property mapping: request.cstIcms().
[INFO] -- MapStruct: mapping property: request.cstPis() to: setCstPis(java.lang.String).
[INFO] -- MapStruct: selecting property mapping: request.cstPis().
[INFO] -- MapStruct: mapping property: request.cstCofins() to: setCstCofins(java.lang.String).
[INFO] -- MapStruct: selecting property mapping: request.cstCofins().
[INFO] -- MapStruct: mapping property: request.aliquotaIcms() to: setAliquotaIcms(java.math.BigDecimal).
[INFO] -- MapStruct: selecting property mapping: request.aliquotaIcms().
[INFO] -- MapStruct: mapping property: request.aliquotaPis() to: setAliquotaPis(java.math.BigDecimal).
[INFO] -- MapStruct: selecting property mapping: request.aliquotaPis().
[INFO] -- MapStruct: mapping property: request.aliquotaCofins() to: setAliquotaCofins(java.math.BigDecimal).
[INFO] -- MapStruct: selecting property mapping: request.aliquotaCofins().
[INFO] -- MapStruct: mapping property: request.observacoes() to: setObservacoes(java.lang.String).
[INFO] -- MapStruct: selecting property mapping: request.observacoes().
[INFO] -- MapStruct: mapping property: request.descontoPercentual() to: setDescontoPercentual(java.math.BigDecimal).
[INFO] -- MapStruct: selecting property mapping: request.descontoPercentual().
[INFO] -- MapStruct: mapping property: request.descontoValor() to: setDescontoValor(java.math.BigDecimal).
[INFO] -- MapStruct: selecting property mapping: request.descontoValor().
[INFO] -- MapStruct: mapping property: request.ordemItem() to: setOrdemItem(java.lang.Integer).
[INFO] -- MapStruct: selecting property mapping: request.ordemItem().
[INFO] - MapStruct: creating bean mapping method implementation for com.neritech.saas.financeiro.dto.ItemFaturaResponse toResponse(com.neritech.saas.financeiro.domain.ItemFatura entity).
[INFO] -- MapStruct: mapping property: entity.getId() to: id.
[INFO] -- MapStruct: selecting property mapping: entity.getId().
[INFO] -- MapStruct: mapping property: entity.getTipoItem() to: tipoItem.
[INFO] -- MapStruct: selecting property mapping: entity.getTipoItem().
[INFO] -- MapStruct: mapping property: entity.getServicoId() to: servicoId.
[INFO] -- MapStruct: selecting property mapping: entity.getServicoId().
[INFO] -- MapStruct: mapping property: entity.getProdutoId() to: produtoId.
[INFO] -- MapStruct: selecting property mapping: entity.getProdutoId().
[INFO] -- MapStruct: mapping property: entity.getDescricao() to: descricao.
[INFO] -- MapStruct: selecting property mapping: entity.getDescricao().
[INFO] -- MapStruct: mapping property: entity.getQuantidade() to: quantidade.
[INFO] -- MapStruct: selecting property mapping: entity.getQuantidade().
[INFO] -- MapStruct: mapping property: entity.getValorUnitario() to: valorUnitario.
[INFO] -- MapStruct: selecting property mapping: entity.getValorUnitario().
[INFO] -- MapStruct: mapping property: entity.getValorTotal() to: valorTotal.
[INFO] -- MapStruct: selecting property mapping: entity.getValorTotal().
[INFO] -- MapStruct: mapping property: entity.getDescontoPercentual() to: descontoPercentual.
[INFO] -- MapStruct: selecting property mapping: entity.getDescontoPercentual().
[INFO] -- MapStruct: mapping property: entity.getDescontoValor() to: descontoValor.
[INFO] -- MapStruct: selecting property mapping: entity.getDescontoValor().
[INFO] -- MapStruct: mapping property: entity.getValorLiquido() to: valorLiquido.
[INFO] -- MapStruct: selecting property mapping: entity.getValorLiquido().
[INFO] -- MapStruct: mapping property: entity.getNcm() to: ncm.
[INFO] -- MapStruct: selecting property mapping: entity.getNcm().
[INFO] -- MapStruct: mapping property: entity.getCfop() to: cfop.
[INFO] -- MapStruct: selecting property mapping: entity.getCfop().
[INFO] -- MapStruct: mapping property: entity.getCstIcms() to: cstIcms.
[INFO] -- MapStruct: selecting property mapping: entity.getCstIcms().
[INFO] -- MapStruct: mapping property: entity.getCstPis() to: cstPis.
[INFO] -- MapStruct: selecting property mapping: entity.getCstPis().
[INFO] -- MapStruct: mapping property: entity.getCstCofins() to: cstCofins.
[INFO] -- MapStruct: selecting property mapping: entity.getCstCofins().
[INFO] -- MapStruct: mapping property: entity.getAliquotaIcms() to: aliquotaIcms.
[INFO] -- MapStruct: selecting property mapping: entity.getAliquotaIcms().
[INFO] -- MapStruct: mapping property: entity.getAliquotaPis() to: aliquotaPis.
[INFO] -- MapStruct: selecting property mapping: entity.getAliquotaPis().
[INFO] -- MapStruct: mapping property: entity.getAliquotaCofins() to: aliquotaCofins.
[INFO] -- MapStruct: selecting property mapping: entity.getAliquotaCofins().
[INFO] -- MapStruct: mapping property: entity.getValorIcms() to: valorIcms.
[INFO] -- MapStruct: selecting property mapping: entity.getValorIcms().
[INFO] -- MapStruct: mapping property: entity.getValorPis() to: valorPis.
[INFO] -- MapStruct: selecting property mapping: entity.getValorPis().
[INFO] -- MapStruct: mapping property: entity.getValorCofins() to: valorCofins.
[INFO] -- MapStruct: selecting property mapping: entity.getValorCofins().
[INFO] -- MapStruct: mapping property: entity.getObservacoes() to: observacoes.
[INFO] -- MapStruct: selecting property mapping: entity.getObservacoes().
[INFO] -- MapStruct: mapping property: entity.getOrdemItem() to: ordemItem.
[INFO] -- MapStruct: selecting property mapping: entity.getOrdemItem().
[INFO] - MapStruct: creating bean mapping method implementation for void updateEntityFromDTO(com.neritech.saas.financeiro.dto.ItemFaturaRequest request, @MappingTarget com.neritech.saas.financeiro.domain.ItemFatura entity).
[INFO] -- MapStruct: mapping property: request.tipoItem() to: setTipoItem(com.neritech.saas.financeiro.domain.enums.TipoItemFatura).
[INFO] -- MapStruct: selecting property mapping: request.tipoItem().
[INFO] -- MapStruct: mapping property: request.servicoId() to: setServicoId(java.lang.Long).
[INFO] -- MapStruct: selecting property mapping: request.servicoId().
[INFO] -- MapStruct: mapping property: request.produtoId() to: setProdutoId(java.lang.Long).
[INFO] -- MapStruct: selecting property mapping: request.produtoId().
[INFO] -- MapStruct: mapping property: request.descricao() to: setDescricao(java.lang.String).
[INFO] -- MapStruct: selecting property mapping: request.descricao().
[INFO] -- MapStruct: mapping property: request.quantidade() to: setQuantidade(java.math.BigDecimal).
[INFO] -- MapStruct: selecting property mapping: request.quantidade().
[INFO] -- MapStruct: mapping property: request.valorUnitario() to: setValorUnitario(java.math.BigDecimal).
[INFO] -- MapStruct: selecting property mapping: request.valorUnitario().
[INFO] -- MapStruct: mapping property: request.ncm() to: setNcm(java.lang.String).
[INFO] -- MapStruct: selecting property mapping: request.ncm().
[INFO] -- MapStruct: mapping property: request.cfop() to: setCfop(java.lang.String).
[INFO] -- MapStruct: selecting property mapping: request.cfop().
[INFO] -- MapStruct: mapping property: request.cstIcms() to: setCstIcms(java.lang.String).
[INFO] -- MapStruct: selecting property mapping: request.cstIcms().
[INFO] -- MapStruct: mapping property: request.cstPis() to: setCstPis(java.lang.String).
[INFO] -- MapStruct: selecting property mapping: request.cstPis().
[INFO] -- MapStruct: mapping property: request.cstCofins() to: setCstCofins(java.lang.String).
[INFO] -- MapStruct: selecting property mapping: request.cstCofins().
[INFO] -- MapStruct: mapping property: request.aliquotaIcms() to: setAliquotaIcms(java.math.BigDecimal).
[INFO] -- MapStruct: selecting property mapping: request.aliquotaIcms().
[INFO] -- MapStruct: mapping property: request.aliquotaPis() to: setAliquotaPis(java.math.BigDecimal).
[INFO] -- MapStruct: selecting property mapping: request.aliquotaPis().
[INFO] -- MapStruct: mapping property: request.aliquotaCofins() to: setAliquotaCofins(java.math.BigDecimal).
[INFO] -- MapStruct: selecting property mapping: request.aliquotaCofins().
[INFO] -- MapStruct: mapping property: request.observacoes() to: setObservacoes(java.lang.String).
[INFO] -- MapStruct: selecting property mapping: request.observacoes().
[INFO] -- MapStruct: mapping property: request.descontoPercentual() to: setDescontoPercentual(java.math.BigDecimal).
[INFO] -- MapStruct: selecting property mapping: request.descontoPercentual().
[INFO] -- MapStruct: mapping property: request.descontoValor() to: setDescontoValor(java.math.BigDecimal).
[INFO] -- MapStruct: selecting property mapping: request.descontoValor().
[INFO] -- MapStruct: mapping property: request.ordemItem() to: setOrdemItem(java.lang.Integer).
[INFO] -- MapStruct: selecting property mapping: request.ordemItem().
[INFO]  MapStruct: processing: com.neritech.saas.empresa.mapper.SetorMapper.
[INFO] - MapStruct: creating bean mapping method implementation for com.neritech.saas.empresa.domain.Setor toEntity(com.neritech.saas.empresa.dto.SetorRequest request).
[INFO] -- MapStruct: mapping property: request.nome() to: setNome(java.lang.String).
[INFO] -- MapStruct: selecting property mapping: request.nome().
[INFO] -- MapStruct: mapping property: request.ativo() to: setAtivo(java.lang.Boolean).
[INFO] -- MapStruct: selecting property mapping: request.ativo().
[INFO] - MapStruct: creating bean mapping method implementation for com.neritech.saas.empresa.dto.SetorResponse toResponse(com.neritech.saas.empresa.domain.Setor entity).
[INFO] -- MapStruct: mapping property: entityEmpresaId( entity ) to: empresaId.
[INFO] -- MapStruct: selecting property mapping: entityEmpresaId( entity ).
[INFO] -- MapStruct: mapping property: entityEmpresaNomeFantasia( entity ) to: empresaNome.
[INFO] -- MapStruct: selecting property mapping: entityEmpresaNomeFantasia( entity ).
[INFO] -- MapStruct: mapping property: entity.getId() to: id.
[INFO] -- MapStruct: selecting property mapping: entity.getId().
[INFO] -- MapStruct: mapping property: entity.getNome() to: nome.
[INFO] -- MapStruct: selecting property mapping: entity.getNome().
[INFO] -- MapStruct: mapping property: entity.getAtivo() to: ativo.
[INFO] -- MapStruct: selecting property mapping: entity.getAtivo().
[INFO] -- MapStruct: mapping property: entity.getDataCadastro() to: dataCadastro.
[INFO] -- MapStruct: selecting property mapping: entity.getDataCadastro().
[INFO] -- MapStruct: mapping property: entity.getDataAtualizacao() to: dataAtualizacao.
[INFO] -- MapStruct: selecting property mapping: entity.getDataAtualizacao().
[INFO] - MapStruct: creating bean mapping method implementation for void updateEntityFromRequest(com.neritech.saas.empresa.dto.SetorRequest request, @MappingTarget com.neritech.saas.empresa.domain.Setor entity).
[INFO] -- MapStruct: mapping property: request.nome() to: setNome(java.lang.String).
[INFO] -- MapStruct: selecting property mapping: request.nome().
[INFO] -- MapStruct: mapping property: request.ativo() to: setAtivo(java.lang.Boolean).
[INFO] -- MapStruct: selecting property mapping: request.ativo().
[INFO]  MapStruct: processing: com.neritech.saas.rh.mapper.DepartamentoMapper.
[INFO] - MapStruct: creating bean mapping method implementation for com.neritech.saas.rh.domain.Departamento toEntity(com.neritech.saas.rh.dto.DepartamentoRequest request).
[INFO] -- MapStruct: mapping property: request.empresaId() to: setEmpresaId(java.lang.Long).
[INFO] -- MapStruct: selecting property mapping: request.empresaId().
[INFO] -- MapStruct: mapping property: request.nome() to: setNome(java.lang.String).
[INFO] -- MapStruct: selecting property mapping: request.nome().
[INFO] -- MapStruct: mapping property: request.descricao() to: setDescricao(java.lang.String).
[INFO] -- MapStruct: selecting property mapping: request.descricao().
[INFO] -- MapStruct: mapping property: request.codigo() to: setCodigo(java.lang.String).
[INFO] -- MapStruct: selecting property mapping: request.codigo().
[INFO] -- MapStruct: mapping property: request.departamentoPaiId() to: setDepartamentoPaiId(java.lang.Long).
[INFO] -- MapStruct: selecting property mapping: request.departamentoPaiId().
[INFO] -- MapStruct: mapping property: request.gerenteId() to: setGerenteId(java.lang.Long).
[INFO] -- MapStruct: selecting property mapping: request.gerenteId().
[INFO] -- MapStruct: mapping property: request.centroCusto() to: setCentroCusto(java.lang.String).
[INFO] -- MapStruct: selecting property mapping: request.centroCusto().
[INFO] -- MapStruct: mapping property: request.ativo() to: setAtivo(java.lang.Boolean).
[INFO] -- MapStruct: selecting property mapping: request.ativo().
[INFO] - MapStruct: creating bean mapping method implementation for com.neritech.saas.rh.dto.DepartamentoResponse toResponse(com.neritech.saas.rh.domain.Departamento entity).
[INFO] -- MapStruct: mapping property: entity.getId() to: id.
[INFO] -- MapStruct: selecting property mapping: entity.getId().
[INFO] -- MapStruct: mapping property: entity.getEmpresaId() to: empresaId.
[INFO] -- MapStruct: selecting property mapping: entity.getEmpresaId().
[INFO] -- MapStruct: mapping property: entity.getNome() to: nome.
[INFO] -- MapStruct: selecting property mapping: entity.getNome().
[INFO] -- MapStruct: mapping property: entity.getDescricao() to: descricao.
[INFO] -- MapStruct: selecting property mapping: entity.getDescricao().
[INFO] -- MapStruct: mapping property: entity.getCodigo() to: codigo.
[INFO] -- MapStruct: selecting property mapping: entity.getCodigo().
[INFO] -- MapStruct: mapping property: entity.getDepartamentoPaiId() to: departamentoPaiId.
[INFO] -- MapStruct: selecting property mapping: entity.getDepartamentoPaiId().
[INFO] -- MapStruct: mapping property: entity.getGerenteId() to: gerenteId.
[INFO] -- MapStruct: selecting property mapping: entity.getGerenteId().
[INFO] -- MapStruct: mapping property: entity.getCentroCusto() to: centroCusto.
[INFO] -- MapStruct: selecting property mapping: entity.getCentroCusto().
[INFO] -- MapStruct: mapping property: entity.getAtivo() to: ativo.
[INFO] -- MapStruct: selecting property mapping: entity.getAtivo().
[INFO] -- MapStruct: mapping property: entity.getDataCadastro() to: dataCadastro.
[INFO] -- MapStruct: selecting property mapping: entity.getDataCadastro().
[INFO] -- MapStruct: mapping property: entity.getDataAtualizacao() to: dataAtualizacao.
[INFO] -- MapStruct: selecting property mapping: entity.getDataAtualizacao().
[INFO] - MapStruct: creating bean mapping method implementation for void updateEntity(com.neritech.saas.rh.dto.DepartamentoRequest request, @MappingTarget com.neritech.saas.rh.domain.Departamento entity).
[INFO] -- MapStruct: mapping property: request.empresaId() to: setEmpresaId(java.lang.Long).
[INFO] -- MapStruct: selecting property mapping: request.empresaId().
[INFO] -- MapStruct: mapping property: request.nome() to: setNome(java.lang.String).
[INFO] -- MapStruct: selecting property mapping: request.nome().
[INFO] -- MapStruct: mapping property: request.descricao() to: setDescricao(java.lang.String).
[INFO] -- MapStruct: selecting property mapping: request.descricao().
[INFO] -- MapStruct: mapping property: request.codigo() to: setCodigo(java.lang.String).
[INFO] -- MapStruct: selecting property mapping: request.codigo().
[INFO] -- MapStruct: mapping property: request.departamentoPaiId() to: setDepartamentoPaiId(java.lang.Long).
[INFO] -- MapStruct: selecting property mapping: request.departamentoPaiId().
[INFO] -- MapStruct: mapping property: request.gerenteId() to: setGerenteId(java.lang.Long).
[INFO] -- MapStruct: selecting property mapping: request.gerenteId().
[INFO] -- MapStruct: mapping property: request.centroCusto() to: setCentroCusto(java.lang.String).
[INFO] -- MapStruct: selecting property mapping: request.centroCusto().
[INFO] -- MapStruct: mapping property: request.ativo() to: setAtivo(java.lang.Boolean).
[INFO] -- MapStruct: selecting property mapping: request.ativo().
[INFO]  MapStruct: processing: com.neritech.saas.estoque.mapper.ReservaEstoqueMapper.
[INFO] - MapStruct: creating bean mapping method implementation for com.neritech.saas.estoque.domain.ReservaEstoque toEntity(com.neritech.saas.estoque.dto.ReservaEstoqueRequest request).
[INFO] -- MapStruct: mapping property: request.quantidadeReservada() to: setQuantidadeReservada(java.math.BigDecimal).
[INFO] -- MapStruct: selecting property mapping: request.quantidadeReservada().
[INFO] -- MapStruct: mapping property: request.tipoReserva() to: setTipoReserva(com.neritech.saas.estoque.domain.enums.TipoReserva).
[INFO] -- MapStruct: selecting property mapping: request.tipoReserva().
[INFO] -- MapStruct: mapping property: request.documentoId() to: setDocumentoId(java.lang.Long).
[INFO] -- MapStruct: selecting property mapping: request.documentoId().
[INFO] -- MapStruct: mapping property: request.documentoTipo() to: setDocumentoTipo(java.lang.String).
[INFO] -- MapStruct: selecting property mapping: request.documentoTipo().
[INFO] -- MapStruct: mapping property: request.dataValidadeReserva() to: setDataValidadeReserva(java.time.LocalDateTime).
[INFO] -- MapStruct: selecting property mapping: request.dataValidadeReserva().
[INFO] -- MapStruct: mapping property: request.status() to: setStatus(com.neritech.saas.estoque.domain.enums.StatusReserva).
[INFO] -- MapStruct: selecting property mapping: request.status().
[INFO] -- MapStruct: mapping property: request.usuarioResponsavel() to: setUsuarioResponsavel(java.lang.Long).
[INFO] -- MapStruct: selecting property mapping: request.usuarioResponsavel().
[INFO] -- MapStruct: mapping property: request.observacoes() to: setObservacoes(java.lang.String).
[INFO] -- MapStruct: selecting property mapping: request.observacoes().
[INFO] -- MapStruct: mapping property: request.motivoCancelamento() to: setMotivoCancelamento(java.lang.String).
[INFO] -- MapStruct: selecting property mapping: request.motivoCancelamento().
[INFO] - MapStruct: creating bean mapping method implementation for com.neritech.saas.estoque.dto.ReservaEstoqueResponse toResponse(com.neritech.saas.estoque.domain.ReservaEstoque entity).
[INFO] -- MapStruct: mapping property: entityProdutoId( entity ) to: produtoId.
[INFO] -- MapStruct: selecting property mapping: entityProdutoId( entity ).
[INFO] -- MapStruct: mapping property: entityProdutoNome( entity ) to: produtoNome.
[INFO] -- MapStruct: selecting property mapping: entityProdutoNome( entity ).
[INFO] -- MapStruct: mapping property: entity.getId() to: id.
[INFO] -- MapStruct: selecting property mapping: entity.getId().
[INFO] -- MapStruct: mapping property: entity.getQuantidadeReservada() to: quantidadeReservada.
[INFO] -- MapStruct: selecting property mapping: entity.getQuantidadeReservada().
[INFO] -- MapStruct: mapping property: entity.getTipoReserva() to: tipoReserva.
[INFO] -- MapStruct: selecting property mapping: entity.getTipoReserva().
[INFO] -- MapStruct: mapping property: entity.getDocumentoId() to: documentoId.
[INFO] -- MapStruct: selecting property mapping: entity.getDocumentoId().
[INFO] -- MapStruct: mapping property: entity.getDocumentoTipo() to: documentoTipo.
[INFO] -- MapStruct: selecting property mapping: entity.getDocumentoTipo().
[INFO] -- MapStruct: mapping property: entity.getDataReserva() to: dataReserva.
[INFO] -- MapStruct: selecting property mapping: entity.getDataReserva().
[INFO] -- MapStruct: mapping property: entity.getDataValidadeReserva() to: dataValidadeReserva.
[INFO] -- MapStruct: selecting property mapping: entity.getDataValidadeReserva().
[INFO] -- MapStruct: mapping property: entity.getStatus() to: status.
[INFO] -- MapStruct: selecting property mapping: entity.getStatus().
[INFO] -- MapStruct: mapping property: entity.getUsuarioResponsavel() to: usuarioResponsavel.
[INFO] -- MapStruct: selecting property mapping: entity.getUsuarioResponsavel().
[INFO] -- MapStruct: mapping property: entity.getObservacoes() to: observacoes.
[INFO] -- MapStruct: selecting property mapping: entity.getObservacoes().
[INFO] -- MapStruct: mapping property: entity.getDataUtilizacao() to: dataUtilizacao.
[INFO] -- MapStruct: selecting property mapping: entity.getDataUtilizacao().
[INFO] -- MapStruct: mapping property: entity.getDataCancelamento() to: dataCancelamento.
[INFO] -- MapStruct: selecting property mapping: entity.getDataCancelamento().
[INFO] -- MapStruct: mapping property: entity.getMotivoCancelamento() to: motivoCancelamento.
[INFO] -- MapStruct: selecting property mapping: entity.getMotivoCancelamento().
[INFO] - MapStruct: creating bean mapping method implementation for void updateEntityFromRequest(com.neritech.saas.estoque.dto.ReservaEstoqueRequest request, @MappingTarget com.neritech.saas.estoque.domain.ReservaEstoque entity).
[INFO] -- MapStruct: mapping property: request.quantidadeReservada() to: setQuantidadeReservada(java.math.BigDecimal).
[INFO] -- MapStruct: selecting property mapping: request.quantidadeReservada().
[INFO] -- MapStruct: mapping property: request.tipoReserva() to: setTipoReserva(com.neritech.saas.estoque.domain.enums.TipoReserva).
[INFO] -- MapStruct: selecting property mapping: request.tipoReserva().
[INFO] -- MapStruct: mapping property: request.documentoId() to: setDocumentoId(java.lang.Long).
[INFO] -- MapStruct: selecting property mapping: request.documentoId().
[INFO] -- MapStruct: mapping property: request.documentoTipo() to: setDocumentoTipo(java.lang.String).
[INFO] -- MapStruct: selecting property mapping: request.documentoTipo().
[INFO] -- MapStruct: mapping property: request.dataValidadeReserva() to: setDataValidadeReserva(java.time.LocalDateTime).
[INFO] -- MapStruct: selecting property mapping: request.dataValidadeReserva().
[INFO] -- MapStruct: mapping property: request.status() to: setStatus(com.neritech.saas.estoque.domain.enums.StatusReserva).
[INFO] -- MapStruct: selecting property mapping: request.status().
[INFO] -- MapStruct: mapping property: request.usuarioResponsavel() to: setUsuarioResponsavel(java.lang.Long).
[INFO] -- MapStruct: selecting property mapping: request.usuarioResponsavel().
[INFO] -- MapStruct: mapping property: request.observacoes() to: setObservacoes(java.lang.String).
[INFO] -- MapStruct: selecting property mapping: request.observacoes().
[INFO] -- MapStruct: mapping property: request.motivoCancelamento() to: setMotivoCancelamento(java.lang.String).
[INFO] -- MapStruct: selecting property mapping: request.motivoCancelamento().
[INFO]  MapStruct: processing: com.neritech.saas.ordemservico.mapper.DiagnosticoMapper.
[INFO] - MapStruct: creating bean mapping method implementation for com.neritech.saas.ordemservico.domain.Diagnostico toEntity(com.neritech.saas.ordemservico.dto.DiagnosticoRequest request).
[INFO] -- MapStruct: mapping property: request.sistemaVeiculo() to: setSistemaVeiculo(com.neritech.saas.ordemservico.domain.enums.SistemaVeiculo).
[INFO] -- MapStruct: selecting property mapping: request.sistemaVeiculo().
[INFO] -- MapStruct: mapping property: request.componenteEspecifico() to: setComponenteEspecifico(java.lang.String).
[INFO] -- MapStruct: selecting property mapping: request.componenteEspecifico().
[INFO] -- MapStruct: mapping property: request.problemaIdentificado() to: setProblemaIdentificado(java.lang.String).
[INFO] -- MapStruct: selecting property mapping: request.problemaIdentificado().
[INFO] -- MapStruct: mapping property: request.causaProvavel() to: setCausaProvavel(java.lang.String).
[INFO] -- MapStruct: selecting property mapping: request.causaProvavel().
[INFO] -- MapStruct: mapping property: request.solucaoRecomendada() to: setSolucaoRecomendada(java.lang.String).
[INFO] -- MapStruct: selecting property mapping: request.solucaoRecomendada().
[INFO] -- MapStruct: mapping property: request.urgencia() to: setUrgencia(com.neritech.saas.ordemservico.domain.enums.UrgenciaDiagnostico).
[INFO] -- MapStruct: selecting property mapping: request.urgencia().
[INFO] -- MapStruct: mapping property: request.impactoSeguranca() to: setImpactoSeguranca(java.lang.Boolean).
[INFO] -- MapStruct: selecting property mapping: request.impactoSeguranca().
[INFO] -- MapStruct: mapping property: request.impactoDirigibilidade() to: setImpactoDirigibilidade(java.lang.Boolean).
[INFO] -- MapStruct: selecting property mapping: request.impactoDirigibilidade().
[INFO] -- MapStruct: mapping property: request.custoEstimado() to: setCustoEstimado(java.math.BigDecimal).
[INFO] -- MapStruct: selecting property mapping: request.custoEstimado().
[INFO] -- MapStruct: mapping property: request.tempoEstimadoReparo() to: setTempoEstimadoReparo(java.lang.Integer).
[INFO] -- MapStruct: selecting property mapping: request.tempoEstimadoReparo().
[INFO] -- MapStruct: mapping property: request.ferramentasNecessarias() to: setFerramentasNecessarias(java.lang.String).
[INFO] -- MapStruct: selecting property mapping: request.ferramentasNecessarias().
[INFO] -- MapStruct: mapping property: request.pecasNecessarias() to: setPecasNecessarias(java.lang.String).
[INFO] -- MapStruct: selecting property mapping: request.pecasNecessarias().
[INFO] -- MapStruct: mapping property: request.evidenciasEncontradas() to: setEvidenciasEncontradas(java.lang.String).
[INFO] -- MapStruct: selecting property mapping: request.evidenciasEncontradas().
[INFO] -- MapStruct: mapping property: request.testesRealizados() to: setTestesRealizados(java.lang.String).
[INFO] -- MapStruct: selecting property mapping: request.testesRealizados().
[INFO] -- MapStruct: mapping property: request.codigoErro() to: setCodigoErro(java.lang.String).
[INFO] -- MapStruct: selecting property mapping: request.codigoErro().
[INFO] -- MapStruct: mapping property: request.mecanicoDiagnosticoId() to: setMecanicoDiagnosticoId(java.lang.Long).
[INFO] -- MapStruct: selecting property mapping: request.mecanicoDiagnosticoId().
[INFO] -- MapStruct: mapping property: request.fotosDiagnostico() to: setFotosDiagnostico(java.lang.String).
[INFO] -- MapStruct: selecting property mapping: request.fotosDiagnostico().
[INFO] -- MapStruct: mapping property: request.videosDiagnostico() to: setVideosDiagnostico(java.lang.String).
[INFO] -- MapStruct: selecting property mapping: request.videosDiagnostico().
[INFO] -- MapStruct: mapping property: request.aprovadoCliente() to: setAprovadoCliente(java.lang.Boolean).
[INFO] -- MapStruct: selecting property mapping: request.aprovadoCliente().
[INFO] -- MapStruct: mapping property: request.observacoes() to: setObservacoes(java.lang.String).
[INFO] -- MapStruct: selecting property mapping: request.observacoes().
[INFO] - MapStruct: creating bean mapping method implementation for com.neritech.saas.ordemservico.dto.DiagnosticoResponse toResponse(com.neritech.saas.ordemservico.domain.Diagnostico entity).
[INFO] -- MapStruct: mapping property: entityOrdemServicoId( entity ) to: ordemServicoId.
[INFO] -- MapStruct: selecting property mapping: entityOrdemServicoId( entity ).
[INFO] -- MapStruct: mapping property: entity.getId() to: id.
[INFO] -- MapStruct: selecting property mapping: entity.getId().
[INFO] -- MapStruct: mapping property: entity.getSistemaVeiculo() to: sistemaVeiculo.
[INFO] -- MapStruct: selecting property mapping: entity.getSistemaVeiculo().
[INFO] -- MapStruct: mapping property: entity.getComponenteEspecifico() to: componenteEspecifico.
[INFO] -- MapStruct: selecting property mapping: entity.getComponenteEspecifico().
[INFO] -- MapStruct: mapping property: entity.getProblemaIdentificado() to: problemaIdentificado.
[INFO] -- MapStruct: selecting property mapping: entity.getProblemaIdentificado().
[INFO] -- MapStruct: mapping property: entity.getCausaProvavel() to: causaProvavel.
[INFO] -- MapStruct: selecting property mapping: entity.getCausaProvavel().
[INFO] -- MapStruct: mapping property: entity.getSolucaoRecomendada() to: solucaoRecomendada.
[INFO] -- MapStruct: selecting property mapping: entity.getSolucaoRecomendada().
[INFO] -- MapStruct: mapping property: entity.getUrgencia() to: urgencia.
[INFO] -- MapStruct: selecting property mapping: entity.getUrgencia().
[INFO] -- MapStruct: mapping property: entity.getImpactoSeguranca() to: impactoSeguranca.
[INFO] -- MapStruct: selecting property mapping: entity.getImpactoSeguranca().
[INFO] -- MapStruct: mapping property: entity.getImpactoDirigibilidade() to: impactoDirigibilidade.
[INFO] -- MapStruct: selecting property mapping: entity.getImpactoDirigibilidade().
[INFO] -- MapStruct: mapping property: entity.getCustoEstimado() to: custoEstimado.
[INFO] -- MapStruct: selecting property mapping: entity.getCustoEstimado().
[INFO] -- MapStruct: mapping property: entity.getTempoEstimadoReparo() to: tempoEstimadoReparo.
[INFO] -- MapStruct: selecting property mapping: entity.getTempoEstimadoReparo().
[INFO] -- MapStruct: mapping property: entity.getFerramentasNecessarias() to: ferramentasNecessarias.
[INFO] -- MapStruct: selecting property mapping: entity.getFerramentasNecessarias().
[INFO] -- MapStruct: mapping property: entity.getPecasNecessarias() to: pecasNecessarias.
[INFO] -- MapStruct: selecting property mapping: entity.getPecasNecessarias().
[INFO] -- MapStruct: mapping property: entity.getEvidenciasEncontradas() to: evidenciasEncontradas.
[INFO] -- MapStruct: selecting property mapping: entity.getEvidenciasEncontradas().
[INFO] -- MapStruct: mapping property: entity.getTestesRealizados() to: testesRealizados.
[INFO] -- MapStruct: selecting property mapping: entity.getTestesRealizados().
[INFO] -- MapStruct: mapping property: entity.getCodigoErro() to: codigoErro.
[INFO] -- MapStruct: selecting property mapping: entity.getCodigoErro().
[INFO] -- MapStruct: mapping property: entity.getMecanicoDiagnosticoId() to: mecanicoDiagnosticoId.
[INFO] -- MapStruct: selecting property mapping: entity.getMecanicoDiagnosticoId().
[INFO] -- MapStruct: mapping property: entity.getDataDiagnostico() to: dataDiagnostico.
[INFO] -- MapStruct: selecting property mapping: entity.getDataDiagnostico().
[INFO] -- MapStruct: mapping property: entity.getFotosDiagnostico() to: fotosDiagnostico.
[INFO] -- MapStruct: selecting property mapping: entity.getFotosDiagnostico().
[INFO] -- MapStruct: mapping property: entity.getVideosDiagnostico() to: videosDiagnostico.
[INFO] -- MapStruct: selecting property mapping: entity.getVideosDiagnostico().
[INFO] -- MapStruct: mapping property: entity.getAprovadoCliente() to: aprovadoCliente.
[INFO] -- MapStruct: selecting property mapping: entity.getAprovadoCliente().
[INFO] -- MapStruct: mapping property: entity.getDataAprovacaoCliente() to: dataAprovacaoCliente.
[INFO] -- MapStruct: selecting property mapping: entity.getDataAprovacaoCliente().
[INFO] -- MapStruct: mapping property: entity.getObservacoes() to: observacoes.
[INFO] -- MapStruct: selecting property mapping: entity.getObservacoes().
[INFO] -- MapStruct: mapping property: entity.getDataCadastro() to: dataCadastro.
[INFO] -- MapStruct: selecting property mapping: entity.getDataCadastro().
[INFO] -- MapStruct: mapping property: entity.getDataAtualizacao() to: dataAtualizacao.
[INFO] -- MapStruct: selecting property mapping: entity.getDataAtualizacao().
[INFO] -- MapStruct: mapping property: entity.getVersao() to: versao.
[INFO] -- MapStruct: selecting property mapping: entity.getVersao().
[INFO] - MapStruct: creating bean mapping method implementation for void updateEntityFromRequest(com.neritech.saas.ordemservico.dto.DiagnosticoRequest request, @MappingTarget com.neritech.saas.ordemservico.domain.Diagnostico entity).
[INFO] -- MapStruct: mapping property: request.sistemaVeiculo() to: setSistemaVeiculo(com.neritech.saas.ordemservico.domain.enums.SistemaVeiculo).
[INFO] -- MapStruct: selecting property mapping: request.sistemaVeiculo().
[INFO] -- MapStruct: mapping property: request.componenteEspecifico() to: setComponenteEspecifico(java.lang.String).
[INFO] -- MapStruct: selecting property mapping: request.componenteEspecifico().
[INFO] -- MapStruct: mapping property: request.problemaIdentificado() to: setProblemaIdentificado(java.lang.String).
[INFO] -- MapStruct: selecting property mapping: request.problemaIdentificado().
[INFO] -- MapStruct: mapping property: request.causaProvavel() to: setCausaProvavel(java.lang.String).
[INFO] -- MapStruct: selecting property mapping: request.causaProvavel().
[INFO] -- MapStruct: mapping property: request.solucaoRecomendada() to: setSolucaoRecomendada(java.lang.String).
[INFO] -- MapStruct: selecting property mapping: request.solucaoRecomendada().
[INFO] -- MapStruct: mapping property: request.urgencia() to: setUrgencia(com.neritech.saas.ordemservico.domain.enums.UrgenciaDiagnostico).
[INFO] -- MapStruct: selecting property mapping: request.urgencia().
[INFO] -- MapStruct: mapping property: request.impactoSeguranca() to: setImpactoSeguranca(java.lang.Boolean).
[INFO] -- MapStruct: selecting property mapping: request.impactoSeguranca().
[INFO] -- MapStruct: mapping property: request.impactoDirigibilidade() to: setImpactoDirigibilidade(java.lang.Boolean).
[INFO] -- MapStruct: selecting property mapping: request.impactoDirigibilidade().
[INFO] -- MapStruct: mapping property: request.custoEstimado() to: setCustoEstimado(java.math.BigDecimal).
[INFO] -- MapStruct: selecting property mapping: request.custoEstimado().
[INFO] -- MapStruct: mapping property: request.tempoEstimadoReparo() to: setTempoEstimadoReparo(java.lang.Integer).
[INFO] -- MapStruct: selecting property mapping: request.tempoEstimadoReparo().
[INFO] -- MapStruct: mapping property: request.ferramentasNecessarias() to: setFerramentasNecessarias(java.lang.String).
[INFO] -- MapStruct: selecting property mapping: request.ferramentasNecessarias().
[INFO] -- MapStruct: mapping property: request.pecasNecessarias() to: setPecasNecessarias(java.lang.String).
[INFO] -- MapStruct: selecting property mapping: request.pecasNecessarias().
[INFO] -- MapStruct: mapping property: request.evidenciasEncontradas() to: setEvidenciasEncontradas(java.lang.String).
[INFO] -- MapStruct: selecting property mapping: request.evidenciasEncontradas().
[INFO] -- MapStruct: mapping property: request.testesRealizados() to: setTestesRealizados(java.lang.String).
[INFO] -- MapStruct: selecting property mapping: request.testesRealizados().
[INFO] -- MapStruct: mapping property: request.codigoErro() to: setCodigoErro(java.lang.String).
[INFO] -- MapStruct: selecting property mapping: request.codigoErro().
[INFO] -- MapStruct: mapping property: request.mecanicoDiagnosticoId() to: setMecanicoDiagnosticoId(java.lang.Long).
[INFO] -- MapStruct: selecting property mapping: request.mecanicoDiagnosticoId().
[INFO] -- MapStruct: mapping property: request.fotosDiagnostico() to: setFotosDiagnostico(java.lang.String).
[INFO] -- MapStruct: selecting property mapping: request.fotosDiagnostico().
[INFO] -- MapStruct: mapping property: request.videosDiagnostico() to: setVideosDiagnostico(java.lang.String).
[INFO] -- MapStruct: selecting property mapping: request.videosDiagnostico().
[INFO] -- MapStruct: mapping property: request.aprovadoCliente() to: setAprovadoCliente(java.lang.Boolean).
[INFO] -- MapStruct: selecting property mapping: request.aprovadoCliente().
[INFO] -- MapStruct: mapping property: request.observacoes() to: setObservacoes(java.lang.String).
[INFO] -- MapStruct: selecting property mapping: request.observacoes().
[INFO]  MapStruct: processing: com.neritech.saas.financeiro.mapper.ComissaoFuncionarioMapper.
[INFO] - MapStruct: creating bean mapping method implementation for com.neritech.saas.financeiro.domain.ComissaoFuncionario toEntity(com.neritech.saas.financeiro.dto.ComissaoFuncionarioRequest request).
[INFO] -- MapStruct: mapping property: request.tipoComissao() to: setTipoComissao(com.neritech.saas.financeiro.domain.enums.TipoComissao).
[INFO] -- MapStruct: selecting property mapping: request.tipoComissao().
[INFO] -- MapStruct: mapping property: request.percentualComissao() to: setPercentualComissao(java.math.BigDecimal).
[INFO] -- MapStruct: selecting property mapping: request.percentualComissao().
[INFO] -- MapStruct: mapping property: request.valorComissao() to: setValorComissao(java.math.BigDecimal).
[INFO] -- MapStruct: selecting property mapping: request.valorComissao().
[INFO] -- MapStruct: mapping property: request.dataPagamento() to: setDataPagamento(java.time.LocalDate).
[INFO] -- MapStruct: selecting property mapping: request.dataPagamento().
[INFO] -- MapStruct: mapping property: request.observacoes() to: setObservacoes(java.lang.String).
[INFO] -- MapStruct: selecting property mapping: request.observacoes().
[INFO] - MapStruct: creating bean mapping method implementation for com.neritech.saas.financeiro.dto.ComissaoFuncionarioResponse toResponse(com.neritech.saas.financeiro.domain.ComissaoFuncionario entity).
[INFO] -- MapStruct: mapping property: entityFuncionarioNomeCompleto( entity ) to: funcionarioNome.
[INFO] -- MapStruct: selecting property mapping: entityFuncionarioNomeCompleto( entity ).
[INFO] -- MapStruct: mapping property: entityFaturaNumeroFatura( entity ) to: faturaNumero.
[INFO] -- MapStruct: selecting property mapping: entityFaturaNumeroFatura( entity ).
[INFO] -- MapStruct: mapping property: entityItemFaturaDescricao( entity ) to: itemFaturaDescricao.
[INFO] -- MapStruct: selecting property mapping: entityItemFaturaDescricao( entity ).
[INFO] -- MapStruct: mapping property: entity.getId() to: id.
[INFO] -- MapStruct: selecting property mapping: entity.getId().
[INFO] -- MapStruct: mapping property: entity.getEmpresaId() to: empresaId.
[INFO] -- MapStruct: selecting property mapping: entity.getEmpresaId().
[INFO] -- MapStruct: mapping property: entity.getPercentualComissao() to: percentualComissao.
[INFO] -- MapStruct: selecting property mapping: entity.getPercentualComissao().
[INFO] -- MapStruct: mapping property: entity.getValorComissao() to: valorComissao.
[INFO] -- MapStruct: selecting property mapping: entity.getValorComissao().
[INFO] -- MapStruct: mapping property: entity.getTipoComissao() to: tipoComissao.
[INFO] -- MapStruct: selecting property mapping: entity.getTipoComissao().
[INFO] -- MapStruct: mapping property: entity.getDataPagamento() to: dataPagamento.
[INFO] -- MapStruct: selecting property mapping: entity.getDataPagamento().
[INFO] -- MapStruct: mapping property: entity.getObservacoes() to: observacoes.
[INFO] -- MapStruct: selecting property mapping: entity.getObservacoes().
[INFO] - MapStruct: creating bean mapping method implementation for void updateEntityFromDTO(com.neritech.saas.financeiro.dto.ComissaoFuncionarioRequest request, @MappingTarget com.neritech.saas.financeiro.domain.ComissaoFuncionario entity).
[INFO] -- MapStruct: mapping property: request.tipoComissao() to: setTipoComissao(com.neritech.saas.financeiro.domain.enums.TipoComissao).
[INFO] -- MapStruct: selecting property mapping: request.tipoComissao().
[INFO] -- MapStruct: mapping property: request.percentualComissao() to: setPercentualComissao(java.math.BigDecimal).
[INFO] -- MapStruct: selecting property mapping: request.percentualComissao().
[INFO] -- MapStruct: mapping property: request.valorComissao() to: setValorComissao(java.math.BigDecimal).
[INFO] -- MapStruct: selecting property mapping: request.valorComissao().
[INFO] -- MapStruct: mapping property: request.dataPagamento() to: setDataPagamento(java.time.LocalDate).
[INFO] -- MapStruct: selecting property mapping: request.dataPagamento().
[INFO] -- MapStruct: mapping property: request.observacoes() to: setObservacoes(java.lang.String).
[INFO] -- MapStruct: selecting property mapping: request.observacoes().
[INFO]  MapStruct: processing: com.neritech.saas.agendamento.mapper.BloqueioAgendaMapper.
[INFO] - MapStruct: creating bean mapping method implementation for com.neritech.saas.agendamento.domain.BloqueioAgenda toEntity(com.neritech.saas.agendamento.dto.BloqueioAgendaRequest request).
[INFO] -- MapStruct: mapping property: request.empresaId() to: setEmpresaId(java.lang.Long).
[INFO] -- MapStruct: selecting property mapping: request.empresaId().
[INFO] -- MapStruct: mapping property: request.funcionarioId() to: setFuncionarioId(java.lang.Long).
[INFO] -- MapStruct: selecting property mapping: request.funcionarioId().
[INFO] -- MapStruct: mapping property: request.tipoBloqueio() to: setTipoBloqueio(com.neritech.saas.agendamento.domain.enums.TipoBloqueio).
[INFO] -- MapStruct: selecting property mapping: request.tipoBloqueio().
[INFO] -- MapStruct: mapping property: request.dataInicio() to: setDataInicio(java.time.LocalDate).
[INFO] -- MapStruct: selecting property mapping: request.dataInicio().
[INFO] -- MapStruct: mapping property: request.dataFim() to: setDataFim(java.time.LocalDate).
[INFO] -- MapStruct: selecting property mapping: request.dataFim().
[INFO] -- MapStruct: mapping property: request.horaInicio() to: setHoraInicio(java.time.LocalTime).
[INFO] -- MapStruct: selecting property mapping: request.horaInicio().
[INFO] -- MapStruct: mapping property: request.horaFim() to: setHoraFim(java.time.LocalTime).
[INFO] -- MapStruct: selecting property mapping: request.horaFim().
[INFO] -- MapStruct: mapping property: request.diasSemanaRecorrencia() to: setDiasSemanaRecorrencia(java.lang.String).
[INFO] -- MapStruct: selecting property mapping: request.diasSemanaRecorrencia().
[INFO] -- MapStruct: mapping property: request.motivo() to: setMotivo(java.lang.String).
[INFO] -- MapStruct: selecting property mapping: request.motivo().
[INFO] -- MapStruct: mapping property: request.funcionariosAfetados() to: setFuncionariosAfetados(java.lang.String).
[INFO] -- MapStruct: selecting property mapping: request.funcionariosAfetados().
[INFO] -- MapStruct: mapping property: request.observacoes() to: setObservacoes(java.lang.String).
[INFO] -- MapStruct: selecting property mapping: request.observacoes().
[INFO] -- MapStruct: mapping property: request.recorrente() to: setRecorrente(java.lang.Boolean).
[INFO] -- MapStruct: selecting property mapping: request.recorrente().
[INFO] -- MapStruct: mapping property: request.afetaTodosFuncionarios() to: setAfetaTodosFuncionarios(java.lang.Boolean).
[INFO] -- MapStruct: selecting property mapping: request.afetaTodosFuncionarios().
[INFO] -- MapStruct: mapping property: request.ativo() to: setAtivo(java.lang.Boolean).
[INFO] -- MapStruct: selecting property mapping: request.ativo().
[WARNING] /C:/Users/alexa/OneDrive/Documentos/NeriTech/backend/src/main/java/com/neritech/saas/agendamento/mapper/BloqueioAgendaMapper.java:[14,20] Unmapped target properties: "criadoPor, atualizadoPor, versao".
[INFO] - MapStruct: creating bean mapping method implementation for com.neritech.saas.agendamento.dto.BloqueioAgendaResponse toResponse(com.neritech.saas.agendamento.domain.BloqueioAgenda entity).
[INFO] -- MapStruct: mapping property: entity.getId() to: id.
[INFO] -- MapStruct: selecting property mapping: entity.getId().
[INFO] -- MapStruct: mapping property: entity.getEmpresaId() to: empresaId.
[INFO] -- MapStruct: selecting property mapping: entity.getEmpresaId().
[INFO] -- MapStruct: mapping property: entity.getFuncionarioId() to: funcionarioId.
[INFO] -- MapStruct: selecting property mapping: entity.getFuncionarioId().
[INFO] -- MapStruct: mapping property: entity.getTipoBloqueio() to: tipoBloqueio.
[INFO] -- MapStruct: selecting property mapping: entity.getTipoBloqueio().
[INFO] -- MapStruct: mapping property: entity.getDataInicio() to: dataInicio.
[INFO] -- MapStruct: selecting property mapping: entity.getDataInicio().
[INFO] -- MapStruct: mapping property: entity.getDataFim() to: dataFim.
[INFO] -- MapStruct: selecting property mapping: entity.getDataFim().
[INFO] -- MapStruct: mapping property: entity.getHoraInicio() to: horaInicio.
[INFO] -- MapStruct: selecting property mapping: entity.getHoraInicio().
[INFO] -- MapStruct: mapping property: entity.getHoraFim() to: horaFim.
[INFO] -- MapStruct: selecting property mapping: entity.getHoraFim().
[INFO] -- MapStruct: mapping property: entity.getRecorrente() to: recorrente.
[INFO] -- MapStruct: selecting property mapping: entity.getRecorrente().
[INFO] -- MapStruct: mapping property: entity.getDiasSemanaRecorrencia() to: diasSemanaRecorrencia.
[INFO] -- MapStruct: selecting property mapping: entity.getDiasSemanaRecorrencia().
[INFO] -- MapStruct: mapping property: entity.getMotivo() to: motivo.
[INFO] -- MapStruct: selecting property mapping: entity.getMotivo().
[INFO] -- MapStruct: mapping property: entity.getAfetaTodosFuncionarios() to: afetaTodosFuncionarios.
[INFO] -- MapStruct: selecting property mapping: entity.getAfetaTodosFuncionarios().
[INFO] -- MapStruct: mapping property: entity.getFuncionariosAfetados() to: funcionariosAfetados.
[INFO] -- MapStruct: selecting property mapping: entity.getFuncionariosAfetados().
[INFO] -- MapStruct: mapping property: entity.getObservacoes() to: observacoes.
[INFO] -- MapStruct: selecting property mapping: entity.getObservacoes().
[INFO] -- MapStruct: mapping property: entity.getAtivo() to: ativo.
[INFO] -- MapStruct: selecting property mapping: entity.getAtivo().
[INFO] -- MapStruct: mapping property: entity.getDataCadastro() to: dataCadastro.
[INFO] -- MapStruct: selecting property mapping: entity.getDataCadastro().
[INFO]  MapStruct: processing: com.neritech.saas.ordemservico.mapper.ItChecklistMapper.
[INFO] - MapStruct: creating bean mapping method implementation for com.neritech.saas.ordemservico.domain.ItChecklist toEntity(com.neritech.saas.ordemservico.dto.ItChecklistRequest request).
[INFO] -- MapStruct: mapping property: request.dsItChecklist() to: setDsItChecklist(java.lang.String).
[INFO] -- MapStruct: selecting property mapping: request.dsItChecklist().
[INFO] - MapStruct: creating bean mapping method implementation for com.neritech.saas.ordemservico.dto.ItChecklistResponse toResponse(com.neritech.saas.ordemservico.domain.ItChecklist entity).
[INFO] -- MapStruct: mapping property: entityChecklistId( entity ) to: checkListId.
[INFO] -- MapStruct: selecting property mapping: entityChecklistId( entity ).
[INFO] -- MapStruct: mapping property: entity.getId() to: id.
[INFO] -- MapStruct: selecting property mapping: entity.getId().
[INFO] -- MapStruct: mapping property: entity.getDsItChecklist() to: dsItChecklist.
[INFO] -- MapStruct: selecting property mapping: entity.getDsItChecklist().
[INFO] -- MapStruct: mapping property: entity.getDataCadastro() to: dataCadastro.
[INFO] -- MapStruct: selecting property mapping: entity.getDataCadastro().
[INFO] -- MapStruct: mapping property: entity.getDataAtualizacao() to: dataAtualizacao.
[INFO] -- MapStruct: selecting property mapping: entity.getDataAtualizacao().
[INFO] - MapStruct: creating bean mapping method implementation for void updateEntityFromRequest(com.neritech.saas.ordemservico.dto.ItChecklistRequest request, @MappingTarget com.neritech.saas.ordemservico.domain.ItChecklist entity).
[INFO] -- MapStruct: mapping property: request.dsItChecklist() to: setDsItChecklist(java.lang.String).
[INFO] -- MapStruct: selecting property mapping: request.dsItChecklist().
[INFO]  MapStruct: processing: com.neritech.saas.rh.mapper.HorarioTrabalhoMapper.
[INFO] - MapStruct: creating bean mapping method implementation for com.neritech.saas.rh.domain.HorarioTrabalho toEntity(com.neritech.saas.rh.dto.HorarioTrabalhoRequest request).
[INFO] -- MapStruct: mapping property: request.empresaId() to: setEmpresaId(java.lang.Long).
[INFO] -- MapStruct: selecting property mapping: request.empresaId().
[INFO] -- MapStruct: mapping property: request.nome() to: setNome(java.lang.String).
[INFO] -- MapStruct: selecting property mapping: request.nome().
[INFO] -- MapStruct: mapping property: request.descricao() to: setDescricao(java.lang.String).
[INFO] -- MapStruct: selecting property mapping: request.descricao().
[INFO] -- MapStruct: mapping property: request.tipoHorario() to: setTipoHorario(com.neritech.saas.rh.domain.enums.TipoHorario).
[INFO] -- MapStruct: selecting property mapping: request.tipoHorario().
[INFO] -- MapStruct: mapping property: request.horaEntradaSeg() to: setHoraEntradaSeg(java.time.LocalTime).
[INFO] -- MapStruct: selecting property mapping: request.horaEntradaSeg().
[INFO] -- MapStruct: mapping property: request.horaSaidaSeg() to: setHoraSaidaSeg(java.time.LocalTime).
[INFO] -- MapStruct: selecting property mapping: request.horaSaidaSeg().
[INFO] -- MapStruct: mapping property: request.horaEntradaTer() to: setHoraEntradaTer(java.time.LocalTime).
[INFO] -- MapStruct: selecting property mapping: request.horaEntradaTer().
[INFO] -- MapStruct: mapping property: request.horaSaidaTer() to: setHoraSaidaTer(java.time.LocalTime).
[INFO] -- MapStruct: selecting property mapping: request.horaSaidaTer().
[INFO] -- MapStruct: mapping property: request.horaEntradaQua() to: setHoraEntradaQua(java.time.LocalTime).
[INFO] -- MapStruct: selecting property mapping: request.horaEntradaQua().
[INFO] -- MapStruct: mapping property: request.horaSaidaQua() to: setHoraSaidaQua(java.time.LocalTime).
[INFO] -- MapStruct: selecting property mapping: request.horaSaidaQua().
[INFO] -- MapStruct: mapping property: request.horaEntradaQui() to: setHoraEntradaQui(java.time.LocalTime).
[INFO] -- MapStruct: selecting property mapping: request.horaEntradaQui().
[INFO] -- MapStruct: mapping property: request.horaSaidaQui() to: setHoraSaidaQui(java.time.LocalTime).
[INFO] -- MapStruct: selecting property mapping: request.horaSaidaQui().
[INFO] -- MapStruct: mapping property: request.horaEntradaSex() to: setHoraEntradaSex(java.time.LocalTime).
[INFO] -- MapStruct: selecting property mapping: request.horaEntradaSex().
[INFO] -- MapStruct: mapping property: request.horaSaidaSex() to: setHoraSaidaSex(java.time.LocalTime).
[INFO] -- MapStruct: selecting property mapping: request.horaSaidaSex().
[INFO] -- MapStruct: mapping property: request.horaEntradaSab() to: setHoraEntradaSab(java.time.LocalTime).
[INFO] -- MapStruct: selecting property mapping: request.horaEntradaSab().
[INFO] -- MapStruct: mapping property: request.horaSaidaSab() to: setHoraSaidaSab(java.time.LocalTime).
[INFO] -- MapStruct: selecting property mapping: request.horaSaidaSab().
[INFO] -- MapStruct: mapping property: request.horaEntradaDom() to: setHoraEntradaDom(java.time.LocalTime).
[INFO] -- MapStruct: selecting property mapping: request.horaEntradaDom().
[INFO] -- MapStruct: mapping property: request.horaSaidaDom() to: setHoraSaidaDom(java.time.LocalTime).
[INFO] -- MapStruct: selecting property mapping: request.horaSaidaDom().
[INFO] -- MapStruct: mapping property: request.intervaloAlmocoMinutos() to: setIntervaloAlmocoMinutos(java.lang.Integer).
[INFO] -- MapStruct: selecting property mapping: request.intervaloAlmocoMinutos().
[INFO] -- MapStruct: mapping property: request.cargaHorariaSemanal() to: setCargaHorariaSemanal(java.lang.Integer).
[INFO] -- MapStruct: selecting property mapping: request.cargaHorariaSemanal().
[INFO] -- MapStruct: mapping property: request.toleranciaAtrasoMinutos() to: setToleranciaAtrasoMinutos(java.lang.Integer).
[INFO] -- MapStruct: selecting property mapping: request.toleranciaAtrasoMinutos().
[INFO] -- MapStruct: mapping property: request.ativo() to: setAtivo(java.lang.Boolean).
[INFO] -- MapStruct: selecting property mapping: request.ativo().
[INFO] - MapStruct: creating bean mapping method implementation for com.neritech.saas.rh.dto.HorarioTrabalhoResponse toResponse(com.neritech.saas.rh.domain.HorarioTrabalho entity).
[INFO] -- MapStruct: mapping property: entity.getId() to: id.
[INFO] -- MapStruct: selecting property mapping: entity.getId().
[INFO] -- MapStruct: mapping property: entity.getEmpresaId() to: empresaId.
[INFO] -- MapStruct: selecting property mapping: entity.getEmpresaId().
[INFO] -- MapStruct: mapping property: entity.getNome() to: nome.
[INFO] -- MapStruct: selecting property mapping: entity.getNome().
[INFO] -- MapStruct: mapping property: entity.getDescricao() to: descricao.
[INFO] -- MapStruct: selecting property mapping: entity.getDescricao().
[INFO] -- MapStruct: mapping property: entity.getTipoHorario() to: tipoHorario.
[INFO] -- MapStruct: selecting property mapping: entity.getTipoHorario().
[INFO] -- MapStruct: mapping property: entity.getHoraEntradaSeg() to: horaEntradaSeg.
[INFO] -- MapStruct: selecting property mapping: entity.getHoraEntradaSeg().
[INFO] -- MapStruct: mapping property: entity.getHoraSaidaSeg() to: horaSaidaSeg.
[INFO] -- MapStruct: selecting property mapping: entity.getHoraSaidaSeg().
[INFO] -- MapStruct: mapping property: entity.getHoraEntradaTer() to: horaEntradaTer.
[INFO] -- MapStruct: selecting property mapping: entity.getHoraEntradaTer().
[INFO] -- MapStruct: mapping property: entity.getHoraSaidaTer() to: horaSaidaTer.
[INFO] -- MapStruct: selecting property mapping: entity.getHoraSaidaTer().
[INFO] -- MapStruct: mapping property: entity.getHoraEntradaQua() to: horaEntradaQua.
[INFO] -- MapStruct: selecting property mapping: entity.getHoraEntradaQua().
[INFO] -- MapStruct: mapping property: entity.getHoraSaidaQua() to: horaSaidaQua.
[INFO] -- MapStruct: selecting property mapping: entity.getHoraSaidaQua().
[INFO] -- MapStruct: mapping property: entity.getHoraEntradaQui() to: horaEntradaQui.
[INFO] -- MapStruct: selecting property mapping: entity.getHoraEntradaQui().
[INFO] -- MapStruct: mapping property: entity.getHoraSaidaQui() to: horaSaidaQui.
[INFO] -- MapStruct: selecting property mapping: entity.getHoraSaidaQui().
[INFO] -- MapStruct: mapping property: entity.getHoraEntradaSex() to: horaEntradaSex.
[INFO] -- MapStruct: selecting property mapping: entity.getHoraEntradaSex().
[INFO] -- MapStruct: mapping property: entity.getHoraSaidaSex() to: horaSaidaSex.
[INFO] -- MapStruct: selecting property mapping: entity.getHoraSaidaSex().
[INFO] -- MapStruct: mapping property: entity.getHoraEntradaSab() to: horaEntradaSab.
[INFO] -- MapStruct: selecting property mapping: entity.getHoraEntradaSab().
[INFO] -- MapStruct: mapping property: entity.getHoraSaidaSab() to: horaSaidaSab.
[INFO] -- MapStruct: selecting property mapping: entity.getHoraSaidaSab().
[INFO] -- MapStruct: mapping property: entity.getHoraEntradaDom() to: horaEntradaDom.
[INFO] -- MapStruct: selecting property mapping: entity.getHoraEntradaDom().
[INFO] -- MapStruct: mapping property: entity.getHoraSaidaDom() to: horaSaidaDom.
[INFO] -- MapStruct: selecting property mapping: entity.getHoraSaidaDom().
[INFO] -- MapStruct: mapping property: entity.getIntervaloAlmocoMinutos() to: intervaloAlmocoMinutos.
[INFO] -- MapStruct: selecting property mapping: entity.getIntervaloAlmocoMinutos().
[INFO] -- MapStruct: mapping property: entity.getCargaHorariaSemanal() to: cargaHorariaSemanal.
[INFO] -- MapStruct: selecting property mapping: entity.getCargaHorariaSemanal().
[INFO] -- MapStruct: mapping property: entity.getToleranciaAtrasoMinutos() to: toleranciaAtrasoMinutos.
[INFO] -- MapStruct: selecting property mapping: entity.getToleranciaAtrasoMinutos().
[INFO] -- MapStruct: mapping property: entity.getAtivo() to: ativo.
[INFO] -- MapStruct: selecting property mapping: entity.getAtivo().
[INFO] -- MapStruct: mapping property: entity.getCriadoPor() to: criadoPor.
[INFO] -- MapStruct: selecting property mapping: entity.getCriadoPor().
[INFO] -- MapStruct: mapping property: entity.getDataCadastro() to: dataCadastro.
[INFO] -- MapStruct: selecting property mapping: entity.getDataCadastro().
[INFO] -- MapStruct: mapping property: entity.getDataAtualizacao() to: dataAtualizacao.
[INFO] -- MapStruct: selecting property mapping: entity.getDataAtualizacao().
[INFO] - MapStruct: creating bean mapping method implementation for void updateEntity(com.neritech.saas.rh.dto.HorarioTrabalhoRequest request, @MappingTarget com.neritech.saas.rh.domain.HorarioTrabalho entity).
[INFO] -- MapStruct: mapping property: request.empresaId() to: setEmpresaId(java.lang.Long).
[INFO] -- MapStruct: selecting property mapping: request.empresaId().
[INFO] -- MapStruct: mapping property: request.nome() to: setNome(java.lang.String).
[INFO] -- MapStruct: selecting property mapping: request.nome().
[INFO] -- MapStruct: mapping property: request.descricao() to: setDescricao(java.lang.String).
[INFO] -- MapStruct: selecting property mapping: request.descricao().
[INFO] -- MapStruct: mapping property: request.tipoHorario() to: setTipoHorario(com.neritech.saas.rh.domain.enums.TipoHorario).
[INFO] -- MapStruct: selecting property mapping: request.tipoHorario().
[INFO] -- MapStruct: mapping property: request.horaEntradaSeg() to: setHoraEntradaSeg(java.time.LocalTime).
[INFO] -- MapStruct: selecting property mapping: request.horaEntradaSeg().
[INFO] -- MapStruct: mapping property: request.horaSaidaSeg() to: setHoraSaidaSeg(java.time.LocalTime).
[INFO] -- MapStruct: selecting property mapping: request.horaSaidaSeg().
[INFO] -- MapStruct: mapping property: request.horaEntradaTer() to: setHoraEntradaTer(java.time.LocalTime).
[INFO] -- MapStruct: selecting property mapping: request.horaEntradaTer().
[INFO] -- MapStruct: mapping property: request.horaSaidaTer() to: setHoraSaidaTer(java.time.LocalTime).
[INFO] -- MapStruct: selecting property mapping: request.horaSaidaTer().
[INFO] -- MapStruct: mapping property: request.horaEntradaQua() to: setHoraEntradaQua(java.time.LocalTime).
[INFO] -- MapStruct: selecting property mapping: request.horaEntradaQua().
[INFO] -- MapStruct: mapping property: request.horaSaidaQua() to: setHoraSaidaQua(java.time.LocalTime).
[INFO] -- MapStruct: selecting property mapping: request.horaSaidaQua().
[INFO] -- MapStruct: mapping property: request.horaEntradaQui() to: setHoraEntradaQui(java.time.LocalTime).
[INFO] -- MapStruct: selecting property mapping: request.horaEntradaQui().
[INFO] -- MapStruct: mapping property: request.horaSaidaQui() to: setHoraSaidaQui(java.time.LocalTime).
[INFO] -- MapStruct: selecting property mapping: request.horaSaidaQui().
[INFO] -- MapStruct: mapping property: request.horaEntradaSex() to: setHoraEntradaSex(java.time.LocalTime).
[INFO] -- MapStruct: selecting property mapping: request.horaEntradaSex().
[INFO] -- MapStruct: mapping property: request.horaSaidaSex() to: setHoraSaidaSex(java.time.LocalTime).
[INFO] -- MapStruct: selecting property mapping: request.horaSaidaSex().
[INFO] -- MapStruct: mapping property: request.horaEntradaSab() to: setHoraEntradaSab(java.time.LocalTime).
[INFO] -- MapStruct: selecting property mapping: request.horaEntradaSab().
[INFO] -- MapStruct: mapping property: request.horaSaidaSab() to: setHoraSaidaSab(java.time.LocalTime).
[INFO] -- MapStruct: selecting property mapping: request.horaSaidaSab().
[INFO] -- MapStruct: mapping property: request.horaEntradaDom() to: setHoraEntradaDom(java.time.LocalTime).
[INFO] -- MapStruct: selecting property mapping: request.horaEntradaDom().
[INFO] -- MapStruct: mapping property: request.horaSaidaDom() to: setHoraSaidaDom(java.time.LocalTime).
[INFO] -- MapStruct: selecting property mapping: request.horaSaidaDom().
[INFO] -- MapStruct: mapping property: request.intervaloAlmocoMinutos() to: setIntervaloAlmocoMinutos(java.lang.Integer).
[INFO] -- MapStruct: selecting property mapping: request.intervaloAlmocoMinutos().
[INFO] -- MapStruct: mapping property: request.cargaHorariaSemanal() to: setCargaHorariaSemanal(java.lang.Integer).
[INFO] -- MapStruct: selecting property mapping: request.cargaHorariaSemanal().
[INFO] -- MapStruct: mapping property: request.toleranciaAtrasoMinutos() to: setToleranciaAtrasoMinutos(java.lang.Integer).
[INFO] -- MapStruct: selecting property mapping: request.toleranciaAtrasoMinutos().
[INFO] -- MapStruct: mapping property: request.ativo() to: setAtivo(java.lang.Boolean).
[INFO] -- MapStruct: selecting property mapping: request.ativo().
[INFO]  MapStruct: processing: com.neritech.saas.veiculo.mapper.VeiculoMapper.
[INFO] - MapStruct: creating bean mapping method implementation for com.neritech.saas.veiculo.domain.Veiculo toEntity(com.neritech.saas.veiculo.dto.VeiculoRequest request).
[INFO] -- MapStruct: mapping property: request to: setCliente(com.neritech.saas.cliente.domain.Cliente).
[INFO] -- MapStruct: mapping property: veiculoRequest.clienteId() to: setId(java.lang.Long).
[INFO] -- MapStruct: selecting property mapping: veiculoRequest.clienteId().
[INFO] -- MapStruct: creating property mapping: com.neritech.saas.cliente.domain.Cliente #veiculoRequestToCliente(request).
[INFO] -- MapStruct: selecting property mapping: com.neritech.saas.cliente.domain.Cliente #veiculoRequestToCliente(request).
[INFO] -- MapStruct: mapping property: request to: setMarca(com.neritech.saas.veiculo.domain.MarcaVeiculo).
[INFO] -- MapStruct: mapping property: veiculoRequest.marcaId() to: setId(java.lang.Long).
[INFO] -- MapStruct: selecting property mapping: veiculoRequest.marcaId().
[INFO] -- MapStruct: creating property mapping: com.neritech.saas.veiculo.domain.MarcaVeiculo #veiculoRequestToMarcaVeiculo(request).
[INFO] -- MapStruct: selecting property mapping: com.neritech.saas.veiculo.domain.MarcaVeiculo #veiculoRequestToMarcaVeiculo(request).
[INFO] -- MapStruct: mapping property: request to: setModelo(com.neritech.saas.veiculo.domain.ModeloVeiculo).
[INFO] -- MapStruct: mapping property: veiculoRequest.modeloId() to: setId(java.lang.Long).
[INFO] -- MapStruct: selecting property mapping: veiculoRequest.modeloId().
[INFO] -- MapStruct: creating property mapping: com.neritech.saas.veiculo.domain.ModeloVeiculo #veiculoRequestToModeloVeiculo(request).
[INFO] -- MapStruct: selecting property mapping: com.neritech.saas.veiculo.domain.ModeloVeiculo #veiculoRequestToModeloVeiculo(request).
[INFO] -- MapStruct: mapping property: request to: setAnoModelo(com.neritech.saas.veiculo.domain.AnoModelo).
[INFO] -- MapStruct: mapping property: veiculoRequest.anoModeloId() to: setId(java.lang.Long).
[INFO] -- MapStruct: selecting property mapping: veiculoRequest.anoModeloId().
[INFO] -- MapStruct: creating property mapping: com.neritech.saas.veiculo.domain.AnoModelo #veiculoRequestToAnoModelo(request).
[INFO] -- MapStruct: selecting property mapping: com.neritech.saas.veiculo.domain.AnoModelo #veiculoRequestToAnoModelo(request).
[INFO] -- MapStruct: mapping property: request.placa() to: setPlaca(java.lang.String).
[INFO] -- MapStruct: selecting property mapping: request.placa().
[INFO] -- MapStruct: mapping property: request.renavam() to: setRenavam(java.lang.String).
[INFO] -- MapStruct: selecting property mapping: request.renavam().
[INFO] -- MapStruct: mapping property: request.chassi() to: setChassi(java.lang.String).
[INFO] -- MapStruct: selecting property mapping: request.chassi().
[INFO] -- MapStruct: mapping property: request.numeroMotor() to: setNumeroMotor(java.lang.String).
[INFO] -- MapStruct: selecting property mapping: request.numeroMotor().
[INFO] -- MapStruct: mapping property: request.corExterna() to: setCorExterna(java.lang.String).
[INFO] -- MapStruct: selecting property mapping: request.corExterna().
[INFO] -- MapStruct: mapping property: request.quilometragemAtual() to: setQuilometragemAtual(java.lang.Integer).
[INFO] -- MapStruct: selecting property mapping: request.quilometragemAtual().
[INFO] -- MapStruct: mapping property: request.quilometragemCadastro() to: setQuilometragemCadastro(java.lang.Integer).
[INFO] -- MapStruct: selecting property mapping: request.quilometragemCadastro().
[INFO] -- MapStruct: mapping property: request.dataUltimaRevisao() to: setDataUltimaRevisao(java.time.LocalDate).
[INFO] -- MapStruct: selecting property mapping: request.dataUltimaRevisao().
[INFO] -- MapStruct: mapping property: request.proximaRevisaoKm() to: setProximaRevisaoKm(java.lang.Integer).
[INFO] -- MapStruct: selecting property mapping: request.proximaRevisaoKm().
[INFO] -- MapStruct: mapping property: request.proximaRevisaoData() to: setProximaRevisaoData(java.time.LocalDate).
[INFO] -- MapStruct: selecting property mapping: request.proximaRevisaoData().
[INFO] -- MapStruct: mapping property: request.status() to: setStatus(com.neritech.saas.veiculo.domain.enums.StatusVeiculo).
[INFO] -- MapStruct: selecting property mapping: request.status().
[INFO] -- MapStruct: mapping property: request.observacoes() to: setObservacoes(java.lang.String).
[INFO] -- MapStruct: selecting property mapping: request.observacoes().
[INFO] - MapStruct: creating bean mapping method implementation for com.neritech.saas.veiculo.dto.VeiculoResponse toResponse(com.neritech.saas.veiculo.domain.Veiculo entity).
[INFO] -- MapStruct: mapping property: entityClienteId( entity ) to: clienteId.
[INFO] -- MapStruct: selecting property mapping: entityClienteId( entity ).
[INFO] -- MapStruct: mapping property: entityClienteNomeCompleto( entity ) to: clienteNome.
[INFO] -- MapStruct: selecting property mapping: entityClienteNomeCompleto( entity ).
[INFO] -- MapStruct: mapping property: entityMarcaId( entity ) to: marcaId.
[INFO] -- MapStruct: selecting property mapping: entityMarcaId( entity ).
[INFO] -- MapStruct: mapping property: entityMarcaNome( entity ) to: marcaNome.
[INFO] -- MapStruct: selecting property mapping: entityMarcaNome( entity ).
[INFO] -- MapStruct: mapping property: entityModeloId( entity ) to: modeloId.
[INFO] -- MapStruct: selecting property mapping: entityModeloId( entity ).
[INFO] -- MapStruct: mapping property: entityModeloNome( entity ) to: modeloNome.
[INFO] -- MapStruct: selecting property mapping: entityModeloNome( entity ).
[INFO] -- MapStruct: mapping property: entityAnoModeloId( entity ) to: anoModeloId.
[INFO] -- MapStruct: selecting property mapping: entityAnoModeloId( entity ).
[INFO] -- MapStruct: mapping property: entityAnoModeloAnoFabricacao( entity ) to: anoFabricacao.
[INFO] -- MapStruct: selecting property mapping: entityAnoModeloAnoFabricacao( entity ).
[INFO] -- MapStruct: mapping property: entityAnoModeloAnoModelo( entity ) to: anoModelo.
[INFO] -- MapStruct: selecting property mapping: entityAnoModeloAnoModelo( entity ).
[INFO] -- MapStruct: mapping property: entityTipoCombustivelId( entity ) to: combustivelId.
[INFO] -- MapStruct: selecting property mapping: entityTipoCombustivelId( entity ).
[INFO] -- MapStruct: mapping property: entityTipoCombustivelNome( entity ) to: combustivelNome.
[INFO] -- MapStruct: selecting property mapping: entityTipoCombustivelNome( entity ).
[INFO] -- MapStruct: mapping property: entity.getId() to: id.
[INFO] -- MapStruct: selecting property mapping: entity.getId().
[INFO] -- MapStruct: mapping property: entity.getPlaca() to: placa.
[INFO] -- MapStruct: selecting property mapping: entity.getPlaca().
[INFO] -- MapStruct: mapping property: entity.getRenavam() to: renavam.
[INFO] -- MapStruct: selecting property mapping: entity.getRenavam().
[INFO] -- MapStruct: mapping property: entity.getChassi() to: chassi.
[INFO] -- MapStruct: selecting property mapping: entity.getChassi().
[INFO] -- MapStruct: mapping property: entity.getNumeroMotor() to: numeroMotor.
[INFO] -- MapStruct: selecting property mapping: entity.getNumeroMotor().
[INFO] -- MapStruct: mapping property: entity.getCorExterna() to: corExterna.
[INFO] -- MapStruct: selecting property mapping: entity.getCorExterna().
[INFO] -- MapStruct: mapping property: entity.getQuilometragemAtual() to: quilometragemAtual.
[INFO] -- MapStruct: selecting property mapping: entity.getQuilometragemAtual().
[INFO] -- MapStruct: mapping property: entity.getQuilometragemCadastro() to: quilometragemCadastro.
[INFO] -- MapStruct: selecting property mapping: entity.getQuilometragemCadastro().
[INFO] -- MapStruct: mapping property: entity.getDataUltimaRevisao() to: dataUltimaRevisao.
[INFO] -- MapStruct: selecting property mapping: entity.getDataUltimaRevisao().
[INFO] -- MapStruct: mapping property: entity.getProximaRevisaoKm() to: proximaRevisaoKm.
[INFO] -- MapStruct: selecting property mapping: entity.getProximaRevisaoKm().
[INFO] -- MapStruct: mapping property: entity.getProximaRevisaoData() to: proximaRevisaoData.
[INFO] -- MapStruct: selecting property mapping: entity.getProximaRevisaoData().
[INFO] -- MapStruct: mapping property: entity.getStatus() to: status.
[INFO] -- MapStruct: selecting property mapping: entity.getStatus().
[INFO] -- MapStruct: mapping property: entity.getObservacoes() to: observacoes.
[INFO] -- MapStruct: selecting property mapping: entity.getObservacoes().
[INFO] - MapStruct: creating bean mapping method implementation for void updateEntityFromRequest(com.neritech.saas.veiculo.dto.VeiculoRequest request, @MappingTarget com.neritech.saas.veiculo.domain.Veiculo entity).
[INFO] -- MapStruct: mapping property: request to: setCliente(com.neritech.saas.cliente.domain.Cliente).
[INFO] -- MapStruct: mapping property: veiculoRequest.clienteId() to: setId(java.lang.Long).
[INFO] -- MapStruct: selecting property mapping: veiculoRequest.clienteId().
[INFO] -- MapStruct: creating property mapping: void #veiculoRequestToCliente1(request).
[INFO] -- MapStruct: selecting property mapping: void #veiculoRequestToCliente1(request).
[INFO] -- MapStruct: mapping property: request to: setMarca(com.neritech.saas.veiculo.domain.MarcaVeiculo).
[INFO] -- MapStruct: mapping property: veiculoRequest.marcaId() to: setId(java.lang.Long).
[INFO] -- MapStruct: selecting property mapping: veiculoRequest.marcaId().
[INFO] -- MapStruct: creating property mapping: void #veiculoRequestToMarcaVeiculo1(request).
[INFO] -- MapStruct: selecting property mapping: void #veiculoRequestToMarcaVeiculo1(request).
[INFO] -- MapStruct: mapping property: request to: setModelo(com.neritech.saas.veiculo.domain.ModeloVeiculo).
[INFO] -- MapStruct: mapping property: veiculoRequest.modeloId() to: setId(java.lang.Long).
[INFO] -- MapStruct: selecting property mapping: veiculoRequest.modeloId().
[INFO] -- MapStruct: creating property mapping: void #veiculoRequestToModeloVeiculo1(request).
[INFO] -- MapStruct: selecting property mapping: void #veiculoRequestToModeloVeiculo1(request).
[INFO] -- MapStruct: mapping property: request to: setAnoModelo(com.neritech.saas.veiculo.domain.AnoModelo).
[INFO] -- MapStruct: mapping property: veiculoRequest.anoModeloId() to: setId(java.lang.Long).
[INFO] -- MapStruct: selecting property mapping: veiculoRequest.anoModeloId().
[INFO] -- MapStruct: creating property mapping: void #veiculoRequestToAnoModelo1(request).
[INFO] -- MapStruct: selecting property mapping: void #veiculoRequestToAnoModelo1(request).
[INFO] -- MapStruct: mapping property: request.placa() to: setPlaca(java.lang.String).
[INFO] -- MapStruct: selecting property mapping: request.placa().
[INFO] -- MapStruct: mapping property: request.renavam() to: setRenavam(java.lang.String).
[INFO] -- MapStruct: selecting property mapping: request.renavam().
[INFO] -- MapStruct: mapping property: request.chassi() to: setChassi(java.lang.String).
[INFO] -- MapStruct: selecting property mapping: request.chassi().
[INFO] -- MapStruct: mapping property: request.numeroMotor() to: setNumeroMotor(java.lang.String).
[INFO] -- MapStruct: selecting property mapping: request.numeroMotor().
[INFO] -- MapStruct: mapping property: request.corExterna() to: setCorExterna(java.lang.String).
[INFO] -- MapStruct: selecting property mapping: request.corExterna().
[INFO] -- MapStruct: mapping property: request.quilometragemAtual() to: setQuilometragemAtual(java.lang.Integer).
[INFO] -- MapStruct: selecting property mapping: request.quilometragemAtual().
[INFO] -- MapStruct: mapping property: request.quilometragemCadastro() to: setQuilometragemCadastro(java.lang.Integer).
[INFO] -- MapStruct: selecting property mapping: request.quilometragemCadastro().
[INFO] -- MapStruct: mapping property: request.dataUltimaRevisao() to: setDataUltimaRevisao(java.time.LocalDate).
[INFO] -- MapStruct: selecting property mapping: request.dataUltimaRevisao().
[INFO] -- MapStruct: mapping property: request.proximaRevisaoKm() to: setProximaRevisaoKm(java.lang.Integer).
[INFO] -- MapStruct: selecting property mapping: request.proximaRevisaoKm().
[INFO] -- MapStruct: mapping property: request.proximaRevisaoData() to: setProximaRevisaoData(java.time.LocalDate).
[INFO] -- MapStruct: selecting property mapping: request.proximaRevisaoData().
[INFO] -- MapStruct: mapping property: request.status() to: setStatus(com.neritech.saas.veiculo.domain.enums.StatusVeiculo).
[INFO] -- MapStruct: selecting property mapping: request.status().
[INFO] -- MapStruct: mapping property: request.observacoes() to: setObservacoes(java.lang.String).
[INFO] -- MapStruct: selecting property mapping: request.observacoes().
[INFO]  MapStruct: processing: com.neritech.saas.comunicacao.mapper.ConfiguracaoSmsMapper.
[INFO] - MapStruct: creating bean mapping method implementation for com.neritech.saas.comunicacao.domain.ConfiguracaoSms toEntity(com.neritech.saas.comunicacao.dto.ConfiguracaoSmsRequest request).
[INFO] -- MapStruct: mapping property: request.ativa() to: setAtivo(java.lang.Boolean).
[INFO] -- MapStruct: selecting property mapping: request.ativa().
[INFO] -- MapStruct: mapping property: request.empresaId() to: setEmpresaId(java.lang.Long).
[INFO] -- MapStruct: selecting property mapping: request.empresaId().
[INFO] -- MapStruct: mapping property: request.provedorServico() to: setProvedorServico(com.neritech.saas.comunicacao.domain.enums.ProvedorSms).
[INFO] -- MapStruct: selecting property mapping: request.provedorServico().
[INFO] -- MapStruct: mapping property: request.apiEndpoint() to: setApiEndpoint(java.lang.String).
[INFO] -- MapStruct: selecting property mapping: request.apiEndpoint().
[INFO] -- MapStruct: mapping property: request.apiKey() to: setApiKey(java.lang.String).
[INFO] -- MapStruct: selecting property mapping: request.apiKey().
[INFO] -- MapStruct: mapping property: request.apiSecret() to: setApiSecret(java.lang.String).
[INFO] -- MapStruct: selecting property mapping: request.apiSecret().
[INFO] -- MapStruct: mapping property: request.usuarioApi() to: setUsuarioApi(java.lang.String).
[INFO] -- MapStruct: selecting property mapping: request.usuarioApi().
[INFO] -- MapStruct: mapping property: request.senhaApi() to: setSenhaApi(java.lang.String).
[INFO] -- MapStruct: selecting property mapping: request.senhaApi().
[INFO] -- MapStruct: mapping property: request.remetentePadrao() to: setRemetentePadrao(java.lang.String).
[INFO] -- MapStruct: selecting property mapping: request.remetentePadrao().
[INFO] -- MapStruct: mapping property: request.limiteCaracteres() to: setLimiteCaracteres(java.lang.Integer).
[INFO] -- MapStruct: selecting property mapping: request.limiteCaracteres().
[INFO] -- MapStruct: mapping property: request.custoPorSms() to: setCustoPorSms(java.math.BigDecimal).
[INFO] -- MapStruct: selecting property mapping: request.custoPorSms().
[INFO] -- MapStruct: mapping property: request.webhookEntrega() to: setWebhookEntrega(java.lang.String).
[INFO] -- MapStruct: selecting property mapping: request.webhookEntrega().
[INFO] -- MapStruct: mapping property: request.webhookResposta() to: setWebhookResposta(java.lang.String).
[INFO] -- MapStruct: selecting property mapping: request.webhookResposta().
[INFO] -- MapStruct: mapping property: request.ambiente() to: setAmbiente(com.neritech.saas.comunicacao.domain.enums.Ambiente).
[INFO] -- MapStruct: selecting property mapping: request.ambiente().
[INFO] -- MapStruct: mapping property: request.observacoes() to: setObservacoes(java.lang.String).
[INFO] -- MapStruct: selecting property mapping: request.observacoes().
[WARNING] /C:/Users/alexa/OneDrive/Documentos/NeriTech/backend/src/main/java/com/neritech/saas/comunicacao/mapper/ConfiguracaoSmsMapper.java:[22,21] Unmapped target properties: "criadoPor, atualizadoPor".
[INFO] - MapStruct: creating bean mapping method implementation for com.neritech.saas.comunicacao.dto.ConfiguracaoSmsResponse toResponse(com.neritech.saas.comunicacao.domain.ConfiguracaoSms entity).
[INFO] -- MapStruct: mapping property: entity.getAtivo() to: ativo.
[INFO] -- MapStruct: selecting property mapping: entity.getAtivo().
[INFO] -- MapStruct: mapping property: entity.getId() to: id.
[INFO] -- MapStruct: selecting property mapping: entity.getId().
[INFO] -- MapStruct: mapping property: entity.getEmpresaId() to: empresaId.
[INFO] -- MapStruct: selecting property mapping: entity.getEmpresaId().
[INFO] -- MapStruct: mapping property: entity.getProvedorServico() to: provedorServico.
[INFO] -- MapStruct: selecting property mapping: entity.getProvedorServico().
[INFO] -- MapStruct: mapping property: entity.getApiEndpoint() to: apiEndpoint.
[INFO] -- MapStruct: selecting property mapping: entity.getApiEndpoint().
[INFO] -- MapStruct: mapping property: entity.getApiKey() to: apiKey.
[INFO] -- MapStruct: selecting property mapping: entity.getApiKey().
[INFO] -- MapStruct: mapping property: entity.getApiSecret() to: apiSecret.
[INFO] -- MapStruct: selecting property mapping: entity.getApiSecret().
[INFO] -- MapStruct: mapping property: entity.getUsuarioApi() to: usuarioApi.
[INFO] -- MapStruct: selecting property mapping: entity.getUsuarioApi().
[INFO] -- MapStruct: mapping property: entity.getRemetentePadrao() to: remetentePadrao.
[INFO] -- MapStruct: selecting property mapping: entity.getRemetentePadrao().
[INFO] -- MapStruct: mapping property: entity.getLimiteCaracteres() to: limiteCaracteres.
[INFO] -- MapStruct: selecting property mapping: entity.getLimiteCaracteres().
[INFO] -- MapStruct: mapping property: entity.getCustoPorSms() to: custoPorSms.
[INFO] -- MapStruct: selecting property mapping: entity.getCustoPorSms().
[INFO] -- MapStruct: mapping property: entity.getCreditosDisponiveis() to: creditosDisponiveis.
[INFO] -- MapStruct: selecting property mapping: entity.getCreditosDisponiveis().
[INFO] -- MapStruct: mapping property: entity.getWebhookEntrega() to: webhookEntrega.
[INFO] -- MapStruct: selecting property mapping: entity.getWebhookEntrega().
[INFO] -- MapStruct: mapping property: entity.getWebhookResposta() to: webhookResposta.
[INFO] -- MapStruct: selecting property mapping: entity.getWebhookResposta().
[INFO] -- MapStruct: mapping property: entity.getAmbiente() to: ambiente.
[INFO] -- MapStruct: selecting property mapping: entity.getAmbiente().
[INFO] -- MapStruct: mapping property: entity.getObservacoes() to: observacoes.
[INFO] -- MapStruct: selecting property mapping: entity.getObservacoes().
[INFO] -- MapStruct: mapping property: entity.getDataConfiguracao() to: dataConfiguracao.
[INFO] -- MapStruct: selecting property mapping: entity.getDataConfiguracao().
[INFO] -- MapStruct: mapping property: entity.getConfiguradoPor() to: configuradoPor.
[INFO] -- MapStruct: selecting property mapping: entity.getConfiguradoPor().
[INFO] -- MapStruct: mapping property: entity.getDataUltimaSincronizacao() to: dataUltimaSincronizacao.
[INFO] -- MapStruct: selecting property mapping: entity.getDataUltimaSincronizacao().
[INFO] - MapStruct: creating bean mapping method implementation for void updateEntity(com.neritech.saas.comunicacao.dto.ConfiguracaoSmsRequest request, @MappingTarget com.neritech.saas.comunicacao.domain.ConfiguracaoSms entity).
[INFO] -- MapStruct: mapping property: request.ativa() to: setAtivo(java.lang.Boolean).
[INFO] -- MapStruct: selecting property mapping: request.ativa().
[INFO] -- MapStruct: mapping property: request.empresaId() to: setEmpresaId(java.lang.Long).
[INFO] -- MapStruct: selecting property mapping: request.empresaId().
[INFO] -- MapStruct: mapping property: request.provedorServico() to: setProvedorServico(com.neritech.saas.comunicacao.domain.enums.ProvedorSms).
[INFO] -- MapStruct: selecting property mapping: request.provedorServico().
[INFO] -- MapStruct: mapping property: request.apiEndpoint() to: setApiEndpoint(java.lang.String).
[INFO] -- MapStruct: selecting property mapping: request.apiEndpoint().
[INFO] -- MapStruct: mapping property: request.apiKey() to: setApiKey(java.lang.String).
[INFO] -- MapStruct: selecting property mapping: request.apiKey().
[INFO] -- MapStruct: mapping property: request.apiSecret() to: setApiSecret(java.lang.String).
[INFO] -- MapStruct: selecting property mapping: request.apiSecret().
[INFO] -- MapStruct: mapping property: request.usuarioApi() to: setUsuarioApi(java.lang.String).
[INFO] -- MapStruct: selecting property mapping: request.usuarioApi().
[INFO] -- MapStruct: mapping property: request.senhaApi() to: setSenhaApi(java.lang.String).
[INFO] -- MapStruct: selecting property mapping: request.senhaApi().
[INFO] -- MapStruct: mapping property: request.remetentePadrao() to: setRemetentePadrao(java.lang.String).
[INFO] -- MapStruct: selecting property mapping: request.remetentePadrao().
[INFO] -- MapStruct: mapping property: request.limiteCaracteres() to: setLimiteCaracteres(java.lang.Integer).
[INFO] -- MapStruct: selecting property mapping: request.limiteCaracteres().
[INFO] -- MapStruct: mapping property: request.custoPorSms() to: setCustoPorSms(java.math.BigDecimal).
[INFO] -- MapStruct: selecting property mapping: request.custoPorSms().
[INFO] -- MapStruct: mapping property: request.webhookEntrega() to: setWebhookEntrega(java.lang.String).
[INFO] -- MapStruct: selecting property mapping: request.webhookEntrega().
[INFO] -- MapStruct: mapping property: request.webhookResposta() to: setWebhookResposta(java.lang.String).
[INFO] -- MapStruct: selecting property mapping: request.webhookResposta().
[INFO] -- MapStruct: mapping property: request.ambiente() to: setAmbiente(com.neritech.saas.comunicacao.domain.enums.Ambiente).
[INFO] -- MapStruct: selecting property mapping: request.ambiente().
[INFO] -- MapStruct: mapping property: request.observacoes() to: setObservacoes(java.lang.String).
[INFO] -- MapStruct: selecting property mapping: request.observacoes().
[WARNING] /C:/Users/alexa/OneDrive/Documentos/NeriTech/backend/src/main/java/com/neritech/saas/comunicacao/mapper/ConfiguracaoSmsMapper.java:[36,10] Unmapped target properties: "criadoPor, atualizadoPor".
[INFO]  MapStruct: processing: com.neritech.saas.estoque.mapper.LoteProdutoMapper.
[INFO] - MapStruct: creating bean mapping method implementation for com.neritech.saas.estoque.domain.LoteProduto toEntity(com.neritech.saas.estoque.dto.LoteProdutoRequest request).
[INFO] -- MapStruct: mapping property: request.numeroLote() to: setNumeroLote(java.lang.String).
[INFO] -- MapStruct: selecting property mapping: request.numeroLote().
[INFO] -- MapStruct: mapping property: request.dataFabricacao() to: setDataFabricacao(java.time.LocalDate).
[INFO] -- MapStruct: selecting property mapping: request.dataFabricacao().
[INFO] -- MapStruct: mapping property: request.dataValidade() to: setDataValidade(java.time.LocalDate).
[INFO] -- MapStruct: selecting property mapping: request.dataValidade().
[INFO] -- MapStruct: mapping property: request.quantidadeInicial() to: setQuantidadeInicial(java.math.BigDecimal).
[INFO] -- MapStruct: selecting property mapping: request.quantidadeInicial().
[INFO] - MapStruct: creating bean mapping method implementation for com.neritech.saas.estoque.dto.LoteProdutoResponse toResponse(com.neritech.saas.estoque.domain.LoteProduto entity).
[INFO] -- MapStruct: mapping property: entityProdutoId( entity ) to: produtoId.
[INFO] -- MapStruct: selecting property mapping: entityProdutoId( entity ).
[INFO] -- MapStruct: mapping property: entityProdutoNome( entity ) to: produtoNome.
[INFO] -- MapStruct: selecting property mapping: entityProdutoNome( entity ).
[INFO] -- MapStruct: mapping property: entity.getId() to: id.
[INFO] -- MapStruct: selecting property mapping: entity.getId().
[INFO] -- MapStruct: mapping property: entity.getNumeroLote() to: numeroLote.
[INFO] -- MapStruct: selecting property mapping: entity.getNumeroLote().
[INFO] -- MapStruct: mapping property: entity.getDataFabricacao() to: dataFabricacao.
[INFO] -- MapStruct: selecting property mapping: entity.getDataFabricacao().
[INFO] -- MapStruct: mapping property: entity.getDataValidade() to: dataValidade.
[INFO] -- MapStruct: selecting property mapping: entity.getDataValidade().
[INFO] -- MapStruct: mapping property: entity.getQuantidadeInicial() to: quantidadeInicial.
[INFO] -- MapStruct: selecting property mapping: entity.getQuantidadeInicial().
[INFO] - MapStruct: creating bean mapping method implementation for void updateEntityFromRequest(com.neritech.saas.estoque.dto.LoteProdutoRequest request, @MappingTarget com.neritech.saas.estoque.domain.LoteProduto entity).
[INFO] -- MapStruct: mapping property: request.numeroLote() to: setNumeroLote(java.lang.String).
[INFO] -- MapStruct: selecting property mapping: request.numeroLote().
[INFO] -- MapStruct: mapping property: request.dataFabricacao() to: setDataFabricacao(java.time.LocalDate).
[INFO] -- MapStruct: selecting property mapping: request.dataFabricacao().
[INFO] -- MapStruct: mapping property: request.dataValidade() to: setDataValidade(java.time.LocalDate).
[INFO] -- MapStruct: selecting property mapping: request.dataValidade().
[INFO] -- MapStruct: mapping property: request.quantidadeInicial() to: setQuantidadeInicial(java.math.BigDecimal).
[INFO] -- MapStruct: selecting property mapping: request.quantidadeInicial().
[INFO]  MapStruct: processing: com.neritech.saas.empresa.mapper.AssinaturaEmpresaMapper.
[INFO] - MapStruct: creating bean mapping method implementation for com.neritech.saas.empresa.domain.AssinaturaEmpresa toEntity(com.neritech.saas.empresa.dto.AssinaturaEmpresaRequest request).
[INFO] -- MapStruct: mapping property: request.dataInicio() to: setDataInicio(java.time.LocalDate).
[INFO] -- MapStruct: selecting property mapping: request.dataInicio().
[INFO] -- MapStruct: mapping property: request.dataFim() to: setDataFim(java.time.LocalDate).
[INFO] -- MapStruct: selecting property mapping: request.dataFim().
[INFO] -- MapStruct: mapping property: request.dataVencimentoMensal() to: setDataVencimentoMensal(java.lang.Integer).
[INFO] -- MapStruct: selecting property mapping: request.dataVencimentoMensal().
[INFO] -- MapStruct: mapping property: request.valorMensal() to: setValorMensal(java.math.BigDecimal).
[INFO] -- MapStruct: selecting property mapping: request.valorMensal().
[INFO] -- MapStruct: mapping property: request.valorAnual() to: setValorAnual(java.math.BigDecimal).
[INFO] -- MapStruct: selecting property mapping: request.valorAnual().
[INFO] -- MapStruct: mapping property: request.descontoPercentual() to: setDescontoPercentual(java.math.BigDecimal).
[INFO] -- MapStruct: selecting property mapping: request.descontoPercentual().
[INFO] -- MapStruct: mapping property: request.status() to: setStatus(com.neritech.saas.empresa.domain.enums.StatusAssinatura).
[INFO] -- MapStruct: selecting property mapping: request.status().
[INFO] -- MapStruct: mapping property: request.formaPagamento() to: setFormaPagamento(com.neritech.saas.empresa.domain.enums.FormaPagamento).
[INFO] -- MapStruct: selecting property mapping: request.formaPagamento().
[INFO] -- MapStruct: mapping property: request.renovacaoAutomatica() to: setRenovacaoAutomatica(java.lang.Boolean).
[INFO] -- MapStruct: selecting property mapping: request.renovacaoAutomatica().
[INFO] -- MapStruct: mapping property: request.dataCancelamento() to: setDataCancelamento(java.time.LocalDate).
[INFO] -- MapStruct: selecting property mapping: request.dataCancelamento().
[INFO] -- MapStruct: mapping property: request.motivoCancelamento() to: setMotivoCancelamento(java.lang.String).
[INFO] -- MapStruct: selecting property mapping: request.motivoCancelamento().
[INFO] - MapStruct: creating bean mapping method implementation for com.neritech.saas.empresa.dto.AssinaturaEmpresaResponse toResponse(com.neritech.saas.empresa.domain.AssinaturaEmpresa entity).
[INFO] -- MapStruct: mapping property: entityEmpresaId( entity ) to: empresaId.
[INFO] -- MapStruct: selecting property mapping: entityEmpresaId( entity ).
[INFO] -- MapStruct: mapping property: entityEmpresaNomeFantasia( entity ) to: empresaNome.
[INFO] -- MapStruct: selecting property mapping: entityEmpresaNomeFantasia( entity ).
[INFO] -- MapStruct: mapping property: entityPlanoId( entity ) to: planoId.
[INFO] -- MapStruct: selecting property mapping: entityPlanoId( entity ).
[INFO] -- MapStruct: mapping property: entityPlanoNome( entity ) to: planoNome.
[INFO] -- MapStruct: selecting property mapping: entityPlanoNome( entity ).
[INFO] -- MapStruct: mapping property: entity.getId() to: id.
[INFO] -- MapStruct: selecting property mapping: entity.getId().
[INFO] -- MapStruct: mapping property: entity.getDataInicio() to: dataInicio.
[INFO] -- MapStruct: selecting property mapping: entity.getDataInicio().
[INFO] -- MapStruct: mapping property: entity.getDataFim() to: dataFim.
[INFO] -- MapStruct: selecting property mapping: entity.getDataFim().
[INFO] -- MapStruct: mapping property: entity.getDataVencimentoMensal() to: dataVencimentoMensal.
[INFO] -- MapStruct: selecting property mapping: entity.getDataVencimentoMensal().
[INFO] -- MapStruct: mapping property: entity.getValorMensal() to: valorMensal.
[INFO] -- MapStruct: selecting property mapping: entity.getValorMensal().
[INFO] -- MapStruct: mapping property: entity.getValorAnual() to: valorAnual.
[INFO] -- MapStruct: selecting property mapping: entity.getValorAnual().
[INFO] -- MapStruct: mapping property: entity.getDescontoPercentual() to: descontoPercentual.
[INFO] -- MapStruct: selecting property mapping: entity.getDescontoPercentual().
[INFO] -- MapStruct: mapping property: entity.getStatus() to: status.
[INFO] -- MapStruct: selecting property mapping: entity.getStatus().
[INFO] -- MapStruct: mapping property: entity.getFormaPagamento() to: formaPagamento.
[INFO] -- MapStruct: selecting property mapping: entity.getFormaPagamento().
[INFO] -- MapStruct: mapping property: entity.getRenovacaoAutomatica() to: renovacaoAutomatica.
[INFO] -- MapStruct: selecting property mapping: entity.getRenovacaoAutomatica().
[INFO] -- MapStruct: mapping property: entity.getDataCancelamento() to: dataCancelamento.
[INFO] -- MapStruct: selecting property mapping: entity.getDataCancelamento().
[INFO] -- MapStruct: mapping property: entity.getMotivoCancelamento() to: motivoCancelamento.
[INFO] -- MapStruct: selecting property mapping: entity.getMotivoCancelamento().
[INFO] -- MapStruct: mapping property: entity.getDataCadastro() to: dataCadastro.
[INFO] -- MapStruct: selecting property mapping: entity.getDataCadastro().
[INFO] -- MapStruct: mapping property: entity.getDataAtualizacao() to: dataAtualizacao.
[INFO] -- MapStruct: selecting property mapping: entity.getDataAtualizacao().
[INFO] - MapStruct: creating bean mapping method implementation for void updateEntityFromRequest(com.neritech.saas.empresa.dto.AssinaturaEmpresaRequest request, @MappingTarget com.neritech.saas.empresa.domain.AssinaturaEmpresa entity).
[INFO] -- MapStruct: mapping property: request.dataInicio() to: setDataInicio(java.time.LocalDate).
[INFO] -- MapStruct: selecting property mapping: request.dataInicio().
[INFO] -- MapStruct: mapping property: request.dataFim() to: setDataFim(java.time.LocalDate).
[INFO] -- MapStruct: selecting property mapping: request.dataFim().
[INFO] -- MapStruct: mapping property: request.dataVencimentoMensal() to: setDataVencimentoMensal(java.lang.Integer).
[INFO] -- MapStruct: selecting property mapping: request.dataVencimentoMensal().
[INFO] -- MapStruct: mapping property: request.valorMensal() to: setValorMensal(java.math.BigDecimal).
[INFO] -- MapStruct: selecting property mapping: request.valorMensal().
[INFO] -- MapStruct: mapping property: request.valorAnual() to: setValorAnual(java.math.BigDecimal).
[INFO] -- MapStruct: selecting property mapping: request.valorAnual().
[INFO] -- MapStruct: mapping property: request.descontoPercentual() to: setDescontoPercentual(java.math.BigDecimal).
[INFO] -- MapStruct: selecting property mapping: request.descontoPercentual().
[INFO] -- MapStruct: mapping property: request.status() to: setStatus(com.neritech.saas.empresa.domain.enums.StatusAssinatura).
[INFO] -- MapStruct: selecting property mapping: request.status().
[INFO] -- MapStruct: mapping property: request.formaPagamento() to: setFormaPagamento(com.neritech.saas.empresa.domain.enums.FormaPagamento).
[INFO] -- MapStruct: selecting property mapping: request.formaPagamento().
[INFO] -- MapStruct: mapping property: request.renovacaoAutomatica() to: setRenovacaoAutomatica(java.lang.Boolean).
[INFO] -- MapStruct: selecting property mapping: request.renovacaoAutomatica().
[INFO] -- MapStruct: mapping property: request.dataCancelamento() to: setDataCancelamento(java.time.LocalDate).
[INFO] -- MapStruct: selecting property mapping: request.dataCancelamento().
[INFO] -- MapStruct: mapping property: request.motivoCancelamento() to: setMotivoCancelamento(java.lang.String).
[INFO] -- MapStruct: selecting property mapping: request.motivoCancelamento().
[INFO]  MapStruct: processing: com.neritech.saas.relatorios.mapper.ParametroRelatorioMapper.
[INFO] - MapStruct: creating bean mapping method implementation for com.neritech.saas.relatorios.domain.ParametroRelatorio toEntity(com.neritech.saas.relatorios.dto.ParametroRelatorioRequest request).
[INFO] -- MapStruct: mapping property: request.getNomeParametro() to: nomeParametro(java.lang.String).
[INFO] -- MapStruct: selecting property mapping: request.getNomeParametro().
[INFO] -- MapStruct: mapping property: request.getTipoParametro() to: tipoParametro(com.neritech.saas.relatorios.domain.enums.TipoParametro).
[INFO] -- MapStruct: selecting property mapping: request.getTipoParametro().
[INFO] -- MapStruct: mapping property: request.getObrigatorio() to: obrigatorio(java.lang.Boolean).
[INFO] -- MapStruct: selecting property mapping: request.getObrigatorio().
[INFO] -- MapStruct: mapping property: request.getValorPadrao() to: valorPadrao(java.lang.String).
[INFO] -- MapStruct: selecting property mapping: request.getValorPadrao().
[INFO] -- MapStruct: mapping property: request.getOpcoesLista() to: opcoesLista(java.lang.String).
[INFO] -- MapStruct: selecting property mapping: request.getOpcoesLista().
[INFO] -- MapStruct: mapping property: request.getValidacaoRegex() to: validacaoRegex(java.lang.String).
[INFO] -- MapStruct: selecting property mapping: request.getValidacaoRegex().
[INFO] -- MapStruct: mapping property: request.getMensagemErro() to: mensagemErro(java.lang.String).
[INFO] -- MapStruct: selecting property mapping: request.getMensagemErro().
[INFO] -- MapStruct: mapping property: request.getOrdemExibicao() to: ordemExibicao(java.lang.Integer).
[INFO] -- MapStruct: selecting property mapping: request.getOrdemExibicao().
[INFO] -- MapStruct: mapping property: request.getGrupoParametro() to: grupoParametro(java.lang.String).
[INFO] -- MapStruct: selecting property mapping: request.getGrupoParametro().
[INFO] -- MapStruct: mapping property: request.getCondicaoDependencia() to: condicaoDependencia(java.lang.String).
[INFO] -- MapStruct: selecting property mapping: request.getCondicaoDependencia().
[INFO] -- MapStruct: mapping property: request.getAjudaUsuario() to: ajudaUsuario(java.lang.String).
[INFO] -- MapStruct: selecting property mapping: request.getAjudaUsuario().
[INFO] -- MapStruct: mapping property: request.getAtivo() to: ativo(java.lang.Boolean).
[INFO] -- MapStruct: selecting property mapping: request.getAtivo().
[INFO] - MapStruct: creating bean mapping method implementation for com.neritech.saas.relatorios.dto.ParametroRelatorioResponse toResponse(com.neritech.saas.relatorios.domain.ParametroRelatorio entity).
[INFO] -- MapStruct: mapping property: entityRelatorioId( entity ) to: setRelatorioId(java.lang.Long).
[INFO] -- MapStruct: selecting property mapping: entityRelatorioId( entity ).
[INFO] -- MapStruct: mapping property: entityDependenteDeId( entity ) to: setDependenteDeId(java.lang.Long).
[INFO] -- MapStruct: selecting property mapping: entityDependenteDeId( entity ).
[INFO] -- MapStruct: mapping property: entity.getId() to: setId(java.lang.Long).
[INFO] -- MapStruct: selecting property mapping: entity.getId().
[INFO] -- MapStruct: mapping property: entity.getNomeParametro() to: setNomeParametro(java.lang.String).
[INFO] -- MapStruct: selecting property mapping: entity.getNomeParametro().
[INFO] -- MapStruct: mapping property: entity.getTipoParametro() to: setTipoParametro(com.neritech.saas.relatorios.domain.enums.TipoParametro).
[INFO] -- MapStruct: selecting property mapping: entity.getTipoParametro().
[INFO] -- MapStruct: mapping property: entity.getObrigatorio() to: setObrigatorio(java.lang.Boolean).
[INFO] -- MapStruct: selecting property mapping: entity.getObrigatorio().
[INFO] -- MapStruct: mapping property: entity.getValorPadrao() to: setValorPadrao(java.lang.String).
[INFO] -- MapStruct: selecting property mapping: entity.getValorPadrao().
[INFO] -- MapStruct: mapping property: entity.getOpcoesLista() to: setOpcoesLista(java.lang.String).
[INFO] -- MapStruct: selecting property mapping: entity.getOpcoesLista().
[INFO] -- MapStruct: mapping property: entity.getValidacaoRegex() to: setValidacaoRegex(java.lang.String).
[INFO] -- MapStruct: selecting property mapping: entity.getValidacaoRegex().
[INFO] -- MapStruct: mapping property: entity.getMensagemErro() to: setMensagemErro(java.lang.String).
[INFO] -- MapStruct: selecting property mapping: entity.getMensagemErro().
[INFO] -- MapStruct: mapping property: entity.getOrdemExibicao() to: setOrdemExibicao(java.lang.Integer).
[INFO] -- MapStruct: selecting property mapping: entity.getOrdemExibicao().
[INFO] -- MapStruct: mapping property: entity.getGrupoParametro() to: setGrupoParametro(java.lang.String).
[INFO] -- MapStruct: selecting property mapping: entity.getGrupoParametro().
[INFO] -- MapStruct: mapping property: entity.getCondicaoDependencia() to: setCondicaoDependencia(java.lang.String).
[INFO] -- MapStruct: selecting property mapping: entity.getCondicaoDependencia().
[INFO] -- MapStruct: mapping property: entity.getAjudaUsuario() to: setAjudaUsuario(java.lang.String).
[INFO] -- MapStruct: selecting property mapping: entity.getAjudaUsuario().
[INFO] -- MapStruct: mapping property: entity.getAtivo() to: setAtivo(java.lang.Boolean).
[INFO] -- MapStruct: selecting property mapping: entity.getAtivo().
[INFO] - MapStruct: creating bean mapping method implementation for void updateEntity(@MappingTarget com.neritech.saas.relatorios.domain.ParametroRelatorio entity, com.neritech.saas.relatorios.dto.ParametroRelatorioRequest request).
[INFO] -- MapStruct: mapping property: request.getNomeParametro() to: setNomeParametro(java.lang.String).
[INFO] -- MapStruct: selecting property mapping: request.getNomeParametro().
[INFO] -- MapStruct: mapping property: request.getTipoParametro() to: setTipoParametro(com.neritech.saas.relatorios.domain.enums.TipoParametro).
[INFO] -- MapStruct: selecting property mapping: request.getTipoParametro().
[INFO] -- MapStruct: mapping property: request.getValorPadrao() to: setValorPadrao(java.lang.String).
[INFO] -- MapStruct: selecting property mapping: request.getValorPadrao().
[INFO] -- MapStruct: mapping property: request.getOpcoesLista() to: setOpcoesLista(java.lang.String).
[INFO] -- MapStruct: selecting property mapping: request.getOpcoesLista().
[INFO] -- MapStruct: mapping property: request.getValidacaoRegex() to: setValidacaoRegex(java.lang.String).
[INFO] -- MapStruct: selecting property mapping: request.getValidacaoRegex().
[INFO] -- MapStruct: mapping property: request.getMensagemErro() to: setMensagemErro(java.lang.String).
[INFO] -- MapStruct: selecting property mapping: request.getMensagemErro().
[INFO] -- MapStruct: mapping property: request.getGrupoParametro() to: setGrupoParametro(java.lang.String).
[INFO] -- MapStruct: selecting property mapping: request.getGrupoParametro().
[INFO] -- MapStruct: mapping property: request.getCondicaoDependencia() to: setCondicaoDependencia(java.lang.String).
[INFO] -- MapStruct: selecting property mapping: request.getCondicaoDependencia().
[INFO] -- MapStruct: mapping property: request.getAjudaUsuario() to: setAjudaUsuario(java.lang.String).
[INFO] -- MapStruct: selecting property mapping: request.getAjudaUsuario().
[INFO] -- MapStruct: mapping property: request.getObrigatorio() to: setObrigatorio(java.lang.Boolean).
[INFO] -- MapStruct: selecting property mapping: request.getObrigatorio().
[INFO] -- MapStruct: mapping property: request.getOrdemExibicao() to: setOrdemExibicao(java.lang.Integer).
[INFO] -- MapStruct: selecting property mapping: request.getOrdemExibicao().
[INFO] -- MapStruct: mapping property: request.getAtivo() to: setAtivo(java.lang.Boolean).
[INFO] -- MapStruct: selecting property mapping: request.getAtivo().
[INFO]  MapStruct: processing: com.neritech.saas.garantia.mapper.GarantiaMapper.
[INFO] - MapStruct: creating bean mapping method implementation for com.neritech.saas.garantia.domain.Garantia toEntity(com.neritech.saas.garantia.dto.GarantiaRequest request).
[INFO] -- MapStruct: mapping property: request.numeroGarantia() to: setNumeroGarantia(java.lang.String).
[INFO] -- MapStruct: selecting property mapping: request.numeroGarantia().
[INFO] -- MapStruct: mapping property: request.clienteId() to: setClienteId(java.lang.Long).
[INFO] -- MapStruct: selecting property mapping: request.clienteId().
[INFO] -- MapStruct: mapping property: request.veiculoId() to: setVeiculoId(java.lang.Long).
[INFO] -- MapStruct: selecting property mapping: request.veiculoId().
[INFO] -- MapStruct: mapping property: request.dataInicio() to: setDataInicio(java.time.LocalDate).
[INFO] -- MapStruct: selecting property mapping: request.dataInicio().
[INFO] -- MapStruct: mapping property: request.dataFim() to: setDataFim(java.time.LocalDate).
[INFO] -- MapStruct: selecting property mapping: request.dataFim().
[INFO] -- MapStruct: mapping property: request.diasGarantia() to: setDiasGarantia(java.lang.Integer).
[INFO] -- MapStruct: selecting property mapping: request.diasGarantia().
[INFO] -- MapStruct: mapping property: request.status() to: setStatus(com.neritech.saas.garantia.domain.StatusGarantia).
[INFO] -- MapStruct: selecting property mapping: request.status().
[INFO] -- MapStruct: mapping property: request.valorOriginalServico() to: setValorOriginalServico(java.math.BigDecimal).
[INFO] -- MapStruct: selecting property mapping: request.valorOriginalServico().
[INFO] -- MapStruct: mapping property: request.valorCoberturaGarantia() to: setValorCoberturaGarantia(java.math.BigDecimal).
[INFO] -- MapStruct: selecting property mapping: request.valorCoberturaGarantia().
[INFO] -- MapStruct: mapping property: request.kilometragemInicio() to: setKilometragemInicio(java.lang.Integer).
[INFO] -- MapStruct: selecting property mapping: request.kilometragemInicio().
[INFO] -- MapStruct: mapping property: request.kilometragemLimite() to: setKilometragemLimite(java.lang.Integer).
[INFO] -- MapStruct: selecting property mapping: request.kilometragemLimite().
[INFO] -- MapStruct: mapping property: request.condicoesEspeciais() to: setCondicoesEspeciais(java.lang.String).
[INFO] -- MapStruct: selecting property mapping: request.condicoesEspeciais().
[INFO] -- MapStruct: mapping property: request.observacoes() to: setObservacoes(java.lang.String).
[INFO] -- MapStruct: selecting property mapping: request.observacoes().
[INFO] -- MapStruct: mapping property: request.certificadoUrl() to: setCertificadoUrl(java.lang.String).
[INFO] -- MapStruct: selecting property mapping: request.certificadoUrl().
[INFO] -- MapStruct: mapping property: request.qrCodeVerificacao() to: setQrCodeVerificacao(java.lang.String).
[INFO] -- MapStruct: selecting property mapping: request.qrCodeVerificacao().
[INFO] - MapStruct: creating bean mapping method implementation for com.neritech.saas.garantia.dto.GarantiaResponse toResponse(com.neritech.saas.garantia.domain.Garantia entity).
[INFO] -- MapStruct: mapping property: entityTipoGarantiaNome( entity ) to: tipoGarantiaNome.
[INFO] -- MapStruct: selecting property mapping: entityTipoGarantiaNome( entity ).
[INFO] -- MapStruct: mapping property: entity.getId() to: id.
[INFO] -- MapStruct: selecting property mapping: entity.getId().
[INFO] -- MapStruct: mapping property: entity.getEmpresaId() to: empresaId.
[INFO] -- MapStruct: selecting property mapping: entity.getEmpresaId().
[INFO] -- MapStruct: mapping property: entity.getNumeroGarantia() to: numeroGarantia.
[INFO] -- MapStruct: selecting property mapping: entity.getNumeroGarantia().
[INFO] -- MapStruct: mapping property: entity.getClienteId() to: clienteId.
[INFO] -- MapStruct: selecting property mapping: entity.getClienteId().
[INFO] -- MapStruct: mapping property: entity.getVeiculoId() to: veiculoId.
[INFO] -- MapStruct: selecting property mapping: entity.getVeiculoId().
[INFO] -- MapStruct: mapping property: entity.getDataInicio() to: dataInicio.
[INFO] -- MapStruct: selecting property mapping: entity.getDataInicio().
[INFO] -- MapStruct: mapping property: entity.getDataFim() to: dataFim.
[INFO] -- MapStruct: selecting property mapping: entity.getDataFim().
[INFO] -- MapStruct: mapping property: entity.getDiasGarantia() to: diasGarantia.
[INFO] -- MapStruct: selecting property mapping: entity.getDiasGarantia().
[INFO] -- MapStruct: mapping property: entity.getStatus() to: status.
[INFO] -- MapStruct: selecting property mapping: entity.getStatus().
[INFO] -- MapStruct: mapping property: entity.getValorOriginalServico() to: valorOriginalServico.
[INFO] -- MapStruct: selecting property mapping: entity.getValorOriginalServico().
[INFO] -- MapStruct: mapping property: entity.getValorCoberturaGarantia() to: valorCoberturaGarantia.
[INFO] -- MapStruct: selecting property mapping: entity.getValorCoberturaGarantia().
[INFO] -- MapStruct: mapping property: entity.getKilometragemInicio() to: kilometragemInicio.
[INFO] -- MapStruct: selecting property mapping: entity.getKilometragemInicio().
[INFO] -- MapStruct: mapping property: entity.getKilometragemLimite() to: kilometragemLimite.
[INFO] -- MapStruct: selecting property mapping: entity.getKilometragemLimite().
[INFO] -- MapStruct: mapping property: entity.getCondicoesEspeciais() to: condicoesEspeciais.
[INFO] -- MapStruct: selecting property mapping: entity.getCondicoesEspeciais().
[INFO] -- MapStruct: mapping property: entity.getObservacoes() to: observacoes.
[INFO] -- MapStruct: selecting property mapping: entity.getObservacoes().
[INFO] -- MapStruct: mapping property: entity.getCertificadoUrl() to: certificadoUrl.
[INFO] -- MapStruct: selecting property mapping: entity.getCertificadoUrl().
[INFO] -- MapStruct: mapping property: entity.getQrCodeVerificacao() to: qrCodeVerificacao.
[INFO] -- MapStruct: selecting property mapping: entity.getQrCodeVerificacao().
[INFO] -- MapStruct: mapping property: entity.getTransferidaParaClienteId() to: transferidaParaClienteId.
[INFO] -- MapStruct: selecting property mapping: entity.getTransferidaParaClienteId().
[INFO] -- MapStruct: mapping property: entity.getDataTransferencia() to: dataTransferencia.
[INFO] -- MapStruct: selecting property mapping: entity.getDataTransferencia().
[INFO] -- MapStruct: mapping property: entity.getMotivoTransferencia() to: motivoTransferencia.
[INFO] -- MapStruct: selecting property mapping: entity.getMotivoTransferencia().
[INFO] -- MapStruct: mapping property: entity.getDataRenovacao() to: dataRenovacao.
[INFO] -- MapStruct: selecting property mapping: entity.getDataRenovacao().
[INFO] -- MapStruct: mapping property: entity.getCanceladaPor() to: canceladaPor.
[INFO] -- MapStruct: selecting property mapping: entity.getCanceladaPor().
[INFO] -- MapStruct: mapping property: entity.getDataCancelamento() to: dataCancelamento.
[INFO] -- MapStruct: selecting property mapping: entity.getDataCancelamento().
[INFO] -- MapStruct: mapping property: entity.getMotivoCancelamento() to: motivoCancelamento.
[INFO] -- MapStruct: selecting property mapping: entity.getMotivoCancelamento().
[INFO] -- MapStruct: mapping property: entity.getTotalAcionamentos() to: totalAcionamentos.
[INFO] -- MapStruct: selecting property mapping: entity.getTotalAcionamentos().
[INFO] -- MapStruct: mapping property: entity.getValorTotalAcionamentos() to: valorTotalAcionamentos.
[INFO] -- MapStruct: selecting property mapping: entity.getValorTotalAcionamentos().
[INFO] -- MapStruct: mapping property: entity.getDataUltimoAcionamento() to: dataUltimoAcionamento.
[INFO] -- MapStruct: selecting property mapping: entity.getDataUltimoAcionamento().
[INFO] -- MapStruct: mapping property: entity.getAlertaVencimentoEnviado() to: alertaVencimentoEnviado.
[INFO] -- MapStruct: selecting property mapping: entity.getAlertaVencimentoEnviado().
[INFO] -- MapStruct: mapping property: entity.getDataAlertaVencimento() to: dataAlertaVencimento.
[INFO] -- MapStruct: selecting property mapping: entity.getDataAlertaVencimento().
[INFO] -- MapStruct: mapping property: entity.getDataCadastro() to: dataCadastro.
[INFO] -- MapStruct: selecting property mapping: entity.getDataCadastro().
[INFO] -- MapStruct: mapping property: entity.getEmitidaPor() to: emitidaPor.
[INFO] -- MapStruct: selecting property mapping: entity.getEmitidaPor().
[INFO] - MapStruct: creating bean mapping method implementation for void updateEntityFromDTO(com.neritech.saas.garantia.dto.GarantiaRequest request, @MappingTarget com.neritech.saas.garantia.domain.Garantia entity).
[INFO] -- MapStruct: mapping property: request.numeroGarantia() to: setNumeroGarantia(java.lang.String).
[INFO] -- MapStruct: selecting property mapping: request.numeroGarantia().
[INFO] -- MapStruct: mapping property: request.clienteId() to: setClienteId(java.lang.Long).
[INFO] -- MapStruct: selecting property mapping: request.clienteId().
[INFO] -- MapStruct: mapping property: request.veiculoId() to: setVeiculoId(java.lang.Long).
[INFO] -- MapStruct: selecting property mapping: request.veiculoId().
[INFO] -- MapStruct: mapping property: request.dataInicio() to: setDataInicio(java.time.LocalDate).
[INFO] -- MapStruct: selecting property mapping: request.dataInicio().
[INFO] -- MapStruct: mapping property: request.dataFim() to: setDataFim(java.time.LocalDate).
[INFO] -- MapStruct: selecting property mapping: request.dataFim().
[INFO] -- MapStruct: mapping property: request.diasGarantia() to: setDiasGarantia(java.lang.Integer).
[INFO] -- MapStruct: selecting property mapping: request.diasGarantia().
[INFO] -- MapStruct: mapping property: request.status() to: setStatus(com.neritech.saas.garantia.domain.StatusGarantia).
[INFO] -- MapStruct: selecting property mapping: request.status().
[INFO] -- MapStruct: mapping property: request.valorOriginalServico() to: setValorOriginalServico(java.math.BigDecimal).
[INFO] -- MapStruct: selecting property mapping: request.valorOriginalServico().
[INFO] -- MapStruct: mapping property: request.valorCoberturaGarantia() to: setValorCoberturaGarantia(java.math.BigDecimal).
[INFO] -- MapStruct: selecting property mapping: request.valorCoberturaGarantia().
[INFO] -- MapStruct: mapping property: request.kilometragemInicio() to: setKilometragemInicio(java.lang.Integer).
[INFO] -- MapStruct: selecting property mapping: request.kilometragemInicio().
[INFO] -- MapStruct: mapping property: request.kilometragemLimite() to: setKilometragemLimite(java.lang.Integer).
[INFO] -- MapStruct: selecting property mapping: request.kilometragemLimite().
[INFO] -- MapStruct: mapping property: request.condicoesEspeciais() to: setCondicoesEspeciais(java.lang.String).
[INFO] -- MapStruct: selecting property mapping: request.condicoesEspeciais().
[INFO] -- MapStruct: mapping property: request.observacoes() to: setObservacoes(java.lang.String).
[INFO] -- MapStruct: selecting property mapping: request.observacoes().
[INFO] -- MapStruct: mapping property: request.certificadoUrl() to: setCertificadoUrl(java.lang.String).
[INFO] -- MapStruct: selecting property mapping: request.certificadoUrl().
[INFO] -- MapStruct: mapping property: request.qrCodeVerificacao() to: setQrCodeVerificacao(java.lang.String).
[INFO] -- MapStruct: selecting property mapping: request.qrCodeVerificacao().
[INFO]  MapStruct: processing: com.neritech.saas.produtoServico.mapper.TabelaPrecoMapper.
[INFO] - MapStruct: creating bean mapping method implementation for com.neritech.saas.produtoServico.domain.TabelaPreco toEntity(com.neritech.saas.produtoServico.dto.TabelaPrecoRequest request).
[INFO] -- MapStruct: mapping property: request.nome() to: setNome(java.lang.String).
[INFO] -- MapStruct: selecting property mapping: request.nome().
[INFO] -- MapStruct: mapping property: request.descricao() to: setDescricao(java.lang.String).
[INFO] -- MapStruct: selecting property mapping: request.descricao().
[INFO] -- MapStruct: mapping property: request.tipoTabela() to: setTipoTabela(com.neritech.saas.produtoServico.domain.enums.TipoTabelaPreco).
[INFO] -- MapStruct: selecting property mapping: request.tipoTabela().
[INFO] -- MapStruct: mapping property: request.grupoClienteId() to: setGrupoClienteId(java.lang.Long).
[INFO] -- MapStruct: selecting property mapping: request.grupoClienteId().
[INFO] -- MapStruct: mapping property: request.margemLucroPadrao() to: setMargemLucroPadrao(java.math.BigDecimal).
[INFO] -- MapStruct: selecting property mapping: request.margemLucroPadrao().
[INFO] -- MapStruct: mapping property: request.descontoMaximoPermitido() to: setDescontoMaximoPermitido(java.math.BigDecimal).
[INFO] -- MapStruct: selecting property mapping: request.descontoMaximoPermitido().
[INFO] -- MapStruct: mapping property: request.dataInicio() to: setDataInicio(java.time.LocalDate).
[INFO] -- MapStruct: selecting property mapping: request.dataInicio().
[INFO] -- MapStruct: mapping property: request.dataFim() to: setDataFim(java.time.LocalDate).
[INFO] -- MapStruct: selecting property mapping: request.dataFim().
[INFO] -- MapStruct: mapping property: request.ativo() to: setAtivo(java.lang.Boolean).
[INFO] -- MapStruct: selecting property mapping: request.ativo().
[INFO] -- MapStruct: mapping property: request.padrao() to: setPadrao(java.lang.Boolean).
[INFO] -- MapStruct: selecting property mapping: request.padrao().
[INFO] -- MapStruct: mapping property: request.observacoes() to: setObservacoes(java.lang.String).
[INFO] -- MapStruct: selecting property mapping: request.observacoes().
[INFO] - MapStruct: creating bean mapping method implementation for com.neritech.saas.produtoServico.dto.TabelaPrecoResponse toResponse(com.neritech.saas.produtoServico.domain.TabelaPreco entity).
[INFO] -- MapStruct: mapping property: entity.getEmpresaId() to: empresaId.
[INFO] -- MapStruct: selecting property mapping: entity.getEmpresaId().
[INFO] -- MapStruct: mapping property: entity.getId() to: id.
[INFO] -- MapStruct: selecting property mapping: entity.getId().
[INFO] -- MapStruct: mapping property: entity.getNome() to: nome.
[INFO] -- MapStruct: selecting property mapping: entity.getNome().
[INFO] -- MapStruct: mapping property: entity.getDescricao() to: descricao.
[INFO] -- MapStruct: selecting property mapping: entity.getDescricao().
[INFO] -- MapStruct: mapping property: entity.getTipoTabela() to: tipoTabela.
[INFO] -- MapStruct: selecting property mapping: entity.getTipoTabela().
[INFO] -- MapStruct: mapping property: entity.getGrupoClienteId() to: grupoClienteId.
[INFO] -- MapStruct: selecting property mapping: entity.getGrupoClienteId().
[INFO] -- MapStruct: mapping property: entity.getMargemLucroPadrao() to: margemLucroPadrao.
[INFO] -- MapStruct: selecting property mapping: entity.getMargemLucroPadrao().
[INFO] -- MapStruct: mapping property: entity.getDescontoMaximoPermitido() to: descontoMaximoPermitido.
[INFO] -- MapStruct: selecting property mapping: entity.getDescontoMaximoPermitido().
[INFO] -- MapStruct: mapping property: entity.getDataInicio() to: dataInicio.
[INFO] -- MapStruct: selecting property mapping: entity.getDataInicio().
[INFO] -- MapStruct: mapping property: entity.getDataFim() to: dataFim.
[INFO] -- MapStruct: selecting property mapping: entity.getDataFim().
[INFO] -- MapStruct: mapping property: entity.getAtivo() to: ativo.
[INFO] -- MapStruct: selecting property mapping: entity.getAtivo().
[INFO] -- MapStruct: mapping property: entity.getPadrao() to: padrao.
[INFO] -- MapStruct: selecting property mapping: entity.getPadrao().
[INFO] -- MapStruct: mapping property: entity.getObservacoes() to: observacoes.
[INFO] -- MapStruct: selecting property mapping: entity.getObservacoes().
[INFO] - MapStruct: creating bean mapping method implementation for void updateEntityFromRequest(com.neritech.saas.produtoServico.dto.TabelaPrecoRequest request, @MappingTarget com.neritech.saas.produtoServico.domain.TabelaPreco entity).
[INFO] -- MapStruct: mapping property: request.nome() to: setNome(java.lang.String).
[INFO] -- MapStruct: selecting property mapping: request.nome().
[INFO] -- MapStruct: mapping property: request.descricao() to: setDescricao(java.lang.String).
[INFO] -- MapStruct: selecting property mapping: request.descricao().
[INFO] -- MapStruct: mapping property: request.tipoTabela() to: setTipoTabela(com.neritech.saas.produtoServico.domain.enums.TipoTabelaPreco).
[INFO] -- MapStruct: selecting property mapping: request.tipoTabela().
[INFO] -- MapStruct: mapping property: request.grupoClienteId() to: setGrupoClienteId(java.lang.Long).
[INFO] -- MapStruct: selecting property mapping: request.grupoClienteId().
[INFO] -- MapStruct: mapping property: request.margemLucroPadrao() to: setMargemLucroPadrao(java.math.BigDecimal).
[INFO] -- MapStruct: selecting property mapping: request.margemLucroPadrao().
[INFO] -- MapStruct: mapping property: request.descontoMaximoPermitido() to: setDescontoMaximoPermitido(java.math.BigDecimal).
[INFO] -- MapStruct: selecting property mapping: request.descontoMaximoPermitido().
[INFO] -- MapStruct: mapping property: request.dataInicio() to: setDataInicio(java.time.LocalDate).
[INFO] -- MapStruct: selecting property mapping: request.dataInicio().
[INFO] -- MapStruct: mapping property: request.dataFim() to: setDataFim(java.time.LocalDate).
[INFO] -- MapStruct: selecting property mapping: request.dataFim().
[INFO] -- MapStruct: mapping property: request.ativo() to: setAtivo(java.lang.Boolean).
[INFO] -- MapStruct: selecting property mapping: request.ativo().
[INFO] -- MapStruct: mapping property: request.padrao() to: setPadrao(java.lang.Boolean).
[INFO] -- MapStruct: selecting property mapping: request.padrao().
[INFO] -- MapStruct: mapping property: request.observacoes() to: setObservacoes(java.lang.String).
[INFO] -- MapStruct: selecting property mapping: request.observacoes().
[INFO]  MapStruct: processing: com.neritech.saas.empresa.mapper.DepartamentoContabioMapper.
[INFO] - MapStruct: creating bean mapping method implementation for com.neritech.saas.empresa.domain.DepartamentoContabio toEntity(com.neritech.saas.empresa.dto.DepartamentoContabioRequest request).
[INFO] -- MapStruct: mapping property: request.descricao() to: setDescricao(java.lang.String).
[INFO] -- MapStruct: selecting property mapping: request.descricao().
[INFO] - MapStruct: creating bean mapping method implementation for com.neritech.saas.empresa.dto.DepartamentoContabioResponse toResponse(com.neritech.saas.empresa.domain.DepartamentoContabio entity).
[INFO] -- MapStruct: mapping property: entityEmpresaId( entity ) to: empresaId.
[INFO] -- MapStruct: selecting property mapping: entityEmpresaId( entity ).
[INFO] -- MapStruct: mapping property: entityEmpresaNomeFantasia( entity ) to: empresaNome.
[INFO] -- MapStruct: selecting property mapping: entityEmpresaNomeFantasia( entity ).
[INFO] -- MapStruct: mapping property: entity.getId() to: id.
[INFO] -- MapStruct: selecting property mapping: entity.getId().
[INFO] -- MapStruct: mapping property: entity.getDescricao() to: descricao.
[INFO] -- MapStruct: selecting property mapping: entity.getDescricao().
[INFO] -- MapStruct: mapping property: entity.getDataCadastro() to: dataCadastro.
[INFO] -- MapStruct: selecting property mapping: entity.getDataCadastro().
[INFO] -- MapStruct: mapping property: entity.getDataAtualizacao() to: dataAtualizacao.
[INFO] -- MapStruct: selecting property mapping: entity.getDataAtualizacao().
[INFO] - MapStruct: creating bean mapping method implementation for void updateEntityFromRequest(com.neritech.saas.empresa.dto.DepartamentoContabioRequest request, @MappingTarget com.neritech.saas.empresa.domain.DepartamentoContabio entity).
[INFO] -- MapStruct: mapping property: request.descricao() to: setDescricao(java.lang.String).
[INFO] -- MapStruct: selecting property mapping: request.descricao().
[INFO]  MapStruct: processing: com.neritech.saas.comunicacao.mapper.TemplateComunicacaoMapper.
[INFO] - MapStruct: creating bean mapping method implementation for com.neritech.saas.comunicacao.domain.TemplateComunicacao toEntity(com.neritech.saas.comunicacao.dto.TemplateComunicacaoRequest request).
[INFO] -- MapStruct: mapping property: request.empresaId() to: setEmpresaId(java.lang.Long).
[INFO] -- MapStruct: selecting property mapping: request.empresaId().
[INFO] -- MapStruct: mapping property: request.nome() to: setNome(java.lang.String).
[INFO] -- MapStruct: selecting property mapping: request.nome().
[INFO] -- MapStruct: mapping property: request.tipoTemplate() to: setTipoTemplate(com.neritech.saas.comunicacao.domain.enums.TipoTemplate).
[INFO] -- MapStruct: selecting property mapping: request.tipoTemplate().
[INFO] -- MapStruct: mapping property: request.categoria() to: setCategoria(com.neritech.saas.comunicacao.domain.enums.CategoriaTemplate).
[INFO] -- MapStruct: selecting property mapping: request.categoria().
[INFO] -- MapStruct: mapping property: request.assunto() to: setAssunto(java.lang.String).
[INFO] -- MapStruct: selecting property mapping: request.assunto().
[INFO] -- MapStruct: mapping property: request.conteudo() to: setConteudo(java.lang.String).
[INFO] -- MapStruct: selecting property mapping: request.conteudo().
[INFO] -- MapStruct: mapping property: request.variaveisDisponiveis() to: setVariaveisDisponiveis(java.lang.String).
[INFO] -- MapStruct: selecting property mapping: request.variaveisDisponiveis().
[INFO] -- MapStruct: mapping property: request.anexosPadrao() to: setAnexosPadrao(java.lang.String).
[INFO] -- MapStruct: selecting property mapping: request.anexosPadrao().
[INFO] -- MapStruct: mapping property: request.ativo() to: setAtivo(java.lang.Boolean).
[INFO] -- MapStruct: selecting property mapping: request.ativo().
[INFO] -- MapStruct: mapping property: request.padraoCategoria() to: setPadraoCategoria(java.lang.Boolean).
[INFO] -- MapStruct: selecting property mapping: request.padraoCategoria().
[INFO] -- MapStruct: mapping property: request.idioma() to: setIdioma(java.lang.String).
[INFO] -- MapStruct: selecting property mapping: request.idioma().
[INFO] -- MapStruct: mapping property: request.personalizavel() to: setPersonalizavel(java.lang.Boolean).
[INFO] -- MapStruct: selecting property mapping: request.personalizavel().
[INFO] -- MapStruct: mapping property: request.requerAprovacao() to: setRequerAprovacao(java.lang.Boolean).
[INFO] -- MapStruct: selecting property mapping: request.requerAprovacao().
[INFO] -- MapStruct: mapping property: request.tags() to: setTags(java.lang.String).
[INFO] -- MapStruct: selecting property mapping: request.tags().
[WARNING] /C:/Users/alexa/OneDrive/Documentos/NeriTech/backend/src/main/java/com/neritech/saas/comunicacao/mapper/TemplateComunicacaoMapper.java:[17,25] Unmapped target properties: "criadoPor, atualizadoPor".
[INFO] - MapStruct: creating bean mapping method implementation for com.neritech.saas.comunicacao.dto.TemplateComunicacaoResponse toResponse(com.neritech.saas.comunicacao.domain.TemplateComunicacao entity).
[INFO] -- MapStruct: mapping property: entity.getId() to: id.
[INFO] -- MapStruct: selecting property mapping: entity.getId().
[INFO] -- MapStruct: mapping property: entity.getEmpresaId() to: empresaId.
[INFO] -- MapStruct: selecting property mapping: entity.getEmpresaId().
[INFO] -- MapStruct: mapping property: entity.getNome() to: nome.
[INFO] -- MapStruct: selecting property mapping: entity.getNome().
[INFO] -- MapStruct: mapping property: entity.getTipoTemplate() to: tipoTemplate.
[INFO] -- MapStruct: selecting property mapping: entity.getTipoTemplate().
[INFO] -- MapStruct: mapping property: entity.getCategoria() to: categoria.
[INFO] -- MapStruct: selecting property mapping: entity.getCategoria().
[INFO] -- MapStruct: mapping property: entity.getAssunto() to: assunto.
[INFO] -- MapStruct: selecting property mapping: entity.getAssunto().
[INFO] -- MapStruct: mapping property: entity.getConteudo() to: conteudo.
[INFO] -- MapStruct: selecting property mapping: entity.getConteudo().
[INFO] -- MapStruct: mapping property: entity.getVariaveisDisponiveis() to: variaveisDisponiveis.
[INFO] -- MapStruct: selecting property mapping: entity.getVariaveisDisponiveis().
[INFO] -- MapStruct: mapping property: entity.getAnexosPadrao() to: anexosPadrao.
[INFO] -- MapStruct: selecting property mapping: entity.getAnexosPadrao().
[INFO] -- MapStruct: mapping property: entity.getAtivo() to: ativo.
[INFO] -- MapStruct: selecting property mapping: entity.getAtivo().
[INFO] -- MapStruct: mapping property: entity.getPadraoCategoria() to: padraoCategoria.
[INFO] -- MapStruct: selecting property mapping: entity.getPadraoCategoria().
[INFO] -- MapStruct: mapping property: entity.getIdioma() to: idioma.
[INFO] -- MapStruct: selecting property mapping: entity.getIdioma().
[INFO] -- MapStruct: mapping property: entity.getPersonalizavel() to: personalizavel.
[INFO] -- MapStruct: selecting property mapping: entity.getPersonalizavel().
[INFO] -- MapStruct: mapping property: entity.getRequerAprovacao() to: requerAprovacao.
[INFO] -- MapStruct: selecting property mapping: entity.getRequerAprovacao().
[INFO] -- MapStruct: mapping property: entity.getTags() to: tags.
[INFO] -- MapStruct: selecting property mapping: entity.getTags().
[INFO] -- MapStruct: mapping property: entity.getDataCadastro() to: dataCadastro.
[INFO] -- MapStruct: selecting property mapping: entity.getDataCadastro().
[INFO] -- MapStruct: mapping property: entity.getDataAtualizacao() to: dataAtualizacao.
[INFO] -- MapStruct: selecting property mapping: entity.getDataAtualizacao().
[INFO] - MapStruct: creating bean mapping method implementation for void updateEntity(com.neritech.saas.comunicacao.dto.TemplateComunicacaoRequest request, @MappingTarget com.neritech.saas.comunicacao.domain.TemplateComunicacao entity).
[INFO] -- MapStruct: mapping property: request.empresaId() to: setEmpresaId(java.lang.Long).
[INFO] -- MapStruct: selecting property mapping: request.empresaId().
[INFO] -- MapStruct: mapping property: request.nome() to: setNome(java.lang.String).
[INFO] -- MapStruct: selecting property mapping: request.nome().
[INFO] -- MapStruct: mapping property: request.tipoTemplate() to: setTipoTemplate(com.neritech.saas.comunicacao.domain.enums.TipoTemplate).
[INFO] -- MapStruct: selecting property mapping: request.tipoTemplate().
[INFO] -- MapStruct: mapping property: request.categoria() to: setCategoria(com.neritech.saas.comunicacao.domain.enums.CategoriaTemplate).
[INFO] -- MapStruct: selecting property mapping: request.categoria().
[INFO] -- MapStruct: mapping property: request.assunto() to: setAssunto(java.lang.String).
[INFO] -- MapStruct: selecting property mapping: request.assunto().
[INFO] -- MapStruct: mapping property: request.conteudo() to: setConteudo(java.lang.String).
[INFO] -- MapStruct: selecting property mapping: request.conteudo().
[INFO] -- MapStruct: mapping property: request.variaveisDisponiveis() to: setVariaveisDisponiveis(java.lang.String).
[INFO] -- MapStruct: selecting property mapping: request.variaveisDisponiveis().
[INFO] -- MapStruct: mapping property: request.anexosPadrao() to: setAnexosPadrao(java.lang.String).
[INFO] -- MapStruct: selecting property mapping: request.anexosPadrao().
[INFO] -- MapStruct: mapping property: request.ativo() to: setAtivo(java.lang.Boolean).
[INFO] -- MapStruct: selecting property mapping: request.ativo().
[INFO] -- MapStruct: mapping property: request.padraoCategoria() to: setPadraoCategoria(java.lang.Boolean).
[INFO] -- MapStruct: selecting property mapping: request.padraoCategoria().
[INFO] -- MapStruct: mapping property: request.idioma() to: setIdioma(java.lang.String).
[INFO] -- MapStruct: selecting property mapping: request.idioma().
[INFO] -- MapStruct: mapping property: request.personalizavel() to: setPersonalizavel(java.lang.Boolean).
[INFO] -- MapStruct: selecting property mapping: request.personalizavel().
[INFO] -- MapStruct: mapping property: request.requerAprovacao() to: setRequerAprovacao(java.lang.Boolean).
[INFO] -- MapStruct: selecting property mapping: request.requerAprovacao().
[INFO] -- MapStruct: mapping property: request.tags() to: setTags(java.lang.String).
[INFO] -- MapStruct: selecting property mapping: request.tags().
[WARNING] /C:/Users/alexa/OneDrive/Documentos/NeriTech/backend/src/main/java/com/neritech/saas/comunicacao/mapper/TemplateComunicacaoMapper.java:[25,10] Unmapped target properties: "criadoPor, atualizadoPor".
[INFO]  MapStruct: processing: com.neritech.saas.produtoServico.mapper.ProdutoFornecedorMapper.
[INFO] - MapStruct: creating bean mapping method implementation for com.neritech.saas.produtoServico.domain.ProdutoFornecedor toEntity(com.neritech.saas.produtoServico.dto.ProdutoFornecedorRequest request).
[INFO] -- MapStruct: mapping property: request.codigoFornecedor() to: setCodigoFornecedor(java.lang.String).
[INFO] -- MapStruct: selecting property mapping: request.codigoFornecedor().
[INFO] -- MapStruct: mapping property: request.descricaoFornecedor() to: setDescricaoFornecedor(java.lang.String).
[INFO] -- MapStruct: selecting property mapping: request.descricaoFornecedor().
[INFO] -- MapStruct: mapping property: request.precoCusto() to: setPrecoCusto(java.math.BigDecimal).
[INFO] -- MapStruct: selecting property mapping: request.precoCusto().
[INFO] -- MapStruct: mapping property: request.precoCustoAnterior() to: setPrecoCustoAnterior(java.math.BigDecimal).
[INFO] -- MapStruct: selecting property mapping: request.precoCustoAnterior().
[INFO] -- MapStruct: mapping property: request.dataUltimoPreco() to: setDataUltimoPreco(java.time.LocalDate).
[INFO] -- MapStruct: selecting property mapping: request.dataUltimoPreco().
[INFO] -- MapStruct: mapping property: request.prazoEntregaDias() to: setPrazoEntregaDias(java.lang.Integer).
[INFO] -- MapStruct: selecting property mapping: request.prazoEntregaDias().
[INFO] -- MapStruct: mapping property: request.quantidadeMinima() to: setQuantidadeMinima(java.math.BigDecimal).
[INFO] -- MapStruct: selecting property mapping: request.quantidadeMinima().
[INFO] -- MapStruct: mapping property: request.descontoQuantidade() to: setDescontoQuantidade(java.lang.String).
[INFO] -- MapStruct: selecting property mapping: request.descontoQuantidade().
[INFO] -- MapStruct: mapping property: request.moeda() to: setMoeda(java.lang.String).
[INFO] -- MapStruct: selecting property mapping: request.moeda().
[INFO] -- MapStruct: mapping property: request.principal() to: setPrincipal(java.lang.Boolean).
[INFO] -- MapStruct: selecting property mapping: request.principal().
[INFO] -- MapStruct: mapping property: request.ativo() to: setAtivo(java.lang.Boolean).
[INFO] -- MapStruct: selecting property mapping: request.ativo().
[INFO] -- MapStruct: mapping property: request.observacoes() to: setObservacoes(java.lang.String).
[INFO] -- MapStruct: selecting property mapping: request.observacoes().
[INFO] - MapStruct: creating bean mapping method implementation for com.neritech.saas.produtoServico.dto.ProdutoFornecedorResponse toResponse(com.neritech.saas.produtoServico.domain.ProdutoFornecedor entity).
[INFO] -- MapStruct: mapping property: entityProdutoId( entity ) to: produtoId.
[INFO] -- MapStruct: selecting property mapping: entityProdutoId( entity ).
[INFO] -- MapStruct: mapping property: entityProdutoNome( entity ) to: produtoNome.
[INFO] -- MapStruct: selecting property mapping: entityProdutoNome( entity ).
[INFO] -- MapStruct: mapping property: entityFornecedorId( entity ) to: fornecedorId.
[INFO] -- MapStruct: selecting property mapping: entityFornecedorId( entity ).
[INFO] -- MapStruct: mapping property: entityFornecedorNomeFantasia( entity ) to: fornecedorNome.
[INFO] -- MapStruct: selecting property mapping: entityFornecedorNomeFantasia( entity ).
[INFO] -- MapStruct: mapping property: entity.getId() to: id.
[INFO] -- MapStruct: selecting property mapping: entity.getId().
[INFO] -- MapStruct: mapping property: entity.getCodigoFornecedor() to: codigoFornecedor.
[INFO] -- MapStruct: selecting property mapping: entity.getCodigoFornecedor().
[INFO] -- MapStruct: mapping property: entity.getDescricaoFornecedor() to: descricaoFornecedor.
[INFO] -- MapStruct: selecting property mapping: entity.getDescricaoFornecedor().
[INFO] -- MapStruct: mapping property: entity.getPrecoCusto() to: precoCusto.
[INFO] -- MapStruct: selecting property mapping: entity.getPrecoCusto().
[INFO] -- MapStruct: mapping property: entity.getPrecoCustoAnterior() to: precoCustoAnterior.
[INFO] -- MapStruct: selecting property mapping: entity.getPrecoCustoAnterior().
[INFO] -- MapStruct: mapping property: entity.getDataUltimoPreco() to: dataUltimoPreco.
[INFO] -- MapStruct: selecting property mapping: entity.getDataUltimoPreco().
[INFO] -- MapStruct: mapping property: entity.getPrazoEntregaDias() to: prazoEntregaDias.
[INFO] -- MapStruct: selecting property mapping: entity.getPrazoEntregaDias().
[INFO] -- MapStruct: mapping property: entity.getQuantidadeMinima() to: quantidadeMinima.
[INFO] -- MapStruct: selecting property mapping: entity.getQuantidadeMinima().
[INFO] -- MapStruct: mapping property: entity.getDescontoQuantidade() to: descontoQuantidade.
[INFO] -- MapStruct: selecting property mapping: entity.getDescontoQuantidade().
[INFO] -- MapStruct: mapping property: entity.getMoeda() to: moeda.
[INFO] -- MapStruct: selecting property mapping: entity.getMoeda().
[INFO] -- MapStruct: mapping property: entity.getPrincipal() to: principal.
[INFO] -- MapStruct: selecting property mapping: entity.getPrincipal().
[INFO] -- MapStruct: mapping property: entity.getAtivo() to: ativo.
[INFO] -- MapStruct: selecting property mapping: entity.getAtivo().
[INFO] -- MapStruct: mapping property: entity.getObservacoes() to: observacoes.
[INFO] -- MapStruct: selecting property mapping: entity.getObservacoes().
[INFO] - MapStruct: creating bean mapping method implementation for void updateEntityFromRequest(com.neritech.saas.produtoServico.dto.ProdutoFornecedorRequest request, @MappingTarget com.neritech.saas.produtoServico.domain.ProdutoFornecedor entity).
[INFO] -- MapStruct: mapping property: request.codigoFornecedor() to: setCodigoFornecedor(java.lang.String).
[INFO] -- MapStruct: selecting property mapping: request.codigoFornecedor().
[INFO] -- MapStruct: mapping property: request.descricaoFornecedor() to: setDescricaoFornecedor(java.lang.String).
[INFO] -- MapStruct: selecting property mapping: request.descricaoFornecedor().
[INFO] -- MapStruct: mapping property: request.precoCusto() to: setPrecoCusto(java.math.BigDecimal).
[INFO] -- MapStruct: selecting property mapping: request.precoCusto().
[INFO] -- MapStruct: mapping property: request.precoCustoAnterior() to: setPrecoCustoAnterior(java.math.BigDecimal).
[INFO] -- MapStruct: selecting property mapping: request.precoCustoAnterior().
[INFO] -- MapStruct: mapping property: request.dataUltimoPreco() to: setDataUltimoPreco(java.time.LocalDate).
[INFO] -- MapStruct: selecting property mapping: request.dataUltimoPreco().
[INFO] -- MapStruct: mapping property: request.prazoEntregaDias() to: setPrazoEntregaDias(java.lang.Integer).
[INFO] -- MapStruct: selecting property mapping: request.prazoEntregaDias().
[INFO] -- MapStruct: mapping property: request.quantidadeMinima() to: setQuantidadeMinima(java.math.BigDecimal).
[INFO] -- MapStruct: selecting property mapping: request.quantidadeMinima().
[INFO] -- MapStruct: mapping property: request.descontoQuantidade() to: setDescontoQuantidade(java.lang.String).
[INFO] -- MapStruct: selecting property mapping: request.descontoQuantidade().
[INFO] -- MapStruct: mapping property: request.moeda() to: setMoeda(java.lang.String).
[INFO] -- MapStruct: selecting property mapping: request.moeda().
[INFO] -- MapStruct: mapping property: request.principal() to: setPrincipal(java.lang.Boolean).
[INFO] -- MapStruct: selecting property mapping: request.principal().
[INFO] -- MapStruct: mapping property: request.ativo() to: setAtivo(java.lang.Boolean).
[INFO] -- MapStruct: selecting property mapping: request.ativo().
[INFO] -- MapStruct: mapping property: request.observacoes() to: setObservacoes(java.lang.String).
[INFO] -- MapStruct: selecting property mapping: request.observacoes().
[INFO]  MapStruct: processing: com.neritech.saas.rh.mapper.EscalaTrabalhoMapper.
[INFO] - MapStruct: creating bean mapping method implementation for com.neritech.saas.rh.domain.EscalaTrabalho toEntity(com.neritech.saas.rh.dto.EscalaTrabalhoRequest request).
[INFO] -- MapStruct: mapping property: request.empresaId() to: setEmpresaId(java.lang.Long).
[INFO] -- MapStruct: selecting property mapping: request.empresaId().
[INFO] -- MapStruct: mapping property: request.funcionarioId() to: setFuncionarioId(java.lang.Long).
[INFO] -- MapStruct: selecting property mapping: request.funcionarioId().
[INFO] -- MapStruct: mapping property: request.horarioTrabalhoId() to: setHorarioTrabalhoId(java.lang.Long).
[INFO] -- MapStruct: selecting property mapping: request.horarioTrabalhoId().
[INFO] -- MapStruct: mapping property: request.tipoEscala() to: setTipoEscala(com.neritech.saas.rh.domain.enums.TipoEscala).
[INFO] -- MapStruct: selecting property mapping: request.tipoEscala().
[INFO] -- MapStruct: mapping property: request.dataInicio() to: setDataInicio(java.time.LocalDate).
[INFO] -- MapStruct: selecting property mapping: request.dataInicio().
[INFO] -- MapStruct: mapping property: request.dataFim() to: setDataFim(java.time.LocalDate).
[INFO] -- MapStruct: selecting property mapping: request.dataFim().
[INFO] -- MapStruct: mapping property: request.diasTrabalho() to: setDiasTrabalho(java.lang.Integer).
[INFO] -- MapStruct: selecting property mapping: request.diasTrabalho().
[INFO] -- MapStruct: mapping property: request.diasFolga() to: setDiasFolga(java.lang.Integer).
[INFO] -- MapStruct: selecting property mapping: request.diasFolga().
[INFO] -- MapStruct: mapping property: request.funcionariosIncluidos() to: setFuncionariosIncluidos(java.lang.String).
[INFO] -- MapStruct: selecting property mapping: request.funcionariosIncluidos().
[INFO] -- MapStruct: mapping property: request.observacoes() to: setObservacoes(java.lang.String).
[INFO] -- MapStruct: selecting property mapping: request.observacoes().
[INFO] -- MapStruct: mapping property: request.ativo() to: setAtivo(java.lang.Boolean).
[INFO] -- MapStruct: selecting property mapping: request.ativo().
[INFO] - MapStruct: creating bean mapping method implementation for com.neritech.saas.rh.dto.EscalaTrabalhoResponse toResponse(com.neritech.saas.rh.domain.EscalaTrabalho entity).
[INFO] -- MapStruct: mapping property: entity.getId() to: id.
[INFO] -- MapStruct: selecting property mapping: entity.getId().
[INFO] -- MapStruct: mapping property: entity.getEmpresaId() to: empresaId.
[INFO] -- MapStruct: selecting property mapping: entity.getEmpresaId().
[INFO] -- MapStruct: mapping property: entity.getFuncionarioId() to: funcionarioId.
[INFO] -- MapStruct: selecting property mapping: entity.getFuncionarioId().
[INFO] -- MapStruct: mapping property: entity.getHorarioTrabalhoId() to: horarioTrabalhoId.
[INFO] -- MapStruct: selecting property mapping: entity.getHorarioTrabalhoId().
[INFO] -- MapStruct: mapping property: entity.getTipoEscala() to: tipoEscala.
[INFO] -- MapStruct: selecting property mapping: entity.getTipoEscala().
[INFO] -- MapStruct: mapping property: entity.getDataInicio() to: dataInicio.
[INFO] -- MapStruct: selecting property mapping: entity.getDataInicio().
[INFO] -- MapStruct: mapping property: entity.getDataFim() to: dataFim.
[INFO] -- MapStruct: selecting property mapping: entity.getDataFim().
[INFO] -- MapStruct: mapping property: entity.getDiasTrabalho() to: diasTrabalho.
[INFO] -- MapStruct: selecting property mapping: entity.getDiasTrabalho().
[INFO] -- MapStruct: mapping property: entity.getDiasFolga() to: diasFolga.
[INFO] -- MapStruct: selecting property mapping: entity.getDiasFolga().
[INFO] -- MapStruct: mapping property: entity.getFuncionariosIncluidos() to: funcionariosIncluidos.
[INFO] -- MapStruct: selecting property mapping: entity.getFuncionariosIncluidos().
[INFO] -- MapStruct: mapping property: entity.getObservacoes() to: observacoes.
[INFO] -- MapStruct: selecting property mapping: entity.getObservacoes().
[INFO] -- MapStruct: mapping property: entity.getAtivo() to: ativo.
[INFO] -- MapStruct: selecting property mapping: entity.getAtivo().
[INFO] -- MapStruct: mapping property: entity.getCriadoPor() to: criadoPor.
[INFO] -- MapStruct: selecting property mapping: entity.getCriadoPor().
[INFO] -- MapStruct: mapping property: entity.getDataCadastro() to: dataCadastro.
[INFO] -- MapStruct: selecting property mapping: entity.getDataCadastro().
[INFO] -- MapStruct: mapping property: entity.getDataAtualizacao() to: dataAtualizacao.
[INFO] -- MapStruct: selecting property mapping: entity.getDataAtualizacao().
[INFO] - MapStruct: creating bean mapping method implementation for void updateEntity(com.neritech.saas.rh.dto.EscalaTrabalhoRequest request, @MappingTarget com.neritech.saas.rh.domain.EscalaTrabalho entity).
[INFO] -- MapStruct: mapping property: request.empresaId() to: setEmpresaId(java.lang.Long).
[INFO] -- MapStruct: selecting property mapping: request.empresaId().
[INFO] -- MapStruct: mapping property: request.funcionarioId() to: setFuncionarioId(java.lang.Long).
[INFO] -- MapStruct: selecting property mapping: request.funcionarioId().
[INFO] -- MapStruct: mapping property: request.horarioTrabalhoId() to: setHorarioTrabalhoId(java.lang.Long).
[INFO] -- MapStruct: selecting property mapping: request.horarioTrabalhoId().
[INFO] -- MapStruct: mapping property: request.tipoEscala() to: setTipoEscala(com.neritech.saas.rh.domain.enums.TipoEscala).
[INFO] -- MapStruct: selecting property mapping: request.tipoEscala().
[INFO] -- MapStruct: mapping property: request.dataInicio() to: setDataInicio(java.time.LocalDate).
[INFO] -- MapStruct: selecting property mapping: request.dataInicio().
[INFO] -- MapStruct: mapping property: request.dataFim() to: setDataFim(java.time.LocalDate).
[INFO] -- MapStruct: selecting property mapping: request.dataFim().
[INFO] -- MapStruct: mapping property: request.diasTrabalho() to: setDiasTrabalho(java.lang.Integer).
[INFO] -- MapStruct: selecting property mapping: request.diasTrabalho().
[INFO] -- MapStruct: mapping property: request.diasFolga() to: setDiasFolga(java.lang.Integer).
[INFO] -- MapStruct: selecting property mapping: request.diasFolga().
[INFO] -- MapStruct: mapping property: request.funcionariosIncluidos() to: setFuncionariosIncluidos(java.lang.String).
[INFO] -- MapStruct: selecting property mapping: request.funcionariosIncluidos().
[INFO] -- MapStruct: mapping property: request.observacoes() to: setObservacoes(java.lang.String).
[INFO] -- MapStruct: selecting property mapping: request.observacoes().
[INFO] -- MapStruct: mapping property: request.ativo() to: setAtivo(java.lang.Boolean).
[INFO] -- MapStruct: selecting property mapping: request.ativo().
[INFO]  MapStruct: processing: com.neritech.saas.ordemservico.mapper.ItemOSServicoMapper.
[INFO] - MapStruct: creating bean mapping method implementation for com.neritech.saas.ordemservico.domain.ItemOSServico toEntity(com.neritech.saas.ordemservico.dto.ItemOSServicoRequest request).
[INFO] -- MapStruct: mapping property: request.servicoId() to: setServicoId(java.lang.Long).
[INFO] -- MapStruct: selecting property mapping: request.servicoId().
[INFO] -- MapStruct: mapping property: request.descricao() to: setDescricao(java.lang.String).
[INFO] -- MapStruct: selecting property mapping: request.descricao().
[INFO] -- MapStruct: mapping property: request.quantidade() to: setQuantidade(java.math.BigDecimal).
[INFO] -- MapStruct: selecting property mapping: request.quantidade().
[INFO] -- MapStruct: mapping property: request.valorUnitario() to: setValorUnitario(java.math.BigDecimal).
[INFO] -- MapStruct: selecting property mapping: request.valorUnitario().
[INFO] -- MapStruct: mapping property: request.valorTotal() to: setValorTotal(java.math.BigDecimal).
[INFO] -- MapStruct: selecting property mapping: request.valorTotal().
[INFO] -- MapStruct: mapping property: request.descontoPercentual() to: setDescontoPercentual(java.math.BigDecimal).
[INFO] -- MapStruct: selecting property mapping: request.descontoPercentual().
[INFO] -- MapStruct: mapping property: request.descontoValor() to: setDescontoValor(java.math.BigDecimal).
[INFO] -- MapStruct: selecting property mapping: request.descontoValor().
[INFO] -- MapStruct: mapping property: request.valorFinal() to: setValorFinal(java.math.BigDecimal).
[INFO] -- MapStruct: selecting property mapping: request.valorFinal().
[INFO] -- MapStruct: mapping property: request.mecanicoExecutorId() to: setMecanicoExecutorId(java.lang.Long).
[INFO] -- MapStruct: selecting property mapping: request.mecanicoExecutorId().
[INFO] -- MapStruct: mapping property: request.tempoExecucaoPrevisto() to: setTempoExecucaoPrevisto(java.lang.Integer).
[INFO] -- MapStruct: selecting property mapping: request.tempoExecucaoPrevisto().
[INFO] -- MapStruct: mapping property: request.statusExecucao() to: setStatusExecucao(com.neritech.saas.ordemservico.domain.enums.StatusExecucao).
[INFO] -- MapStruct: selecting property mapping: request.statusExecucao().
[INFO] -- MapStruct: mapping property: request.garantiaDias() to: setGarantiaDias(java.lang.Integer).
[INFO] -- MapStruct: selecting property mapping: request.garantiaDias().
[INFO] -- MapStruct: mapping property: request.observacoes() to: setObservacoes(java.lang.String).
[INFO] -- MapStruct: selecting property mapping: request.observacoes().
[INFO] -- MapStruct: mapping property: request.aprovadoCliente() to: setAprovadoCliente(java.lang.Boolean).
[INFO] -- MapStruct: selecting property mapping: request.aprovadoCliente().
[INFO] -- MapStruct: mapping property: request.comissaoPercentual() to: setComissaoPercentual(java.math.BigDecimal).
[INFO] -- MapStruct: selecting property mapping: request.comissaoPercentual().
[INFO] -- MapStruct: mapping property: request.ordemExecucao() to: setOrdemExecucao(java.lang.Integer).
[INFO] -- MapStruct: selecting property mapping: request.ordemExecucao().
[WARNING] /C:/Users/alexa/OneDrive/Documentos/NeriTech/backend/src/main/java/com/neritech/saas/ordemservico/mapper/ItemOSServicoMapper.java:[18,19] Unmapped target properties: "tempoExecucaoReal, dataInicioExecucao, dataFimExecucao, dataAprovacaoCliente, comissaoValor".
[INFO] - MapStruct: creating bean mapping method implementation for com.neritech.saas.ordemservico.dto.ItemOSServicoResponse toResponse(com.neritech.saas.ordemservico.domain.ItemOSServico entity).
[INFO] -- MapStruct: mapping property: entityOrdemServicoId( entity ) to: ordemServicoId.
[INFO] -- MapStruct: selecting property mapping: entityOrdemServicoId( entity ).
[INFO] -- MapStruct: mapping property: entity.getId() to: id.
[INFO] -- MapStruct: selecting property mapping: entity.getId().
[INFO] -- MapStruct: mapping property: entity.getServicoId() to: servicoId.
[INFO] -- MapStruct: selecting property mapping: entity.getServicoId().
[INFO] -- MapStruct: mapping property: entity.getDescricao() to: descricao.
[INFO] -- MapStruct: selecting property mapping: entity.getDescricao().
[INFO] -- MapStruct: mapping property: entity.getQuantidade() to: quantidade.
[INFO] -- MapStruct: selecting property mapping: entity.getQuantidade().
[INFO] -- MapStruct: mapping property: entity.getValorUnitario() to: valorUnitario.
[INFO] -- MapStruct: selecting property mapping: entity.getValorUnitario().
[INFO] -- MapStruct: mapping property: entity.getValorTotal() to: valorTotal.
[INFO] -- MapStruct: selecting property mapping: entity.getValorTotal().
[INFO] -- MapStruct: mapping property: entity.getDescontoPercentual() to: descontoPercentual.
[INFO] -- MapStruct: selecting property mapping: entity.getDescontoPercentual().
[INFO] -- MapStruct: mapping property: entity.getDescontoValor() to: descontoValor.
[INFO] -- MapStruct: selecting property mapping: entity.getDescontoValor().
[INFO] -- MapStruct: mapping property: entity.getValorFinal() to: valorFinal.
[INFO] -- MapStruct: selecting property mapping: entity.getValorFinal().
[INFO] -- MapStruct: mapping property: entity.getMecanicoExecutorId() to: mecanicoExecutorId.
[INFO] -- MapStruct: selecting property mapping: entity.getMecanicoExecutorId().
[INFO] -- MapStruct: mapping property: entity.getTempoExecucaoPrevisto() to: tempoExecucaoPrevisto.
[INFO] -- MapStruct: selecting property mapping: entity.getTempoExecucaoPrevisto().
[INFO] -- MapStruct: mapping property: entity.getTempoExecucaoReal() to: tempoExecucaoReal.
[INFO] -- MapStruct: selecting property mapping: entity.getTempoExecucaoReal().
[INFO] -- MapStruct: mapping property: entity.getDataInicioExecucao() to: dataInicioExecucao.
[INFO] -- MapStruct: selecting property mapping: entity.getDataInicioExecucao().
[INFO] -- MapStruct: mapping property: entity.getDataFimExecucao() to: dataFimExecucao.
[INFO] -- MapStruct: selecting property mapping: entity.getDataFimExecucao().
[INFO] -- MapStruct: mapping property: entity.getStatusExecucao() to: statusExecucao.
[INFO] -- MapStruct: selecting property mapping: entity.getStatusExecucao().
[INFO] -- MapStruct: mapping property: entity.getGarantiaDias() to: garantiaDias.
[INFO] -- MapStruct: selecting property mapping: entity.getGarantiaDias().
[INFO] -- MapStruct: mapping property: entity.getObservacoes() to: observacoes.
[INFO] -- MapStruct: selecting property mapping: entity.getObservacoes().
[INFO] -- MapStruct: mapping property: entity.getAprovadoCliente() to: aprovadoCliente.
[INFO] -- MapStruct: selecting property mapping: entity.getAprovadoCliente().
[INFO] -- MapStruct: mapping property: entity.getDataAprovacaoCliente() to: dataAprovacaoCliente.
[INFO] -- MapStruct: selecting property mapping: entity.getDataAprovacaoCliente().
[INFO] -- MapStruct: mapping property: entity.getComissaoPercentual() to: comissaoPercentual.
[INFO] -- MapStruct: selecting property mapping: entity.getComissaoPercentual().
[INFO] -- MapStruct: mapping property: entity.getComissaoValor() to: comissaoValor.
[INFO] -- MapStruct: selecting property mapping: entity.getComissaoValor().
[INFO] -- MapStruct: mapping property: entity.getOrdemExecucao() to: ordemExecucao.
[INFO] -- MapStruct: selecting property mapping: entity.getOrdemExecucao().
[INFO] -- MapStruct: mapping property: entity.getDataCadastro() to: dataCadastro.
[INFO] -- MapStruct: selecting property mapping: entity.getDataCadastro().
[INFO] -- MapStruct: mapping property: entity.getDataAtualizacao() to: dataAtualizacao.
[INFO] -- MapStruct: selecting property mapping: entity.getDataAtualizacao().
[INFO] -- MapStruct: mapping property: entity.getVersao() to: versao.
[INFO] -- MapStruct: selecting property mapping: entity.getVersao().
[INFO] - MapStruct: creating bean mapping method implementation for void updateEntityFromRequest(com.neritech.saas.ordemservico.dto.ItemOSServicoRequest request, @MappingTarget com.neritech.saas.ordemservico.domain.ItemOSServico entity).
[INFO] -- MapStruct: mapping property: request.servicoId() to: setServicoId(java.lang.Long).
[INFO] -- MapStruct: selecting property mapping: request.servicoId().
[INFO] -- MapStruct: mapping property: request.descricao() to: setDescricao(java.lang.String).
[INFO] -- MapStruct: selecting property mapping: request.descricao().
[INFO] -- MapStruct: mapping property: request.quantidade() to: setQuantidade(java.math.BigDecimal).
[INFO] -- MapStruct: selecting property mapping: request.quantidade().
[INFO] -- MapStruct: mapping property: request.valorUnitario() to: setValorUnitario(java.math.BigDecimal).
[INFO] -- MapStruct: selecting property mapping: request.valorUnitario().
[INFO] -- MapStruct: mapping property: request.valorTotal() to: setValorTotal(java.math.BigDecimal).
[INFO] -- MapStruct: selecting property mapping: request.valorTotal().
[INFO] -- MapStruct: mapping property: request.descontoPercentual() to: setDescontoPercentual(java.math.BigDecimal).
[INFO] -- MapStruct: selecting property mapping: request.descontoPercentual().
[INFO] -- MapStruct: mapping property: request.descontoValor() to: setDescontoValor(java.math.BigDecimal).
[INFO] -- MapStruct: selecting property mapping: request.descontoValor().
[INFO] -- MapStruct: mapping property: request.valorFinal() to: setValorFinal(java.math.BigDecimal).
[INFO] -- MapStruct: selecting property mapping: request.valorFinal().
[INFO] -- MapStruct: mapping property: request.mecanicoExecutorId() to: setMecanicoExecutorId(java.lang.Long).
[INFO] -- MapStruct: selecting property mapping: request.mecanicoExecutorId().
[INFO] -- MapStruct: mapping property: request.tempoExecucaoPrevisto() to: setTempoExecucaoPrevisto(java.lang.Integer).
[INFO] -- MapStruct: selecting property mapping: request.tempoExecucaoPrevisto().
[INFO] -- MapStruct: mapping property: request.statusExecucao() to: setStatusExecucao(com.neritech.saas.ordemservico.domain.enums.StatusExecucao).
[INFO] -- MapStruct: selecting property mapping: request.statusExecucao().
[INFO] -- MapStruct: mapping property: request.garantiaDias() to: setGarantiaDias(java.lang.Integer).
[INFO] -- MapStruct: selecting property mapping: request.garantiaDias().
[INFO] -- MapStruct: mapping property: request.observacoes() to: setObservacoes(java.lang.String).
[INFO] -- MapStruct: selecting property mapping: request.observacoes().
[INFO] -- MapStruct: mapping property: request.aprovadoCliente() to: setAprovadoCliente(java.lang.Boolean).
[INFO] -- MapStruct: selecting property mapping: request.aprovadoCliente().
[INFO] -- MapStruct: mapping property: request.comissaoPercentual() to: setComissaoPercentual(java.math.BigDecimal).
[INFO] -- MapStruct: selecting property mapping: request.comissaoPercentual().
[INFO] -- MapStruct: mapping property: request.ordemExecucao() to: setOrdemExecucao(java.lang.Integer).
[INFO] -- MapStruct: selecting property mapping: request.ordemExecucao().
[WARNING] /C:/Users/alexa/OneDrive/Documentos/NeriTech/backend/src/main/java/com/neritech/saas/ordemservico/mapper/ItemOSServicoMapper.java:[30,10] Unmapped target properties: "versao, tempoExecucaoReal, dataInicioExecucao, dataFimExecucao, dataAprovacaoCliente, comissaoValor".
[INFO]  MapStruct: processing: com.neritech.saas.empresa.mapper.ConfiguracaoEmpresaMapper.
[INFO] - MapStruct: creating bean mapping method implementation for com.neritech.saas.empresa.domain.ConfiguracaoEmpresa toEntity(com.neritech.saas.empresa.dto.ConfiguracaoEmpresaRequest request).
[INFO] -- MapStruct: mapping property: request.regimeTributario() to: setRegimeTributario(com.neritech.saas.empresa.domain.enums.RegimeTributario).
[INFO] -- MapStruct: selecting property mapping: request.regimeTributario().
[INFO] -- MapStruct: mapping property: request.codigoCnaePrincipal() to: setCodigoCnaePrincipal(java.lang.String).
[INFO] -- MapStruct: selecting property mapping: request.codigoCnaePrincipal().
[INFO] -- MapStruct: mapping property: request.codigoCnaeSecundario() to: setCodigoCnaeSecundario(java.lang.String).
[INFO] -- MapStruct: selecting property mapping: request.codigoCnaeSecundario().
[INFO] -- MapStruct: mapping property: request.capitalSocial() to: setCapitalSocial(java.math.BigDecimal).
[INFO] -- MapStruct: selecting property mapping: request.capitalSocial().
[INFO] -- MapStruct: mapping property: request.porteEmpresa() to: setPorteEmpresa(com.neritech.saas.empresa.domain.enums.PorteEmpresa).
[INFO] -- MapStruct: selecting property mapping: request.porteEmpresa().
[INFO] -- MapStruct: mapping property: request.tipoEstabelecimento() to: setTipoEstabelecimento(com.neritech.saas.empresa.domain.enums.TipoEstabelecimento).
[INFO] -- MapStruct: selecting property mapping: request.tipoEstabelecimento().
[INFO] -- MapStruct: mapping property: request.situacaoCadastral() to: setSituacaoCadastral(com.neritech.saas.empresa.domain.enums.SituacaoCadastral).
[INFO] -- MapStruct: selecting property mapping: request.situacaoCadastral().
[INFO] -- MapStruct: mapping property: request.dataSituacaoCadastral() to: setDataSituacaoCadastral(java.time.LocalDate).
[INFO] -- MapStruct: selecting property mapping: request.dataSituacaoCadastral().
[INFO] -- MapStruct: mapping property: request.motivoSituacaoCadastral() to: setMotivoSituacaoCadastral(java.lang.String).
[INFO] -- MapStruct: selecting property mapping: request.motivoSituacaoCadastral().
[INFO] -- MapStruct: mapping property: request.situacaoEspecial() to: setSituacaoEspecial(java.lang.String).
[INFO] -- MapStruct: selecting property mapping: request.situacaoEspecial().
[INFO] -- MapStruct: mapping property: request.dataSituacaoEspecial() to: setDataSituacaoEspecial(java.time.LocalDate).
[INFO] -- MapStruct: selecting property mapping: request.dataSituacaoEspecial().
[INFO] - MapStruct: creating bean mapping method implementation for com.neritech.saas.empresa.dto.ConfiguracaoEmpresaResponse toResponse(com.neritech.saas.empresa.domain.ConfiguracaoEmpresa entity).
[INFO] -- MapStruct: mapping property: entityEmpresaId( entity ) to: empresaId.
[INFO] -- MapStruct: selecting property mapping: entityEmpresaId( entity ).
[INFO] -- MapStruct: mapping property: entityEmpresaNomeFantasia( entity ) to: empresaNome.
[INFO] -- MapStruct: selecting property mapping: entityEmpresaNomeFantasia( entity ).
[INFO] -- MapStruct: mapping property: entity.getId() to: id.
[INFO] -- MapStruct: selecting property mapping: entity.getId().
[INFO] -- MapStruct: mapping property: entity.getRegimeTributario() to: regimeTributario.
[INFO] -- MapStruct: selecting property mapping: entity.getRegimeTributario().
[INFO] -- MapStruct: mapping property: entity.getCodigoCnaePrincipal() to: codigoCnaePrincipal.
[INFO] -- MapStruct: selecting property mapping: entity.getCodigoCnaePrincipal().
[INFO] -- MapStruct: mapping property: entity.getCodigoCnaeSecundario() to: codigoCnaeSecundario.
[INFO] -- MapStruct: selecting property mapping: entity.getCodigoCnaeSecundario().
[INFO] -- MapStruct: mapping property: entity.getCapitalSocial() to: capitalSocial.
[INFO] -- MapStruct: selecting property mapping: entity.getCapitalSocial().
[INFO] -- MapStruct: mapping property: entity.getPorteEmpresa() to: porteEmpresa.
[INFO] -- MapStruct: selecting property mapping: entity.getPorteEmpresa().
[INFO] -- MapStruct: mapping property: entity.getTipoEstabelecimento() to: tipoEstabelecimento.
[INFO] -- MapStruct: selecting property mapping: entity.getTipoEstabelecimento().
[INFO] -- MapStruct: mapping property: entity.getSituacaoCadastral() to: situacaoCadastral.
[INFO] -- MapStruct: selecting property mapping: entity.getSituacaoCadastral().
[INFO] -- MapStruct: mapping property: entity.getDataSituacaoCadastral() to: dataSituacaoCadastral.
[INFO] -- MapStruct: selecting property mapping: entity.getDataSituacaoCadastral().
[INFO] -- MapStruct: mapping property: entity.getMotivoSituacaoCadastral() to: motivoSituacaoCadastral.
[INFO] -- MapStruct: selecting property mapping: entity.getMotivoSituacaoCadastral().
[INFO] -- MapStruct: mapping property: entity.getSituacaoEspecial() to: situacaoEspecial.
[INFO] -- MapStruct: selecting property mapping: entity.getSituacaoEspecial().
[INFO] -- MapStruct: mapping property: entity.getDataSituacaoEspecial() to: dataSituacaoEspecial.
[INFO] -- MapStruct: selecting property mapping: entity.getDataSituacaoEspecial().
[INFO] -- MapStruct: mapping property: entity.getDataCadastro() to: dataCadastro.
[INFO] -- MapStruct: selecting property mapping: entity.getDataCadastro().
[INFO] -- MapStruct: mapping property: entity.getDataAtualizacao() to: dataAtualizacao.
[INFO] -- MapStruct: selecting property mapping: entity.getDataAtualizacao().
[INFO] - MapStruct: creating bean mapping method implementation for void updateEntityFromRequest(com.neritech.saas.empresa.dto.ConfiguracaoEmpresaRequest request, @MappingTarget com.neritech.saas.empresa.domain.ConfiguracaoEmpresa entity).
[INFO] -- MapStruct: mapping property: request.regimeTributario() to: setRegimeTributario(com.neritech.saas.empresa.domain.enums.RegimeTributario).
[INFO] -- MapStruct: selecting property mapping: request.regimeTributario().
[INFO] -- MapStruct: mapping property: request.codigoCnaePrincipal() to: setCodigoCnaePrincipal(java.lang.String).
[INFO] -- MapStruct: selecting property mapping: request.codigoCnaePrincipal().
[INFO] -- MapStruct: mapping property: request.codigoCnaeSecundario() to: setCodigoCnaeSecundario(java.lang.String).
[INFO] -- MapStruct: selecting property mapping: request.codigoCnaeSecundario().
[INFO] -- MapStruct: mapping property: request.capitalSocial() to: setCapitalSocial(java.math.BigDecimal).
[INFO] -- MapStruct: selecting property mapping: request.capitalSocial().
[INFO] -- MapStruct: mapping property: request.porteEmpresa() to: setPorteEmpresa(com.neritech.saas.empresa.domain.enums.PorteEmpresa).
[INFO] -- MapStruct: selecting property mapping: request.porteEmpresa().
[INFO] -- MapStruct: mapping property: request.tipoEstabelecimento() to: setTipoEstabelecimento(com.neritech.saas.empresa.domain.enums.TipoEstabelecimento).
[INFO] -- MapStruct: selecting property mapping: request.tipoEstabelecimento().
[INFO] -- MapStruct: mapping property: request.situacaoCadastral() to: setSituacaoCadastral(com.neritech.saas.empresa.domain.enums.SituacaoCadastral).
[INFO] -- MapStruct: selecting property mapping: request.situacaoCadastral().
[INFO] -- MapStruct: mapping property: request.dataSituacaoCadastral() to: setDataSituacaoCadastral(java.time.LocalDate).
[INFO] -- MapStruct: selecting property mapping: request.dataSituacaoCadastral().
[INFO] -- MapStruct: mapping property: request.motivoSituacaoCadastral() to: setMotivoSituacaoCadastral(java.lang.String).
[INFO] -- MapStruct: selecting property mapping: request.motivoSituacaoCadastral().
[INFO] -- MapStruct: mapping property: request.situacaoEspecial() to: setSituacaoEspecial(java.lang.String).
[INFO] -- MapStruct: selecting property mapping: request.situacaoEspecial().
[INFO] -- MapStruct: mapping property: request.dataSituacaoEspecial() to: setDataSituacaoEspecial(java.time.LocalDate).
[INFO] -- MapStruct: selecting property mapping: request.dataSituacaoEspecial().
[INFO]  MapStruct: processing: com.neritech.saas.integracao.mapper.LogIntegracaoMapper.
[INFO] - MapStruct: creating bean mapping method implementation for com.neritech.saas.integracao.domain.LogIntegracao toEntity(com.neritech.saas.integracao.dto.LogIntegracaoRequest request).
[INFO] MapStruct: referred types not available (yet), deferring mapper: com.neritech.saas.integracao.mapper.LogIntegracaoMapper
[INFO]  MapStruct: processing: com.neritech.saas.financeiro.mapper.ContasReceberMapper.
[INFO] - MapStruct: creating bean mapping method implementation for com.neritech.saas.financeiro.domain.ContasReceber toEntity(com.neritech.saas.financeiro.dto.ContasReceberRequest request).
[INFO] -- MapStruct: mapping property: request.valorOriginal() to: setValorNominal(java.math.BigDecimal).
[INFO] -- MapStruct: selecting property mapping: request.valorOriginal().
[INFO] -- MapStruct: mapping property: request.numeroTitulo() to: setNumeroTitulo(java.lang.String).
[INFO] -- MapStruct: selecting property mapping: request.numeroTitulo().
[INFO] -- MapStruct: mapping property: request.clienteId() to: setClienteId(java.lang.Long).
[INFO] -- MapStruct: selecting property mapping: request.clienteId().
[INFO] -- MapStruct: mapping property: request.tipoTitulo() to: setTipoTitulo(com.neritech.saas.financeiro.domain.enums.TipoTitulo).
[INFO] -- MapStruct: selecting property mapping: request.tipoTitulo().
[INFO] -- MapStruct: mapping property: request.dataEmissao() to: setDataEmissao(java.time.LocalDate).
[INFO] -- MapStruct: selecting property mapping: request.dataEmissao().
[INFO] -- MapStruct: mapping property: request.dataVencimento() to: setDataVencimento(java.time.LocalDate).
[INFO] -- MapStruct: selecting property mapping: request.dataVencimento().
[INFO] -- MapStruct: mapping property: request.valorJuros() to: setValorJuros(java.math.BigDecimal).
[INFO] -- MapStruct: selecting property mapping: request.valorJuros().
[INFO] -- MapStruct: mapping property: request.valorMulta() to: setValorMulta(java.math.BigDecimal).
[INFO] -- MapStruct: selecting property mapping: request.valorMulta().
[INFO] -- MapStruct: mapping property: request.valorDesconto() to: setValorDesconto(java.math.BigDecimal).
[INFO] -- MapStruct: selecting property mapping: request.valorDesconto().
[INFO] -- MapStruct: mapping property: request.status() to: setStatus(com.neritech.saas.financeiro.domain.enums.StatusTitulo).
[INFO] -- MapStruct: selecting property mapping: request.status().
[INFO] -- MapStruct: mapping property: request.observacoes() to: setObservacoes(java.lang.String).
[INFO] -- MapStruct: selecting property mapping: request.observacoes().
[INFO] - MapStruct: creating bean mapping method implementation for com.neritech.saas.financeiro.dto.ContasReceberResponse toResponse(com.neritech.saas.financeiro.domain.ContasReceber entity).
[INFO] -- MapStruct: mapping property: entityFormaPagamentoNome( entity ) to: formaPagamentoNome.
[INFO] -- MapStruct: selecting property mapping: entityFormaPagamentoNome( entity ).
[INFO] -- MapStruct: mapping property: entityContaBancariaBancoNome( entity ) to: contaBancariaNome.
[INFO] -- MapStruct: selecting property mapping: entityContaBancariaBancoNome( entity ).
[INFO] -- MapStruct: mapping property: entityCentroCustoNome( entity ) to: centroCustoNome.
[INFO] -- MapStruct: selecting property mapping: entityCentroCustoNome( entity ).
[INFO] -- MapStruct: mapping property: entityPlanoContasNome( entity ) to: planoContasNome.
[INFO] -- MapStruct: selecting property mapping: entityPlanoContasNome( entity ).
[INFO] -- MapStruct: mapping property: entity.getId() to: id.
[INFO] -- MapStruct: selecting property mapping: entity.getId().
[INFO] -- MapStruct: mapping property: entity.getEmpresaId() to: empresaId.
[INFO] -- MapStruct: selecting property mapping: entity.getEmpresaId().
[INFO] -- MapStruct: mapping property: entity.getClienteId() to: clienteId.
[INFO] -- MapStruct: selecting property mapping: entity.getClienteId().
[INFO] -- MapStruct: mapping property: entity.getDataEmissao() to: dataEmissao.
[INFO] -- MapStruct: selecting property mapping: entity.getDataEmissao().
[INFO] -- MapStruct: mapping property: entity.getDataVencimento() to: dataVencimento.
[INFO] -- MapStruct: selecting property mapping: entity.getDataVencimento().
[INFO] -- MapStruct: mapping property: entity.getValorJuros() to: valorJuros.
[INFO] -- MapStruct: selecting property mapping: entity.getValorJuros().
[INFO] -- MapStruct: mapping property: entity.getValorMulta() to: valorMulta.
[INFO] -- MapStruct: selecting property mapping: entity.getValorMulta().
[INFO] -- MapStruct: mapping property: entity.getValorDesconto() to: valorDesconto.
[INFO] -- MapStruct: selecting property mapping: entity.getValorDesconto().
[INFO] -- MapStruct: mapping property: entity.getStatus() to: status.
[INFO] -- MapStruct: selecting property mapping: entity.getStatus().
[INFO] -- MapStruct: mapping property: entity.getTipoTitulo() to: tipoTitulo.
[INFO] -- MapStruct: selecting property mapping: entity.getTipoTitulo().
[INFO] -- MapStruct: mapping property: entity.getNumeroTitulo() to: numeroTitulo.
[INFO] -- MapStruct: selecting property mapping: entity.getNumeroTitulo().
[INFO] -- MapStruct: mapping property: entity.getObservacoes() to: observacoes.
[INFO] -- MapStruct: selecting property mapping: entity.getObservacoes().
[INFO] - MapStruct: creating bean mapping method implementation for void updateEntityFromDTO(com.neritech.saas.financeiro.dto.ContasReceberRequest request, @MappingTarget com.neritech.saas.financeiro.domain.ContasReceber entity).
[INFO] -- MapStruct: mapping property: request.valorOriginal() to: setValorNominal(java.math.BigDecimal).
[INFO] -- MapStruct: selecting property mapping: request.valorOriginal().
[INFO] -- MapStruct: mapping property: request.numeroTitulo() to: setNumeroTitulo(java.lang.String).
[INFO] -- MapStruct: selecting property mapping: request.numeroTitulo().
[INFO] -- MapStruct: mapping property: request.clienteId() to: setClienteId(java.lang.Long).
[INFO] -- MapStruct: selecting property mapping: request.clienteId().
[INFO] -- MapStruct: mapping property: request.tipoTitulo() to: setTipoTitulo(com.neritech.saas.financeiro.domain.enums.TipoTitulo).
[INFO] -- MapStruct: selecting property mapping: request.tipoTitulo().
[INFO] -- MapStruct: mapping property: request.dataEmissao() to: setDataEmissao(java.time.LocalDate).
[INFO] -- MapStruct: selecting property mapping: request.dataEmissao().
[INFO] -- MapStruct: mapping property: request.dataVencimento() to: setDataVencimento(java.time.LocalDate).
[INFO] -- MapStruct: selecting property mapping: request.dataVencimento().
[INFO] -- MapStruct: mapping property: request.valorJuros() to: setValorJuros(java.math.BigDecimal).
[INFO] -- MapStruct: selecting property mapping: request.valorJuros().
[INFO] -- MapStruct: mapping property: request.valorMulta() to: setValorMulta(java.math.BigDecimal).
[INFO] -- MapStruct: selecting property mapping: request.valorMulta().
[INFO] -- MapStruct: mapping property: request.valorDesconto() to: setValorDesconto(java.math.BigDecimal).
[INFO] -- MapStruct: selecting property mapping: request.valorDesconto().
[INFO] -- MapStruct: mapping property: request.status() to: setStatus(com.neritech.saas.financeiro.domain.enums.StatusTitulo).
[INFO] -- MapStruct: selecting property mapping: request.status().
[INFO] -- MapStruct: mapping property: request.observacoes() to: setObservacoes(java.lang.String).
[INFO] -- MapStruct: selecting property mapping: request.observacoes().
[INFO]  MapStruct: processing: com.neritech.saas.rh.mapper.CargoMapper.
[INFO] - MapStruct: creating bean mapping method implementation for com.neritech.saas.rh.domain.Cargo toEntity(com.neritech.saas.rh.dto.CargoRequest request).
[INFO] -- MapStruct: mapping property: request.empresaId() to: setEmpresaId(java.lang.Long).
[INFO] -- MapStruct: selecting property mapping: request.empresaId().
[INFO] -- MapStruct: mapping property: request.nome() to: setNome(java.lang.String).
[INFO] -- MapStruct: selecting property mapping: request.nome().
[INFO] -- MapStruct: mapping property: request.descricao() to: setDescricao(java.lang.String).
[INFO] -- MapStruct: selecting property mapping: request.descricao().
[INFO] -- MapStruct: mapping property: request.codigoCbo() to: setCodigoCbo(java.lang.String).
[INFO] -- MapStruct: selecting property mapping: request.codigoCbo().
[INFO] -- MapStruct: mapping property: request.nivelHierarquico() to: setNivelHierarquico(java.lang.Integer).
[INFO] -- MapStruct: selecting property mapping: request.nivelHierarquico().
[INFO] -- MapStruct: mapping property: request.cargoSuperiorId() to: setCargoSuperiorId(java.lang.Long).
[INFO] -- MapStruct: selecting property mapping: request.cargoSuperiorId().
[INFO] -- MapStruct: mapping property: request.salarioBaseMinimo() to: setSalarioBaseMinimo(java.math.BigDecimal).
[INFO] -- MapStruct: selecting property mapping: request.salarioBaseMinimo().
[INFO] -- MapStruct: mapping property: request.salarioBaseMaximo() to: setSalarioBaseMaximo(java.math.BigDecimal).
[INFO] -- MapStruct: selecting property mapping: request.salarioBaseMaximo().
[INFO] -- MapStruct: mapping property: request.requisitos() to: setRequisitos(java.lang.String).
[INFO] -- MapStruct: selecting property mapping: request.requisitos().
[INFO] -- MapStruct: mapping property: request.responsabilidades() to: setResponsabilidades(java.lang.String).
[INFO] -- MapStruct: selecting property mapping: request.responsabilidades().
[INFO] -- MapStruct: mapping property: request.beneficios() to: setBeneficios(java.lang.String).
[INFO] -- MapStruct: selecting property mapping: request.beneficios().
[INFO] -- MapStruct: mapping property: request.temComissao() to: setTemComissao(java.lang.Boolean).
[INFO] -- MapStruct: selecting property mapping: request.temComissao().
[INFO] -- MapStruct: mapping property: request.percentualComissaoPadrao() to: setPercentualComissaoPadrao(java.math.BigDecimal).
[INFO] -- MapStruct: selecting property mapping: request.percentualComissaoPadrao().
[INFO] -- MapStruct: mapping property: request.metaVendasMensal() to: setMetaVendasMensal(java.math.BigDecimal).
[INFO] -- MapStruct: selecting property mapping: request.metaVendasMensal().
[INFO] -- MapStruct: mapping property: request.cargaHorariaSemanal() to: setCargaHorariaSemanal(java.lang.Integer).
[INFO] -- MapStruct: selecting property mapping: request.cargaHorariaSemanal().
[INFO] -- MapStruct: mapping property: request.ativo() to: setAtivo(java.lang.Boolean).
[INFO] -- MapStruct: selecting property mapping: request.ativo().
[INFO] - MapStruct: creating bean mapping method implementation for com.neritech.saas.rh.dto.CargoResponse toResponse(com.neritech.saas.rh.domain.Cargo entity).
[INFO] -- MapStruct: mapping property: entity.getId() to: id.
[INFO] -- MapStruct: selecting property mapping: entity.getId().
[INFO] -- MapStruct: mapping property: entity.getEmpresaId() to: empresaId.
[INFO] -- MapStruct: selecting property mapping: entity.getEmpresaId().
[INFO] -- MapStruct: mapping property: entity.getNome() to: nome.
[INFO] -- MapStruct: selecting property mapping: entity.getNome().
[INFO] -- MapStruct: mapping property: entity.getDescricao() to: descricao.
[INFO] -- MapStruct: selecting property mapping: entity.getDescricao().
[INFO] -- MapStruct: mapping property: entity.getCodigoCbo() to: codigoCbo.
[INFO] -- MapStruct: selecting property mapping: entity.getCodigoCbo().
[INFO] -- MapStruct: mapping property: entity.getNivelHierarquico() to: nivelHierarquico.
[INFO] -- MapStruct: selecting property mapping: entity.getNivelHierarquico().
[INFO] -- MapStruct: mapping property: entity.getCargoSuperiorId() to: cargoSuperiorId.
[INFO] -- MapStruct: selecting property mapping: entity.getCargoSuperiorId().
[INFO] -- MapStruct: mapping property: entity.getSalarioBaseMinimo() to: salarioBaseMinimo.
[INFO] -- MapStruct: selecting property mapping: entity.getSalarioBaseMinimo().
[INFO] -- MapStruct: mapping property: entity.getSalarioBaseMaximo() to: salarioBaseMaximo.
[INFO] -- MapStruct: selecting property mapping: entity.getSalarioBaseMaximo().
[INFO] -- MapStruct: mapping property: entity.getRequisitos() to: requisitos.
[INFO] -- MapStruct: selecting property mapping: entity.getRequisitos().
[INFO] -- MapStruct: mapping property: entity.getResponsabilidades() to: responsabilidades.
[INFO] -- MapStruct: selecting property mapping: entity.getResponsabilidades().
[INFO] -- MapStruct: mapping property: entity.getBeneficios() to: beneficios.
[INFO] -- MapStruct: selecting property mapping: entity.getBeneficios().
[INFO] -- MapStruct: mapping property: entity.getTemComissao() to: temComissao.
[INFO] -- MapStruct: selecting property mapping: entity.getTemComissao().
[INFO] -- MapStruct: mapping property: entity.getPercentualComissaoPadrao() to: percentualComissaoPadrao.
[INFO] -- MapStruct: selecting property mapping: entity.getPercentualComissaoPadrao().
[INFO] -- MapStruct: mapping property: entity.getMetaVendasMensal() to: metaVendasMensal.
[INFO] -- MapStruct: selecting property mapping: entity.getMetaVendasMensal().
[INFO] -- MapStruct: mapping property: entity.getCargaHorariaSemanal() to: cargaHorariaSemanal.
[INFO] -- MapStruct: selecting property mapping: entity.getCargaHorariaSemanal().
[INFO] -- MapStruct: mapping property: entity.getAtivo() to: ativo.
[INFO] -- MapStruct: selecting property mapping: entity.getAtivo().
[INFO] -- MapStruct: mapping property: entity.getDataCadastro() to: dataCadastro.
[INFO] -- MapStruct: selecting property mapping: entity.getDataCadastro().
[INFO] -- MapStruct: mapping property: entity.getDataAtualizacao() to: dataAtualizacao.
[INFO] -- MapStruct: selecting property mapping: entity.getDataAtualizacao().
[INFO] - MapStruct: creating bean mapping method implementation for void updateEntity(com.neritech.saas.rh.dto.CargoRequest request, @MappingTarget com.neritech.saas.rh.domain.Cargo entity).
[INFO] -- MapStruct: mapping property: request.empresaId() to: setEmpresaId(java.lang.Long).
[INFO] -- MapStruct: selecting property mapping: request.empresaId().
[INFO] -- MapStruct: mapping property: request.nome() to: setNome(java.lang.String).
[INFO] -- MapStruct: selecting property mapping: request.nome().
[INFO] -- MapStruct: mapping property: request.descricao() to: setDescricao(java.lang.String).
[INFO] -- MapStruct: selecting property mapping: request.descricao().
[INFO] -- MapStruct: mapping property: request.codigoCbo() to: setCodigoCbo(java.lang.String).
[INFO] -- MapStruct: selecting property mapping: request.codigoCbo().
[INFO] -- MapStruct: mapping property: request.nivelHierarquico() to: setNivelHierarquico(java.lang.Integer).
[INFO] -- MapStruct: selecting property mapping: request.nivelHierarquico().
[INFO] -- MapStruct: mapping property: request.cargoSuperiorId() to: setCargoSuperiorId(java.lang.Long).
[INFO] -- MapStruct: selecting property mapping: request.cargoSuperiorId().
[INFO] -- MapStruct: mapping property: request.salarioBaseMinimo() to: setSalarioBaseMinimo(java.math.BigDecimal).
[INFO] -- MapStruct: selecting property mapping: request.salarioBaseMinimo().
[INFO] -- MapStruct: mapping property: request.salarioBaseMaximo() to: setSalarioBaseMaximo(java.math.BigDecimal).
[INFO] -- MapStruct: selecting property mapping: request.salarioBaseMaximo().
[INFO] -- MapStruct: mapping property: request.requisitos() to: setRequisitos(java.lang.String).
[INFO] -- MapStruct: selecting property mapping: request.requisitos().
[INFO] -- MapStruct: mapping property: request.responsabilidades() to: setResponsabilidades(java.lang.String).
[INFO] -- MapStruct: selecting property mapping: request.responsabilidades().
[INFO] -- MapStruct: mapping property: request.beneficios() to: setBeneficios(java.lang.String).
[INFO] -- MapStruct: selecting property mapping: request.beneficios().
[INFO] -- MapStruct: mapping property: request.temComissao() to: setTemComissao(java.lang.Boolean).
[INFO] -- MapStruct: selecting property mapping: request.temComissao().
[INFO] -- MapStruct: mapping property: request.percentualComissaoPadrao() to: setPercentualComissaoPadrao(java.math.BigDecimal).
[INFO] -- MapStruct: selecting property mapping: request.percentualComissaoPadrao().
[INFO] -- MapStruct: mapping property: request.metaVendasMensal() to: setMetaVendasMensal(java.math.BigDecimal).
[INFO] -- MapStruct: selecting property mapping: request.metaVendasMensal().
[INFO] -- MapStruct: mapping property: request.cargaHorariaSemanal() to: setCargaHorariaSemanal(java.lang.Integer).
[INFO] -- MapStruct: selecting property mapping: request.cargaHorariaSemanal().
[INFO] -- MapStruct: mapping property: request.ativo() to: setAtivo(java.lang.Boolean).
[INFO] -- MapStruct: selecting property mapping: request.ativo().
[INFO]  MapStruct: processing: com.neritech.saas.agendamento.mapper.TipoAgendamentoMapper.
[INFO] - MapStruct: creating bean mapping method implementation for com.neritech.saas.agendamento.domain.TipoAgendamento toEntity(com.neritech.saas.agendamento.dto.TipoAgendamentoRequest request).
[INFO] -- MapStruct: mapping property: request.empresaId() to: setEmpresaId(java.lang.Long).
[INFO] -- MapStruct: selecting property mapping: request.empresaId().
[INFO] -- MapStruct: mapping property: request.nome() to: setNome(java.lang.String).
[INFO] -- MapStruct: selecting property mapping: request.nome().
[INFO] -- MapStruct: mapping property: request.descricao() to: setDescricao(java.lang.String).
[INFO] -- MapStruct: selecting property mapping: request.descricao().
[INFO] -- MapStruct: mapping property: request.corIdentificacao() to: setCorIdentificacao(java.lang.String).
[INFO] -- MapStruct: selecting property mapping: request.corIdentificacao().
[INFO] -- MapStruct: mapping property: request.icone() to: setIcone(java.lang.String).
[INFO] -- MapStruct: selecting property mapping: request.icone().
[INFO] -- MapStruct: mapping property: request.duracaoPadraoMinutos() to: setDuracaoPadraoMinutos(java.lang.Integer).
[INFO] -- MapStruct: selecting property mapping: request.duracaoPadraoMinutos().
[INFO] -- MapStruct: mapping property: request.servicosInclusos() to: setServicosInclusos(java.lang.String).
[INFO] -- MapStruct: selecting property mapping: request.servicosInclusos().
[INFO] -- MapStruct: mapping property: request.observacoesPadrao() to: setObservacoesPadrao(java.lang.String).
[INFO] -- MapStruct: selecting property mapping: request.observacoesPadrao().
[INFO] -- MapStruct: mapping property: request.permiteEncaixe() to: setPermiteEncaixe(java.lang.Boolean).
[INFO] -- MapStruct: selecting property mapping: request.permiteEncaixe().
[INFO] -- MapStruct: mapping property: request.requerOrcamento() to: setRequerOrcamento(java.lang.Boolean).
[INFO] -- MapStruct: selecting property mapping: request.requerOrcamento().
[INFO] -- MapStruct: mapping property: request.ativo() to: setAtivo(java.lang.Boolean).
[INFO] -- MapStruct: selecting property mapping: request.ativo().
[INFO] -- MapStruct: mapping property: request.ordemExibicao() to: setOrdemExibicao(java.lang.Integer).
[INFO] -- MapStruct: selecting property mapping: request.ordemExibicao().
[INFO] - MapStruct: creating bean mapping method implementation for com.neritech.saas.agendamento.dto.TipoAgendamentoResponse toResponse(com.neritech.saas.agendamento.domain.TipoAgendamento entity).
[INFO] -- MapStruct: mapping property: entity.getId() to: id.
[INFO] -- MapStruct: selecting property mapping: entity.getId().
[INFO] -- MapStruct: mapping property: entity.getEmpresaId() to: empresaId.
[INFO] -- MapStruct: selecting property mapping: entity.getEmpresaId().
[INFO] -- MapStruct: mapping property: entity.getNome() to: nome.
[INFO] -- MapStruct: selecting property mapping: entity.getNome().
[INFO] -- MapStruct: mapping property: entity.getDescricao() to: descricao.
[INFO] -- MapStruct: selecting property mapping: entity.getDescricao().
[INFO] -- MapStruct: mapping property: entity.getCorIdentificacao() to: corIdentificacao.
[INFO] -- MapStruct: selecting property mapping: entity.getCorIdentificacao().
[INFO] -- MapStruct: mapping property: entity.getIcone() to: icone.
[INFO] -- MapStruct: selecting property mapping: entity.getIcone().
[INFO] -- MapStruct: mapping property: entity.getDuracaoPadraoMinutos() to: duracaoPadraoMinutos.
[INFO] -- MapStruct: selecting property mapping: entity.getDuracaoPadraoMinutos().
[INFO] -- MapStruct: mapping property: entity.getPermiteEncaixe() to: permiteEncaixe.
[INFO] -- MapStruct: selecting property mapping: entity.getPermiteEncaixe().
[INFO] -- MapStruct: mapping property: entity.getRequerOrcamento() to: requerOrcamento.
[INFO] -- MapStruct: selecting property mapping: entity.getRequerOrcamento().
[INFO] -- MapStruct: mapping property: entity.getServicosInclusos() to: servicosInclusos.
[INFO] -- MapStruct: selecting property mapping: entity.getServicosInclusos().
[INFO] -- MapStruct: mapping property: entity.getObservacoesPadrao() to: observacoesPadrao.
[INFO] -- MapStruct: selecting property mapping: entity.getObservacoesPadrao().
[INFO] -- MapStruct: mapping property: entity.getAtivo() to: ativo.
[INFO] -- MapStruct: selecting property mapping: entity.getAtivo().
[INFO] -- MapStruct: mapping property: entity.getOrdemExibicao() to: ordemExibicao.
[INFO] -- MapStruct: selecting property mapping: entity.getOrdemExibicao().
[INFO] -- MapStruct: mapping property: entity.getDataCadastro() to: dataCadastro.
[INFO] -- MapStruct: selecting property mapping: entity.getDataCadastro().
[INFO]  MapStruct: processing: com.neritech.saas.fiscal.mapper.SpedFiscalMapper.
[INFO] - MapStruct: creating bean mapping method implementation for com.neritech.saas.fiscal.domain.SpedFiscal toEntity(com.neritech.saas.fiscal.dto.SpedFiscalRequest request).
[INFO] MapStruct: referred types not available (yet), deferring mapper: com.neritech.saas.fiscal.mapper.SpedFiscalMapper
[INFO]  MapStruct: processing: com.neritech.saas.relatorios.mapper.LogSistemaMapper.
[INFO] - MapStruct: creating bean mapping method implementation for com.neritech.saas.relatorios.domain.LogSistema toEntity(com.neritech.saas.relatorios.dto.LogSistemaRequest request).
[INFO] -- MapStruct: mapping property: request.getEmpresaId() to: empresaId(java.lang.Long).
[INFO] -- MapStruct: selecting property mapping: request.getEmpresaId().
[INFO] -- MapStruct: mapping property: request.getNivelLog() to: nivelLog(com.neritech.saas.relatorios.domain.enums.NivelLog).
[INFO] -- MapStruct: selecting property mapping: request.getNivelLog().
[INFO] -- MapStruct: mapping property: request.getCategoria() to: categoria(java.lang.String).
[INFO] -- MapStruct: selecting property mapping: request.getCategoria().
[INFO] -- MapStruct: mapping property: request.getModulo() to: modulo(java.lang.String).
[INFO] -- MapStruct: selecting property mapping: request.getModulo().
[INFO] -- MapStruct: mapping property: request.getFuncao() to: funcao(java.lang.String).
[INFO] -- MapStruct: selecting property mapping: request.getFuncao().
[INFO] -- MapStruct: mapping property: request.getMensagem() to: mensagem(java.lang.String).
[INFO] -- MapStruct: selecting property mapping: request.getMensagem().
[INFO] -- MapStruct: mapping property: request.getStackTrace() to: stackTrace(java.lang.String).
[INFO] -- MapStruct: selecting property mapping: request.getStackTrace().
[INFO] -- MapStruct: mapping property: request.getDadosContexto() to: dadosContexto(java.lang.String).
[INFO] -- MapStruct: selecting property mapping: request.getDadosContexto().
[INFO] -- MapStruct: mapping property: request.getUsuarioId() to: usuarioId(java.lang.Long).
[INFO] -- MapStruct: selecting property mapping: request.getUsuarioId().
[INFO] -- MapStruct: mapping property: request.getSessaoId() to: sessaoId(java.lang.String).
[INFO] -- MapStruct: selecting property mapping: request.getSessaoId().
[INFO] -- MapStruct: mapping property: request.getIpOrigem() to: ipOrigem(java.lang.String).
[INFO] -- MapStruct: selecting property mapping: request.getIpOrigem().
[INFO] -- MapStruct: mapping property: request.getUserAgent() to: userAgent(java.lang.String).
[INFO] -- MapStruct: selecting property mapping: request.getUserAgent().
[INFO] -- MapStruct: mapping property: request.getUrlRequisicao() to: urlRequisicao(java.lang.String).
[INFO] -- MapStruct: selecting property mapping: request.getUrlRequisicao().
[INFO] -- MapStruct: mapping property: request.getMetodoHttp() to: metodoHttp(java.lang.String).
[INFO] -- MapStruct: selecting property mapping: request.getMetodoHttp().
[INFO] -- MapStruct: mapping property: request.getTempoRespostaMs() to: tempoRespostaMs(java.lang.Integer).
[INFO] -- MapStruct: selecting property mapping: request.getTempoRespostaMs().
[INFO] -- MapStruct: mapping property: request.getMemoriaUtilizadaMb() to: memoriaUtilizadaMb(java.math.BigDecimal).
[INFO] -- MapStruct: selecting property mapping: request.getMemoriaUtilizadaMb().
[INFO] -- MapStruct: mapping property: request.getCpuUtilizadaPercent() to: cpuUtilizadaPercent(java.math.BigDecimal).
[INFO] -- MapStruct: selecting property mapping: request.getCpuUtilizadaPercent().
[INFO] -- MapStruct: mapping property: request.getExceptionClass() to: exceptionClass(java.lang.String).
[INFO] -- MapStruct: selecting property mapping: request.getExceptionClass().
[INFO] -- MapStruct: mapping property: request.getExceptionMessage() to: exceptionMessage(java.lang.String).
[INFO] -- MapStruct: selecting property mapping: request.getExceptionMessage().
[INFO] -- MapStruct: mapping property: request.getCorrelacaoId() to: correlacaoId(java.lang.String).
[INFO] -- MapStruct: selecting property mapping: request.getCorrelacaoId().
[INFO] -- MapStruct: mapping property: request.getThreadId() to: threadId(java.lang.String).
[INFO] -- MapStruct: selecting property mapping: request.getThreadId().
[INFO] -- MapStruct: mapping property: request.getServidor() to: servidor(java.lang.String).
[INFO] -- MapStruct: selecting property mapping: request.getServidor().
[INFO] -- MapStruct: mapping property: request.getVersaoAplicacao() to: versaoAplicacao(java.lang.String).
[INFO] -- MapStruct: selecting property mapping: request.getVersaoAplicacao().
[INFO] - MapStruct: creating bean mapping method implementation for com.neritech.saas.relatorios.dto.LogSistemaResponse toResponse(com.neritech.saas.relatorios.domain.LogSistema entity).
[INFO] -- MapStruct: mapping property: entity.getId() to: setId(java.lang.Long).
[INFO] -- MapStruct: selecting property mapping: entity.getId().
[INFO] -- MapStruct: mapping property: entity.getEmpresaId() to: setEmpresaId(java.lang.Long).
[INFO] -- MapStruct: selecting property mapping: entity.getEmpresaId().
[INFO] -- MapStruct: mapping property: entity.getNivelLog() to: setNivelLog(com.neritech.saas.relatorios.domain.enums.NivelLog).
[INFO] -- MapStruct: selecting property mapping: entity.getNivelLog().
[INFO] -- MapStruct: mapping property: entity.getCategoria() to: setCategoria(java.lang.String).
[INFO] -- MapStruct: selecting property mapping: entity.getCategoria().
[INFO] -- MapStruct: mapping property: entity.getModulo() to: setModulo(java.lang.String).
[INFO] -- MapStruct: selecting property mapping: entity.getModulo().
[INFO] -- MapStruct: mapping property: entity.getFuncao() to: setFuncao(java.lang.String).
[INFO] -- MapStruct: selecting property mapping: entity.getFuncao().
[INFO] -- MapStruct: mapping property: entity.getMensagem() to: setMensagem(java.lang.String).
[INFO] -- MapStruct: selecting property mapping: entity.getMensagem().
[INFO] -- MapStruct: mapping property: entity.getStackTrace() to: setStackTrace(java.lang.String).
[INFO] -- MapStruct: selecting property mapping: entity.getStackTrace().
[INFO] -- MapStruct: mapping property: entity.getDadosContexto() to: setDadosContexto(java.lang.String).
[INFO] -- MapStruct: selecting property mapping: entity.getDadosContexto().
[INFO] -- MapStruct: mapping property: entity.getUsuarioId() to: setUsuarioId(java.lang.Long).
[INFO] -- MapStruct: selecting property mapping: entity.getUsuarioId().
[INFO] -- MapStruct: mapping property: entity.getSessaoId() to: setSessaoId(java.lang.String).
[INFO] -- MapStruct: selecting property mapping: entity.getSessaoId().
[INFO] -- MapStruct: mapping property: entity.getIpOrigem() to: setIpOrigem(java.lang.String).
[INFO] -- MapStruct: selecting property mapping: entity.getIpOrigem().
[INFO] -- MapStruct: mapping property: entity.getUserAgent() to: setUserAgent(java.lang.String).
[INFO] -- MapStruct: selecting property mapping: entity.getUserAgent().
[INFO] -- MapStruct: mapping property: entity.getUrlRequisicao() to: setUrlRequisicao(java.lang.String).
[INFO] -- MapStruct: selecting property mapping: entity.getUrlRequisicao().
[INFO] -- MapStruct: mapping property: entity.getMetodoHttp() to: setMetodoHttp(java.lang.String).
[INFO] -- MapStruct: selecting property mapping: entity.getMetodoHttp().
[INFO] -- MapStruct: mapping property: entity.getTempoRespostaMs() to: setTempoRespostaMs(java.lang.Integer).
[INFO] -- MapStruct: selecting property mapping: entity.getTempoRespostaMs().
[INFO] -- MapStruct: mapping property: entity.getMemoriaUtilizadaMb() to: setMemoriaUtilizadaMb(java.math.BigDecimal).
[INFO] -- MapStruct: selecting property mapping: entity.getMemoriaUtilizadaMb().
[INFO] -- MapStruct: mapping property: entity.getCpuUtilizadaPercent() to: setCpuUtilizadaPercent(java.math.BigDecimal).
[INFO] -- MapStruct: selecting property mapping: entity.getCpuUtilizadaPercent().
[INFO] -- MapStruct: mapping property: entity.getExceptionClass() to: setExceptionClass(java.lang.String).
[INFO] -- MapStruct: selecting property mapping: entity.getExceptionClass().
[INFO] -- MapStruct: mapping property: entity.getExceptionMessage() to: setExceptionMessage(java.lang.String).
[INFO] -- MapStruct: selecting property mapping: entity.getExceptionMessage().
[INFO] -- MapStruct: mapping property: entity.getCorrelacaoId() to: setCorrelacaoId(java.lang.String).
[INFO] -- MapStruct: selecting property mapping: entity.getCorrelacaoId().
[INFO] -- MapStruct: mapping property: entity.getThreadId() to: setThreadId(java.lang.String).
[INFO] -- MapStruct: selecting property mapping: entity.getThreadId().
[INFO] -- MapStruct: mapping property: entity.getServidor() to: setServidor(java.lang.String).
[INFO] -- MapStruct: selecting property mapping: entity.getServidor().
[INFO] -- MapStruct: mapping property: entity.getVersaoAplicacao() to: setVersaoAplicacao(java.lang.String).
[INFO] -- MapStruct: selecting property mapping: entity.getVersaoAplicacao().
[INFO] -- MapStruct: mapping property: entity.getDataOcorrencia() to: setDataOcorrencia(java.time.LocalDateTime).
[INFO] -- MapStruct: selecting property mapping: entity.getDataOcorrencia().
[INFO] -- MapStruct: mapping property: entity.getResolvido() to: setResolvido(java.lang.Boolean).
[INFO] -- MapStruct: selecting property mapping: entity.getResolvido().
[INFO] -- MapStruct: mapping property: entity.getDataResolucao() to: setDataResolucao(java.time.LocalDateTime).
[INFO] -- MapStruct: selecting property mapping: entity.getDataResolucao().
[INFO] -- MapStruct: mapping property: entity.getResponsavelResolucao() to: setResponsavelResolucao(java.lang.Long).
[INFO] -- MapStruct: selecting property mapping: entity.getResponsavelResolucao().
[INFO] -- MapStruct: mapping property: entity.getObservacoesResolucao() to: setObservacoesResolucao(java.lang.String).
[INFO] -- MapStruct: selecting property mapping: entity.getObservacoesResolucao().
[INFO]  MapStruct: processing: com.neritech.saas.fiscal.mapper.AliquotaImpostoMapper.
[INFO] - MapStruct: creating bean mapping method implementation for com.neritech.saas.fiscal.domain.AliquotaImposto toEntity(com.neritech.saas.fiscal.dto.AliquotaImpostoRequest request).
[INFO] -- MapStruct: mapping property: request.nomeImposto() to: nomeImposto(java.lang.String).
[INFO] -- MapStruct: selecting property mapping: request.nomeImposto().
[INFO] -- MapStruct: mapping property: request.aliquota() to: aliquota(java.math.BigDecimal).
[INFO] -- MapStruct: selecting property mapping: request.aliquota().
[INFO] -- MapStruct: mapping property: request.descricao() to: descricao(java.lang.String).
[INFO] -- MapStruct: selecting property mapping: request.descricao().
[INFO] -- MapStruct: mapping property: request.uf() to: uf(java.lang.String).
[INFO] -- MapStruct: selecting property mapping: request.uf().
[INFO] -- MapStruct: mapping property: request.padrao() to: padrao(boolean).
[INFO] -- MapStruct: selecting property mapping: request.padrao().
[WARNING] /C:/Users/alexa/OneDrive/Documentos/NeriTech/backend/src/main/java/com/neritech/saas/fiscal/mapper/AliquotaImpostoMapper.java:[12,21] Unmapped target properties: "id, dataCadastro, dataAtualizacao, criadoPor, atualizadoPor, versao".
[INFO] - MapStruct: creating bean mapping method implementation for com.neritech.saas.fiscal.dto.AliquotaImpostoResponse toResponse(com.neritech.saas.fiscal.domain.AliquotaImposto entity).
[INFO] -- MapStruct: mapping property: entity.getDataCadastro() to: createdAt.
[INFO] -- MapStruct: selecting property mapping: entity.getDataCadastro().
[INFO] -- MapStruct: mapping property: entity.getDataAtualizacao() to: updatedAt.
[INFO] -- MapStruct: selecting property mapping: entity.getDataAtualizacao().
[INFO] -- MapStruct: mapping property: entity.getId() to: id.
[INFO] -- MapStruct: selecting property mapping: entity.getId().
[INFO] -- MapStruct: mapping property: entity.getNomeImposto() to: nomeImposto.
[INFO] -- MapStruct: selecting property mapping: entity.getNomeImposto().
[INFO] -- MapStruct: mapping property: entity.getAliquota() to: aliquota.
[INFO] -- MapStruct: selecting property mapping: entity.getAliquota().
[INFO] -- MapStruct: mapping property: entity.getDescricao() to: descricao.
[INFO] -- MapStruct: selecting property mapping: entity.getDescricao().
[INFO] -- MapStruct: mapping property: entity.getUf() to: uf.
[INFO] -- MapStruct: selecting property mapping: entity.getUf().
[INFO] -- MapStruct: mapping property: entity.isPadrao() to: padrao.
[INFO] -- MapStruct: selecting property mapping: entity.isPadrao().
[INFO] - MapStruct: creating bean mapping method implementation for void updateEntityFromRequest(com.neritech.saas.fiscal.dto.AliquotaImpostoRequest request, @MappingTarget com.neritech.saas.fiscal.domain.AliquotaImposto entity).
[INFO] -- MapStruct: mapping property: request.nomeImposto() to: setNomeImposto(java.lang.String).
[INFO] -- MapStruct: selecting property mapping: request.nomeImposto().
[INFO] -- MapStruct: mapping property: request.aliquota() to: setAliquota(java.math.BigDecimal).
[INFO] -- MapStruct: selecting property mapping: request.aliquota().
[INFO] -- MapStruct: mapping property: request.descricao() to: setDescricao(java.lang.String).
[INFO] -- MapStruct: selecting property mapping: request.descricao().
[INFO] -- MapStruct: mapping property: request.uf() to: setUf(java.lang.String).
[INFO] -- MapStruct: selecting property mapping: request.uf().
[INFO] -- MapStruct: mapping property: request.padrao() to: setPadrao(boolean).
[INFO] -- MapStruct: selecting property mapping: request.padrao().
[WARNING] /C:/Users/alexa/OneDrive/Documentos/NeriTech/backend/src/main/java/com/neritech/saas/fiscal/mapper/AliquotaImpostoMapper.java:[21,10] Unmapped target properties: "criadoPor, atualizadoPor, versao".
[INFO]  MapStruct: processing: com.neritech.saas.relatorios.mapper.LogAlteracaoMapper.
[INFO] - MapStruct: creating bean mapping method implementation for com.neritech.saas.relatorios.domain.LogAlteracao toEntity(com.neritech.saas.relatorios.dto.LogAlteracaoRequest request).
[INFO] -- MapStruct: mapping property: request.getEmpresaId() to: empresaId(java.lang.Long).
[INFO] -- MapStruct: selecting property mapping: request.getEmpresaId().
[INFO] -- MapStruct: mapping property: request.getTabelaAfetada() to: tabelaAfetada(java.lang.String).
[INFO] -- MapStruct: selecting property mapping: request.getTabelaAfetada().
[INFO] -- MapStruct: mapping property: request.getRegistroId() to: registroId(java.lang.Long).
[INFO] -- MapStruct: selecting property mapping: request.getRegistroId().
[INFO] -- MapStruct: mapping property: request.getOperacao() to: operacao(com.neritech.saas.relatorios.domain.enums.OperacaoAuditoria).
[INFO] -- MapStruct: selecting property mapping: request.getOperacao().
[INFO] -- MapStruct: mapping property: request.getCamposAlterados() to: camposAlterados(java.lang.String).
[INFO] -- MapStruct: selecting property mapping: request.getCamposAlterados().
[INFO] -- MapStruct: mapping property: request.getValoresAntigos() to: valoresAntigos(java.lang.String).
[INFO] -- MapStruct: selecting property mapping: request.getValoresAntigos().
[INFO] -- MapStruct: mapping property: request.getValoresNovos() to: valoresNovos(java.lang.String).
[INFO] -- MapStruct: selecting property mapping: request.getValoresNovos().
[INFO] -- MapStruct: mapping property: request.getUsuarioResponsavel() to: usuarioResponsavel(java.lang.Long).
[INFO] -- MapStruct: selecting property mapping: request.getUsuarioResponsavel().
[INFO] -- MapStruct: mapping property: request.getIpOrigem() to: ipOrigem(java.lang.String).
[INFO] -- MapStruct: selecting property mapping: request.getIpOrigem().
[INFO] -- MapStruct: mapping property: request.getUserAgent() to: userAgent(java.lang.String).
[INFO] -- MapStruct: selecting property mapping: request.getUserAgent().
[INFO] -- MapStruct: mapping property: request.getMotivoAlteracao() to: motivoAlteracao(java.lang.String).
[INFO] -- MapStruct: selecting property mapping: request.getMotivoAlteracao().
[INFO] -- MapStruct: mapping property: request.getContextoOperacao() to: contextoOperacao(java.lang.String).
[INFO] -- MapStruct: selecting property mapping: request.getContextoOperacao().
[INFO] -- MapStruct: mapping property: request.getDadosAdicionais() to: dadosAdicionais(java.lang.String).
[INFO] -- MapStruct: selecting property mapping: request.getDadosAdicionais().
[INFO] -- MapStruct: mapping property: request.getCheckpointAntes() to: checkpointAntes(java.lang.String).
[INFO] -- MapStruct: selecting property mapping: request.getCheckpointAntes().
[INFO] -- MapStruct: mapping property: request.getCheckpointDepois() to: checkpointDepois(java.lang.String).
[INFO] -- MapStruct: selecting property mapping: request.getCheckpointDepois().
[INFO] -- MapStruct: mapping property: request.getReversivel() to: reversivel(java.lang.Boolean).
[INFO] -- MapStruct: selecting property mapping: request.getReversivel().
[INFO] -- MapStruct: mapping property: request.getComandoReversao() to: comandoReversao(java.lang.String).
[INFO] -- MapStruct: selecting property mapping: request.getComandoReversao().
[INFO] - MapStruct: creating bean mapping method implementation for com.neritech.saas.relatorios.dto.LogAlteracaoResponse toResponse(com.neritech.saas.relatorios.domain.LogAlteracao entity).
[INFO] -- MapStruct: mapping property: entity.getId() to: setId(java.lang.Long).
[INFO] -- MapStruct: selecting property mapping: entity.getId().
[INFO] -- MapStruct: mapping property: entity.getEmpresaId() to: setEmpresaId(java.lang.Long).
[INFO] -- MapStruct: selecting property mapping: entity.getEmpresaId().
[INFO] -- MapStruct: mapping property: entity.getTabelaAfetada() to: setTabelaAfetada(java.lang.String).
[INFO] -- MapStruct: selecting property mapping: entity.getTabelaAfetada().
[INFO] -- MapStruct: mapping property: entity.getRegistroId() to: setRegistroId(java.lang.Long).
[INFO] -- MapStruct: selecting property mapping: entity.getRegistroId().
[INFO] -- MapStruct: mapping property: entity.getOperacao() to: setOperacao(com.neritech.saas.relatorios.domain.enums.OperacaoAuditoria).
[INFO] -- MapStruct: selecting property mapping: entity.getOperacao().
[INFO] -- MapStruct: mapping property: entity.getCamposAlterados() to: setCamposAlterados(java.lang.String).
[INFO] -- MapStruct: selecting property mapping: entity.getCamposAlterados().
[INFO] -- MapStruct: mapping property: entity.getValoresAntigos() to: setValoresAntigos(java.lang.String).
[INFO] -- MapStruct: selecting property mapping: entity.getValoresAntigos().
[INFO] -- MapStruct: mapping property: entity.getValoresNovos() to: setValoresNovos(java.lang.String).
[INFO] -- MapStruct: selecting property mapping: entity.getValoresNovos().
[INFO] -- MapStruct: mapping property: entity.getUsuarioResponsavel() to: setUsuarioResponsavel(java.lang.Long).
[INFO] -- MapStruct: selecting property mapping: entity.getUsuarioResponsavel().
[INFO] -- MapStruct: mapping property: entity.getIpOrigem() to: setIpOrigem(java.lang.String).
[INFO] -- MapStruct: selecting property mapping: entity.getIpOrigem().
[INFO] -- MapStruct: mapping property: entity.getUserAgent() to: setUserAgent(java.lang.String).
[INFO] -- MapStruct: selecting property mapping: entity.getUserAgent().
[INFO] -- MapStruct: mapping property: entity.getMotivoAlteracao() to: setMotivoAlteracao(java.lang.String).
[INFO] -- MapStruct: selecting property mapping: entity.getMotivoAlteracao().
[INFO] -- MapStruct: mapping property: entity.getContextoOperacao() to: setContextoOperacao(java.lang.String).
[INFO] -- MapStruct: selecting property mapping: entity.getContextoOperacao().
[INFO] -- MapStruct: mapping property: entity.getDadosAdicionais() to: setDadosAdicionais(java.lang.String).
[INFO] -- MapStruct: selecting property mapping: entity.getDadosAdicionais().
[INFO] -- MapStruct: mapping property: entity.getCheckpointAntes() to: setCheckpointAntes(java.lang.String).
[INFO] -- MapStruct: selecting property mapping: entity.getCheckpointAntes().
[INFO] -- MapStruct: mapping property: entity.getCheckpointDepois() to: setCheckpointDepois(java.lang.String).
[INFO] -- MapStruct: selecting property mapping: entity.getCheckpointDepois().
[INFO] -- MapStruct: mapping property: entity.getReversivel() to: setReversivel(java.lang.Boolean).
[INFO] -- MapStruct: selecting property mapping: entity.getReversivel().
[INFO] -- MapStruct: mapping property: entity.getComandoReversao() to: setComandoReversao(java.lang.String).
[INFO] -- MapStruct: selecting property mapping: entity.getComandoReversao().
[INFO] -- MapStruct: mapping property: entity.getDataAlteracao() to: setDataAlteracao(java.time.LocalDateTime).
[INFO] -- MapStruct: selecting property mapping: entity.getDataAlteracao().
[INFO] -- MapStruct: mapping property: entity.getAuditado() to: setAuditado(java.lang.Boolean).
[INFO] -- MapStruct: selecting property mapping: entity.getAuditado().
[INFO] -- MapStruct: mapping property: entity.getDataAuditoria() to: setDataAuditoria(java.time.LocalDateTime).
[INFO] -- MapStruct: selecting property mapping: entity.getDataAuditoria().
[INFO] -- MapStruct: mapping property: entity.getAuditorResponsavel() to: setAuditorResponsavel(java.lang.Long).
[INFO] -- MapStruct: selecting property mapping: entity.getAuditorResponsavel().
[INFO] -- MapStruct: mapping property: entity.getObservacoesAuditoria() to: setObservacoesAuditoria(java.lang.String).
[INFO] -- MapStruct: selecting property mapping: entity.getObservacoesAuditoria().
[INFO]  MapStruct: processing: com.neritech.saas.ordemservico.mapper.OSChecklistItemMapper.
[INFO] - MapStruct: creating bean mapping method implementation for com.neritech.saas.ordemservico.dto.OSChecklistItemResponse toResponse(com.neritech.saas.ordemservico.domain.OSChecklistItem entity).
[INFO] -- MapStruct: mapping property: entityOrdemServicoId( entity ) to: ordemServicoId.
[INFO] -- MapStruct: selecting property mapping: entityOrdemServicoId( entity ).
[INFO] -- MapStruct: mapping property: entityChecklistModeloId( entity ) to: checklistModeloId.
[INFO] -- MapStruct: selecting property mapping: entityChecklistModeloId( entity ).
[INFO] -- MapStruct: mapping property: entityItemModeloId( entity ) to: itemModeloId.
[INFO] -- MapStruct: selecting property mapping: entityItemModeloId( entity ).
[INFO] -- MapStruct: mapping property: entity.getId() to: id.
[INFO] -- MapStruct: selecting property mapping: entity.getId().
[INFO] -- MapStruct: mapping property: entity.getDescricao() to: descricao.
[INFO] -- MapStruct: selecting property mapping: entity.getDescricao().
[INFO] -- MapStruct: mapping property: entity.getFeito() to: feito.
[INFO] -- MapStruct: selecting property mapping: entity.getFeito().
[INFO] -- MapStruct: mapping property: entity.getOrdem() to: ordem.
[INFO] -- MapStruct: selecting property mapping: entity.getOrdem().
[INFO] -- MapStruct: mapping property: entity.getDataCadastro() to: dataCadastro.
[INFO] -- MapStruct: selecting property mapping: entity.getDataCadastro().
[INFO] -- MapStruct: mapping property: entity.getDataAtualizacao() to: dataAtualizacao.
[INFO] -- MapStruct: selecting property mapping: entity.getDataAtualizacao().
[INFO] - MapStruct: creating bean mapping method implementation for void updateEntityFromRequest(com.neritech.saas.ordemservico.dto.OSChecklistItemRequest request, @MappingTarget com.neritech.saas.ordemservico.domain.OSChecklistItem entity).
[INFO] -- MapStruct: mapping property: request.descricao() to: setDescricao(java.lang.String).
[INFO] -- MapStruct: selecting property mapping: request.descricao().
[INFO] -- MapStruct: mapping property: request.feito() to: setFeito(java.lang.Boolean).
[INFO] -- MapStruct: selecting property mapping: request.feito().
[INFO] -- MapStruct: mapping property: request.ordem() to: setOrdem(java.lang.Integer).
[INFO] -- MapStruct: selecting property mapping: request.ordem().
[INFO]  MapStruct: processing: com.neritech.saas.relatorios.mapper.MetricaPerformanceMapper.
[INFO] - MapStruct: creating bean mapping method implementation for com.neritech.saas.relatorios.domain.MetricaPerformance toEntity(com.neritech.saas.relatorios.dto.MetricaPerformanceRequest request).
[INFO] -- MapStruct: mapping property: request.getMetrica() to: metrica(java.lang.String).
[INFO] -- MapStruct: selecting property mapping: request.getMetrica().
[INFO] -- MapStruct: mapping property: request.getCategoria() to: categoria(java.lang.String).
[INFO] -- MapStruct: selecting property mapping: request.getCategoria().
[INFO] -- MapStruct: mapping property: request.getValorNumerico() to: valorNumerico(java.math.BigDecimal).
[INFO] -- MapStruct: selecting property mapping: request.getValorNumerico().
[INFO] -- MapStruct: mapping property: request.getValorTexto() to: valorTexto(java.lang.String).
[INFO] -- MapStruct: selecting property mapping: request.getValorTexto().
[INFO] -- MapStruct: mapping property: request.getUnidadeMedida() to: unidadeMedida(java.lang.String).
[INFO] -- MapStruct: selecting property mapping: request.getUnidadeMedida().
[INFO] -- MapStruct: mapping property: request.getDataMedicao() to: dataMedicao(java.time.LocalDateTime).
[INFO] -- MapStruct: selecting property mapping: request.getDataMedicao().
[INFO] -- MapStruct: mapping property: request.getPeriodoReferencia() to: periodoReferencia(java.lang.String).
[INFO] -- MapStruct: selecting property mapping: request.getPeriodoReferencia().
[INFO] -- MapStruct: mapping property: request.getContextoAdicional() to: contextoAdicional(java.lang.String).
[INFO] -- MapStruct: selecting property mapping: request.getContextoAdicional().
[INFO] -- MapStruct: mapping property: request.getServidor() to: servidor(java.lang.String).
[INFO] -- MapStruct: selecting property mapping: request.getServidor().
[INFO] -- MapStruct: mapping property: request.getVersaoAplicacao() to: versaoAplicacao(java.lang.String).
[INFO] -- MapStruct: selecting property mapping: request.getVersaoAplicacao().
[INFO] -- MapStruct: mapping property: request.getBenchmarkAnterior() to: benchmarkAnterior(java.math.BigDecimal).
[INFO] -- MapStruct: selecting property mapping: request.getBenchmarkAnterior().
[INFO] -- MapStruct: mapping property: request.getVariacaoPercentual() to: variacaoPercentual(java.math.BigDecimal).
[INFO] -- MapStruct: selecting property mapping: request.getVariacaoPercentual().
[INFO] -- MapStruct: mapping property: request.getTendencia() to: tendencia(com.neritech.saas.relatorios.domain.enums.TendenciaMetrica).
[INFO] -- MapStruct: selecting property mapping: request.getTendencia().
[INFO] -- MapStruct: mapping property: request.getAlertaGerado() to: alertaGerado(java.lang.Boolean).
[INFO] -- MapStruct: selecting property mapping: request.getAlertaGerado().
[INFO] -- MapStruct: mapping property: request.getLimiteAlertaMin() to: limiteAlertaMin(java.math.BigDecimal).
[INFO] -- MapStruct: selecting property mapping: request.getLimiteAlertaMin().
[INFO] -- MapStruct: mapping property: request.getLimiteAlertaMax() to: limiteAlertaMax(java.math.BigDecimal).
[INFO] -- MapStruct: selecting property mapping: request.getLimiteAlertaMax().
[INFO] -- MapStruct: mapping property: request.getObservacoes() to: observacoes(java.lang.String).
[INFO] -- MapStruct: selecting property mapping: request.getObservacoes().
[INFO] - MapStruct: creating bean mapping method implementation for com.neritech.saas.relatorios.dto.MetricaPerformanceResponse toResponse(com.neritech.saas.relatorios.domain.MetricaPerformance entity).
[INFO] -- MapStruct: mapping property: entity.getId() to: setId(java.lang.Long).
[INFO] -- MapStruct: selecting property mapping: entity.getId().
[INFO] -- MapStruct: mapping property: entity.getEmpresaId() to: setEmpresaId(java.lang.Long).
[INFO] -- MapStruct: selecting property mapping: entity.getEmpresaId().
[INFO] -- MapStruct: mapping property: entity.getMetrica() to: setMetrica(java.lang.String).
[INFO] -- MapStruct: selecting property mapping: entity.getMetrica().
[INFO] -- MapStruct: mapping property: entity.getCategoria() to: setCategoria(java.lang.String).
[INFO] -- MapStruct: selecting property mapping: entity.getCategoria().
[INFO] -- MapStruct: mapping property: entity.getValorNumerico() to: setValorNumerico(java.math.BigDecimal).
[INFO] -- MapStruct: selecting property mapping: entity.getValorNumerico().
[INFO] -- MapStruct: mapping property: entity.getValorTexto() to: setValorTexto(java.lang.String).
[INFO] -- MapStruct: selecting property mapping: entity.getValorTexto().
[INFO] -- MapStruct: mapping property: entity.getUnidadeMedida() to: setUnidadeMedida(java.lang.String).
[INFO] -- MapStruct: selecting property mapping: entity.getUnidadeMedida().
[INFO] -- MapStruct: mapping property: entity.getDataMedicao() to: setDataMedicao(java.time.LocalDateTime).
[INFO] -- MapStruct: selecting property mapping: entity.getDataMedicao().
[INFO] -- MapStruct: mapping property: entity.getPeriodoReferencia() to: setPeriodoReferencia(java.lang.String).
[INFO] -- MapStruct: selecting property mapping: entity.getPeriodoReferencia().
[INFO] -- MapStruct: mapping property: entity.getContextoAdicional() to: setContextoAdicional(java.lang.String).
[INFO] -- MapStruct: selecting property mapping: entity.getContextoAdicional().
[INFO] -- MapStruct: mapping property: entity.getServidor() to: setServidor(java.lang.String).
[INFO] -- MapStruct: selecting property mapping: entity.getServidor().
[INFO] -- MapStruct: mapping property: entity.getVersaoAplicacao() to: setVersaoAplicacao(java.lang.String).
[INFO] -- MapStruct: selecting property mapping: entity.getVersaoAplicacao().
[INFO] -- MapStruct: mapping property: entity.getBenchmarkAnterior() to: setBenchmarkAnterior(java.math.BigDecimal).
[INFO] -- MapStruct: selecting property mapping: entity.getBenchmarkAnterior().
[INFO] -- MapStruct: mapping property: entity.getVariacaoPercentual() to: setVariacaoPercentual(java.math.BigDecimal).
[INFO] -- MapStruct: selecting property mapping: entity.getVariacaoPercentual().
[INFO] -- MapStruct: mapping property: entity.getTendencia() to: setTendencia(com.neritech.saas.relatorios.domain.enums.TendenciaMetrica).
[INFO] -- MapStruct: selecting property mapping: entity.getTendencia().
[INFO] -- MapStruct: mapping property: entity.getAlertaGerado() to: setAlertaGerado(java.lang.Boolean).
[INFO] -- MapStruct: selecting property mapping: entity.getAlertaGerado().
[INFO] -- MapStruct: mapping property: entity.getLimiteAlertaMin() to: setLimiteAlertaMin(java.math.BigDecimal).
[INFO] -- MapStruct: selecting property mapping: entity.getLimiteAlertaMin().
[INFO] -- MapStruct: mapping property: entity.getLimiteAlertaMax() to: setLimiteAlertaMax(java.math.BigDecimal).
[INFO] -- MapStruct: selecting property mapping: entity.getLimiteAlertaMax().
[INFO] -- MapStruct: mapping property: entity.getObservacoes() to: setObservacoes(java.lang.String).
[INFO] -- MapStruct: selecting property mapping: entity.getObservacoes().
[INFO] - MapStruct: creating bean mapping method implementation for void updateEntity(@MappingTarget com.neritech.saas.relatorios.domain.MetricaPerformance entity, com.neritech.saas.relatorios.dto.MetricaPerformanceRequest request).
[INFO] -- MapStruct: mapping property: request.getMetrica() to: setMetrica(java.lang.String).
[INFO] -- MapStruct: selecting property mapping: request.getMetrica().
[INFO] -- MapStruct: mapping property: request.getCategoria() to: setCategoria(java.lang.String).
[INFO] -- MapStruct: selecting property mapping: request.getCategoria().
[INFO] -- MapStruct: mapping property: request.getValorNumerico() to: setValorNumerico(java.math.BigDecimal).
[INFO] -- MapStruct: selecting property mapping: request.getValorNumerico().
[INFO] -- MapStruct: mapping property: request.getValorTexto() to: setValorTexto(java.lang.String).
[INFO] -- MapStruct: selecting property mapping: request.getValorTexto().
[INFO] -- MapStruct: mapping property: request.getUnidadeMedida() to: setUnidadeMedida(java.lang.String).
[INFO] -- MapStruct: selecting property mapping: request.getUnidadeMedida().
[INFO] -- MapStruct: mapping property: request.getDataMedicao() to: setDataMedicao(java.time.LocalDateTime).
[INFO] -- MapStruct: selecting property mapping: request.getDataMedicao().
[INFO] -- MapStruct: mapping property: request.getPeriodoReferencia() to: setPeriodoReferencia(java.lang.String).
[INFO] -- MapStruct: selecting property mapping: request.getPeriodoReferencia().
[INFO] -- MapStruct: mapping property: request.getContextoAdicional() to: setContextoAdicional(java.lang.String).
[INFO] -- MapStruct: selecting property mapping: request.getContextoAdicional().
[INFO] -- MapStruct: mapping property: request.getServidor() to: setServidor(java.lang.String).
[INFO] -- MapStruct: selecting property mapping: request.getServidor().
[INFO] -- MapStruct: mapping property: request.getVersaoAplicacao() to: setVersaoAplicacao(java.lang.String).
[INFO] -- MapStruct: selecting property mapping: request.getVersaoAplicacao().
[INFO] -- MapStruct: mapping property: request.getBenchmarkAnterior() to: setBenchmarkAnterior(java.math.BigDecimal).
[INFO] -- MapStruct: selecting property mapping: request.getBenchmarkAnterior().
[INFO] -- MapStruct: mapping property: request.getVariacaoPercentual() to: setVariacaoPercentual(java.math.BigDecimal).
[INFO] -- MapStruct: selecting property mapping: request.getVariacaoPercentual().
[INFO] -- MapStruct: mapping property: request.getTendencia() to: setTendencia(com.neritech.saas.relatorios.domain.enums.TendenciaMetrica).
[INFO] -- MapStruct: selecting property mapping: request.getTendencia().
[INFO] -- MapStruct: mapping property: request.getLimiteAlertaMin() to: setLimiteAlertaMin(java.math.BigDecimal).
[INFO] -- MapStruct: selecting property mapping: request.getLimiteAlertaMin().
[INFO] -- MapStruct: mapping property: request.getLimiteAlertaMax() to: setLimiteAlertaMax(java.math.BigDecimal).
[INFO] -- MapStruct: selecting property mapping: request.getLimiteAlertaMax().
[INFO] -- MapStruct: mapping property: request.getObservacoes() to: setObservacoes(java.lang.String).
[INFO] -- MapStruct: selecting property mapping: request.getObservacoes().
[INFO] -- MapStruct: mapping property: request.getAlertaGerado() to: setAlertaGerado(java.lang.Boolean).
[INFO] -- MapStruct: selecting property mapping: request.getAlertaGerado().
[WARNING] /C:/Users/alexa/OneDrive/Documentos/NeriTech/backend/src/main/java/com/neritech/saas/relatorios/mapper/MetricaPerformanceMapper.java:[19,10] Unmapped target properties: "dataCadastro, dataAtualizacao, criadoPor, atualizadoPor, versao".
[INFO]  MapStruct: processing: com.neritech.saas.financeiro.mapper.ImpostoMapper.
[INFO] - MapStruct: creating bean mapping method implementation for com.neritech.saas.financeiro.domain.Imposto toEntity(com.neritech.saas.financeiro.dto.ImpostoRequest request).
[INFO] -- MapStruct: mapping property: request.tipoImposto() to: setTipoImposto(com.neritech.saas.financeiro.domain.enums.TipoImposto).
[INFO] -- MapStruct: selecting property mapping: request.tipoImposto().
[INFO] -- MapStruct: mapping property: request.nomeImposto() to: setNomeImposto(java.lang.String).
[INFO] -- MapStruct: selecting property mapping: request.nomeImposto().
[INFO] -- MapStruct: mapping property: request.aliquotaPercentual() to: setAliquotaPercentual(java.math.BigDecimal).
[INFO] -- MapStruct: selecting property mapping: request.aliquotaPercentual().
[INFO] -- MapStruct: mapping property: request.baseCalculo() to: setBaseCalculo(com.neritech.saas.financeiro.domain.enums.BaseCalculoImposto).
[INFO] -- MapStruct: selecting property mapping: request.baseCalculo().
[INFO] -- MapStruct: mapping property: request.codigoReceita() to: setCodigoReceita(java.lang.String).
[INFO] -- MapStruct: selecting property mapping: request.codigoReceita().
[INFO] -- MapStruct: mapping property: request.aplicavelRegime() to: setAplicavelRegime(java.lang.String).
[INFO] -- MapStruct: selecting property mapping: request.aplicavelRegime().
[INFO] -- MapStruct: mapping property: request.dataInicioVigencia() to: setDataInicioVigencia(java.time.LocalDate).
[INFO] -- MapStruct: selecting property mapping: request.dataInicioVigencia().
[INFO] -- MapStruct: mapping property: request.dataFimVigencia() to: setDataFimVigencia(java.time.LocalDate).
[INFO] -- MapStruct: selecting property mapping: request.dataFimVigencia().
[INFO] -- MapStruct: mapping property: request.observacoes() to: setObservacoes(java.lang.String).
[INFO] -- MapStruct: selecting property mapping: request.observacoes().
[INFO] -- MapStruct: mapping property: request.ativo() to: setAtivo(java.lang.Boolean).
[INFO] -- MapStruct: selecting property mapping: request.ativo().
[INFO] - MapStruct: creating bean mapping method implementation for com.neritech.saas.financeiro.dto.ImpostoResponse toResponse(com.neritech.saas.financeiro.domain.Imposto entity).
[INFO] -- MapStruct: mapping property: entity.getId() to: id.
[INFO] -- MapStruct: selecting property mapping: entity.getId().
[INFO] -- MapStruct: mapping property: entity.getEmpresaId() to: empresaId.
[INFO] -- MapStruct: selecting property mapping: entity.getEmpresaId().
[INFO] -- MapStruct: mapping property: entity.getTipoImposto() to: tipoImposto.
[INFO] -- MapStruct: selecting property mapping: entity.getTipoImposto().
[INFO] -- MapStruct: mapping property: entity.getNomeImposto() to: nomeImposto.
[INFO] -- MapStruct: selecting property mapping: entity.getNomeImposto().
[INFO] -- MapStruct: mapping property: entity.getAliquotaPercentual() to: aliquotaPercentual.
[INFO] -- MapStruct: selecting property mapping: entity.getAliquotaPercentual().
[INFO] -- MapStruct: mapping property: entity.getBaseCalculo() to: baseCalculo.
[INFO] -- MapStruct: selecting property mapping: entity.getBaseCalculo().
[INFO] -- MapStruct: mapping property: entity.getCodigoReceita() to: codigoReceita.
[INFO] -- MapStruct: selecting property mapping: entity.getCodigoReceita().
[INFO] -- MapStruct: mapping property: entity.getAplicavelRegime() to: aplicavelRegime.
[INFO] -- MapStruct: selecting property mapping: entity.getAplicavelRegime().
[INFO] -- MapStruct: mapping property: entity.getAtivo() to: ativo.
[INFO] -- MapStruct: selecting property mapping: entity.getAtivo().
[INFO] -- MapStruct: mapping property: entity.getDataInicioVigencia() to: dataInicioVigencia.
[INFO] -- MapStruct: selecting property mapping: entity.getDataInicioVigencia().
[INFO] -- MapStruct: mapping property: entity.getDataFimVigencia() to: dataFimVigencia.
[INFO] -- MapStruct: selecting property mapping: entity.getDataFimVigencia().
[INFO] -- MapStruct: mapping property: entity.getObservacoes() to: observacoes.
[INFO] -- MapStruct: selecting property mapping: entity.getObservacoes().
[INFO] - MapStruct: creating bean mapping method implementation for void updateEntityFromDTO(com.neritech.saas.financeiro.dto.ImpostoRequest request, @MappingTarget com.neritech.saas.financeiro.domain.Imposto entity).
[INFO] -- MapStruct: mapping property: request.tipoImposto() to: setTipoImposto(com.neritech.saas.financeiro.domain.enums.TipoImposto).
[INFO] -- MapStruct: selecting property mapping: request.tipoImposto().
[INFO] -- MapStruct: mapping property: request.nomeImposto() to: setNomeImposto(java.lang.String).
[INFO] -- MapStruct: selecting property mapping: request.nomeImposto().
[INFO] -- MapStruct: mapping property: request.aliquotaPercentual() to: setAliquotaPercentual(java.math.BigDecimal).
[INFO] -- MapStruct: selecting property mapping: request.aliquotaPercentual().
[INFO] -- MapStruct: mapping property: request.baseCalculo() to: setBaseCalculo(com.neritech.saas.financeiro.domain.enums.BaseCalculoImposto).
[INFO] -- MapStruct: selecting property mapping: request.baseCalculo().
[INFO] -- MapStruct: mapping property: request.codigoReceita() to: setCodigoReceita(java.lang.String).
[INFO] -- MapStruct: selecting property mapping: request.codigoReceita().
[INFO] -- MapStruct: mapping property: request.aplicavelRegime() to: setAplicavelRegime(java.lang.String).
[INFO] -- MapStruct: selecting property mapping: request.aplicavelRegime().
[INFO] -- MapStruct: mapping property: request.dataInicioVigencia() to: setDataInicioVigencia(java.time.LocalDate).
[INFO] -- MapStruct: selecting property mapping: request.dataInicioVigencia().
[INFO] -- MapStruct: mapping property: request.dataFimVigencia() to: setDataFimVigencia(java.time.LocalDate).
[INFO] -- MapStruct: selecting property mapping: request.dataFimVigencia().
[INFO] -- MapStruct: mapping property: request.observacoes() to: setObservacoes(java.lang.String).
[INFO] -- MapStruct: selecting property mapping: request.observacoes().
[INFO] -- MapStruct: mapping property: request.ativo() to: setAtivo(java.lang.Boolean).
[INFO] -- MapStruct: selecting property mapping: request.ativo().
[INFO]  MapStruct: processing: com.neritech.saas.produtoServico.mapper.ProdutoMapper.
[INFO] - MapStruct: creating bean mapping method implementation for com.neritech.saas.produtoServico.domain.Produto toEntity(com.neritech.saas.produtoServico.dto.ProdutoRequest request).
[INFO] -- MapStruct: mapping property: request.codigoInterno() to: setCodigoInterno(java.lang.String).
[INFO] -- MapStruct: selecting property mapping: request.codigoInterno().
[INFO] -- MapStruct: mapping property: request.codigoBarras() to: setCodigoBarras(java.lang.String).
[INFO] -- MapStruct: selecting property mapping: request.codigoBarras().
[INFO] -- MapStruct: mapping property: request.codigoFabricante() to: setCodigoFabricante(java.lang.String).
[INFO] -- MapStruct: selecting property mapping: request.codigoFabricante().
[INFO] -- MapStruct: mapping property: request.nome() to: setNome(java.lang.String).
[INFO] -- MapStruct: selecting property mapping: request.nome().
[INFO] -- MapStruct: mapping property: request.descricao() to: setDescricao(java.lang.String).
[INFO] -- MapStruct: selecting property mapping: request.descricao().
[INFO] -- MapStruct: mapping property: request.descricaoDetalhada() to: setDescricaoDetalhada(java.lang.String).
[INFO] -- MapStruct: selecting property mapping: request.descricaoDetalhada().
[INFO] -- MapStruct: mapping property: request.marca() to: setMarca(java.lang.String).
[INFO] -- MapStruct: selecting property mapping: request.marca().
[INFO] -- MapStruct: mapping property: request.modelo() to: setModelo(java.lang.String).
[INFO] -- MapStruct: selecting property mapping: request.modelo().
[INFO] -- MapStruct: mapping property: request.aplicacao() to: setAplicacao(java.lang.String).
[INFO] -- MapStruct: selecting property mapping: request.aplicacao().
[INFO] -- MapStruct: mapping property: request.especificacoesTecnicas() to: setEspecificacoesTecnicas(java.lang.String).
[INFO] -- MapStruct: selecting property mapping: request.especificacoesTecnicas().
[INFO] -- MapStruct: mapping property: request.pesoLiquido() to: setPesoLiquido(java.math.BigDecimal).
[INFO] -- MapStruct: selecting property mapping: request.pesoLiquido().
[INFO] -- MapStruct: mapping property: request.pesoBruto() to: setPesoBruto(java.math.BigDecimal).
[INFO] -- MapStruct: selecting property mapping: request.pesoBruto().
[INFO] -- MapStruct: mapping property: request.dimensoesComprimento() to: setDimensoesComprimento(java.math.BigDecimal).
[INFO] -- MapStruct: selecting property mapping: request.dimensoesComprimento().
[INFO] -- MapStruct: mapping property: request.dimensoesLargura() to: setDimensoesLargura(java.math.BigDecimal).
[INFO] -- MapStruct: selecting property mapping: request.dimensoesLargura().
[INFO] -- MapStruct: mapping property: request.dimensoesAltura() to: setDimensoesAltura(java.math.BigDecimal).
[INFO] -- MapStruct: selecting property mapping: request.dimensoesAltura().
[INFO] -- MapStruct: mapping property: request.precoCusto() to: setPrecoCusto(java.math.BigDecimal).
[INFO] -- MapStruct: selecting property mapping: request.precoCusto().
[INFO] -- MapStruct: mapping property: request.precoVenda() to: setPrecoVenda(java.math.BigDecimal).
[INFO] -- MapStruct: selecting property mapping: request.precoVenda().
[INFO] -- MapStruct: mapping property: request.margemLucroPercentual() to: setMargemLucroPercentual(java.math.BigDecimal).
[INFO] -- MapStruct: selecting property mapping: request.margemLucroPercentual().
[INFO] -- MapStruct: mapping property: request.estoqueMinimo() to: setEstoqueMinimo(java.math.BigDecimal).
[INFO] -- MapStruct: selecting property mapping: request.estoqueMinimo().
[INFO] -- MapStruct: mapping property: request.estoqueMaximo() to: setEstoqueMaximo(java.math.BigDecimal).
[INFO] -- MapStruct: selecting property mapping: request.estoqueMaximo().
[INFO] -- MapStruct: mapping property: request.pontoReposicao() to: setPontoReposicao(java.math.BigDecimal).
[INFO] -- MapStruct: selecting property mapping: request.pontoReposicao().
[INFO] -- MapStruct: mapping property: request.controlaLote() to: setControlaLote(java.lang.Boolean).
[INFO] -- MapStruct: selecting property mapping: request.controlaLote().
[INFO] -- MapStruct: mapping property: request.controlaValidade() to: setControlaValidade(java.lang.Boolean).
[INFO] -- MapStruct: selecting property mapping: request.controlaValidade().
[INFO] -- MapStruct: mapping property: request.diasValidade() to: setDiasValidade(java.lang.Integer).
[INFO] -- MapStruct: selecting property mapping: request.diasValidade().
[INFO] -- MapStruct: mapping property: request.ncm() to: setNcm(java.lang.String).
[INFO] -- MapStruct: selecting property mapping: request.ncm().
[INFO] -- MapStruct: mapping property: request.cest() to: setCest(java.lang.String).
[INFO] -- MapStruct: selecting property mapping: request.cest().
[INFO] -- MapStruct: mapping property: request.origemProduto() to: setOrigemProduto(java.lang.String).
[INFO] -- MapStruct: selecting property mapping: request.origemProduto().
[INFO] -- MapStruct: mapping property: request.fotoPrincipalUrl() to: setFotoPrincipalUrl(java.lang.String).
[INFO] -- MapStruct: selecting property mapping: request.fotoPrincipalUrl().
[INFO] -- MapStruct: mapping property: request.garantiaMeses() to: setGarantiaMeses(java.lang.Integer).
[INFO] -- MapStruct: selecting property mapping: request.garantiaMeses().
[INFO] -- MapStruct: mapping property: request.observacoes() to: setObservacoes(java.lang.String).
[INFO] -- MapStruct: selecting property mapping: request.observacoes().
[INFO] -- MapStruct: mapping property: request.ativo() to: setAtivo(java.lang.Boolean).
[INFO] -- MapStruct: selecting property mapping: request.ativo().
[INFO] -- MapStruct: mapping property: request.destaque() to: setDestaque(java.lang.Boolean).
[INFO] -- MapStruct: selecting property mapping: request.destaque().
[INFO] -- MapStruct: mapping property: request.promocional() to: setPromocional(java.lang.Boolean).
[INFO] -- MapStruct: selecting property mapping: request.promocional().
[INFO] -- MapStruct: mapping property: request.pontosFidelidade() to: setPontosFidelidade(java.lang.Integer).
[INFO] -- MapStruct: selecting property mapping: request.pontosFidelidade().
[INFO] -- MapStruct: mapping property: request.comissaoVendaPercentual() to: setComissaoVendaPercentual(java.math.BigDecimal).
[INFO] -- MapStruct: selecting property mapping: request.comissaoVendaPercentual().
[INFO] - MapStruct: creating bean mapping method implementation for com.neritech.saas.produtoServico.dto.ProdutoResponse toResponse(com.neritech.saas.produtoServico.domain.Produto entity).
[INFO] -- MapStruct: mapping property: entity.getEmpresaId() to: empresaId.
[INFO] -- MapStruct: selecting property mapping: entity.getEmpresaId().
[INFO] -- MapStruct: mapping property: entityCategoriaId( entity ) to: categoriaId.
[INFO] -- MapStruct: selecting property mapping: entityCategoriaId( entity ).
[INFO] -- MapStruct: mapping property: entityCategoriaNome( entity ) to: categoriaNome.
[INFO] -- MapStruct: selecting property mapping: entityCategoriaNome( entity ).
[INFO] -- MapStruct: mapping property: entityUnidadeMedidaId( entity ) to: unidadeMedidaId.
[INFO] -- MapStruct: selecting property mapping: entityUnidadeMedidaId( entity ).
[INFO] -- MapStruct: mapping property: entityUnidadeMedidaSigla( entity ) to: unidadeMedidaSigla.
[INFO] -- MapStruct: selecting property mapping: entityUnidadeMedidaSigla( entity ).
[INFO] -- MapStruct: mapping property: entity.getId() to: id.
[INFO] -- MapStruct: selecting property mapping: entity.getId().
[INFO] -- MapStruct: mapping property: entity.getCodigoInterno() to: codigoInterno.
[INFO] -- MapStruct: selecting property mapping: entity.getCodigoInterno().
[INFO] -- MapStruct: mapping property: entity.getCodigoBarras() to: codigoBarras.
[INFO] -- MapStruct: selecting property mapping: entity.getCodigoBarras().
[INFO] -- MapStruct: mapping property: entity.getCodigoFabricante() to: codigoFabricante.
[INFO] -- MapStruct: selecting property mapping: entity.getCodigoFabricante().
[INFO] -- MapStruct: mapping property: entity.getNome() to: nome.
[INFO] -- MapStruct: selecting property mapping: entity.getNome().
[INFO] -- MapStruct: mapping property: entity.getDescricao() to: descricao.
[INFO] -- MapStruct: selecting property mapping: entity.getDescricao().
[INFO] -- MapStruct: mapping property: entity.getDescricaoDetalhada() to: descricaoDetalhada.
[INFO] -- MapStruct: selecting property mapping: entity.getDescricaoDetalhada().
[INFO] -- MapStruct: mapping property: entity.getMarca() to: marca.
[INFO] -- MapStruct: selecting property mapping: entity.getMarca().
[INFO] -- MapStruct: mapping property: entity.getModelo() to: modelo.
[INFO] -- MapStruct: selecting property mapping: entity.getModelo().
[INFO] -- MapStruct: mapping property: entity.getAplicacao() to: aplicacao.
[INFO] -- MapStruct: selecting property mapping: entity.getAplicacao().
[INFO] -- MapStruct: mapping property: entity.getEspecificacoesTecnicas() to: especificacoesTecnicas.
[INFO] -- MapStruct: selecting property mapping: entity.getEspecificacoesTecnicas().
[INFO] -- MapStruct: mapping property: entity.getPesoLiquido() to: pesoLiquido.
[INFO] -- MapStruct: selecting property mapping: entity.getPesoLiquido().
[INFO] -- MapStruct: mapping property: entity.getPesoBruto() to: pesoBruto.
[INFO] -- MapStruct: selecting property mapping: entity.getPesoBruto().
[INFO] -- MapStruct: mapping property: entity.getDimensoesComprimento() to: dimensoesComprimento.
[INFO] -- MapStruct: selecting property mapping: entity.getDimensoesComprimento().
[INFO] -- MapStruct: mapping property: entity.getDimensoesLargura() to: dimensoesLargura.
[INFO] -- MapStruct: selecting property mapping: entity.getDimensoesLargura().
[INFO] -- MapStruct: mapping property: entity.getDimensoesAltura() to: dimensoesAltura.
[INFO] -- MapStruct: selecting property mapping: entity.getDimensoesAltura().
[INFO] -- MapStruct: mapping property: entity.getPrecoCusto() to: precoCusto.
[INFO] -- MapStruct: selecting property mapping: entity.getPrecoCusto().
[INFO] -- MapStruct: mapping property: entity.getPrecoVenda() to: precoVenda.
[INFO] -- MapStruct: selecting property mapping: entity.getPrecoVenda().
[INFO] -- MapStruct: mapping property: entity.getMargemLucroPercentual() to: margemLucroPercentual.
[INFO] -- MapStruct: selecting property mapping: entity.getMargemLucroPercentual().
[INFO] -- MapStruct: mapping property: entity.getEstoqueMinimo() to: estoqueMinimo.
[INFO] -- MapStruct: selecting property mapping: entity.getEstoqueMinimo().
[INFO] -- MapStruct: mapping property: entity.getEstoqueMaximo() to: estoqueMaximo.
[INFO] -- MapStruct: selecting property mapping: entity.getEstoqueMaximo().
[INFO] -- MapStruct: mapping property: entity.getPontoReposicao() to: pontoReposicao.
[INFO] -- MapStruct: selecting property mapping: entity.getPontoReposicao().
[INFO] -- MapStruct: mapping property: entity.getControlaLote() to: controlaLote.
[INFO] -- MapStruct: selecting property mapping: entity.getControlaLote().
[INFO] -- MapStruct: mapping property: entity.getControlaValidade() to: controlaValidade.
[INFO] -- MapStruct: selecting property mapping: entity.getControlaValidade().
[INFO] -- MapStruct: mapping property: entity.getDiasValidade() to: diasValidade.
[INFO] -- MapStruct: selecting property mapping: entity.getDiasValidade().
[INFO] -- MapStruct: mapping property: entity.getNcm() to: ncm.
[INFO] -- MapStruct: selecting property mapping: entity.getNcm().
[INFO] -- MapStruct: mapping property: entity.getCest() to: cest.
[INFO] -- MapStruct: selecting property mapping: entity.getCest().
[INFO] -- MapStruct: mapping property: entity.getOrigemProduto() to: origemProduto.
[INFO] -- MapStruct: selecting property mapping: entity.getOrigemProduto().
[INFO] -- MapStruct: mapping property: entity.getFotoPrincipalUrl() to: fotoPrincipalUrl.
[INFO] -- MapStruct: selecting property mapping: entity.getFotoPrincipalUrl().
[INFO] -- MapStruct: mapping property: entity.getGarantiaMeses() to: garantiaMeses.
[INFO] -- MapStruct: selecting property mapping: entity.getGarantiaMeses().
[INFO] -- MapStruct: mapping property: entity.getObservacoes() to: observacoes.
[INFO] -- MapStruct: selecting property mapping: entity.getObservacoes().
[INFO] -- MapStruct: mapping property: entity.getAtivo() to: ativo.
[INFO] -- MapStruct: selecting property mapping: entity.getAtivo().
[INFO] -- MapStruct: mapping property: entity.getDestaque() to: destaque.
[INFO] -- MapStruct: selecting property mapping: entity.getDestaque().
[INFO] -- MapStruct: mapping property: entity.getPromocional() to: promocional.
[INFO] -- MapStruct: selecting property mapping: entity.getPromocional().
[INFO] -- MapStruct: mapping property: entity.getPontosFidelidade() to: pontosFidelidade.
[INFO] -- MapStruct: selecting property mapping: entity.getPontosFidelidade().
[INFO] -- MapStruct: mapping property: entity.getComissaoVendaPercentual() to: comissaoVendaPercentual.
[INFO] -- MapStruct: selecting property mapping: entity.getComissaoVendaPercentual().
[INFO] - MapStruct: creating bean mapping method implementation for void updateEntityFromRequest(com.neritech.saas.produtoServico.dto.ProdutoRequest request, @MappingTarget com.neritech.saas.produtoServico.domain.Produto entity).
[INFO] -- MapStruct: mapping property: request.codigoInterno() to: setCodigoInterno(java.lang.String).
[INFO] -- MapStruct: selecting property mapping: request.codigoInterno().
[INFO] -- MapStruct: mapping property: request.codigoBarras() to: setCodigoBarras(java.lang.String).
[INFO] -- MapStruct: selecting property mapping: request.codigoBarras().
[INFO] -- MapStruct: mapping property: request.codigoFabricante() to: setCodigoFabricante(java.lang.String).
[INFO] -- MapStruct: selecting property mapping: request.codigoFabricante().
[INFO] -- MapStruct: mapping property: request.nome() to: setNome(java.lang.String).
[INFO] -- MapStruct: selecting property mapping: request.nome().
[INFO] -- MapStruct: mapping property: request.descricao() to: setDescricao(java.lang.String).
[INFO] -- MapStruct: selecting property mapping: request.descricao().
[INFO] -- MapStruct: mapping property: request.descricaoDetalhada() to: setDescricaoDetalhada(java.lang.String).
[INFO] -- MapStruct: selecting property mapping: request.descricaoDetalhada().
[INFO] -- MapStruct: mapping property: request.marca() to: setMarca(java.lang.String).
[INFO] -- MapStruct: selecting property mapping: request.marca().
[INFO] -- MapStruct: mapping property: request.modelo() to: setModelo(java.lang.String).
[INFO] -- MapStruct: selecting property mapping: request.modelo().
[INFO] -- MapStruct: mapping property: request.aplicacao() to: setAplicacao(java.lang.String).
[INFO] -- MapStruct: selecting property mapping: request.aplicacao().
[INFO] -- MapStruct: mapping property: request.especificacoesTecnicas() to: setEspecificacoesTecnicas(java.lang.String).
[INFO] -- MapStruct: selecting property mapping: request.especificacoesTecnicas().
[INFO] -- MapStruct: mapping property: request.pesoLiquido() to: setPesoLiquido(java.math.BigDecimal).
[INFO] -- MapStruct: selecting property mapping: request.pesoLiquido().
[INFO] -- MapStruct: mapping property: request.pesoBruto() to: setPesoBruto(java.math.BigDecimal).
[INFO] -- MapStruct: selecting property mapping: request.pesoBruto().
[INFO] -- MapStruct: mapping property: request.dimensoesComprimento() to: setDimensoesComprimento(java.math.BigDecimal).
[INFO] -- MapStruct: selecting property mapping: request.dimensoesComprimento().
[INFO] -- MapStruct: mapping property: request.dimensoesLargura() to: setDimensoesLargura(java.math.BigDecimal).
[INFO] -- MapStruct: selecting property mapping: request.dimensoesLargura().
[INFO] -- MapStruct: mapping property: request.dimensoesAltura() to: setDimensoesAltura(java.math.BigDecimal).
[INFO] -- MapStruct: selecting property mapping: request.dimensoesAltura().
[INFO] -- MapStruct: mapping property: request.precoCusto() to: setPrecoCusto(java.math.BigDecimal).
[INFO] -- MapStruct: selecting property mapping: request.precoCusto().
[INFO] -- MapStruct: mapping property: request.precoVenda() to: setPrecoVenda(java.math.BigDecimal).
[INFO] -- MapStruct: selecting property mapping: request.precoVenda().
[INFO] -- MapStruct: mapping property: request.margemLucroPercentual() to: setMargemLucroPercentual(java.math.BigDecimal).
[INFO] -- MapStruct: selecting property mapping: request.margemLucroPercentual().
[INFO] -- MapStruct: mapping property: request.estoqueMinimo() to: setEstoqueMinimo(java.math.BigDecimal).
[INFO] -- MapStruct: selecting property mapping: request.estoqueMinimo().
[INFO] -- MapStruct: mapping property: request.estoqueMaximo() to: setEstoqueMaximo(java.math.BigDecimal).
[INFO] -- MapStruct: selecting property mapping: request.estoqueMaximo().
[INFO] -- MapStruct: mapping property: request.pontoReposicao() to: setPontoReposicao(java.math.BigDecimal).
[INFO] -- MapStruct: selecting property mapping: request.pontoReposicao().
[INFO] -- MapStruct: mapping property: request.controlaLote() to: setControlaLote(java.lang.Boolean).
[INFO] -- MapStruct: selecting property mapping: request.controlaLote().
[INFO] -- MapStruct: mapping property: request.controlaValidade() to: setControlaValidade(java.lang.Boolean).
[INFO] -- MapStruct: selecting property mapping: request.controlaValidade().
[INFO] -- MapStruct: mapping property: request.diasValidade() to: setDiasValidade(java.lang.Integer).
[INFO] -- MapStruct: selecting property mapping: request.diasValidade().
[INFO] -- MapStruct: mapping property: request.ncm() to: setNcm(java.lang.String).
[INFO] -- MapStruct: selecting property mapping: request.ncm().
[INFO] -- MapStruct: mapping property: request.cest() to: setCest(java.lang.String).
[INFO] -- MapStruct: selecting property mapping: request.cest().
[INFO] -- MapStruct: mapping property: request.origemProduto() to: setOrigemProduto(java.lang.String).
[INFO] -- MapStruct: selecting property mapping: request.origemProduto().
[INFO] -- MapStruct: mapping property: request.fotoPrincipalUrl() to: setFotoPrincipalUrl(java.lang.String).
[INFO] -- MapStruct: selecting property mapping: request.fotoPrincipalUrl().
[INFO] -- MapStruct: mapping property: request.garantiaMeses() to: setGarantiaMeses(java.lang.Integer).
[INFO] -- MapStruct: selecting property mapping: request.garantiaMeses().
[INFO] -- MapStruct: mapping property: request.observacoes() to: setObservacoes(java.lang.String).
[INFO] -- MapStruct: selecting property mapping: request.observacoes().
[INFO] -- MapStruct: mapping property: request.ativo() to: setAtivo(java.lang.Boolean).
[INFO] -- MapStruct: selecting property mapping: request.ativo().
[INFO] -- MapStruct: mapping property: request.destaque() to: setDestaque(java.lang.Boolean).
[INFO] -- MapStruct: selecting property mapping: request.destaque().
[INFO] -- MapStruct: mapping property: request.promocional() to: setPromocional(java.lang.Boolean).
[INFO] -- MapStruct: selecting property mapping: request.promocional().
[INFO] -- MapStruct: mapping property: request.pontosFidelidade() to: setPontosFidelidade(java.lang.Integer).
[INFO] -- MapStruct: selecting property mapping: request.pontosFidelidade().
[INFO] -- MapStruct: mapping property: request.comissaoVendaPercentual() to: setComissaoVendaPercentual(java.math.BigDecimal).
[INFO] -- MapStruct: selecting property mapping: request.comissaoVendaPercentual().
[INFO]  MapStruct: processing: com.neritech.saas.comunicacao.mapper.ComunicacaoEnviadaMapper.
[INFO] - MapStruct: creating bean mapping method implementation for com.neritech.saas.comunicacao.domain.ComunicacaoEnviada toEntity(com.neritech.saas.comunicacao.dto.ComunicacaoEnviadaRequest request).
[INFO] -- MapStruct: mapping property: request.empresaId() to: setEmpresaId(java.lang.Long).
[INFO] -- MapStruct: selecting property mapping: request.empresaId().
[INFO] -- MapStruct: mapping property: request.templateId() to: setTemplateId(java.lang.Long).
[INFO] -- MapStruct: selecting property mapping: request.templateId().
[INFO] -- MapStruct: mapping property: request.campanhaId() to: setCampanhaId(java.lang.Long).
[INFO] -- MapStruct: selecting property mapping: request.campanhaId().
[INFO] -- MapStruct: mapping property: request.tipoComunicacao() to: setTipoComunicacao(com.neritech.saas.comunicacao.domain.enums.TipoComunicacao).
[INFO] -- MapStruct: selecting property mapping: request.tipoComunicacao().
[INFO] -- MapStruct: mapping property: request.destinatarioTipo() to: setDestinatarioTipo(com.neritech.saas.comunicacao.domain.enums.DestinatarioTipo).
[INFO] -- MapStruct: selecting property mapping: request.destinatarioTipo().
[INFO] -- MapStruct: mapping property: request.destinatarioId() to: setDestinatarioId(java.lang.Long).
[INFO] -- MapStruct: selecting property mapping: request.destinatarioId().
[INFO] -- MapStruct: mapping property: request.destinatarioNome() to: setDestinatarioNome(java.lang.String).
[INFO] -- MapStruct: selecting property mapping: request.destinatarioNome().
[INFO] -- MapStruct: mapping property: request.destinatarioContato() to: setDestinatarioContato(java.lang.String).
[INFO] -- MapStruct: selecting property mapping: request.destinatarioContato().
[INFO] -- MapStruct: mapping property: request.assunto() to: setAssunto(java.lang.String).
[INFO] -- MapStruct: selecting property mapping: request.assunto().
[INFO] -- MapStruct: mapping property: request.conteudo() to: setConteudo(java.lang.String).
[INFO] -- MapStruct: selecting property mapping: request.conteudo().
[INFO] -- MapStruct: mapping property: request.anexos() to: setAnexos(java.lang.String).
[INFO] -- MapStruct: selecting property mapping: request.anexos().
[INFO] -- MapStruct: mapping property: request.agendadaPara() to: setAgendadaPara(java.time.LocalDateTime).
[INFO] -- MapStruct: selecting property mapping: request.agendadaPara().
[INFO] -- MapStruct: mapping property: request.status() to: setStatus(com.neritech.saas.comunicacao.domain.enums.StatusComunicacao).
[INFO] -- MapStruct: selecting property mapping: request.status().
[INFO] -- MapStruct: mapping property: request.automatica() to: setAutomatica(java.lang.Boolean).
[INFO] -- MapStruct: selecting property mapping: request.automatica().
[INFO] -- MapStruct: mapping property: request.ordemServicoId() to: setOrdemServicoId(java.lang.Long).
[INFO] -- MapStruct: selecting property mapping: request.ordemServicoId().
[INFO] -- MapStruct: mapping property: request.agendamentoId() to: setAgendamentoId(java.lang.Long).
[INFO] -- MapStruct: selecting property mapping: request.agendamentoId().
[INFO] -- MapStruct: mapping property: request.faturaId() to: setFaturaId(java.lang.Long).
[INFO] -- MapStruct: selecting property mapping: request.faturaId().
[INFO] -- MapStruct: mapping property: request.usuarioEnvio() to: setUsuarioEnvio(java.lang.Long).
[INFO] -- MapStruct: selecting property mapping: request.usuarioEnvio().
[WARNING] /C:/Users/alexa/OneDrive/Documentos/NeriTech/backend/src/main/java/com/neritech/saas/comunicacao/mapper/ComunicacaoEnviadaMapper.java:[28,24] Unmapped target properties: "criadoPor, atualizadoPor".
[INFO] - MapStruct: creating bean mapping method implementation for com.neritech.saas.comunicacao.dto.ComunicacaoEnviadaResponse toResponse(com.neritech.saas.comunicacao.domain.ComunicacaoEnviada entity).
[INFO] -- MapStruct: mapping property: entity.getId() to: id.
[INFO] -- MapStruct: selecting property mapping: entity.getId().
[INFO] -- MapStruct: mapping property: entity.getEmpresaId() to: empresaId.
[INFO] -- MapStruct: selecting property mapping: entity.getEmpresaId().
[INFO] -- MapStruct: mapping property: entity.getTemplateId() to: templateId.
[INFO] -- MapStruct: selecting property mapping: entity.getTemplateId().
[INFO] -- MapStruct: mapping property: entity.getCampanhaId() to: campanhaId.
[INFO] -- MapStruct: selecting property mapping: entity.getCampanhaId().
[INFO] -- MapStruct: mapping property: entity.getTipoComunicacao() to: tipoComunicacao.
[INFO] -- MapStruct: selecting property mapping: entity.getTipoComunicacao().
[INFO] -- MapStruct: mapping property: entity.getDestinatarioTipo() to: destinatarioTipo.
[INFO] -- MapStruct: selecting property mapping: entity.getDestinatarioTipo().
[INFO] -- MapStruct: mapping property: entity.getDestinatarioId() to: destinatarioId.
[INFO] -- MapStruct: selecting property mapping: entity.getDestinatarioId().
[INFO] -- MapStruct: mapping property: entity.getDestinatarioNome() to: destinatarioNome.
[INFO] -- MapStruct: selecting property mapping: entity.getDestinatarioNome().
[INFO] -- MapStruct: mapping property: entity.getDestinatarioContato() to: destinatarioContato.
[INFO] -- MapStruct: selecting property mapping: entity.getDestinatarioContato().
[INFO] -- MapStruct: mapping property: entity.getAssunto() to: assunto.
[INFO] -- MapStruct: selecting property mapping: entity.getAssunto().
[INFO] -- MapStruct: mapping property: entity.getConteudo() to: conteudo.
[INFO] -- MapStruct: selecting property mapping: entity.getConteudo().
[INFO] -- MapStruct: mapping property: entity.getAnexos() to: anexos.
[INFO] -- MapStruct: selecting property mapping: entity.getAnexos().
[INFO] -- MapStruct: mapping property: entity.getAgendadaPara() to: agendadaPara.
[INFO] -- MapStruct: selecting property mapping: entity.getAgendadaPara().
[INFO] -- MapStruct: mapping property: entity.getDataEnvio() to: dataEnvio.
[INFO] -- MapStruct: selecting property mapping: entity.getDataEnvio().
[INFO] -- MapStruct: mapping property: entity.getDataEntrega() to: dataEntrega.
[INFO] -- MapStruct: selecting property mapping: entity.getDataEntrega().
[INFO] -- MapStruct: mapping property: entity.getDataLeitura() to: dataLeitura.
[INFO] -- MapStruct: selecting property mapping: entity.getDataLeitura().
[INFO] -- MapStruct: mapping property: entity.getDataClique() to: dataClique.
[INFO] -- MapStruct: selecting property mapping: entity.getDataClique().
[INFO] -- MapStruct: mapping property: entity.getStatus() to: status.
[INFO] -- MapStruct: selecting property mapping: entity.getStatus().
[INFO] -- MapStruct: mapping property: entity.getTentativasEnvio() to: tentativasEnvio.
[INFO] -- MapStruct: selecting property mapping: entity.getTentativasEnvio().
[INFO] -- MapStruct: mapping property: entity.getErroEnvio() to: erroEnvio.
[INFO] -- MapStruct: selecting property mapping: entity.getErroEnvio().
[INFO] -- MapStruct: mapping property: entity.getCustoEnvio() to: custoEnvio.
[INFO] -- MapStruct: selecting property mapping: entity.getCustoEnvio().
[INFO] -- MapStruct: mapping property: entity.getRespostaDestinatario() to: respostaDestinatario.
[INFO] -- MapStruct: selecting property mapping: entity.getRespostaDestinatario().
[INFO] -- MapStruct: mapping property: entity.getDataResposta() to: dataResposta.
[INFO] -- MapStruct: selecting property mapping: entity.getDataResposta().
[INFO] -- MapStruct: mapping property: entity.getAvaliacaoConteudo() to: avaliacaoConteudo.
[INFO] -- MapStruct: selecting property mapping: entity.getAvaliacaoConteudo().
[INFO] -- MapStruct: mapping property: entity.getMotivoAvaliacao() to: motivoAvaliacao.
[INFO] -- MapStruct: selecting property mapping: entity.getMotivoAvaliacao().
[INFO] -- MapStruct: mapping property: entity.getAutomatica() to: automatica.
[INFO] -- MapStruct: selecting property mapping: entity.getAutomatica().
[INFO] -- MapStruct: mapping property: entity.getOrdemServicoId() to: ordemServicoId.
[INFO] -- MapStruct: selecting property mapping: entity.getOrdemServicoId().
[INFO] -- MapStruct: mapping property: entity.getAgendamentoId() to: agendamentoId.
[INFO] -- MapStruct: selecting property mapping: entity.getAgendamentoId().
[INFO] -- MapStruct: mapping property: entity.getFaturaId() to: faturaId.
[INFO] -- MapStruct: selecting property mapping: entity.getFaturaId().
[INFO] -- MapStruct: mapping property: entity.getUsuarioEnvio() to: usuarioEnvio.
[INFO] -- MapStruct: selecting property mapping: entity.getUsuarioEnvio().
[INFO] -- MapStruct: mapping property: entity.getDataCadastro() to: dataCadastro.
[INFO] -- MapStruct: selecting property mapping: entity.getDataCadastro().
[INFO] - MapStruct: creating bean mapping method implementation for void updateEntity(com.neritech.saas.comunicacao.dto.ComunicacaoEnviadaRequest request, @MappingTarget com.neritech.saas.comunicacao.domain.ComunicacaoEnviada entity).
[INFO] -- MapStruct: mapping property: request.empresaId() to: setEmpresaId(java.lang.Long).
[INFO] -- MapStruct: selecting property mapping: request.empresaId().
[INFO] -- MapStruct: mapping property: request.templateId() to: setTemplateId(java.lang.Long).
[INFO] -- MapStruct: selecting property mapping: request.templateId().
[INFO] -- MapStruct: mapping property: request.campanhaId() to: setCampanhaId(java.lang.Long).
[INFO] -- MapStruct: selecting property mapping: request.campanhaId().
[INFO] -- MapStruct: mapping property: request.tipoComunicacao() to: setTipoComunicacao(com.neritech.saas.comunicacao.domain.enums.TipoComunicacao).
[INFO] -- MapStruct: selecting property mapping: request.tipoComunicacao().
[INFO] -- MapStruct: mapping property: request.destinatarioTipo() to: setDestinatarioTipo(com.neritech.saas.comunicacao.domain.enums.DestinatarioTipo).
[INFO] -- MapStruct: selecting property mapping: request.destinatarioTipo().
[INFO] -- MapStruct: mapping property: request.destinatarioId() to: setDestinatarioId(java.lang.Long).
[INFO] -- MapStruct: selecting property mapping: request.destinatarioId().
[INFO] -- MapStruct: mapping property: request.destinatarioNome() to: setDestinatarioNome(java.lang.String).
[INFO] -- MapStruct: selecting property mapping: request.destinatarioNome().
[INFO] -- MapStruct: mapping property: request.destinatarioContato() to: setDestinatarioContato(java.lang.String).
[INFO] -- MapStruct: selecting property mapping: request.destinatarioContato().
[INFO] -- MapStruct: mapping property: request.assunto() to: setAssunto(java.lang.String).
[INFO] -- MapStruct: selecting property mapping: request.assunto().
[INFO] -- MapStruct: mapping property: request.conteudo() to: setConteudo(java.lang.String).
[INFO] -- MapStruct: selecting property mapping: request.conteudo().
[INFO] -- MapStruct: mapping property: request.anexos() to: setAnexos(java.lang.String).
[INFO] -- MapStruct: selecting property mapping: request.anexos().
[INFO] -- MapStruct: mapping property: request.agendadaPara() to: setAgendadaPara(java.time.LocalDateTime).
[INFO] -- MapStruct: selecting property mapping: request.agendadaPara().
[INFO] -- MapStruct: mapping property: request.status() to: setStatus(com.neritech.saas.comunicacao.domain.enums.StatusComunicacao).
[INFO] -- MapStruct: selecting property mapping: request.status().
[INFO] -- MapStruct: mapping property: request.automatica() to: setAutomatica(java.lang.Boolean).
[INFO] -- MapStruct: selecting property mapping: request.automatica().
[INFO] -- MapStruct: mapping property: request.ordemServicoId() to: setOrdemServicoId(java.lang.Long).
[INFO] -- MapStruct: selecting property mapping: request.ordemServicoId().
[INFO] -- MapStruct: mapping property: request.agendamentoId() to: setAgendamentoId(java.lang.Long).
[INFO] -- MapStruct: selecting property mapping: request.agendamentoId().
[INFO] -- MapStruct: mapping property: request.faturaId() to: setFaturaId(java.lang.Long).
[INFO] -- MapStruct: selecting property mapping: request.faturaId().
[INFO] -- MapStruct: mapping property: request.usuarioEnvio() to: setUsuarioEnvio(java.lang.Long).
[INFO] -- MapStruct: selecting property mapping: request.usuarioEnvio().
[WARNING] /C:/Users/alexa/OneDrive/Documentos/NeriTech/backend/src/main/java/com/neritech/saas/comunicacao/mapper/ComunicacaoEnviadaMapper.java:[36,10] Unmapped target properties: "criadoPor, atualizadoPor, dataEnvio, dataEntrega, dataLeitura, dataClique, tentativasEnvio, erroEnvio, custoEnvio, respostaDestinatario, dataResposta, avaliacaoConteudo, motivoAvaliacao".
[INFO]  MapStruct: processing: com.neritech.saas.produtoServico.mapper.UnidadeMedidaMapper.
[INFO] - MapStruct: creating bean mapping method implementation for com.neritech.saas.produtoServico.domain.UnidadeMedida toEntity(com.neritech.saas.produtoServico.dto.UnidadeMedidaRequest request).
[INFO] MapStruct: referred types not available (yet), deferring mapper: com.neritech.saas.produtoServico.mapper.UnidadeMedidaMapper
[INFO]  MapStruct: processing: com.neritech.saas.produtoServico.mapper.PromocaoMapper.
[INFO] - MapStruct: creating bean mapping method implementation for com.neritech.saas.produtoServico.domain.Promocao toEntity(com.neritech.saas.produtoServico.dto.PromocaoRequest request).
[INFO] -- MapStruct: mapping property: request.nome() to: setNome(java.lang.String).
[INFO] -- MapStruct: selecting property mapping: request.nome().
[INFO] -- MapStruct: mapping property: request.descricao() to: setDescricao(java.lang.String).
[INFO] -- MapStruct: selecting property mapping: request.descricao().
[INFO] -- MapStruct: mapping property: request.tipoPromocao() to: setTipoPromocao(com.neritech.saas.produtoServico.domain.enums.TipoPromocao).
[INFO] -- MapStruct: selecting property mapping: request.tipoPromocao().
[INFO] -- MapStruct: mapping property: request.valorDesconto() to: setValorDesconto(java.math.BigDecimal).
[INFO] -- MapStruct: selecting property mapping: request.valorDesconto().
[INFO] -- MapStruct: mapping property: request.percentualDesconto() to: setPercentualDesconto(java.math.BigDecimal).
[INFO] -- MapStruct: selecting property mapping: request.percentualDesconto().
[INFO] -- MapStruct: mapping property: request.quantidadeLeve() to: setQuantidadeLeve(java.lang.Integer).
[INFO] -- MapStruct: selecting property mapping: request.quantidadeLeve().
[INFO] -- MapStruct: mapping property: request.quantidadePague() to: setQuantidadePague(java.lang.Integer).
[INFO] -- MapStruct: selecting property mapping: request.quantidadePague().
[INFO] -- MapStruct: mapping property: request.valorMinimoPedido() to: setValorMinimoPedido(java.math.BigDecimal).
[INFO] -- MapStruct: selecting property mapping: request.valorMinimoPedido().
[INFO] -- MapStruct: mapping property: request.dataInicio() to: setDataInicio(java.time.LocalDateTime).
[INFO] -- MapStruct: selecting property mapping: request.dataInicio().
[INFO] -- MapStruct: mapping property: request.dataFim() to: setDataFim(java.time.LocalDateTime).
[INFO] -- MapStruct: selecting property mapping: request.dataFim().
[INFO] -- MapStruct: mapping property: request.limiteUsoTotal() to: setLimiteUsoTotal(java.lang.Integer).
[INFO] -- MapStruct: selecting property mapping: request.limiteUsoTotal().
[INFO] -- MapStruct: mapping property: request.limiteUsoCliente() to: setLimiteUsoCliente(java.lang.Integer).
[INFO] -- MapStruct: selecting property mapping: request.limiteUsoCliente().
[INFO] -- MapStruct: mapping property: request.codigoCupom() to: setCodigoCupom(java.lang.String).
[INFO] -- MapStruct: selecting property mapping: request.codigoCupom().
[INFO] -- MapStruct: mapping property: request.aplicacaoAutomatica() to: setAplicacaoAutomatica(java.lang.Boolean).
[INFO] -- MapStruct: selecting property mapping: request.aplicacaoAutomatica().
[INFO] -- MapStruct: mapping property: request.categoriasAplicaveis() to: setCategoriasAplicaveis(java.lang.String).
[INFO] -- MapStruct: selecting property mapping: request.categoriasAplicaveis().
[INFO] -- MapStruct: mapping property: request.produtosAplicaveis() to: setProdutosAplicaveis(java.lang.String).
[INFO] -- MapStruct: selecting property mapping: request.produtosAplicaveis().
[INFO] -- MapStruct: mapping property: request.clientesAplicaveis() to: setClientesAplicaveis(java.lang.String).
[INFO] -- MapStruct: selecting property mapping: request.clientesAplicaveis().
[INFO] -- MapStruct: mapping property: request.canaisVenda() to: setCanaisVenda(java.lang.String).
[INFO] -- MapStruct: selecting property mapping: request.canaisVenda().
[INFO] -- MapStruct: mapping property: request.observacoes() to: setObservacoes(java.lang.String).
[INFO] -- MapStruct: selecting property mapping: request.observacoes().
[INFO] -- MapStruct: mapping property: request.ativo() to: setAtivo(java.lang.Boolean).
[INFO] -- MapStruct: selecting property mapping: request.ativo().
[INFO] - MapStruct: creating bean mapping method implementation for com.neritech.saas.produtoServico.dto.PromocaoResponse toResponse(com.neritech.saas.produtoServico.domain.Promocao entity).
[INFO] -- MapStruct: mapping property: entity.getEmpresaId() to: empresaId.
[INFO] -- MapStruct: selecting property mapping: entity.getEmpresaId().
[INFO] -- MapStruct: mapping property: entity.getId() to: id.
[INFO] -- MapStruct: selecting property mapping: entity.getId().
[INFO] -- MapStruct: mapping property: entity.getNome() to: nome.
[INFO] -- MapStruct: selecting property mapping: entity.getNome().
[INFO] -- MapStruct: mapping property: entity.getDescricao() to: descricao.
[INFO] -- MapStruct: selecting property mapping: entity.getDescricao().
[INFO] -- MapStruct: mapping property: entity.getTipoPromocao() to: tipoPromocao.
[INFO] -- MapStruct: selecting property mapping: entity.getTipoPromocao().
[INFO] -- MapStruct: mapping property: entity.getValorDesconto() to: valorDesconto.
[INFO] -- MapStruct: selecting property mapping: entity.getValorDesconto().
[INFO] -- MapStruct: mapping property: entity.getPercentualDesconto() to: percentualDesconto.
[INFO] -- MapStruct: selecting property mapping: entity.getPercentualDesconto().
[INFO] -- MapStruct: mapping property: entity.getQuantidadeLeve() to: quantidadeLeve.
[INFO] -- MapStruct: selecting property mapping: entity.getQuantidadeLeve().
[INFO] -- MapStruct: mapping property: entity.getQuantidadePague() to: quantidadePague.
[INFO] -- MapStruct: selecting property mapping: entity.getQuantidadePague().
[INFO] -- MapStruct: mapping property: entity.getValorMinimoPedido() to: valorMinimoPedido.
[INFO] -- MapStruct: selecting property mapping: entity.getValorMinimoPedido().
[INFO] -- MapStruct: mapping property: entity.getDataInicio() to: dataInicio.
[INFO] -- MapStruct: selecting property mapping: entity.getDataInicio().
[INFO] -- MapStruct: mapping property: entity.getDataFim() to: dataFim.
[INFO] -- MapStruct: selecting property mapping: entity.getDataFim().
[INFO] -- MapStruct: mapping property: entity.getLimiteUsoTotal() to: limiteUsoTotal.
[INFO] -- MapStruct: selecting property mapping: entity.getLimiteUsoTotal().
[INFO] -- MapStruct: mapping property: entity.getLimiteUsoCliente() to: limiteUsoCliente.
[INFO] -- MapStruct: selecting property mapping: entity.getLimiteUsoCliente().
[INFO] -- MapStruct: mapping property: entity.getVezesUtilizada() to: vezesUtilizada.
[INFO] -- MapStruct: selecting property mapping: entity.getVezesUtilizada().
[INFO] -- MapStruct: mapping property: entity.getCodigoCupom() to: codigoCupom.
[INFO] -- MapStruct: selecting property mapping: entity.getCodigoCupom().
[INFO] -- MapStruct: mapping property: entity.getAplicacaoAutomatica() to: aplicacaoAutomatica.
[INFO] -- MapStruct: selecting property mapping: entity.getAplicacaoAutomatica().
[INFO] -- MapStruct: mapping property: entity.getCategoriasAplicaveis() to: categoriasAplicaveis.
[INFO] -- MapStruct: selecting property mapping: entity.getCategoriasAplicaveis().
[INFO] -- MapStruct: mapping property: entity.getProdutosAplicaveis() to: produtosAplicaveis.
[INFO] -- MapStruct: selecting property mapping: entity.getProdutosAplicaveis().
[INFO] -- MapStruct: mapping property: entity.getClientesAplicaveis() to: clientesAplicaveis.
[INFO] -- MapStruct: selecting property mapping: entity.getClientesAplicaveis().
[INFO] -- MapStruct: mapping property: entity.getCanaisVenda() to: canaisVenda.
[INFO] -- MapStruct: selecting property mapping: entity.getCanaisVenda().
[INFO] -- MapStruct: mapping property: entity.getObservacoes() to: observacoes.
[INFO] -- MapStruct: selecting property mapping: entity.getObservacoes().
[INFO] -- MapStruct: mapping property: entity.getAtivo() to: ativo.
[INFO] -- MapStruct: selecting property mapping: entity.getAtivo().
[INFO] - MapStruct: creating bean mapping method implementation for void updateEntityFromRequest(com.neritech.saas.produtoServico.dto.PromocaoRequest request, @MappingTarget com.neritech.saas.produtoServico.domain.Promocao entity).
[INFO] -- MapStruct: mapping property: request.nome() to: setNome(java.lang.String).
[INFO] -- MapStruct: selecting property mapping: request.nome().
[INFO] -- MapStruct: mapping property: request.descricao() to: setDescricao(java.lang.String).
[INFO] -- MapStruct: selecting property mapping: request.descricao().
[INFO] -- MapStruct: mapping property: request.tipoPromocao() to: setTipoPromocao(com.neritech.saas.produtoServico.domain.enums.TipoPromocao).
[INFO] -- MapStruct: selecting property mapping: request.tipoPromocao().
[INFO] -- MapStruct: mapping property: request.valorDesconto() to: setValorDesconto(java.math.BigDecimal).
[INFO] -- MapStruct: selecting property mapping: request.valorDesconto().
[INFO] -- MapStruct: mapping property: request.percentualDesconto() to: setPercentualDesconto(java.math.BigDecimal).
[INFO] -- MapStruct: selecting property mapping: request.percentualDesconto().
[INFO] -- MapStruct: mapping property: request.quantidadeLeve() to: setQuantidadeLeve(java.lang.Integer).
[INFO] -- MapStruct: selecting property mapping: request.quantidadeLeve().
[INFO] -- MapStruct: mapping property: request.quantidadePague() to: setQuantidadePague(java.lang.Integer).
[INFO] -- MapStruct: selecting property mapping: request.quantidadePague().
[INFO] -- MapStruct: mapping property: request.valorMinimoPedido() to: setValorMinimoPedido(java.math.BigDecimal).
[INFO] -- MapStruct: selecting property mapping: request.valorMinimoPedido().
[INFO] -- MapStruct: mapping property: request.dataInicio() to: setDataInicio(java.time.LocalDateTime).
[INFO] -- MapStruct: selecting property mapping: request.dataInicio().
[INFO] -- MapStruct: mapping property: request.dataFim() to: setDataFim(java.time.LocalDateTime).
[INFO] -- MapStruct: selecting property mapping: request.dataFim().
[INFO] -- MapStruct: mapping property: request.limiteUsoTotal() to: setLimiteUsoTotal(java.lang.Integer).
[INFO] -- MapStruct: selecting property mapping: request.limiteUsoTotal().
[INFO] -- MapStruct: mapping property: request.limiteUsoCliente() to: setLimiteUsoCliente(java.lang.Integer).
[INFO] -- MapStruct: selecting property mapping: request.limiteUsoCliente().
[INFO] -- MapStruct: mapping property: request.codigoCupom() to: setCodigoCupom(java.lang.String).
[INFO] -- MapStruct: selecting property mapping: request.codigoCupom().
[INFO] -- MapStruct: mapping property: request.aplicacaoAutomatica() to: setAplicacaoAutomatica(java.lang.Boolean).
[INFO] -- MapStruct: selecting property mapping: request.aplicacaoAutomatica().
[INFO] -- MapStruct: mapping property: request.categoriasAplicaveis() to: setCategoriasAplicaveis(java.lang.String).
[INFO] -- MapStruct: selecting property mapping: request.categoriasAplicaveis().
[INFO] -- MapStruct: mapping property: request.produtosAplicaveis() to: setProdutosAplicaveis(java.lang.String).
[INFO] -- MapStruct: selecting property mapping: request.produtosAplicaveis().
[INFO] -- MapStruct: mapping property: request.clientesAplicaveis() to: setClientesAplicaveis(java.lang.String).
[INFO] -- MapStruct: selecting property mapping: request.clientesAplicaveis().
[INFO] -- MapStruct: mapping property: request.canaisVenda() to: setCanaisVenda(java.lang.String).
[INFO] -- MapStruct: selecting property mapping: request.canaisVenda().
[INFO] -- MapStruct: mapping property: request.observacoes() to: setObservacoes(java.lang.String).
[INFO] -- MapStruct: selecting property mapping: request.observacoes().
[INFO] -- MapStruct: mapping property: request.ativo() to: setAtivo(java.lang.Boolean).
[INFO] -- MapStruct: selecting property mapping: request.ativo().
[INFO]  MapStruct: processing: com.neritech.saas.financeiro.mapper.FechamentoCaixaMapper.
[INFO] - MapStruct: creating bean mapping method implementation for com.neritech.saas.financeiro.domain.FechamentoCaixa toEntity(com.neritech.saas.financeiro.dto.FechamentoCaixaRequest request).
[INFO] -- MapStruct: mapping property: request.getSituacao() to: setSituacao(java.lang.String).
[INFO] -- MapStruct: selecting property mapping: request.getSituacao().
[INFO] -- MapStruct: mapping property: request.getDataAbertura() to: setDataAbertura(java.time.LocalDateTime).
[INFO] -- MapStruct: selecting property mapping: request.getDataAbertura().
[INFO] -- MapStruct: mapping property: request.getDataFechamento() to: setDataFechamento(java.time.LocalDateTime).
[INFO] -- MapStruct: selecting property mapping: request.getDataFechamento().
[INFO] -- MapStruct: mapping property: request.getSaldoInicial() to: setSaldoInicial(java.math.BigDecimal).
[INFO] -- MapStruct: selecting property mapping: request.getSaldoInicial().
[INFO] -- MapStruct: mapping property: request.getSaldoFinal() to: setSaldoFinal(java.math.BigDecimal).
[INFO] -- MapStruct: selecting property mapping: request.getSaldoFinal().
[INFO] -- MapStruct: mapping property: request.getTotalEntradas() to: setTotalEntradas(java.math.BigDecimal).
[INFO] -- MapStruct: selecting property mapping: request.getTotalEntradas().
[INFO] -- MapStruct: mapping property: request.getTotalSaidas() to: setTotalSaidas(java.math.BigDecimal).
[INFO] -- MapStruct: selecting property mapping: request.getTotalSaidas().
[INFO] -- MapStruct: mapping property: request.getObservacoes() to: setObservacoes(java.lang.String).
[INFO] -- MapStruct: selecting property mapping: request.getObservacoes().
[INFO] -- MapStruct: mapping property: request.getUsuarioResponsavel() to: setUsuarioResponsavel(java.lang.Long).
[INFO] -- MapStruct: selecting property mapping: request.getUsuarioResponsavel().
[WARNING] /C:/Users/alexa/OneDrive/Documentos/NeriTech/backend/src/main/java/com/neritech/saas/financeiro/mapper/FechamentoCaixaMapper.java:[10,21] Unmapped target properties: "id, dataCadastro, dataAtualizacao, criadoPor, atualizadoPor, versao, empresaId".
[INFO] - MapStruct: creating bean mapping method implementation for com.neritech.saas.financeiro.dto.FechamentoCaixaResponse toResponse(com.neritech.saas.financeiro.domain.FechamentoCaixa entity).
[INFO] -- MapStruct: mapping property: entity.getId() to: setId(java.lang.Long).
[INFO] -- MapStruct: selecting property mapping: entity.getId().
[INFO] -- MapStruct: mapping property: entity.getDataAbertura() to: setDataAbertura(java.time.LocalDateTime).
[INFO] -- MapStruct: selecting property mapping: entity.getDataAbertura().
[INFO] -- MapStruct: mapping property: entity.getDataFechamento() to: setDataFechamento(java.time.LocalDateTime).
[INFO] -- MapStruct: selecting property mapping: entity.getDataFechamento().
[INFO] -- MapStruct: mapping property: entity.getSaldoInicial() to: setSaldoInicial(java.math.BigDecimal).
[INFO] -- MapStruct: selecting property mapping: entity.getSaldoInicial().
[INFO] -- MapStruct: mapping property: entity.getSaldoFinal() to: setSaldoFinal(java.math.BigDecimal).
[INFO] -- MapStruct: selecting property mapping: entity.getSaldoFinal().
[INFO] -- MapStruct: mapping property: entity.getTotalEntradas() to: setTotalEntradas(java.math.BigDecimal).
[INFO] -- MapStruct: selecting property mapping: entity.getTotalEntradas().
[INFO] -- MapStruct: mapping property: entity.getTotalSaidas() to: setTotalSaidas(java.math.BigDecimal).
[INFO] -- MapStruct: selecting property mapping: entity.getTotalSaidas().
[INFO] -- MapStruct: mapping property: entity.getObservacoes() to: setObservacoes(java.lang.String).
[INFO] -- MapStruct: selecting property mapping: entity.getObservacoes().
[INFO] -- MapStruct: mapping property: entity.getUsuarioResponsavel() to: setUsuarioResponsavel(java.lang.Long).
[INFO] -- MapStruct: selecting property mapping: entity.getUsuarioResponsavel().
[INFO] -- MapStruct: mapping property: entity.getSituacao() to: setSituacao(java.lang.String).
[INFO] -- MapStruct: selecting property mapping: entity.getSituacao().
[INFO] - MapStruct: creating bean mapping method implementation for void updateEntityFromDTO(com.neritech.saas.financeiro.dto.FechamentoCaixaRequest request, @MappingTarget com.neritech.saas.financeiro.domain.FechamentoCaixa entity).
[INFO] -- MapStruct: mapping property: request.getSituacao() to: setSituacao(java.lang.String).
[INFO] -- MapStruct: selecting property mapping: request.getSituacao().
[INFO] -- MapStruct: mapping property: request.getDataAbertura() to: setDataAbertura(java.time.LocalDateTime).
[INFO] -- MapStruct: selecting property mapping: request.getDataAbertura().
[INFO] -- MapStruct: mapping property: request.getDataFechamento() to: setDataFechamento(java.time.LocalDateTime).
[INFO] -- MapStruct: selecting property mapping: request.getDataFechamento().
[INFO] -- MapStruct: mapping property: request.getSaldoInicial() to: setSaldoInicial(java.math.BigDecimal).
[INFO] -- MapStruct: selecting property mapping: request.getSaldoInicial().
[INFO] -- MapStruct: mapping property: request.getSaldoFinal() to: setSaldoFinal(java.math.BigDecimal).
[INFO] -- MapStruct: selecting property mapping: request.getSaldoFinal().
[INFO] -- MapStruct: mapping property: request.getTotalEntradas() to: setTotalEntradas(java.math.BigDecimal).
[INFO] -- MapStruct: selecting property mapping: request.getTotalEntradas().
[INFO] -- MapStruct: mapping property: request.getTotalSaidas() to: setTotalSaidas(java.math.BigDecimal).
[INFO] -- MapStruct: selecting property mapping: request.getTotalSaidas().
[INFO] -- MapStruct: mapping property: request.getObservacoes() to: setObservacoes(java.lang.String).
[INFO] -- MapStruct: selecting property mapping: request.getObservacoes().
[INFO] -- MapStruct: mapping property: request.getUsuarioResponsavel() to: setUsuarioResponsavel(java.lang.Long).
[INFO] -- MapStruct: selecting property mapping: request.getUsuarioResponsavel().
[WARNING] /C:/Users/alexa/OneDrive/Documentos/NeriTech/backend/src/main/java/com/neritech/saas/financeiro/mapper/FechamentoCaixaMapper.java:[16,10] Unmapped target properties: "id, dataCadastro, dataAtualizacao, criadoPor, atualizadoPor, versao, empresaId".
[INFO]  MapStruct: processing: com.neritech.saas.empresa.mapper.ConfiguracaoOficinaMapper.
[INFO] - MapStruct: creating bean mapping method implementation for com.neritech.saas.empresa.domain.ConfiguracaoOficina toEntity(com.neritech.saas.empresa.dto.ConfiguracaoOficinaRequest request).
[INFO] -- MapStruct: mapping property: request.horarioAberturaSegSex() to: setHorarioAberturaSegSex(java.time.LocalTime).
[INFO] -- MapStruct: selecting property mapping: request.horarioAberturaSegSex().
[INFO] -- MapStruct: mapping property: request.horarioFechamentoSegSex() to: setHorarioFechamentoSegSex(java.time.LocalTime).
[INFO] -- MapStruct: selecting property mapping: request.horarioFechamentoSegSex().
[INFO] -- MapStruct: mapping property: request.horarioAberturaSabado() to: setHorarioAberturaSabado(java.time.LocalTime).
[INFO] -- MapStruct: selecting property mapping: request.horarioAberturaSabado().
[INFO] -- MapStruct: mapping property: request.horarioFechamentoSabado() to: setHorarioFechamentoSabado(java.time.LocalTime).
[INFO] -- MapStruct: selecting property mapping: request.horarioFechamentoSabado().
[INFO] -- MapStruct: mapping property: request.funcionaDomingo() to: setFuncionaDomingo(java.lang.Boolean).
[INFO] -- MapStruct: selecting property mapping: request.funcionaDomingo().
[INFO] -- MapStruct: mapping property: request.horarioAberturaDomingo() to: setHorarioAberturaDomingo(java.time.LocalTime).
[INFO] -- MapStruct: selecting property mapping: request.horarioAberturaDomingo().
[INFO] -- MapStruct: mapping property: request.horarioFechamentoDomingo() to: setHorarioFechamentoDomingo(java.time.LocalTime).
[INFO] -- MapStruct: selecting property mapping: request.horarioFechamentoDomingo().
[INFO] -- MapStruct: mapping property: request.tempoAgendamentoPadrao() to: setTempoAgendamentoPadrao(java.lang.Integer).
[INFO] -- MapStruct: selecting property mapping: request.tempoAgendamentoPadrao().
[INFO] -- MapStruct: mapping property: request.antecedenciaMinimaAgendamento() to: setAntecedenciaMinimaAgendamento(java.lang.Integer).
[INFO] -- MapStruct: selecting property mapping: request.antecedenciaMinimaAgendamento().
[INFO] -- MapStruct: mapping property: request.permiteAgendamentoOnline() to: setPermiteAgendamentoOnline(java.lang.Boolean).
[INFO] -- MapStruct: selecting property mapping: request.permiteAgendamentoOnline().
[INFO] -- MapStruct: mapping property: request.enviaLembreteAgendamento() to: setEnviaLembreteAgendamento(java.lang.Boolean).
[INFO] -- MapStruct: selecting property mapping: request.enviaLembreteAgendamento().
[INFO] -- MapStruct: mapping property: request.tempoLembreteHoras() to: setTempoLembreteHoras(java.lang.Integer).
[INFO] -- MapStruct: selecting property mapping: request.tempoLembreteHoras().
[INFO] -- MapStruct: mapping property: request.margemLucroPadrao() to: setMargemLucroPadrao(java.math.BigDecimal).
[INFO] -- MapStruct: selecting property mapping: request.margemLucroPadrao().
[INFO] -- MapStruct: mapping property: request.diasGarantiaPadrao() to: setDiasGarantiaPadrao(java.lang.Integer).
[INFO] -- MapStruct: selecting property mapping: request.diasGarantiaPadrao().
[INFO] -- MapStruct: mapping property: request.moeda() to: setMoeda(java.lang.String).
[INFO] -- MapStruct: selecting property mapping: request.moeda().
[INFO] -- MapStruct: mapping property: request.formatoData() to: setFormatoData(java.lang.String).
[INFO] -- MapStruct: selecting property mapping: request.formatoData().
[INFO] -- MapStruct: mapping property: request.formatoHora() to: setFormatoHora(java.lang.String).
[INFO] -- MapStruct: selecting property mapping: request.formatoHora().
[INFO] -- MapStruct: mapping property: request.timezone() to: setTimezone(java.lang.String).
[INFO] -- MapStruct: selecting property mapping: request.timezone().
[INFO] - MapStruct: creating bean mapping method implementation for com.neritech.saas.empresa.dto.ConfiguracaoOficinaResponse toResponse(com.neritech.saas.empresa.domain.ConfiguracaoOficina entity).
[INFO] -- MapStruct: mapping property: entityEmpresaId( entity ) to: empresaId.
[INFO] -- MapStruct: selecting property mapping: entityEmpresaId( entity ).
[INFO] -- MapStruct: mapping property: entityEmpresaNomeFantasia( entity ) to: empresaNome.
[INFO] -- MapStruct: selecting property mapping: entityEmpresaNomeFantasia( entity ).
[INFO] -- MapStruct: mapping property: entity.getId() to: id.
[INFO] -- MapStruct: selecting property mapping: entity.getId().
[INFO] -- MapStruct: mapping property: entity.getHorarioAberturaSegSex() to: horarioAberturaSegSex.
[INFO] -- MapStruct: selecting property mapping: entity.getHorarioAberturaSegSex().
[INFO] -- MapStruct: mapping property: entity.getHorarioFechamentoSegSex() to: horarioFechamentoSegSex.
[INFO] -- MapStruct: selecting property mapping: entity.getHorarioFechamentoSegSex().
[INFO] -- MapStruct: mapping property: entity.getHorarioAberturaSabado() to: horarioAberturaSabado.
[INFO] -- MapStruct: selecting property mapping: entity.getHorarioAberturaSabado().
[INFO] -- MapStruct: mapping property: entity.getHorarioFechamentoSabado() to: horarioFechamentoSabado.
[INFO] -- MapStruct: selecting property mapping: entity.getHorarioFechamentoSabado().
[INFO] -- MapStruct: mapping property: entity.getFuncionaDomingo() to: funcionaDomingo.
[INFO] -- MapStruct: selecting property mapping: entity.getFuncionaDomingo().
[INFO] -- MapStruct: mapping property: entity.getHorarioAberturaDomingo() to: horarioAberturaDomingo.
[INFO] -- MapStruct: selecting property mapping: entity.getHorarioAberturaDomingo().
[INFO] -- MapStruct: mapping property: entity.getHorarioFechamentoDomingo() to: horarioFechamentoDomingo.
[INFO] -- MapStruct: selecting property mapping: entity.getHorarioFechamentoDomingo().
[INFO] -- MapStruct: mapping property: entity.getTempoAgendamentoPadrao() to: tempoAgendamentoPadrao.
[INFO] -- MapStruct: selecting property mapping: entity.getTempoAgendamentoPadrao().
[INFO] -- MapStruct: mapping property: entity.getAntecedenciaMinimaAgendamento() to: antecedenciaMinimaAgendamento.
[INFO] -- MapStruct: selecting property mapping: entity.getAntecedenciaMinimaAgendamento().
[INFO] -- MapStruct: mapping property: entity.getPermiteAgendamentoOnline() to: permiteAgendamentoOnline.
[INFO] -- MapStruct: selecting property mapping: entity.getPermiteAgendamentoOnline().
[INFO] -- MapStruct: mapping property: entity.getEnviaLembreteAgendamento() to: enviaLembreteAgendamento.
[INFO] -- MapStruct: selecting property mapping: entity.getEnviaLembreteAgendamento().
[INFO] -- MapStruct: mapping property: entity.getTempoLembreteHoras() to: tempoLembreteHoras.
[INFO] -- MapStruct: selecting property mapping: entity.getTempoLembreteHoras().
[INFO] -- MapStruct: mapping property: entity.getMargemLucroPadrao() to: margemLucroPadrao.
[INFO] -- MapStruct: selecting property mapping: entity.getMargemLucroPadrao().
[INFO] -- MapStruct: mapping property: entity.getDiasGarantiaPadrao() to: diasGarantiaPadrao.
[INFO] -- MapStruct: selecting property mapping: entity.getDiasGarantiaPadrao().
[INFO] -- MapStruct: mapping property: entity.getMoeda() to: moeda.
[INFO] -- MapStruct: selecting property mapping: entity.getMoeda().
[INFO] -- MapStruct: mapping property: entity.getFormatoData() to: formatoData.
[INFO] -- MapStruct: selecting property mapping: entity.getFormatoData().
[INFO] -- MapStruct: mapping property: entity.getFormatoHora() to: formatoHora.
[INFO] -- MapStruct: selecting property mapping: entity.getFormatoHora().
[INFO] -- MapStruct: mapping property: entity.getTimezone() to: timezone.
[INFO] -- MapStruct: selecting property mapping: entity.getTimezone().
[INFO] -- MapStruct: mapping property: entity.getDataCadastro() to: dataCadastro.
[INFO] -- MapStruct: selecting property mapping: entity.getDataCadastro().
[INFO] -- MapStruct: mapping property: entity.getDataAtualizacao() to: dataAtualizacao.
[INFO] -- MapStruct: selecting property mapping: entity.getDataAtualizacao().
[INFO] - MapStruct: creating bean mapping method implementation for void updateEntityFromRequest(com.neritech.saas.empresa.dto.ConfiguracaoOficinaRequest request, @MappingTarget com.neritech.saas.empresa.domain.ConfiguracaoOficina entity).
[INFO] -- MapStruct: mapping property: request.horarioAberturaSegSex() to: setHorarioAberturaSegSex(java.time.LocalTime).
[INFO] -- MapStruct: selecting property mapping: request.horarioAberturaSegSex().
[INFO] -- MapStruct: mapping property: request.horarioFechamentoSegSex() to: setHorarioFechamentoSegSex(java.time.LocalTime).
[INFO] -- MapStruct: selecting property mapping: request.horarioFechamentoSegSex().
[INFO] -- MapStruct: mapping property: request.horarioAberturaSabado() to: setHorarioAberturaSabado(java.time.LocalTime).
[INFO] -- MapStruct: selecting property mapping: request.horarioAberturaSabado().
[INFO] -- MapStruct: mapping property: request.horarioFechamentoSabado() to: setHorarioFechamentoSabado(java.time.LocalTime).
[INFO] -- MapStruct: selecting property mapping: request.horarioFechamentoSabado().
[INFO] -- MapStruct: mapping property: request.funcionaDomingo() to: setFuncionaDomingo(java.lang.Boolean).
[INFO] -- MapStruct: selecting property mapping: request.funcionaDomingo().
[INFO] -- MapStruct: mapping property: request.horarioAberturaDomingo() to: setHorarioAberturaDomingo(java.time.LocalTime).
[INFO] -- MapStruct: selecting property mapping: request.horarioAberturaDomingo().
[INFO] -- MapStruct: mapping property: request.horarioFechamentoDomingo() to: setHorarioFechamentoDomingo(java.time.LocalTime).
[INFO] -- MapStruct: selecting property mapping: request.horarioFechamentoDomingo().
[INFO] -- MapStruct: mapping property: request.tempoAgendamentoPadrao() to: setTempoAgendamentoPadrao(java.lang.Integer).
[INFO] -- MapStruct: selecting property mapping: request.tempoAgendamentoPadrao().
[INFO] -- MapStruct: mapping property: request.antecedenciaMinimaAgendamento() to: setAntecedenciaMinimaAgendamento(java.lang.Integer).
[INFO] -- MapStruct: selecting property mapping: request.antecedenciaMinimaAgendamento().
[INFO] -- MapStruct: mapping property: request.permiteAgendamentoOnline() to: setPermiteAgendamentoOnline(java.lang.Boolean).
[INFO] -- MapStruct: selecting property mapping: request.permiteAgendamentoOnline().
[INFO] -- MapStruct: mapping property: request.enviaLembreteAgendamento() to: setEnviaLembreteAgendamento(java.lang.Boolean).
[INFO] -- MapStruct: selecting property mapping: request.enviaLembreteAgendamento().
[INFO] -- MapStruct: mapping property: request.tempoLembreteHoras() to: setTempoLembreteHoras(java.lang.Integer).
[INFO] -- MapStruct: selecting property mapping: request.tempoLembreteHoras().
[INFO] -- MapStruct: mapping property: request.margemLucroPadrao() to: setMargemLucroPadrao(java.math.BigDecimal).
[INFO] -- MapStruct: selecting property mapping: request.margemLucroPadrao().
[INFO] -- MapStruct: mapping property: request.diasGarantiaPadrao() to: setDiasGarantiaPadrao(java.lang.Integer).
[INFO] -- MapStruct: selecting property mapping: request.diasGarantiaPadrao().
[INFO] -- MapStruct: mapping property: request.moeda() to: setMoeda(java.lang.String).
[INFO] -- MapStruct: selecting property mapping: request.moeda().
[INFO] -- MapStruct: mapping property: request.formatoData() to: setFormatoData(java.lang.String).
[INFO] -- MapStruct: selecting property mapping: request.formatoData().
[INFO] -- MapStruct: mapping property: request.formatoHora() to: setFormatoHora(java.lang.String).
[INFO] -- MapStruct: selecting property mapping: request.formatoHora().
[INFO] -- MapStruct: mapping property: request.timezone() to: setTimezone(java.lang.String).
[INFO] -- MapStruct: selecting property mapping: request.timezone().
[INFO]  MapStruct: processing: com.neritech.saas.rh.mapper.FeriasFuncionarioMapper.
[INFO] - MapStruct: creating bean mapping method implementation for com.neritech.saas.rh.domain.FeriasFuncionario toEntity(com.neritech.saas.rh.dto.FeriasFuncionarioRequest request).
[INFO] -- MapStruct: mapping property: request.funcionarioId() to: setFuncionarioId(java.lang.Long).
[INFO] -- MapStruct: selecting property mapping: request.funcionarioId().
[INFO] -- MapStruct: mapping property: request.periodoAquisitivoInicio() to: setPeriodoAquisitivoInicio(java.time.LocalDate).
[INFO] -- MapStruct: selecting property mapping: request.periodoAquisitivoInicio().
[INFO] -- MapStruct: mapping property: request.periodoAquisitivoFim() to: setPeriodoAquisitivoFim(java.time.LocalDate).
[INFO] -- MapStruct: selecting property mapping: request.periodoAquisitivoFim().
[INFO] -- MapStruct: mapping property: request.diasDireito() to: setDiasDireito(java.lang.Integer).
[INFO] -- MapStruct: selecting property mapping: request.diasDireito().
[INFO] -- MapStruct: mapping property: request.diasGozados() to: setDiasGozados(java.lang.Integer).
[INFO] -- MapStruct: selecting property mapping: request.diasGozados().
[INFO] -- MapStruct: mapping property: request.diasRestantes() to: setDiasRestantes(java.lang.Integer).
[INFO] -- MapStruct: selecting property mapping: request.diasRestantes().
[INFO] -- MapStruct: mapping property: request.dataInicioFerias() to: setDataInicioFerias(java.time.LocalDate).
[INFO] -- MapStruct: selecting property mapping: request.dataInicioFerias().
[INFO] -- MapStruct: mapping property: request.dataFimFerias() to: setDataFimFerias(java.time.LocalDate).
[INFO] -- MapStruct: selecting property mapping: request.dataFimFerias().
[INFO] -- MapStruct: mapping property: request.dataRetornoPrevisto() to: setDataRetornoPrevisto(java.time.LocalDate).
[INFO] -- MapStruct: selecting property mapping: request.dataRetornoPrevisto().
[INFO] -- MapStruct: mapping property: request.abonoPecuniario() to: setAbonoPecuniario(java.lang.Boolean).
[INFO] -- MapStruct: selecting property mapping: request.abonoPecuniario().
[INFO] -- MapStruct: mapping property: request.diasAbono() to: setDiasAbono(java.lang.Integer).
[INFO] -- MapStruct: selecting property mapping: request.diasAbono().
[INFO] -- MapStruct: mapping property: request.fracionada() to: setFracionada(java.lang.Boolean).
[INFO] -- MapStruct: selecting property mapping: request.fracionada().
[INFO] -- MapStruct: mapping property: request.numeroFracao() to: setNumeroFracao(java.lang.Integer).
[INFO] -- MapStruct: selecting property mapping: request.numeroFracao().
[INFO] -- MapStruct: mapping property: request.status() to: setStatus(com.neritech.saas.rh.domain.enums.StatusFerias).
[INFO] -- MapStruct: selecting property mapping: request.status().
[INFO] -- MapStruct: mapping property: request.observacoes() to: setObservacoes(java.lang.String).
[INFO] -- MapStruct: selecting property mapping: request.observacoes().
[INFO] - MapStruct: creating bean mapping method implementation for com.neritech.saas.rh.dto.FeriasFuncionarioResponse toResponse(com.neritech.saas.rh.domain.FeriasFuncionario entity).
[INFO] -- MapStruct: mapping property: entity.getId() to: id.
[INFO] -- MapStruct: selecting property mapping: entity.getId().
[INFO] -- MapStruct: mapping property: entity.getFuncionarioId() to: funcionarioId.
[INFO] -- MapStruct: selecting property mapping: entity.getFuncionarioId().
[INFO] -- MapStruct: mapping property: entity.getPeriodoAquisitivoInicio() to: periodoAquisitivoInicio.
[INFO] -- MapStruct: selecting property mapping: entity.getPeriodoAquisitivoInicio().
[INFO] -- MapStruct: mapping property: entity.getPeriodoAquisitivoFim() to: periodoAquisitivoFim.
[INFO] -- MapStruct: selecting property mapping: entity.getPeriodoAquisitivoFim().
[INFO] -- MapStruct: mapping property: entity.getDiasDireito() to: diasDireito.
[INFO] -- MapStruct: selecting property mapping: entity.getDiasDireito().
[INFO] -- MapStruct: mapping property: entity.getDiasGozados() to: diasGozados.
[INFO] -- MapStruct: selecting property mapping: entity.getDiasGozados().
[INFO] -- MapStruct: mapping property: entity.getDiasRestantes() to: diasRestantes.
[INFO] -- MapStruct: selecting property mapping: entity.getDiasRestantes().
[INFO] -- MapStruct: mapping property: entity.getDataInicioFerias() to: dataInicioFerias.
[INFO] -- MapStruct: selecting property mapping: entity.getDataInicioFerias().
[INFO] -- MapStruct: mapping property: entity.getDataFimFerias() to: dataFimFerias.
[INFO] -- MapStruct: selecting property mapping: entity.getDataFimFerias().
[INFO] -- MapStruct: mapping property: entity.getDataRetornoPrevisto() to: dataRetornoPrevisto.
[INFO] -- MapStruct: selecting property mapping: entity.getDataRetornoPrevisto().
[INFO] -- MapStruct: mapping property: entity.getAbonoPecuniario() to: abonoPecuniario.
[INFO] -- MapStruct: selecting property mapping: entity.getAbonoPecuniario().
[INFO] -- MapStruct: mapping property: entity.getDiasAbono() to: diasAbono.
[INFO] -- MapStruct: selecting property mapping: entity.getDiasAbono().
[INFO] -- MapStruct: mapping property: entity.getFracionada() to: fracionada.
[INFO] -- MapStruct: selecting property mapping: entity.getFracionada().
[INFO] -- MapStruct: mapping property: entity.getNumeroFracao() to: numeroFracao.
[INFO] -- MapStruct: selecting property mapping: entity.getNumeroFracao().
[INFO] -- MapStruct: mapping property: entity.getStatus() to: status.
[INFO] -- MapStruct: selecting property mapping: entity.getStatus().
[INFO] -- MapStruct: mapping property: entity.getObservacoes() to: observacoes.
[INFO] -- MapStruct: selecting property mapping: entity.getObservacoes().
[INFO] -- MapStruct: mapping property: entity.getSolicitadoPor() to: solicitadoPor.
[INFO] -- MapStruct: selecting property mapping: entity.getSolicitadoPor().
[INFO] -- MapStruct: mapping property: entity.getDataSolicitacao() to: dataSolicitacao.
[INFO] -- MapStruct: selecting property mapping: entity.getDataSolicitacao().
[INFO] -- MapStruct: mapping property: entity.getAprovadoPor() to: aprovadoPor.
[INFO] -- MapStruct: selecting property mapping: entity.getAprovadoPor().
[INFO] -- MapStruct: mapping property: entity.getDataAprovacao() to: dataAprovacao.
[INFO] -- MapStruct: selecting property mapping: entity.getDataAprovacao().
[INFO] -- MapStruct: mapping property: entity.getCanceladoPor() to: canceladoPor.
[INFO] -- MapStruct: selecting property mapping: entity.getCanceladoPor().
[INFO] -- MapStruct: mapping property: entity.getDataCancelamento() to: dataCancelamento.
[INFO] -- MapStruct: selecting property mapping: entity.getDataCancelamento().
[INFO] -- MapStruct: mapping property: entity.getMotivoCancelamento() to: motivoCancelamento.
[INFO] -- MapStruct: selecting property mapping: entity.getMotivoCancelamento().
[INFO] -- MapStruct: mapping property: entity.getDataCadastro() to: dataCadastro.
[INFO] -- MapStruct: selecting property mapping: entity.getDataCadastro().
[INFO] -- MapStruct: mapping property: entity.getDataAtualizacao() to: dataAtualizacao.
[INFO] -- MapStruct: selecting property mapping: entity.getDataAtualizacao().
[INFO] - MapStruct: creating bean mapping method implementation for void updateEntity(com.neritech.saas.rh.dto.FeriasFuncionarioRequest request, @MappingTarget com.neritech.saas.rh.domain.FeriasFuncionario entity).
[INFO] -- MapStruct: mapping property: request.funcionarioId() to: setFuncionarioId(java.lang.Long).
[INFO] -- MapStruct: selecting property mapping: request.funcionarioId().
[INFO] -- MapStruct: mapping property: request.periodoAquisitivoInicio() to: setPeriodoAquisitivoInicio(java.time.LocalDate).
[INFO] -- MapStruct: selecting property mapping: request.periodoAquisitivoInicio().
[INFO] -- MapStruct: mapping property: request.periodoAquisitivoFim() to: setPeriodoAquisitivoFim(java.time.LocalDate).
[INFO] -- MapStruct: selecting property mapping: request.periodoAquisitivoFim().
[INFO] -- MapStruct: mapping property: request.diasDireito() to: setDiasDireito(java.lang.Integer).
[INFO] -- MapStruct: selecting property mapping: request.diasDireito().
[INFO] -- MapStruct: mapping property: request.diasGozados() to: setDiasGozados(java.lang.Integer).
[INFO] -- MapStruct: selecting property mapping: request.diasGozados().
[INFO] -- MapStruct: mapping property: request.diasRestantes() to: setDiasRestantes(java.lang.Integer).
[INFO] -- MapStruct: selecting property mapping: request.diasRestantes().
[INFO] -- MapStruct: mapping property: request.dataInicioFerias() to: setDataInicioFerias(java.time.LocalDate).
[INFO] -- MapStruct: selecting property mapping: request.dataInicioFerias().
[INFO] -- MapStruct: mapping property: request.dataFimFerias() to: setDataFimFerias(java.time.LocalDate).
[INFO] -- MapStruct: selecting property mapping: request.dataFimFerias().
[INFO] -- MapStruct: mapping property: request.dataRetornoPrevisto() to: setDataRetornoPrevisto(java.time.LocalDate).
[INFO] -- MapStruct: selecting property mapping: request.dataRetornoPrevisto().
[INFO] -- MapStruct: mapping property: request.abonoPecuniario() to: setAbonoPecuniario(java.lang.Boolean).
[INFO] -- MapStruct: selecting property mapping: request.abonoPecuniario().
[INFO] -- MapStruct: mapping property: request.diasAbono() to: setDiasAbono(java.lang.Integer).
[INFO] -- MapStruct: selecting property mapping: request.diasAbono().
[INFO] -- MapStruct: mapping property: request.fracionada() to: setFracionada(java.lang.Boolean).
[INFO] -- MapStruct: selecting property mapping: request.fracionada().
[INFO] -- MapStruct: mapping property: request.numeroFracao() to: setNumeroFracao(java.lang.Integer).
[INFO] -- MapStruct: selecting property mapping: request.numeroFracao().
[INFO] -- MapStruct: mapping property: request.status() to: setStatus(com.neritech.saas.rh.domain.enums.StatusFerias).
[INFO] -- MapStruct: selecting property mapping: request.status().
[INFO] -- MapStruct: mapping property: request.observacoes() to: setObservacoes(java.lang.String).
[INFO] -- MapStruct: selecting property mapping: request.observacoes().
[INFO]  MapStruct: processing: com.neritech.saas.comunicacao.mapper.CampanhaMarketingMapper.
[INFO] - MapStruct: creating bean mapping method implementation for com.neritech.saas.comunicacao.domain.CampanhaMarketing toEntity(com.neritech.saas.comunicacao.dto.CampanhaMarketingRequest request).
[INFO] -- MapStruct: mapping property: request.empresaId() to: setEmpresaId(java.lang.Long).
[INFO] -- MapStruct: selecting property mapping: request.empresaId().
[INFO] -- MapStruct: mapping property: request.nome() to: setNome(java.lang.String).
[INFO] -- MapStruct: selecting property mapping: request.nome().
[INFO] -- MapStruct: mapping property: request.descricao() to: setDescricao(java.lang.String).
[INFO] -- MapStruct: selecting property mapping: request.descricao().
[INFO] -- MapStruct: mapping property: request.tipoCampanha() to: setTipoCampanha(com.neritech.saas.comunicacao.domain.enums.TipoCampanha).
[INFO] -- MapStruct: selecting property mapping: request.tipoCampanha().
[INFO] -- MapStruct: mapping property: request.objetivo() to: setObjetivo(java.lang.String).
[INFO] -- MapStruct: selecting property mapping: request.objetivo().
[INFO] -- MapStruct: mapping property: request.publicoAlvo() to: setPublicoAlvo(java.lang.String).
[INFO] -- MapStruct: selecting property mapping: request.publicoAlvo().
[INFO] -- MapStruct: mapping property: request.canaisComunicacao() to: setCanaisComunicacao(java.lang.String).
[INFO] -- MapStruct: selecting property mapping: request.canaisComunicacao().
[INFO] -- MapStruct: mapping property: request.dataInicio() to: setDataInicio(java.time.LocalDateTime).
[INFO] -- MapStruct: selecting property mapping: request.dataInicio().
[INFO] -- MapStruct: mapping property: request.dataFim() to: setDataFim(java.time.LocalDateTime).
[INFO] -- MapStruct: selecting property mapping: request.dataFim().
[INFO] -- MapStruct: mapping property: request.orcamentoTotal() to: setOrcamentoTotal(java.math.BigDecimal).
[INFO] -- MapStruct: selecting property mapping: request.orcamentoTotal().
[INFO] -- MapStruct: mapping property: request.metaAlcance() to: setMetaAlcance(java.lang.Integer).
[INFO] -- MapStruct: selecting property mapping: request.metaAlcance().
[INFO] -- MapStruct: mapping property: request.metaConversao() to: setMetaConversao(java.lang.Integer).
[INFO] -- MapStruct: selecting property mapping: request.metaConversao().
[INFO] -- MapStruct: mapping property: request.templateEmailId() to: setTemplateEmailId(java.lang.Long).
[INFO] -- MapStruct: selecting property mapping: request.templateEmailId().
[INFO] -- MapStruct: mapping property: request.templateSmsId() to: setTemplateSmsId(java.lang.Long).
[INFO] -- MapStruct: selecting property mapping: request.templateSmsId().
[INFO] -- MapStruct: mapping property: request.templateWhatsappId() to: setTemplateWhatsappId(java.lang.Long).
[INFO] -- MapStruct: selecting property mapping: request.templateWhatsappId().
[INFO] -- MapStruct: mapping property: request.promocaoAssociadaId() to: setPromocaoAssociadaId(java.lang.Long).
[INFO] -- MapStruct: selecting property mapping: request.promocaoAssociadaId().
[INFO] -- MapStruct: mapping property: request.status() to: setStatus(com.neritech.saas.comunicacao.domain.enums.StatusCampanha).
[INFO] -- MapStruct: selecting property mapping: request.status().
[INFO] -- MapStruct: mapping property: request.observacoes() to: setObservacoes(java.lang.String).
[INFO] -- MapStruct: selecting property mapping: request.observacoes().
[WARNING] /C:/Users/alexa/OneDrive/Documentos/NeriTech/backend/src/main/java/com/neritech/saas/comunicacao/mapper/CampanhaMarketingMapper.java:[25,23] Unmapped target properties: "criadoPor, atualizadoPor".
[INFO] - MapStruct: creating bean mapping method implementation for com.neritech.saas.comunicacao.dto.CampanhaMarketingResponse toResponse(com.neritech.saas.comunicacao.domain.CampanhaMarketing entity).
[INFO] -- MapStruct: mapping property: entity.getId() to: id.
[INFO] -- MapStruct: selecting property mapping: entity.getId().
[INFO] -- MapStruct: mapping property: entity.getEmpresaId() to: empresaId.
[INFO] -- MapStruct: selecting property mapping: entity.getEmpresaId().
[INFO] -- MapStruct: mapping property: entity.getNome() to: nome.
[INFO] -- MapStruct: selecting property mapping: entity.getNome().
[INFO] -- MapStruct: mapping property: entity.getDescricao() to: descricao.
[INFO] -- MapStruct: selecting property mapping: entity.getDescricao().
[INFO] -- MapStruct: mapping property: entity.getTipoCampanha() to: tipoCampanha.
[INFO] -- MapStruct: selecting property mapping: entity.getTipoCampanha().
[INFO] -- MapStruct: mapping property: entity.getObjetivo() to: objetivo.
[INFO] -- MapStruct: selecting property mapping: entity.getObjetivo().
[INFO] -- MapStruct: mapping property: entity.getPublicoAlvo() to: publicoAlvo.
[INFO] -- MapStruct: selecting property mapping: entity.getPublicoAlvo().
[INFO] -- MapStruct: mapping property: entity.getCanaisComunicacao() to: canaisComunicacao.
[INFO] -- MapStruct: selecting property mapping: entity.getCanaisComunicacao().
[INFO] -- MapStruct: mapping property: entity.getDataInicio() to: dataInicio.
[INFO] -- MapStruct: selecting property mapping: entity.getDataInicio().
[INFO] -- MapStruct: mapping property: entity.getDataFim() to: dataFim.
[INFO] -- MapStruct: selecting property mapping: entity.getDataFim().
[INFO] -- MapStruct: mapping property: entity.getOrcamentoTotal() to: orcamentoTotal.
[INFO] -- MapStruct: selecting property mapping: entity.getOrcamentoTotal().
[INFO] -- MapStruct: mapping property: entity.getCustoRealizado() to: custoRealizado.
[INFO] -- MapStruct: selecting property mapping: entity.getCustoRealizado().
[INFO] -- MapStruct: mapping property: entity.getMetaAlcance() to: metaAlcance.
[INFO] -- MapStruct: selecting property mapping: entity.getMetaAlcance().
[INFO] -- MapStruct: mapping property: entity.getAlcanceRealizado() to: alcanceRealizado.
[INFO] -- MapStruct: selecting property mapping: entity.getAlcanceRealizado().
[INFO] -- MapStruct: mapping property: entity.getMetaConversao() to: metaConversao.
[INFO] -- MapStruct: selecting property mapping: entity.getMetaConversao().
[INFO] -- MapStruct: mapping property: entity.getConversaoRealizada() to: conversaoRealizada.
[INFO] -- MapStruct: selecting property mapping: entity.getConversaoRealizada().
[INFO] -- MapStruct: mapping property: entity.getTemplateEmailId() to: templateEmailId.
[INFO] -- MapStruct: selecting property mapping: entity.getTemplateEmailId().
[INFO] -- MapStruct: mapping property: entity.getTemplateSmsId() to: templateSmsId.
[INFO] -- MapStruct: selecting property mapping: entity.getTemplateSmsId().
[INFO] -- MapStruct: mapping property: entity.getTemplateWhatsappId() to: templateWhatsappId.
[INFO] -- MapStruct: selecting property mapping: entity.getTemplateWhatsappId().
[INFO] -- MapStruct: mapping property: entity.getPromocaoAssociadaId() to: promocaoAssociadaId.
[INFO] -- MapStruct: selecting property mapping: entity.getPromocaoAssociadaId().
[INFO] -- MapStruct: mapping property: entity.getStatus() to: status.
[INFO] -- MapStruct: selecting property mapping: entity.getStatus().
[INFO] -- MapStruct: mapping property: entity.getAprovadaPor() to: aprovadaPor.
[INFO] -- MapStruct: selecting property mapping: entity.getAprovadaPor().
[INFO] -- MapStruct: mapping property: entity.getDataAprovacao() to: dataAprovacao.
[INFO] -- MapStruct: selecting property mapping: entity.getDataAprovacao().
[INFO] -- MapStruct: mapping property: entity.getObservacoes() to: observacoes.
[INFO] -- MapStruct: selecting property mapping: entity.getObservacoes().
[INFO] -- MapStruct: mapping property: entity.getResultadosDetalhados() to: resultadosDetalhados.
[INFO] -- MapStruct: selecting property mapping: entity.getResultadosDetalhados().
[INFO] -- MapStruct: mapping property: entity.getRoiCalculado() to: roiCalculado.
[INFO] -- MapStruct: selecting property mapping: entity.getRoiCalculado().
[INFO] -- MapStruct: mapping property: entity.getCriadaPor() to: criadaPor.
[INFO] -- MapStruct: selecting property mapping: entity.getCriadaPor().
[INFO] -- MapStruct: mapping property: entity.getDataCadastro() to: dataCadastro.
[INFO] -- MapStruct: selecting property mapping: entity.getDataCadastro().
[INFO] -- MapStruct: mapping property: entity.getDataAtualizacao() to: dataAtualizacao.
[INFO] -- MapStruct: selecting property mapping: entity.getDataAtualizacao().
[INFO] - MapStruct: creating bean mapping method implementation for void updateEntity(com.neritech.saas.comunicacao.dto.CampanhaMarketingRequest request, @MappingTarget com.neritech.saas.comunicacao.domain.CampanhaMarketing entity).
[INFO] -- MapStruct: mapping property: request.empresaId() to: setEmpresaId(java.lang.Long).
[INFO] -- MapStruct: selecting property mapping: request.empresaId().
[INFO] -- MapStruct: mapping property: request.nome() to: setNome(java.lang.String).
[INFO] -- MapStruct: selecting property mapping: request.nome().
[INFO] -- MapStruct: mapping property: request.descricao() to: setDescricao(java.lang.String).
[INFO] -- MapStruct: selecting property mapping: request.descricao().
[INFO] -- MapStruct: mapping property: request.tipoCampanha() to: setTipoCampanha(com.neritech.saas.comunicacao.domain.enums.TipoCampanha).
[INFO] -- MapStruct: selecting property mapping: request.tipoCampanha().
[INFO] -- MapStruct: mapping property: request.objetivo() to: setObjetivo(java.lang.String).
[INFO] -- MapStruct: selecting property mapping: request.objetivo().
[INFO] -- MapStruct: mapping property: request.publicoAlvo() to: setPublicoAlvo(java.lang.String).
[INFO] -- MapStruct: selecting property mapping: request.publicoAlvo().
[INFO] -- MapStruct: mapping property: request.canaisComunicacao() to: setCanaisComunicacao(java.lang.String).
[INFO] -- MapStruct: selecting property mapping: request.canaisComunicacao().
[INFO] -- MapStruct: mapping property: request.dataInicio() to: setDataInicio(java.time.LocalDateTime).
[INFO] -- MapStruct: selecting property mapping: request.dataInicio().
[INFO] -- MapStruct: mapping property: request.dataFim() to: setDataFim(java.time.LocalDateTime).
[INFO] -- MapStruct: selecting property mapping: request.dataFim().
[INFO] -- MapStruct: mapping property: request.orcamentoTotal() to: setOrcamentoTotal(java.math.BigDecimal).
[INFO] -- MapStruct: selecting property mapping: request.orcamentoTotal().
[INFO] -- MapStruct: mapping property: request.metaAlcance() to: setMetaAlcance(java.lang.Integer).
[INFO] -- MapStruct: selecting property mapping: request.metaAlcance().
[INFO] -- MapStruct: mapping property: request.metaConversao() to: setMetaConversao(java.lang.Integer).
[INFO] -- MapStruct: selecting property mapping: request.metaConversao().
[INFO] -- MapStruct: mapping property: request.templateEmailId() to: setTemplateEmailId(java.lang.Long).
[INFO] -- MapStruct: selecting property mapping: request.templateEmailId().
[INFO] -- MapStruct: mapping property: request.templateSmsId() to: setTemplateSmsId(java.lang.Long).
[INFO] -- MapStruct: selecting property mapping: request.templateSmsId().
[INFO] -- MapStruct: mapping property: request.templateWhatsappId() to: setTemplateWhatsappId(java.lang.Long).
[INFO] -- MapStruct: selecting property mapping: request.templateWhatsappId().
[INFO] -- MapStruct: mapping property: request.promocaoAssociadaId() to: setPromocaoAssociadaId(java.lang.Long).
[INFO] -- MapStruct: selecting property mapping: request.promocaoAssociadaId().
[INFO] -- MapStruct: mapping property: request.status() to: setStatus(com.neritech.saas.comunicacao.domain.enums.StatusCampanha).
[INFO] -- MapStruct: selecting property mapping: request.status().
[INFO] -- MapStruct: mapping property: request.observacoes() to: setObservacoes(java.lang.String).
[INFO] -- MapStruct: selecting property mapping: request.observacoes().
[WARNING] /C:/Users/alexa/OneDrive/Documentos/NeriTech/backend/src/main/java/com/neritech/saas/comunicacao/mapper/CampanhaMarketingMapper.java:[41,10] Unmapped target properties: "criadoPor, atualizadoPor".
[INFO]  MapStruct: processing: com.neritech.saas.integracao.mapper.IntegracaoAtivaMapper.
[INFO] - MapStruct: creating bean mapping method implementation for com.neritech.saas.integracao.domain.IntegracaoAtiva toEntity(com.neritech.saas.integracao.dto.IntegracaoAtivaRequest request).
[INFO] MapStruct: referred types not available (yet), deferring mapper: com.neritech.saas.integracao.mapper.IntegracaoAtivaMapper
[INFO]  MapStruct: processing: com.neritech.saas.fiscal.mapper.CstProdutoMapper.
[INFO] - MapStruct: creating bean mapping method implementation for com.neritech.saas.fiscal.domain.CstProduto toEntity(com.neritech.saas.fiscal.dto.CstProdutoRequest request).
[INFO] MapStruct: referred types not available (yet), deferring mapper: com.neritech.saas.fiscal.mapper.CstProdutoMapper
[INFO]  MapStruct: processing: com.neritech.saas.comunicacao.mapper.ConfiguracaoWhatsappMapper.
[INFO] - MapStruct: creating bean mapping method implementation for com.neritech.saas.comunicacao.domain.ConfiguracaoWhatsapp toEntity(com.neritech.saas.comunicacao.dto.ConfiguracaoWhatsappRequest request).
[INFO] -- MapStruct: mapping property: request.empresaId() to: setEmpresaId(java.lang.Long).
[INFO] -- MapStruct: selecting property mapping: request.empresaId().
[INFO] -- MapStruct: mapping property: request.tipoIntegracao() to: setTipoIntegracao(com.neritech.saas.comunicacao.domain.enums.TipoIntegracao).
[INFO] -- MapStruct: selecting property mapping: request.tipoIntegracao().
[INFO] -- MapStruct: mapping property: request.provedorServico() to: setProvedorServico(java.lang.String).
[INFO] -- MapStruct: selecting property mapping: request.provedorServico().
[INFO] -- MapStruct: mapping property: request.numeroWhatsapp() to: setNumeroWhatsapp(java.lang.String).
[INFO] -- MapStruct: selecting property mapping: request.numeroWhatsapp().
[INFO] -- MapStruct: mapping property: request.tokenAcesso() to: setTokenAcesso(java.lang.String).
[INFO] -- MapStruct: selecting property mapping: request.tokenAcesso().
[INFO] -- MapStruct: mapping property: request.webhookUrl() to: setWebhookUrl(java.lang.String).
[INFO] -- MapStruct: selecting property mapping: request.webhookUrl().
[INFO] -- MapStruct: mapping property: request.webhookToken() to: setWebhookToken(java.lang.String).
[INFO] -- MapStruct: selecting property mapping: request.webhookToken().
[INFO] -- MapStruct: mapping property: request.phoneNumberId() to: setPhoneNumberId(java.lang.String).
[INFO] -- MapStruct: selecting property mapping: request.phoneNumberId().
[INFO] -- MapStruct: mapping property: request.businessAccountId() to: setBusinessAccountId(java.lang.String).
[INFO] -- MapStruct: selecting property mapping: request.businessAccountId().
[INFO] -- MapStruct: mapping property: request.appId() to: setAppId(java.lang.String).
[INFO] -- MapStruct: selecting property mapping: request.appId().
[INFO] -- MapStruct: mapping property: request.appSecret() to: setAppSecret(java.lang.String).
[INFO] -- MapStruct: selecting property mapping: request.appSecret().
[INFO] -- MapStruct: mapping property: request.mensagensTemplateAprovadas() to: setMensagensTemplateAprovadas(java.lang.String).
[INFO] -- MapStruct: selecting property mapping: request.mensagensTemplateAprovadas().
[INFO] -- MapStruct: mapping property: request.horarioAtendimentoInicio() to: setHorarioAtendimentoInicio(java.time.LocalTime).
[INFO] -- MapStruct: selecting property mapping: request.horarioAtendimentoInicio().
[INFO] -- MapStruct: mapping property: request.horarioAtendimentoFim() to: setHorarioAtendimentoFim(java.time.LocalTime).
[INFO] -- MapStruct: selecting property mapping: request.horarioAtendimentoFim().
[INFO] -- MapStruct: mapping property: request.mensagemForaHorario() to: setMensagemForaHorario(java.lang.String).
[INFO] -- MapStruct: selecting property mapping: request.mensagemForaHorario().
[INFO] -- MapStruct: mapping property: request.mensagemBoasVindas() to: setMensagemBoasVindas(java.lang.String).
[INFO] -- MapStruct: selecting property mapping: request.mensagemBoasVindas().
[INFO] -- MapStruct: mapping property: request.mensagemMenuPrincipal() to: setMensagemMenuPrincipal(java.lang.String).
[INFO] -- MapStruct: selecting property mapping: request.mensagemMenuPrincipal().
[INFO] -- MapStruct: mapping property: request.chatbotAtivo() to: setChatbotAtivo(java.lang.Boolean).
[INFO] -- MapStruct: selecting property mapping: request.chatbotAtivo().
[INFO] -- MapStruct: mapping property: request.integracaoAtiva() to: setIntegracaoAtiva(java.lang.Boolean).
[INFO] -- MapStruct: selecting property mapping: request.integracaoAtiva().
[INFO] -- MapStruct: mapping property: request.ambiente() to: setAmbiente(com.neritech.saas.comunicacao.domain.enums.Ambiente).
[INFO] -- MapStruct: selecting property mapping: request.ambiente().
[INFO] -- MapStruct: mapping property: request.observacoes() to: setObservacoes(java.lang.String).
[INFO] -- MapStruct: selecting property mapping: request.observacoes().
[WARNING] /C:/Users/alexa/OneDrive/Documentos/NeriTech/backend/src/main/java/com/neritech/saas/comunicacao/mapper/ConfiguracaoWhatsappMapper.java:[21,26] Unmapped target properties: "criadoPor, atualizadoPor".
[INFO] - MapStruct: creating bean mapping method implementation for com.neritech.saas.comunicacao.dto.ConfiguracaoWhatsappResponse toResponse(com.neritech.saas.comunicacao.domain.ConfiguracaoWhatsapp entity).
[INFO] -- MapStruct: mapping property: entity.getId() to: id.
[INFO] -- MapStruct: selecting property mapping: entity.getId().
[INFO] -- MapStruct: mapping property: entity.getEmpresaId() to: empresaId.
[INFO] -- MapStruct: selecting property mapping: entity.getEmpresaId().
[INFO] -- MapStruct: mapping property: entity.getTipoIntegracao() to: tipoIntegracao.
[INFO] -- MapStruct: selecting property mapping: entity.getTipoIntegracao().
[INFO] -- MapStruct: mapping property: entity.getProvedorServico() to: provedorServico.
[INFO] -- MapStruct: selecting property mapping: entity.getProvedorServico().
[INFO] -- MapStruct: mapping property: entity.getNumeroWhatsapp() to: numeroWhatsapp.
[INFO] -- MapStruct: selecting property mapping: entity.getNumeroWhatsapp().
[INFO] -- MapStruct: mapping property: entity.getWebhookUrl() to: webhookUrl.
[INFO] -- MapStruct: selecting property mapping: entity.getWebhookUrl().
[INFO] -- MapStruct: mapping property: entity.getPhoneNumberId() to: phoneNumberId.
[INFO] -- MapStruct: selecting property mapping: entity.getPhoneNumberId().
[INFO] -- MapStruct: mapping property: entity.getBusinessAccountId() to: businessAccountId.
[INFO] -- MapStruct: selecting property mapping: entity.getBusinessAccountId().
[INFO] -- MapStruct: mapping property: entity.getAppId() to: appId.
[INFO] -- MapStruct: selecting property mapping: entity.getAppId().
[INFO] -- MapStruct: mapping property: entity.getMensagensTemplateAprovadas() to: mensagensTemplateAprovadas.
[INFO] -- MapStruct: selecting property mapping: entity.getMensagensTemplateAprovadas().
[INFO] -- MapStruct: mapping property: entity.getHorarioAtendimentoInicio() to: horarioAtendimentoInicio.
[INFO] -- MapStruct: selecting property mapping: entity.getHorarioAtendimentoInicio().
[INFO] -- MapStruct: mapping property: entity.getHorarioAtendimentoFim() to: horarioAtendimentoFim.
[INFO] -- MapStruct: selecting property mapping: entity.getHorarioAtendimentoFim().
[INFO] -- MapStruct: mapping property: entity.getMensagemForaHorario() to: mensagemForaHorario.
[INFO] -- MapStruct: selecting property mapping: entity.getMensagemForaHorario().
[INFO] -- MapStruct: mapping property: entity.getMensagemBoasVindas() to: mensagemBoasVindas.
[INFO] -- MapStruct: selecting property mapping: entity.getMensagemBoasVindas().
[INFO] -- MapStruct: mapping property: entity.getMensagemMenuPrincipal() to: mensagemMenuPrincipal.
[INFO] -- MapStruct: selecting property mapping: entity.getMensagemMenuPrincipal().
[INFO] -- MapStruct: mapping property: entity.getChatbotAtivo() to: chatbotAtivo.
[INFO] -- MapStruct: selecting property mapping: entity.getChatbotAtivo().
[INFO] -- MapStruct: mapping property: entity.getIntegracaoAtiva() to: integracaoAtiva.
[INFO] -- MapStruct: selecting property mapping: entity.getIntegracaoAtiva().
[INFO] -- MapStruct: mapping property: entity.getAmbiente() to: ambiente.
[INFO] -- MapStruct: selecting property mapping: entity.getAmbiente().
[INFO] -- MapStruct: mapping property: entity.getObservacoes() to: observacoes.
[INFO] -- MapStruct: selecting property mapping: entity.getObservacoes().
[INFO] -- MapStruct: mapping property: entity.getDataConfiguracao() to: dataConfiguracao.
[INFO] -- MapStruct: selecting property mapping: entity.getDataConfiguracao().
[INFO] -- MapStruct: mapping property: entity.getConfiguradoPor() to: configuradoPor.
[INFO] -- MapStruct: selecting property mapping: entity.getConfiguradoPor().
[INFO] -- MapStruct: mapping property: entity.getDataUltimaVerificacao() to: dataUltimaVerificacao.
[INFO] -- MapStruct: selecting property mapping: entity.getDataUltimaVerificacao().
[INFO] -- MapStruct: mapping property: entity.getStatusVerificacao() to: statusVerificacao.
[INFO] -- MapStruct: selecting property mapping: entity.getStatusVerificacao().
[INFO] - MapStruct: creating bean mapping method implementation for void updateEntity(com.neritech.saas.comunicacao.dto.ConfiguracaoWhatsappRequest request, @MappingTarget com.neritech.saas.comunicacao.domain.ConfiguracaoWhatsapp entity).
[INFO] -- MapStruct: mapping property: request.empresaId() to: setEmpresaId(java.lang.Long).
[INFO] -- MapStruct: selecting property mapping: request.empresaId().
[INFO] -- MapStruct: mapping property: request.tipoIntegracao() to: setTipoIntegracao(com.neritech.saas.comunicacao.domain.enums.TipoIntegracao).
[INFO] -- MapStruct: selecting property mapping: request.tipoIntegracao().
[INFO] -- MapStruct: mapping property: request.provedorServico() to: setProvedorServico(java.lang.String).
[INFO] -- MapStruct: selecting property mapping: request.provedorServico().
[INFO] -- MapStruct: mapping property: request.numeroWhatsapp() to: setNumeroWhatsapp(java.lang.String).
[INFO] -- MapStruct: selecting property mapping: request.numeroWhatsapp().
[INFO] -- MapStruct: mapping property: request.tokenAcesso() to: setTokenAcesso(java.lang.String).
[INFO] -- MapStruct: selecting property mapping: request.tokenAcesso().
[INFO] -- MapStruct: mapping property: request.webhookUrl() to: setWebhookUrl(java.lang.String).
[INFO] -- MapStruct: selecting property mapping: request.webhookUrl().
[INFO] -- MapStruct: mapping property: request.webhookToken() to: setWebhookToken(java.lang.String).
[INFO] -- MapStruct: selecting property mapping: request.webhookToken().
[INFO] -- MapStruct: mapping property: request.phoneNumberId() to: setPhoneNumberId(java.lang.String).
[INFO] -- MapStruct: selecting property mapping: request.phoneNumberId().
[INFO] -- MapStruct: mapping property: request.businessAccountId() to: setBusinessAccountId(java.lang.String).
[INFO] -- MapStruct: selecting property mapping: request.businessAccountId().
[INFO] -- MapStruct: mapping property: request.appId() to: setAppId(java.lang.String).
[INFO] -- MapStruct: selecting property mapping: request.appId().
[INFO] -- MapStruct: mapping property: request.appSecret() to: setAppSecret(java.lang.String).
[INFO] -- MapStruct: selecting property mapping: request.appSecret().
[INFO] -- MapStruct: mapping property: request.mensagensTemplateAprovadas() to: setMensagensTemplateAprovadas(java.lang.String).
[INFO] -- MapStruct: selecting property mapping: request.mensagensTemplateAprovadas().
[INFO] -- MapStruct: mapping property: request.horarioAtendimentoInicio() to: setHorarioAtendimentoInicio(java.time.LocalTime).
[INFO] -- MapStruct: selecting property mapping: request.horarioAtendimentoInicio().
[INFO] -- MapStruct: mapping property: request.horarioAtendimentoFim() to: setHorarioAtendimentoFim(java.time.LocalTime).
[INFO] -- MapStruct: selecting property mapping: request.horarioAtendimentoFim().
[INFO] -- MapStruct: mapping property: request.mensagemForaHorario() to: setMensagemForaHorario(java.lang.String).
[INFO] -- MapStruct: selecting property mapping: request.mensagemForaHorario().
[INFO] -- MapStruct: mapping property: request.mensagemBoasVindas() to: setMensagemBoasVindas(java.lang.String).
[INFO] -- MapStruct: selecting property mapping: request.mensagemBoasVindas().
[INFO] -- MapStruct: mapping property: request.mensagemMenuPrincipal() to: setMensagemMenuPrincipal(java.lang.String).
[INFO] -- MapStruct: selecting property mapping: request.mensagemMenuPrincipal().
[INFO] -- MapStruct: mapping property: request.chatbotAtivo() to: setChatbotAtivo(java.lang.Boolean).
[INFO] -- MapStruct: selecting property mapping: request.chatbotAtivo().
[INFO] -- MapStruct: mapping property: request.integracaoAtiva() to: setIntegracaoAtiva(java.lang.Boolean).
[INFO] -- MapStruct: selecting property mapping: request.integracaoAtiva().
[INFO] -- MapStruct: mapping property: request.ambiente() to: setAmbiente(com.neritech.saas.comunicacao.domain.enums.Ambiente).
[INFO] -- MapStruct: selecting property mapping: request.ambiente().
[INFO] -- MapStruct: mapping property: request.observacoes() to: setObservacoes(java.lang.String).
[INFO] -- MapStruct: selecting property mapping: request.observacoes().
[WARNING] /C:/Users/alexa/OneDrive/Documentos/NeriTech/backend/src/main/java/com/neritech/saas/comunicacao/mapper/ConfiguracaoWhatsappMapper.java:[33,10] Unmapped target properties: "criadoPor, atualizadoPor".
[INFO]  MapStruct: processing: com.neritech.saas.produtoServico.mapper.ServicoMapper.
[INFO] - MapStruct: creating bean mapping method implementation for com.neritech.saas.produtoServico.domain.Servico toEntity(com.neritech.saas.produtoServico.dto.ServicoRequest request).
[INFO] -- MapStruct: mapping property: request.nome() to: setNome(java.lang.String).
[INFO] -- MapStruct: selecting property mapping: request.nome().
[INFO] -- MapStruct: mapping property: request.precoBase() to: setPrecoBase(java.math.BigDecimal).
[INFO] -- MapStruct: selecting property mapping: request.precoBase().
[INFO] -- MapStruct: mapping property: request.custo() to: setCusto(java.math.BigDecimal).
[INFO] -- MapStruct: selecting property mapping: request.custo().
[INFO] -- MapStruct: mapping property: request.instrucoesExecucao() to: setInstrucoesExecucao(java.lang.String).
[INFO] -- MapStruct: selecting property mapping: request.instrucoesExecucao().
[INFO] -- MapStruct: mapping property: request.ativo() to: setAtivo(java.lang.Boolean).
[INFO] -- MapStruct: selecting property mapping: request.ativo().
[INFO] - MapStruct: creating bean mapping method implementation for com.neritech.saas.produtoServico.dto.ServicoResponse toResponse(com.neritech.saas.produtoServico.domain.Servico entity).
[INFO] -- MapStruct: mapping property: entity.getEmpresaId() to: empresaId.
[INFO] -- MapStruct: selecting property mapping: entity.getEmpresaId().
[INFO] -- MapStruct: mapping property: entity.getId() to: id.
[INFO] -- MapStruct: selecting property mapping: entity.getId().
[INFO] -- MapStruct: mapping property: entity.getNome() to: nome.
[INFO] -- MapStruct: selecting property mapping: entity.getNome().
[INFO] -- MapStruct: mapping property: entity.getPrecoBase() to: precoBase.
[INFO] -- MapStruct: selecting property mapping: entity.getPrecoBase().
[INFO] -- MapStruct: mapping property: entity.getCusto() to: custo.
[INFO] -- MapStruct: selecting property mapping: entity.getCusto().
[INFO] -- MapStruct: mapping property: entity.getInstrucoesExecucao() to: instrucoesExecucao.
[INFO] -- MapStruct: selecting property mapping: entity.getInstrucoesExecucao().
[INFO] -- MapStruct: mapping property: entity.getAtivo() to: ativo.
[INFO] -- MapStruct: selecting property mapping: entity.getAtivo().
[INFO] -- MapStruct: mapping property: entity.getDataCadastro() to: dataCadastro.
[INFO] -- MapStruct: selecting property mapping: entity.getDataCadastro().
[INFO] -- MapStruct: mapping property: entity.getDataAtualizacao() to: dataAtualizacao.
[INFO] -- MapStruct: selecting property mapping: entity.getDataAtualizacao().
[INFO] - MapStruct: creating bean mapping method implementation for void updateEntityFromRequest(com.neritech.saas.produtoServico.dto.ServicoRequest request, @MappingTarget com.neritech.saas.produtoServico.domain.Servico entity).
[INFO] -- MapStruct: mapping property: request.nome() to: setNome(java.lang.String).
[INFO] -- MapStruct: selecting property mapping: request.nome().
[INFO] -- MapStruct: mapping property: request.precoBase() to: setPrecoBase(java.math.BigDecimal).
[INFO] -- MapStruct: selecting property mapping: request.precoBase().
[INFO] -- MapStruct: mapping property: request.custo() to: setCusto(java.math.BigDecimal).
[INFO] -- MapStruct: selecting property mapping: request.custo().
[INFO] -- MapStruct: mapping property: request.instrucoesExecucao() to: setInstrucoesExecucao(java.lang.String).
[INFO] -- MapStruct: selecting property mapping: request.instrucoesExecucao().
[INFO] -- MapStruct: mapping property: request.ativo() to: setAtivo(java.lang.Boolean).
[INFO] -- MapStruct: selecting property mapping: request.ativo().
[INFO]  MapStruct: processing: com.neritech.saas.estoque.mapper.InventarioMapper.
[INFO] - MapStruct: creating bean mapping method implementation for com.neritech.saas.estoque.domain.Inventario toEntity(com.neritech.saas.estoque.dto.InventarioRequest request).
[INFO] -- MapStruct: mapping property: request.empresaId() to: setEmpresaId(java.lang.Long).
[INFO] -- MapStruct: selecting property mapping: request.empresaId().
[INFO] -- MapStruct: mapping property: request.codigo() to: setCodigo(java.lang.String).
[INFO] -- MapStruct: selecting property mapping: request.codigo().
[INFO] -- MapStruct: mapping property: request.descricao() to: setDescricao(java.lang.String).
[INFO] -- MapStruct: selecting property mapping: request.descricao().
[INFO] -- MapStruct: mapping property: request.tipoInventario() to: setTipoInventario(com.neritech.saas.estoque.domain.enums.TipoInventario).
[INFO] -- MapStruct: selecting property mapping: request.tipoInventario().
[INFO] -- MapStruct: mapping property: request.dataInicio() to: setDataInicio(java.time.LocalDate).
[INFO] -- MapStruct: selecting property mapping: request.dataInicio().
[INFO] -- MapStruct: mapping property: request.dataFim() to: setDataFim(java.time.LocalDate).
[INFO] -- MapStruct: selecting property mapping: request.dataFim().
[INFO] -- MapStruct: mapping property: request.status() to: setStatus(com.neritech.saas.estoque.domain.enums.StatusInventario).
[INFO] -- MapStruct: selecting property mapping: request.status().
[INFO] -- MapStruct: mapping property: request.localizacoesIncluidas() to: setLocalizacoesIncluidas(java.lang.String).
[INFO] -- MapStruct: selecting property mapping: request.localizacoesIncluidas().
[INFO] -- MapStruct: mapping property: request.categoriasIncluidas() to: setCategoriasIncluidas(java.lang.String).
[INFO] -- MapStruct: selecting property mapping: request.categoriasIncluidas().
[INFO] -- MapStruct: mapping property: request.produtosIncluidos() to: setProdutosIncluidos(java.lang.String).
[INFO] -- MapStruct: selecting property mapping: request.produtosIncluidos().
[INFO] -- MapStruct: mapping property: request.usuariosResponsaveis() to: setUsuariosResponsaveis(java.lang.String).
[INFO] -- MapStruct: selecting property mapping: request.usuariosResponsaveis().
[INFO] -- MapStruct: mapping property: request.observacoes() to: setObservacoes(java.lang.String).
[INFO] -- MapStruct: selecting property mapping: request.observacoes().
[INFO] - MapStruct: creating bean mapping method implementation for com.neritech.saas.estoque.dto.InventarioResponse toResponse(com.neritech.saas.estoque.domain.Inventario entity).
[INFO] -- MapStruct: mapping property: entity.getId() to: id.
[INFO] -- MapStruct: selecting property mapping: entity.getId().
[INFO] -- MapStruct: mapping property: entity.getEmpresaId() to: empresaId.
[INFO] -- MapStruct: selecting property mapping: entity.getEmpresaId().
[INFO] -- MapStruct: mapping property: entity.getCodigo() to: codigo.
[INFO] -- MapStruct: selecting property mapping: entity.getCodigo().
[INFO] -- MapStruct: mapping property: entity.getDescricao() to: descricao.
[INFO] -- MapStruct: selecting property mapping: entity.getDescricao().
[INFO] -- MapStruct: mapping property: entity.getTipoInventario() to: tipoInventario.
[INFO] -- MapStruct: selecting property mapping: entity.getTipoInventario().
[INFO] -- MapStruct: mapping property: entity.getDataInicio() to: dataInicio.
[INFO] -- MapStruct: selecting property mapping: entity.getDataInicio().
[INFO] -- MapStruct: mapping property: entity.getDataFim() to: dataFim.
[INFO] -- MapStruct: selecting property mapping: entity.getDataFim().
[INFO] -- MapStruct: mapping property: entity.getStatus() to: status.
[INFO] -- MapStruct: selecting property mapping: entity.getStatus().
[INFO] -- MapStruct: mapping property: entity.getLocalizacoesIncluidas() to: localizacoesIncluidas.
[INFO] -- MapStruct: selecting property mapping: entity.getLocalizacoesIncluidas().
[INFO] -- MapStruct: mapping property: entity.getCategoriasIncluidas() to: categoriasIncluidas.
[INFO] -- MapStruct: selecting property mapping: entity.getCategoriasIncluidas().
[INFO] -- MapStruct: mapping property: entity.getProdutosIncluidos() to: produtosIncluidos.
[INFO] -- MapStruct: selecting property mapping: entity.getProdutosIncluidos().
[INFO] -- MapStruct: mapping property: entity.getUsuariosResponsaveis() to: usuariosResponsaveis.
[INFO] -- MapStruct: selecting property mapping: entity.getUsuariosResponsaveis().
[INFO] -- MapStruct: mapping property: entity.getTotalItensPlanejados() to: totalItensPlanejados.
[INFO] -- MapStruct: selecting property mapping: entity.getTotalItensPlanejados().
[INFO] -- MapStruct: mapping property: entity.getTotalItensContados() to: totalItensContados.
[INFO] -- MapStruct: selecting property mapping: entity.getTotalItensContados().
[INFO] -- MapStruct: mapping property: entity.getTotalDivergencias() to: totalDivergencias.
[INFO] -- MapStruct: selecting property mapping: entity.getTotalDivergencias().
[INFO] -- MapStruct: mapping property: entity.getValorTotalSistema() to: valorTotalSistema.
[INFO] -- MapStruct: selecting property mapping: entity.getValorTotalSistema().
[INFO] -- MapStruct: mapping property: entity.getValorTotalContado() to: valorTotalContado.
[INFO] -- MapStruct: selecting property mapping: entity.getValorTotalContado().
[INFO] -- MapStruct: mapping property: entity.getDiferencaValor() to: diferencaValor.
[INFO] -- MapStruct: selecting property mapping: entity.getDiferencaValor().
[INFO] -- MapStruct: mapping property: entity.getObservacoes() to: observacoes.
[INFO] -- MapStruct: selecting property mapping: entity.getObservacoes().
[INFO] -- MapStruct: mapping property: entity.getFinalizadoPor() to: finalizadoPor.
[INFO] -- MapStruct: selecting property mapping: entity.getFinalizadoPor().
[INFO] - MapStruct: creating bean mapping method implementation for void updateEntityFromRequest(com.neritech.saas.estoque.dto.InventarioRequest request, @MappingTarget com.neritech.saas.estoque.domain.Inventario entity).
[INFO] -- MapStruct: mapping property: request.empresaId() to: setEmpresaId(java.lang.Long).
[INFO] -- MapStruct: selecting property mapping: request.empresaId().
[INFO] -- MapStruct: mapping property: request.codigo() to: setCodigo(java.lang.String).
[INFO] -- MapStruct: selecting property mapping: request.codigo().
[INFO] -- MapStruct: mapping property: request.descricao() to: setDescricao(java.lang.String).
[INFO] -- MapStruct: selecting property mapping: request.descricao().
[INFO] -- MapStruct: mapping property: request.tipoInventario() to: setTipoInventario(com.neritech.saas.estoque.domain.enums.TipoInventario).
[INFO] -- MapStruct: selecting property mapping: request.tipoInventario().
[INFO] -- MapStruct: mapping property: request.dataInicio() to: setDataInicio(java.time.LocalDate).
[INFO] -- MapStruct: selecting property mapping: request.dataInicio().
[INFO] -- MapStruct: mapping property: request.dataFim() to: setDataFim(java.time.LocalDate).
[INFO] -- MapStruct: selecting property mapping: request.dataFim().
[INFO] -- MapStruct: mapping property: request.status() to: setStatus(com.neritech.saas.estoque.domain.enums.StatusInventario).
[INFO] -- MapStruct: selecting property mapping: request.status().
[INFO] -- MapStruct: mapping property: request.localizacoesIncluidas() to: setLocalizacoesIncluidas(java.lang.String).
[INFO] -- MapStruct: selecting property mapping: request.localizacoesIncluidas().
[INFO] -- MapStruct: mapping property: request.categoriasIncluidas() to: setCategoriasIncluidas(java.lang.String).
[INFO] -- MapStruct: selecting property mapping: request.categoriasIncluidas().
[INFO] -- MapStruct: mapping property: request.produtosIncluidos() to: setProdutosIncluidos(java.lang.String).
[INFO] -- MapStruct: selecting property mapping: request.produtosIncluidos().
[INFO] -- MapStruct: mapping property: request.usuariosResponsaveis() to: setUsuariosResponsaveis(java.lang.String).
[INFO] -- MapStruct: selecting property mapping: request.usuariosResponsaveis().
[INFO] -- MapStruct: mapping property: request.observacoes() to: setObservacoes(java.lang.String).
[INFO] -- MapStruct: selecting property mapping: request.observacoes().
[INFO]  MapStruct: processing: com.neritech.saas.financeiro.mapper.FormaPagamentoMapper.
[INFO] - MapStruct: creating bean mapping method implementation for com.neritech.saas.financeiro.domain.FormaPagamento toEntity(com.neritech.saas.financeiro.dto.FormaPagamentoRequest request).
[INFO] -- MapStruct: mapping property: request.nome() to: setNome(java.lang.String).
[INFO] -- MapStruct: selecting property mapping: request.nome().
[INFO] -- MapStruct: mapping property: request.tipo() to: setTipo(com.neritech.saas.financeiro.domain.enums.TipoFormaPagamento).
[INFO] -- MapStruct: selecting property mapping: request.tipo().
[INFO] -- MapStruct: mapping property: request.limiteDiario() to: setLimiteDiario(java.math.BigDecimal).
[INFO] -- MapStruct: selecting property mapping: request.limiteDiario().
[INFO] -- MapStruct: mapping property: request.observacoes() to: setObservacoes(java.lang.String).
[INFO] -- MapStruct: selecting property mapping: request.observacoes().
[INFO] -- MapStruct: mapping property: request.aceitaParcelamento() to: setAceitaParcelamento(java.lang.Boolean).
[INFO] -- MapStruct: selecting property mapping: request.aceitaParcelamento().
[INFO] -- MapStruct: mapping property: request.parcelasMaximas() to: setParcelasMaximas(java.lang.Integer).
[INFO] -- MapStruct: selecting property mapping: request.parcelasMaximas().
[INFO] -- MapStruct: mapping property: request.taxaAdministracao() to: setTaxaAdministracao(java.math.BigDecimal).
[INFO] -- MapStruct: selecting property mapping: request.taxaAdministracao().
[INFO] -- MapStruct: mapping property: request.prazoRecebimentoDias() to: setPrazoRecebimentoDias(java.lang.Integer).
[INFO] -- MapStruct: selecting property mapping: request.prazoRecebimentoDias().
[INFO] -- MapStruct: mapping property: request.ativo() to: setAtivo(java.lang.Boolean).
[INFO] -- MapStruct: selecting property mapping: request.ativo().
[INFO] -- MapStruct: mapping property: request.padrao() to: setPadrao(java.lang.Boolean).
[INFO] -- MapStruct: selecting property mapping: request.padrao().
[INFO] -- MapStruct: mapping property: request.exigeAutorizacao() to: setExigeAutorizacao(java.lang.Boolean).
[INFO] -- MapStruct: selecting property mapping: request.exigeAutorizacao().
[INFO] - MapStruct: creating bean mapping method implementation for com.neritech.saas.financeiro.dto.FormaPagamentoResponse toResponse(com.neritech.saas.financeiro.domain.FormaPagamento entity).
[INFO] -- MapStruct: mapping property: entityContaBancariaBancoNome( entity ) to: contaBancariaNome.
[INFO] -- MapStruct: selecting property mapping: entityContaBancariaBancoNome( entity ).
[INFO] -- MapStruct: mapping property: entity.getId() to: id.
[INFO] -- MapStruct: selecting property mapping: entity.getId().
[INFO] -- MapStruct: mapping property: entity.getEmpresaId() to: empresaId.
[INFO] -- MapStruct: selecting property mapping: entity.getEmpresaId().
[INFO] -- MapStruct: mapping property: entity.getNome() to: nome.
[INFO] -- MapStruct: selecting property mapping: entity.getNome().
[INFO] -- MapStruct: mapping property: entity.getTipo() to: tipo.
[INFO] -- MapStruct: selecting property mapping: entity.getTipo().
[INFO] -- MapStruct: mapping property: entity.getAceitaParcelamento() to: aceitaParcelamento.
[INFO] -- MapStruct: selecting property mapping: entity.getAceitaParcelamento().
[INFO] -- MapStruct: mapping property: entity.getParcelasMaximas() to: parcelasMaximas.
[INFO] -- MapStruct: selecting property mapping: entity.getParcelasMaximas().
[INFO] -- MapStruct: mapping property: entity.getTaxaAdministracao() to: taxaAdministracao.
[INFO] -- MapStruct: selecting property mapping: entity.getTaxaAdministracao().
[INFO] -- MapStruct: mapping property: entity.getPrazoRecebimentoDias() to: prazoRecebimentoDias.
[INFO] -- MapStruct: selecting property mapping: entity.getPrazoRecebimentoDias().
[INFO] -- MapStruct: mapping property: entity.getAtivo() to: ativo.
[INFO] -- MapStruct: selecting property mapping: entity.getAtivo().
[INFO] -- MapStruct: mapping property: entity.getPadrao() to: padrao.
[INFO] -- MapStruct: selecting property mapping: entity.getPadrao().
[INFO] -- MapStruct: mapping property: entity.getExigeAutorizacao() to: exigeAutorizacao.
[INFO] -- MapStruct: selecting property mapping: entity.getExigeAutorizacao().
[INFO] -- MapStruct: mapping property: entity.getLimiteDiario() to: limiteDiario.
[INFO] -- MapStruct: selecting property mapping: entity.getLimiteDiario().
[INFO] -- MapStruct: mapping property: entity.getObservacoes() to: observacoes.
[INFO] -- MapStruct: selecting property mapping: entity.getObservacoes().
[INFO] - MapStruct: creating bean mapping method implementation for void updateEntityFromDTO(com.neritech.saas.financeiro.dto.FormaPagamentoRequest request, @MappingTarget com.neritech.saas.financeiro.domain.FormaPagamento entity).
[INFO] -- MapStruct: mapping property: request.nome() to: setNome(java.lang.String).
[INFO] -- MapStruct: selecting property mapping: request.nome().
[INFO] -- MapStruct: mapping property: request.tipo() to: setTipo(com.neritech.saas.financeiro.domain.enums.TipoFormaPagamento).
[INFO] -- MapStruct: selecting property mapping: request.tipo().
[INFO] -- MapStruct: mapping property: request.limiteDiario() to: setLimiteDiario(java.math.BigDecimal).
[INFO] -- MapStruct: selecting property mapping: request.limiteDiario().
[INFO] -- MapStruct: mapping property: request.observacoes() to: setObservacoes(java.lang.String).
[INFO] -- MapStruct: selecting property mapping: request.observacoes().
[INFO] -- MapStruct: mapping property: request.aceitaParcelamento() to: setAceitaParcelamento(java.lang.Boolean).
[INFO] -- MapStruct: selecting property mapping: request.aceitaParcelamento().
[INFO] -- MapStruct: mapping property: request.parcelasMaximas() to: setParcelasMaximas(java.lang.Integer).
[INFO] -- MapStruct: selecting property mapping: request.parcelasMaximas().
[INFO] -- MapStruct: mapping property: request.taxaAdministracao() to: setTaxaAdministracao(java.math.BigDecimal).
[INFO] -- MapStruct: selecting property mapping: request.taxaAdministracao().
[INFO] -- MapStruct: mapping property: request.prazoRecebimentoDias() to: setPrazoRecebimentoDias(java.lang.Integer).
[INFO] -- MapStruct: selecting property mapping: request.prazoRecebimentoDias().
[INFO] -- MapStruct: mapping property: request.ativo() to: setAtivo(java.lang.Boolean).
[INFO] -- MapStruct: selecting property mapping: request.ativo().
[INFO] -- MapStruct: mapping property: request.padrao() to: setPadrao(java.lang.Boolean).
[INFO] -- MapStruct: selecting property mapping: request.padrao().
[INFO] -- MapStruct: mapping property: request.exigeAutorizacao() to: setExigeAutorizacao(java.lang.Boolean).
[INFO] -- MapStruct: selecting property mapping: request.exigeAutorizacao().
[INFO]  MapStruct: processing: com.neritech.saas.financeiro.mapper.NfeMapper.
[INFO] - MapStruct: creating bean mapping method implementation for com.neritech.saas.financeiro.domain.Nfe toEntity(com.neritech.saas.financeiro.dto.NfeRequest request).
[INFO] -- MapStruct: mapping property: request.numeroNfe() to: setNumeroNfe(java.lang.Long).
[INFO] -- MapStruct: selecting property mapping: Long.parseLong( request.numeroNfe() ).
[INFO] -- MapStruct: mapping property: request.serieNfe() to: setSerieNfe(java.lang.Integer).
[INFO] -- MapStruct: selecting property mapping: Integer.parseInt( request.serieNfe() ).
[INFO] -- MapStruct: mapping property: request.chaveNfe() to: setChaveNfe(java.lang.String).
[INFO] -- MapStruct: selecting property mapping: request.chaveNfe().
[INFO] -- MapStruct: mapping property: request.tipoOperacao() to: setTipoOperacao(com.neritech.saas.financeiro.domain.enums.TipoOperacaoNfe).
[INFO] -- MapStruct: selecting property mapping: request.tipoOperacao().
[INFO] -- MapStruct: mapping property: request.dataEmissao() to: setDataEmissao(java.time.LocalDateTime).
[INFO] -- MapStruct: selecting property mapping: request.dataEmissao().
[INFO] -- MapStruct: mapping property: request.dataSaidaEntrada() to: setDataSaidaEntrada(java.time.LocalDateTime).
[INFO] -- MapStruct: selecting property mapping: request.dataSaidaEntrada().
[INFO] -- MapStruct: mapping property: request.tipoEmissao() to: setTipoEmissao(com.neritech.saas.financeiro.domain.enums.TipoEmissaoNfe).
[INFO] -- MapStruct: selecting property mapping: request.tipoEmissao().
[INFO] -- MapStruct: mapping property: request.ambiente() to: setAmbiente(com.neritech.saas.financeiro.domain.enums.AmbienteNfe).
[INFO] -- MapStruct: selecting property mapping: request.ambiente().
[INFO] -- MapStruct: mapping property: request.protocoloAutorizacao() to: setProtocoloAutorizacao(java.lang.String).
[INFO] -- MapStruct: selecting property mapping: request.protocoloAutorizacao().
[INFO] -- MapStruct: mapping property: request.danfeUrl() to: setDanfeUrl(java.lang.String).
[INFO] -- MapStruct: selecting property mapping: request.danfeUrl().
[INFO] - MapStruct: creating bean mapping method implementation for com.neritech.saas.financeiro.dto.NfeResponse toResponse(com.neritech.saas.financeiro.domain.Nfe entity).
[INFO] -- MapStruct: mapping property: entityFaturaNumeroFatura( entity ) to: faturaNumero.
[INFO] -- MapStruct: selecting property mapping: entityFaturaNumeroFatura( entity ).
[INFO] -- MapStruct: mapping property: entity.getId() to: id.
[INFO] -- MapStruct: selecting property mapping: entity.getId().
[INFO] -- MapStruct: mapping property: entity.getEmpresaId() to: empresaId.
[INFO] -- MapStruct: selecting property mapping: entity.getEmpresaId().
[INFO] -- MapStruct: mapping property: entity.getChaveNfe() to: chaveNfe.
[INFO] -- MapStruct: selecting property mapping: entity.getChaveNfe().
[INFO] -- MapStruct: mapping property: entity.getNumeroNfe() to: numeroNfe.
[INFO] -- MapStruct: selecting property mapping: String.valueOf( entity.getNumeroNfe() ).
[INFO] -- MapStruct: mapping property: entity.getSerieNfe() to: serieNfe.
[INFO] -- MapStruct: selecting property mapping: String.valueOf( entity.getSerieNfe() ).
[INFO] -- MapStruct: mapping property: entity.getTipoOperacao() to: tipoOperacao.
[INFO] -- MapStruct: selecting property mapping: entity.getTipoOperacao().
[INFO] -- MapStruct: mapping property: entity.getAmbiente() to: ambiente.
[INFO] -- MapStruct: selecting property mapping: entity.getAmbiente().
[INFO] -- MapStruct: mapping property: entity.getTipoEmissao() to: tipoEmissao.
[INFO] -- MapStruct: selecting property mapping: entity.getTipoEmissao().
[INFO] -- MapStruct: mapping property: entity.getDataEmissao() to: dataEmissao.
[INFO] -- MapStruct: selecting property mapping: entity.getDataEmissao().
[INFO] -- MapStruct: mapping property: entity.getDataSaidaEntrada() to: dataSaidaEntrada.
[INFO] -- MapStruct: selecting property mapping: entity.getDataSaidaEntrada().
[INFO] -- MapStruct: mapping property: entity.getDanfeUrl() to: danfeUrl.
[INFO] -- MapStruct: selecting property mapping: entity.getDanfeUrl().
[INFO] -- MapStruct: mapping property: entity.getProtocoloAutorizacao() to: protocoloAutorizacao.
[INFO] -- MapStruct: selecting property mapping: entity.getProtocoloAutorizacao().
[INFO] - MapStruct: creating bean mapping method implementation for void updateEntityFromDTO(com.neritech.saas.financeiro.dto.NfeRequest request, @MappingTarget com.neritech.saas.financeiro.domain.Nfe entity).
[INFO] -- MapStruct: mapping property: request.numeroNfe() to: setNumeroNfe(java.lang.Long).
[INFO] -- MapStruct: selecting property mapping: Long.parseLong( request.numeroNfe() ).
[INFO] -- MapStruct: mapping property: request.serieNfe() to: setSerieNfe(java.lang.Integer).
[INFO] -- MapStruct: selecting property mapping: Integer.parseInt( request.serieNfe() ).
[INFO] -- MapStruct: mapping property: request.chaveNfe() to: setChaveNfe(java.lang.String).
[INFO] -- MapStruct: selecting property mapping: request.chaveNfe().
[INFO] -- MapStruct: mapping property: request.tipoOperacao() to: setTipoOperacao(com.neritech.saas.financeiro.domain.enums.TipoOperacaoNfe).
[INFO] -- MapStruct: selecting property mapping: request.tipoOperacao().
[INFO] -- MapStruct: mapping property: request.dataEmissao() to: setDataEmissao(java.time.LocalDateTime).
[INFO] -- MapStruct: selecting property mapping: request.dataEmissao().
[INFO] -- MapStruct: mapping property: request.dataSaidaEntrada() to: setDataSaidaEntrada(java.time.LocalDateTime).
[INFO] -- MapStruct: selecting property mapping: request.dataSaidaEntrada().
[INFO] -- MapStruct: mapping property: request.tipoEmissao() to: setTipoEmissao(com.neritech.saas.financeiro.domain.enums.TipoEmissaoNfe).
[INFO] -- MapStruct: selecting property mapping: request.tipoEmissao().
[INFO] -- MapStruct: mapping property: request.ambiente() to: setAmbiente(com.neritech.saas.financeiro.domain.enums.AmbienteNfe).
[INFO] -- MapStruct: selecting property mapping: request.ambiente().
[INFO] -- MapStruct: mapping property: request.protocoloAutorizacao() to: setProtocoloAutorizacao(java.lang.String).
[INFO] -- MapStruct: selecting property mapping: request.protocoloAutorizacao().
[INFO] -- MapStruct: mapping property: request.danfeUrl() to: setDanfeUrl(java.lang.String).
[INFO] -- MapStruct: selecting property mapping: request.danfeUrl().
[INFO]  MapStruct: processing: com.neritech.saas.fiscal.mapper.CfopMapper.
[INFO] - MapStruct: creating bean mapping method implementation for com.neritech.saas.fiscal.domain.Cfop toEntity(com.neritech.saas.fiscal.dto.CfopRequest request).
[INFO] -- MapStruct: mapping property: request.codigo() to: codigo(java.lang.String).
[INFO] -- MapStruct: selecting property mapping: request.codigo().
[INFO] -- MapStruct: mapping property: request.descricao() to: descricao(java.lang.String).
[INFO] -- MapStruct: selecting property mapping: request.descricao().
[INFO] -- MapStruct: mapping property: request.aplicacao() to: aplicacao(java.lang.String).
[INFO] -- MapStruct: selecting property mapping: request.aplicacao().
[INFO] -- MapStruct: mapping property: request.ativo() to: ativo(boolean).
[INFO] -- MapStruct: selecting property mapping: request.ativo().
[WARNING] /C:/Users/alexa/OneDrive/Documentos/NeriTech/backend/src/main/java/com/neritech/saas/fiscal/mapper/CfopMapper.java:[12,10] Unmapped target properties: "id, dataCadastro, dataAtualizacao, criadoPor, atualizadoPor, versao".
[INFO] - MapStruct: creating bean mapping method implementation for com.neritech.saas.fiscal.dto.CfopResponse toResponse(com.neritech.saas.fiscal.domain.Cfop entity).
[INFO] -- MapStruct: mapping property: entity.getId() to: id.
[INFO] -- MapStruct: selecting property mapping: entity.getId().
[INFO] -- MapStruct: mapping property: entity.getCodigo() to: codigo.
[INFO] -- MapStruct: selecting property mapping: entity.getCodigo().
[INFO] -- MapStruct: mapping property: entity.getDescricao() to: descricao.
[INFO] -- MapStruct: selecting property mapping: entity.getDescricao().
[INFO] -- MapStruct: mapping property: entity.getAplicacao() to: aplicacao.
[INFO] -- MapStruct: selecting property mapping: entity.getAplicacao().
[INFO] -- MapStruct: mapping property: entity.isAtivo() to: ativo.
[INFO] -- MapStruct: selecting property mapping: entity.isAtivo().
[WARNING] /C:/Users/alexa/OneDrive/Documentos/NeriTech/backend/src/main/java/com/neritech/saas/fiscal/mapper/CfopMapper.java:[14,18] Unmapped target properties: "createdAt, updatedAt".
[INFO] - MapStruct: creating bean mapping method implementation for void updateEntityFromRequest(com.neritech.saas.fiscal.dto.CfopRequest request, @MappingTarget com.neritech.saas.fiscal.domain.Cfop entity).
[INFO] -- MapStruct: mapping property: request.codigo() to: setCodigo(java.lang.String).
[INFO] -- MapStruct: selecting property mapping: request.codigo().
[INFO] -- MapStruct: mapping property: request.descricao() to: setDescricao(java.lang.String).
[INFO] -- MapStruct: selecting property mapping: request.descricao().
[INFO] -- MapStruct: mapping property: request.aplicacao() to: setAplicacao(java.lang.String).
[INFO] -- MapStruct: selecting property mapping: request.aplicacao().
[INFO] -- MapStruct: mapping property: request.ativo() to: setAtivo(boolean).
[INFO] -- MapStruct: selecting property mapping: request.ativo().
[WARNING] /C:/Users/alexa/OneDrive/Documentos/NeriTech/backend/src/main/java/com/neritech/saas/fiscal/mapper/CfopMapper.java:[19,10] Unmapped target properties: "criadoPor, atualizadoPor, versao".
[INFO]  MapStruct: processing: com.neritech.saas.integracao.mapper.TokenApiMapper.
[INFO] - MapStruct: creating bean mapping method implementation for com.neritech.saas.integracao.domain.TokenApi toEntity(com.neritech.saas.integracao.dto.TokenApiRequest request).
[INFO] MapStruct: referred types not available (yet), deferring mapper: com.neritech.saas.integracao.mapper.TokenApiMapper
[INFO]  MapStruct: processing: com.neritech.saas.financeiro.mapper.FluxoCaixaMapper.
[INFO] - MapStruct: creating bean mapping method implementation for com.neritech.saas.financeiro.domain.FluxoCaixa toEntity(com.neritech.saas.financeiro.dto.FluxoCaixaRequest request).
[INFO] -- MapStruct: mapping property: request.dataMovimento() to: setDataMovimentacao(java.time.LocalDate).
[INFO] -- MapStruct: selecting property mapping: request.dataMovimento().
[INFO] -- MapStruct: mapping property: request.tipoMovimentacao() to: setTipoMovimentacao(com.neritech.saas.financeiro.domain.enums.TipoMovimentacao).
[INFO] -- MapStruct: selecting property mapping: request.tipoMovimentacao().
[INFO] -- MapStruct: mapping property: request.descricao() to: setDescricao(java.lang.String).
[INFO] -- MapStruct: selecting property mapping: request.descricao().
[INFO] -- MapStruct: mapping property: request.valor() to: setValor(java.math.BigDecimal).
[INFO] -- MapStruct: selecting property mapping: request.valor().
[INFO] -- MapStruct: mapping property: request.observacoes() to: setObservacoes(java.lang.String).
[INFO] -- MapStruct: selecting property mapping: request.observacoes().
[INFO] - MapStruct: creating bean mapping method implementation for com.neritech.saas.financeiro.dto.FluxoCaixaResponse toResponse(com.neritech.saas.financeiro.domain.FluxoCaixa entity).
[INFO] -- MapStruct: mapping property: entityContaBancariaBancoNome( entity ) to: contaBancariaNome.
[INFO] -- MapStruct: selecting property mapping: entityContaBancariaBancoNome( entity ).
[INFO] -- MapStruct: mapping property: entityCentroCustoNome( entity ) to: centroCustoNome.
[INFO] -- MapStruct: selecting property mapping: entityCentroCustoNome( entity ).
[INFO] -- MapStruct: mapping property: entity.getDataMovimentacao() to: dataMovimento.
[INFO] -- MapStruct: selecting property mapping: entity.getDataMovimentacao().
[INFO] -- MapStruct: mapping property: entity.getId() to: id.
[INFO] -- MapStruct: selecting property mapping: entity.getId().
[INFO] -- MapStruct: mapping property: entity.getEmpresaId() to: empresaId.
[INFO] -- MapStruct: selecting property mapping: entity.getEmpresaId().
[INFO] -- MapStruct: mapping property: entity.getDescricao() to: descricao.
[INFO] -- MapStruct: selecting property mapping: entity.getDescricao().
[INFO] -- MapStruct: mapping property: entity.getTipoMovimentacao() to: tipoMovimentacao.
[INFO] -- MapStruct: selecting property mapping: entity.getTipoMovimentacao().
[INFO] -- MapStruct: mapping property: entity.getValor() to: valor.
[INFO] -- MapStruct: selecting property mapping: entity.getValor().
[INFO] -- MapStruct: mapping property: entity.getObservacoes() to: observacoes.
[INFO] -- MapStruct: selecting property mapping: entity.getObservacoes().
[INFO] - MapStruct: creating bean mapping method implementation for void updateEntityFromDTO(com.neritech.saas.financeiro.dto.FluxoCaixaRequest request, @MappingTarget com.neritech.saas.financeiro.domain.FluxoCaixa entity).
[INFO] -- MapStruct: mapping property: request.dataMovimento() to: setDataMovimentacao(java.time.LocalDate).
[INFO] -- MapStruct: selecting property mapping: request.dataMovimento().
[INFO] -- MapStruct: mapping property: request.tipoMovimentacao() to: setTipoMovimentacao(com.neritech.saas.financeiro.domain.enums.TipoMovimentacao).
[INFO] -- MapStruct: selecting property mapping: request.tipoMovimentacao().
[INFO] -- MapStruct: mapping property: request.descricao() to: setDescricao(java.lang.String).
[INFO] -- MapStruct: selecting property mapping: request.descricao().
[INFO] -- MapStruct: mapping property: request.valor() to: setValor(java.math.BigDecimal).
[INFO] -- MapStruct: selecting property mapping: request.valor().
[INFO] -- MapStruct: mapping property: request.observacoes() to: setObservacoes(java.lang.String).
[INFO] -- MapStruct: selecting property mapping: request.observacoes().
[INFO]  MapStruct: processing: com.neritech.saas.empresa.mapper.ModeloDocumentoMapper.
[INFO] - MapStruct: creating bean mapping method implementation for com.neritech.saas.empresa.domain.ModeloDocumento toEntity(com.neritech.saas.empresa.dto.ModeloDocumentoRequest request).
[INFO] -- MapStruct: mapping property: request.tipoDocumento() to: setTipoDocumento(com.neritech.saas.empresa.domain.enums.TipoDocumento).
[INFO] -- MapStruct: selecting property mapping: request.tipoDocumento().
[INFO] -- MapStruct: mapping property: request.nome() to: setNome(java.lang.String).
[INFO] -- MapStruct: selecting property mapping: request.nome().
[INFO] -- MapStruct: mapping property: request.templateHtml() to: setTemplateHtml(java.lang.String).
[INFO] -- MapStruct: selecting property mapping: request.templateHtml().
[INFO] -- MapStruct: mapping property: request.templateCss() to: setTemplateCss(java.lang.String).
[INFO] -- MapStruct: selecting property mapping: request.templateCss().
[INFO] -- MapStruct: mapping property: request.variaveisDisponiveis() to: setVariaveisDisponiveis(java.lang.String).
[INFO] -- MapStruct: selecting property mapping: request.variaveisDisponiveis().
[INFO] -- MapStruct: mapping property: request.orientacao() to: setOrientacao(com.neritech.saas.empresa.domain.enums.OrientacaoDocumento).
[INFO] -- MapStruct: selecting property mapping: request.orientacao().
[INFO] -- MapStruct: mapping property: request.tamanhoPapel() to: setTamanhoPapel(com.neritech.saas.empresa.domain.enums.TamanhoPapel).
[INFO] -- MapStruct: selecting property mapping: request.tamanhoPapel().
[INFO] -- MapStruct: mapping property: request.margensCm() to: setMargensCm(java.lang.String).
[INFO] -- MapStruct: selecting property mapping: request.margensCm().
[INFO] -- MapStruct: mapping property: request.cabecalhoPadrao() to: setCabecalhoPadrao(java.lang.Boolean).
[INFO] -- MapStruct: selecting property mapping: request.cabecalhoPadrao().
[INFO] -- MapStruct: mapping property: request.rodapePadrao() to: setRodapePadrao(java.lang.Boolean).
[INFO] -- MapStruct: selecting property mapping: request.rodapePadrao().
[INFO] -- MapStruct: mapping property: request.numeracaoAutomatica() to: setNumeracaoAutomatica(java.lang.Boolean).
[INFO] -- MapStruct: selecting property mapping: request.numeracaoAutomatica().
[INFO] -- MapStruct: mapping property: request.padrao() to: setPadrao(java.lang.Boolean).
[INFO] -- MapStruct: selecting property mapping: request.padrao().
[INFO] -- MapStruct: mapping property: request.ativo() to: setAtivo(java.lang.Boolean).
[INFO] -- MapStruct: selecting property mapping: request.ativo().
[INFO] -- MapStruct: mapping property: request.criadoPor() to: setCriadoPor(java.lang.Long).
[INFO] -- MapStruct: selecting property mapping: request.criadoPor().
[INFO] -- MapStruct: mapping property: request.atualizadoPor() to: setAtualizadoPor(java.lang.Long).
[INFO] -- MapStruct: selecting property mapping: request.atualizadoPor().
[INFO] - MapStruct: creating bean mapping method implementation for com.neritech.saas.empresa.dto.ModeloDocumentoResponse toResponse(com.neritech.saas.empresa.domain.ModeloDocumento entity).
[INFO] -- MapStruct: mapping property: entityEmpresaId( entity ) to: empresaId.
[INFO] -- MapStruct: selecting property mapping: entityEmpresaId( entity ).
[INFO] -- MapStruct: mapping property: entityEmpresaNomeFantasia( entity ) to: empresaNome.
[INFO] -- MapStruct: selecting property mapping: entityEmpresaNomeFantasia( entity ).
[INFO] -- MapStruct: mapping property: entity.getId() to: id.
[INFO] -- MapStruct: selecting property mapping: entity.getId().
[INFO] -- MapStruct: mapping property: entity.getTipoDocumento() to: tipoDocumento.
[INFO] -- MapStruct: selecting property mapping: entity.getTipoDocumento().
[INFO] -- MapStruct: mapping property: entity.getNome() to: nome.
[INFO] -- MapStruct: selecting property mapping: entity.getNome().
[INFO] -- MapStruct: mapping property: entity.getTemplateHtml() to: templateHtml.
[INFO] -- MapStruct: selecting property mapping: entity.getTemplateHtml().
[INFO] -- MapStruct: mapping property: entity.getTemplateCss() to: templateCss.
[INFO] -- MapStruct: selecting property mapping: entity.getTemplateCss().
[INFO] -- MapStruct: mapping property: entity.getVariaveisDisponiveis() to: variaveisDisponiveis.
[INFO] -- MapStruct: selecting property mapping: entity.getVariaveisDisponiveis().
[INFO] -- MapStruct: mapping property: entity.getOrientacao() to: orientacao.
[INFO] -- MapStruct: selecting property mapping: entity.getOrientacao().
[INFO] -- MapStruct: mapping property: entity.getTamanhoPapel() to: tamanhoPapel.
[INFO] -- MapStruct: selecting property mapping: entity.getTamanhoPapel().
[INFO] -- MapStruct: mapping property: entity.getMargensCm() to: margensCm.
[INFO] -- MapStruct: selecting property mapping: entity.getMargensCm().
[INFO] -- MapStruct: mapping property: entity.getCabecalhoPadrao() to: cabecalhoPadrao.
[INFO] -- MapStruct: selecting property mapping: entity.getCabecalhoPadrao().
[INFO] -- MapStruct: mapping property: entity.getRodapePadrao() to: rodapePadrao.
[INFO] -- MapStruct: selecting property mapping: entity.getRodapePadrao().
[INFO] -- MapStruct: mapping property: entity.getNumeracaoAutomatica() to: numeracaoAutomatica.
[INFO] -- MapStruct: selecting property mapping: entity.getNumeracaoAutomatica().
[INFO] -- MapStruct: mapping property: entity.getPadrao() to: padrao.
[INFO] -- MapStruct: selecting property mapping: entity.getPadrao().
[INFO] -- MapStruct: mapping property: entity.getAtivo() to: ativo.
[INFO] -- MapStruct: selecting property mapping: entity.getAtivo().
[INFO] -- MapStruct: mapping property: entity.getCriadoPor() to: criadoPor.
[INFO] -- MapStruct: selecting property mapping: entity.getCriadoPor().
[INFO] -- MapStruct: mapping property: entity.getAtualizadoPor() to: atualizadoPor.
[INFO] -- MapStruct: selecting property mapping: entity.getAtualizadoPor().
[INFO] -- MapStruct: mapping property: entity.getDataCadastro() to: dataCadastro.
[INFO] -- MapStruct: selecting property mapping: entity.getDataCadastro().
[INFO] -- MapStruct: mapping property: entity.getDataAtualizacao() to: dataAtualizacao.
[INFO] -- MapStruct: selecting property mapping: entity.getDataAtualizacao().
[INFO] - MapStruct: creating bean mapping method implementation for void updateEntityFromRequest(com.neritech.saas.empresa.dto.ModeloDocumentoRequest request, @MappingTarget com.neritech.saas.empresa.domain.ModeloDocumento entity).
[INFO] -- MapStruct: mapping property: request.tipoDocumento() to: setTipoDocumento(com.neritech.saas.empresa.domain.enums.TipoDocumento).
[INFO] -- MapStruct: selecting property mapping: request.tipoDocumento().
[INFO] -- MapStruct: mapping property: request.nome() to: setNome(java.lang.String).
[INFO] -- MapStruct: selecting property mapping: request.nome().
[INFO] -- MapStruct: mapping property: request.templateHtml() to: setTemplateHtml(java.lang.String).
[INFO] -- MapStruct: selecting property mapping: request.templateHtml().
[INFO] -- MapStruct: mapping property: request.templateCss() to: setTemplateCss(java.lang.String).
[INFO] -- MapStruct: selecting property mapping: request.templateCss().
[INFO] -- MapStruct: mapping property: request.variaveisDisponiveis() to: setVariaveisDisponiveis(java.lang.String).
[INFO] -- MapStruct: selecting property mapping: request.variaveisDisponiveis().
[INFO] -- MapStruct: mapping property: request.orientacao() to: setOrientacao(com.neritech.saas.empresa.domain.enums.OrientacaoDocumento).
[INFO] -- MapStruct: selecting property mapping: request.orientacao().
[INFO] -- MapStruct: mapping property: request.tamanhoPapel() to: setTamanhoPapel(com.neritech.saas.empresa.domain.enums.TamanhoPapel).
[INFO] -- MapStruct: selecting property mapping: request.tamanhoPapel().
[INFO] -- MapStruct: mapping property: request.margensCm() to: setMargensCm(java.lang.String).
[INFO] -- MapStruct: selecting property mapping: request.margensCm().
[INFO] -- MapStruct: mapping property: request.cabecalhoPadrao() to: setCabecalhoPadrao(java.lang.Boolean).
[INFO] -- MapStruct: selecting property mapping: request.cabecalhoPadrao().
[INFO] -- MapStruct: mapping property: request.rodapePadrao() to: setRodapePadrao(java.lang.Boolean).
[INFO] -- MapStruct: selecting property mapping: request.rodapePadrao().
[INFO] -- MapStruct: mapping property: request.numeracaoAutomatica() to: setNumeracaoAutomatica(java.lang.Boolean).
[INFO] -- MapStruct: selecting property mapping: request.numeracaoAutomatica().
[INFO] -- MapStruct: mapping property: request.padrao() to: setPadrao(java.lang.Boolean).
[INFO] -- MapStruct: selecting property mapping: request.padrao().
[INFO] -- MapStruct: mapping property: request.ativo() to: setAtivo(java.lang.Boolean).
[INFO] -- MapStruct: selecting property mapping: request.ativo().
[INFO] -- MapStruct: mapping property: request.criadoPor() to: setCriadoPor(java.lang.Long).
[INFO] -- MapStruct: selecting property mapping: request.criadoPor().
[INFO] -- MapStruct: mapping property: request.atualizadoPor() to: setAtualizadoPor(java.lang.Long).
[INFO] -- MapStruct: selecting property mapping: request.atualizadoPor().
[INFO]  MapStruct: processing: com.neritech.saas.ordemservico.mapper.ItemOSProdutoMapper.
[INFO] - MapStruct: creating bean mapping method implementation for com.neritech.saas.ordemservico.domain.ItemOSProduto toEntity(com.neritech.saas.ordemservico.dto.ItemOSProdutoRequest request).
[INFO] -- MapStruct: mapping property: request.produtoId() to: setProdutoId(java.lang.Long).
[INFO] -- MapStruct: selecting property mapping: request.produtoId().
[INFO] -- MapStruct: mapping property: request.descricao() to: setDescricao(java.lang.String).
[INFO] -- MapStruct: selecting property mapping: request.descricao().
[INFO] -- MapStruct: mapping property: request.quantidade() to: setQuantidade(java.math.BigDecimal).
[INFO] -- MapStruct: selecting property mapping: request.quantidade().
[INFO] -- MapStruct: mapping property: request.valorUnitario() to: setValorUnitario(java.math.BigDecimal).
[INFO] -- MapStruct: selecting property mapping: request.valorUnitario().
[INFO] -- MapStruct: mapping property: request.valorTotal() to: setValorTotal(java.math.BigDecimal).
[INFO] -- MapStruct: selecting property mapping: request.valorTotal().
[INFO] -- MapStruct: mapping property: request.descontoPercentual() to: setDescontoPercentual(java.math.BigDecimal).
[INFO] -- MapStruct: selecting property mapping: request.descontoPercentual().
[INFO] -- MapStruct: mapping property: request.descontoValor() to: setDescontoValor(java.math.BigDecimal).
[INFO] -- MapStruct: selecting property mapping: request.descontoValor().
[INFO] -- MapStruct: mapping property: request.valorFinal() to: setValorFinal(java.math.BigDecimal).
[INFO] -- MapStruct: selecting property mapping: request.valorFinal().
[INFO] -- MapStruct: mapping property: request.loteNumero() to: setLoteNumero(java.lang.String).
[INFO] -- MapStruct: selecting property mapping: request.loteNumero().
[INFO] -- MapStruct: mapping property: request.localizacaoEstoqueId() to: setLocalizacaoEstoqueId(java.lang.Long).
[INFO] -- MapStruct: selecting property mapping: request.localizacaoEstoqueId().
[INFO] -- MapStruct: mapping property: request.precoCusto() to: setPrecoCusto(java.math.BigDecimal).
[INFO] -- MapStruct: selecting property mapping: request.precoCusto().
[INFO] -- MapStruct: mapping property: request.garantiaMeses() to: setGarantiaMeses(java.lang.Integer).
[INFO] -- MapStruct: selecting property mapping: request.garantiaMeses().
[INFO] -- MapStruct: mapping property: request.numeroSerie() to: setNumeroSerie(java.lang.String).
[INFO] -- MapStruct: selecting property mapping: request.numeroSerie().
[INFO] -- MapStruct: mapping property: request.observacoes() to: setObservacoes(java.lang.String).
[INFO] -- MapStruct: selecting property mapping: request.observacoes().
[INFO] -- MapStruct: mapping property: request.aprovadoCliente() to: setAprovadoCliente(java.lang.Boolean).
[INFO] -- MapStruct: selecting property mapping: request.aprovadoCliente().
[WARNING] /C:/Users/alexa/OneDrive/Documentos/NeriTech/backend/src/main/java/com/neritech/saas/ordemservico/mapper/ItemOSProdutoMapper.java:[19,19] Unmapped target properties: "quantidadeReservada, quantidadeUtilizada, dataReserva, dataUtilizacao, margemLucroRealizada, dataAprovacaoCliente, devolvido, quantidadeDevolvida, motivoDevolucao".
[INFO] - MapStruct: creating bean mapping method implementation for com.neritech.saas.ordemservico.dto.ItemOSProdutoResponse toResponse(com.neritech.saas.ordemservico.domain.ItemOSProduto entity).
[INFO] -- MapStruct: mapping property: entityOrdemServicoId( entity ) to: ordemServicoId.
[INFO] -- MapStruct: selecting property mapping: entityOrdemServicoId( entity ).
[INFO] -- MapStruct: mapping property: entityFornecedorId( entity ) to: fornecedorId.
[INFO] -- MapStruct: selecting property mapping: entityFornecedorId( entity ).
[INFO] -- MapStruct: mapping property: entity.getId() to: id.
[INFO] -- MapStruct: selecting property mapping: entity.getId().
[INFO] -- MapStruct: mapping property: entity.getProdutoId() to: produtoId.
[INFO] -- MapStruct: selecting property mapping: entity.getProdutoId().
[INFO] -- MapStruct: mapping property: entity.getDescricao() to: descricao.
[INFO] -- MapStruct: selecting property mapping: entity.getDescricao().
[INFO] -- MapStruct: mapping property: entity.getQuantidade() to: quantidade.
[INFO] -- MapStruct: selecting property mapping: entity.getQuantidade().
[INFO] -- MapStruct: mapping property: entity.getValorUnitario() to: valorUnitario.
[INFO] -- MapStruct: selecting property mapping: entity.getValorUnitario().
[INFO] -- MapStruct: mapping property: entity.getValorTotal() to: valorTotal.
[INFO] -- MapStruct: selecting property mapping: entity.getValorTotal().
[INFO] -- MapStruct: mapping property: entity.getDescontoPercentual() to: descontoPercentual.
[INFO] -- MapStruct: selecting property mapping: entity.getDescontoPercentual().
[INFO] -- MapStruct: mapping property: entity.getDescontoValor() to: descontoValor.
[INFO] -- MapStruct: selecting property mapping: entity.getDescontoValor().
[INFO] -- MapStruct: mapping property: entity.getValorFinal() to: valorFinal.
[INFO] -- MapStruct: selecting property mapping: entity.getValorFinal().
[INFO] -- MapStruct: mapping property: entity.getLoteNumero() to: loteNumero.
[INFO] -- MapStruct: selecting property mapping: entity.getLoteNumero().
[INFO] -- MapStruct: mapping property: entity.getLocalizacaoEstoqueId() to: localizacaoEstoqueId.
[INFO] -- MapStruct: selecting property mapping: entity.getLocalizacaoEstoqueId().
[INFO] -- MapStruct: mapping property: entity.getQuantidadeReservada() to: quantidadeReservada.
[INFO] -- MapStruct: selecting property mapping: entity.getQuantidadeReservada().
[INFO] -- MapStruct: mapping property: entity.getQuantidadeUtilizada() to: quantidadeUtilizada.
[INFO] -- MapStruct: selecting property mapping: entity.getQuantidadeUtilizada().
[INFO] -- MapStruct: mapping property: entity.getDataReserva() to: dataReserva.
[INFO] -- MapStruct: selecting property mapping: entity.getDataReserva().
[INFO] -- MapStruct: mapping property: entity.getDataUtilizacao() to: dataUtilizacao.
[INFO] -- MapStruct: selecting property mapping: entity.getDataUtilizacao().
[INFO] -- MapStruct: mapping property: entity.getPrecoCusto() to: precoCusto.
[INFO] -- MapStruct: selecting property mapping: entity.getPrecoCusto().
[INFO] -- MapStruct: mapping property: entity.getMargemLucroRealizada() to: margemLucroRealizada.
[INFO] -- MapStruct: selecting property mapping: entity.getMargemLucroRealizada().
[INFO] -- MapStruct: mapping property: entity.getGarantiaMeses() to: garantiaMeses.
[INFO] -- MapStruct: selecting property mapping: entity.getGarantiaMeses().
[INFO] -- MapStruct: mapping property: entity.getNumeroSerie() to: numeroSerie.
[INFO] -- MapStruct: selecting property mapping: entity.getNumeroSerie().
[INFO] -- MapStruct: mapping property: entity.getObservacoes() to: observacoes.
[INFO] -- MapStruct: selecting property mapping: entity.getObservacoes().
[INFO] -- MapStruct: mapping property: entity.getAprovadoCliente() to: aprovadoCliente.
[INFO] -- MapStruct: selecting property mapping: entity.getAprovadoCliente().
[INFO] -- MapStruct: mapping property: entity.getDataAprovacaoCliente() to: dataAprovacaoCliente.
[INFO] -- MapStruct: selecting property mapping: entity.getDataAprovacaoCliente().
[INFO] -- MapStruct: mapping property: entity.getDevolvido() to: devolvido.
[INFO] -- MapStruct: selecting property mapping: entity.getDevolvido().
[INFO] -- MapStruct: mapping property: entity.getQuantidadeDevolvida() to: quantidadeDevolvida.
[INFO] -- MapStruct: selecting property mapping: entity.getQuantidadeDevolvida().
[INFO] -- MapStruct: mapping property: entity.getMotivoDevolucao() to: motivoDevolucao.
[INFO] -- MapStruct: selecting property mapping: entity.getMotivoDevolucao().
[INFO] -- MapStruct: mapping property: entity.getDataCadastro() to: dataCadastro.
[INFO] -- MapStruct: selecting property mapping: entity.getDataCadastro().
[INFO] -- MapStruct: mapping property: entity.getDataAtualizacao() to: dataAtualizacao.
[INFO] -- MapStruct: selecting property mapping: entity.getDataAtualizacao().
[INFO] -- MapStruct: mapping property: entity.getVersao() to: versao.
[INFO] -- MapStruct: selecting property mapping: entity.getVersao().
[INFO] - MapStruct: creating bean mapping method implementation for void updateEntityFromRequest(com.neritech.saas.ordemservico.dto.ItemOSProdutoRequest request, @MappingTarget com.neritech.saas.ordemservico.domain.ItemOSProduto entity).
[INFO] -- MapStruct: mapping property: request.produtoId() to: setProdutoId(java.lang.Long).
[INFO] -- MapStruct: selecting property mapping: request.produtoId().
[INFO] -- MapStruct: mapping property: request.descricao() to: setDescricao(java.lang.String).
[INFO] -- MapStruct: selecting property mapping: request.descricao().
[INFO] -- MapStruct: mapping property: request.quantidade() to: setQuantidade(java.math.BigDecimal).
[INFO] -- MapStruct: selecting property mapping: request.quantidade().
[INFO] -- MapStruct: mapping property: request.valorUnitario() to: setValorUnitario(java.math.BigDecimal).
[INFO] -- MapStruct: selecting property mapping: request.valorUnitario().
[INFO] -- MapStruct: mapping property: request.valorTotal() to: setValorTotal(java.math.BigDecimal).
[INFO] -- MapStruct: selecting property mapping: request.valorTotal().
[INFO] -- MapStruct: mapping property: request.descontoPercentual() to: setDescontoPercentual(java.math.BigDecimal).
[INFO] -- MapStruct: selecting property mapping: request.descontoPercentual().
[INFO] -- MapStruct: mapping property: request.descontoValor() to: setDescontoValor(java.math.BigDecimal).
[INFO] -- MapStruct: selecting property mapping: request.descontoValor().
[INFO] -- MapStruct: mapping property: request.valorFinal() to: setValorFinal(java.math.BigDecimal).
[INFO] -- MapStruct: selecting property mapping: request.valorFinal().
[INFO] -- MapStruct: mapping property: request.loteNumero() to: setLoteNumero(java.lang.String).
[INFO] -- MapStruct: selecting property mapping: request.loteNumero().
[INFO] -- MapStruct: mapping property: request.localizacaoEstoqueId() to: setLocalizacaoEstoqueId(java.lang.Long).
[INFO] -- MapStruct: selecting property mapping: request.localizacaoEstoqueId().
[INFO] -- MapStruct: mapping property: request.precoCusto() to: setPrecoCusto(java.math.BigDecimal).
[INFO] -- MapStruct: selecting property mapping: request.precoCusto().
[INFO] -- MapStruct: mapping property: request.garantiaMeses() to: setGarantiaMeses(java.lang.Integer).
[INFO] -- MapStruct: selecting property mapping: request.garantiaMeses().
[INFO] -- MapStruct: mapping property: request.numeroSerie() to: setNumeroSerie(java.lang.String).
[INFO] -- MapStruct: selecting property mapping: request.numeroSerie().
[INFO] -- MapStruct: mapping property: request.observacoes() to: setObservacoes(java.lang.String).
[INFO] -- MapStruct: selecting property mapping: request.observacoes().
[INFO] -- MapStruct: mapping property: request.aprovadoCliente() to: setAprovadoCliente(java.lang.Boolean).
[INFO] -- MapStruct: selecting property mapping: request.aprovadoCliente().
[WARNING] /C:/Users/alexa/OneDrive/Documentos/NeriTech/backend/src/main/java/com/neritech/saas/ordemservico/mapper/ItemOSProdutoMapper.java:[33,10] Unmapped target properties: "versao, quantidadeReservada, quantidadeUtilizada, dataReserva, dataUtilizacao, margemLucroRealizada, dataAprovacaoCliente, devolvido, quantidadeDevolvida, motivoDevolucao".
[INFO]  MapStruct: processing: com.neritech.saas.estoque.mapper.ItemInventarioMapper.
[INFO] - MapStruct: creating bean mapping method implementation for com.neritech.saas.estoque.domain.ItemInventario toEntity(com.neritech.saas.estoque.dto.ItemInventarioRequest request).
[INFO] -- MapStruct: mapping property: request.loteNumero() to: setLoteNumero(java.lang.String).
[INFO] -- MapStruct: selecting property mapping: request.loteNumero().
[INFO] -- MapStruct: mapping property: request.quantidadeSistema() to: setQuantidadeSistema(java.math.BigDecimal).
[INFO] -- MapStruct: selecting property mapping: request.quantidadeSistema().
[INFO] -- MapStruct: mapping property: request.quantidadeContada() to: setQuantidadeContada(java.math.BigDecimal).
[INFO] -- MapStruct: selecting property mapping: request.quantidadeContada().
[INFO] -- MapStruct: mapping property: request.valorUnitario() to: setValorUnitario(java.math.BigDecimal).
[INFO] -- MapStruct: selecting property mapping: request.valorUnitario().
[INFO] -- MapStruct: mapping property: request.status() to: setStatus(com.neritech.saas.estoque.domain.enums.StatusItemInventario).
[INFO] -- MapStruct: selecting property mapping: request.status().
[INFO] -- MapStruct: mapping property: request.motivoDiferenca() to: setMotivoDiferenca(java.lang.String).
[INFO] -- MapStruct: selecting property mapping: request.motivoDiferenca().
[INFO] -- MapStruct: mapping property: request.observacoes() to: setObservacoes(java.lang.String).
[INFO] -- MapStruct: selecting property mapping: request.observacoes().
[INFO] -- MapStruct: mapping property: request.usuarioContagem() to: setUsuarioContagem(java.lang.Long).
[INFO] -- MapStruct: selecting property mapping: request.usuarioContagem().
[INFO] -- MapStruct: mapping property: request.usuarioConferencia() to: setUsuarioConferencia(java.lang.Long).
[INFO] -- MapStruct: selecting property mapping: request.usuarioConferencia().
[INFO] -- MapStruct: mapping property: request.fotoComprovanteUrl() to: setFotoComprovanteUrl(java.lang.String).
[INFO] -- MapStruct: selecting property mapping: request.fotoComprovanteUrl().
[INFO] - MapStruct: creating bean mapping method implementation for com.neritech.saas.estoque.dto.ItemInventarioResponse toResponse(com.neritech.saas.estoque.domain.ItemInventario entity).
[INFO] -- MapStruct: mapping property: entityInventarioId( entity ) to: inventarioId.
[INFO] -- MapStruct: selecting property mapping: entityInventarioId( entity ).
[INFO] -- MapStruct: mapping property: entityProdutoId( entity ) to: produtoId.
[INFO] -- MapStruct: selecting property mapping: entityProdutoId( entity ).
[INFO] -- MapStruct: mapping property: entityProdutoNome( entity ) to: produtoNome.
[INFO] -- MapStruct: selecting property mapping: entityProdutoNome( entity ).
[INFO] -- MapStruct: mapping property: entityLocalizacaoId( entity ) to: localizacaoId.
[INFO] -- MapStruct: selecting property mapping: entityLocalizacaoId( entity ).
[INFO] -- MapStruct: mapping property: entityLocalizacaoNome( entity ) to: localizacaoNome.
[INFO] -- MapStruct: selecting property mapping: entityLocalizacaoNome( entity ).
[INFO] -- MapStruct: mapping property: entity.getId() to: id.
[INFO] -- MapStruct: selecting property mapping: entity.getId().
[INFO] -- MapStruct: mapping property: entity.getLoteNumero() to: loteNumero.
[INFO] -- MapStruct: selecting property mapping: entity.getLoteNumero().
[INFO] -- MapStruct: mapping property: entity.getQuantidadeSistema() to: quantidadeSistema.
[INFO] -- MapStruct: selecting property mapping: entity.getQuantidadeSistema().
[INFO] -- MapStruct: mapping property: entity.getQuantidadeContada() to: quantidadeContada.
[INFO] -- MapStruct: selecting property mapping: entity.getQuantidadeContada().
[INFO] -- MapStruct: mapping property: entity.getDiferenca() to: diferenca.
[INFO] -- MapStruct: selecting property mapping: entity.getDiferenca().
[INFO] -- MapStruct: mapping property: entity.getValorUnitario() to: valorUnitario.
[INFO] -- MapStruct: selecting property mapping: entity.getValorUnitario().
[INFO] -- MapStruct: mapping property: entity.getValorTotalSistema() to: valorTotalSistema.
[INFO] -- MapStruct: selecting property mapping: entity.getValorTotalSistema().
[INFO] -- MapStruct: mapping property: entity.getValorTotalContado() to: valorTotalContado.
[INFO] -- MapStruct: selecting property mapping: entity.getValorTotalContado().
[INFO] -- MapStruct: mapping property: entity.getDiferencaValor() to: diferencaValor.
[INFO] -- MapStruct: selecting property mapping: entity.getDiferencaValor().
[INFO] -- MapStruct: mapping property: entity.getStatus() to: status.
[INFO] -- MapStruct: selecting property mapping: entity.getStatus().
[INFO] -- MapStruct: mapping property: entity.getMotivoDiferenca() to: motivoDiferenca.
[INFO] -- MapStruct: selecting property mapping: entity.getMotivoDiferenca().
[INFO] -- MapStruct: mapping property: entity.getObservacoes() to: observacoes.
[INFO] -- MapStruct: selecting property mapping: entity.getObservacoes().
[INFO] -- MapStruct: mapping property: entity.getUsuarioContagem() to: usuarioContagem.
[INFO] -- MapStruct: selecting property mapping: entity.getUsuarioContagem().
[INFO] -- MapStruct: mapping property: entity.getDataContagem() to: dataContagem.
[INFO] -- MapStruct: selecting property mapping: entity.getDataContagem().
[INFO] -- MapStruct: mapping property: entity.getUsuarioConferencia() to: usuarioConferencia.
[INFO] -- MapStruct: selecting property mapping: entity.getUsuarioConferencia().
[INFO] -- MapStruct: mapping property: entity.getDataConferencia() to: dataConferencia.
[INFO] -- MapStruct: selecting property mapping: entity.getDataConferencia().
[INFO] -- MapStruct: mapping property: entity.getFotoComprovanteUrl() to: fotoComprovanteUrl.
[INFO] -- MapStruct: selecting property mapping: entity.getFotoComprovanteUrl().
[INFO] - MapStruct: creating bean mapping method implementation for void updateEntityFromRequest(com.neritech.saas.estoque.dto.ItemInventarioRequest request, @MappingTarget com.neritech.saas.estoque.domain.ItemInventario entity).
[INFO] -- MapStruct: mapping property: request.loteNumero() to: setLoteNumero(java.lang.String).
[INFO] -- MapStruct: selecting property mapping: request.loteNumero().
[INFO] -- MapStruct: mapping property: request.quantidadeSistema() to: setQuantidadeSistema(java.math.BigDecimal).
[INFO] -- MapStruct: selecting property mapping: request.quantidadeSistema().
[INFO] -- MapStruct: mapping property: request.quantidadeContada() to: setQuantidadeContada(java.math.BigDecimal).
[INFO] -- MapStruct: selecting property mapping: request.quantidadeContada().
[INFO] -- MapStruct: mapping property: request.valorUnitario() to: setValorUnitario(java.math.BigDecimal).
[INFO] -- MapStruct: selecting property mapping: request.valorUnitario().
[INFO] -- MapStruct: mapping property: request.status() to: setStatus(com.neritech.saas.estoque.domain.enums.StatusItemInventario).
[INFO] -- MapStruct: selecting property mapping: request.status().
[INFO] -- MapStruct: mapping property: request.motivoDiferenca() to: setMotivoDiferenca(java.lang.String).
[INFO] -- MapStruct: selecting property mapping: request.motivoDiferenca().
[INFO] -- MapStruct: mapping property: request.observacoes() to: setObservacoes(java.lang.String).
[INFO] -- MapStruct: selecting property mapping: request.observacoes().
[INFO] -- MapStruct: mapping property: request.usuarioContagem() to: setUsuarioContagem(java.lang.Long).
[INFO] -- MapStruct: selecting property mapping: request.usuarioContagem().
[INFO] -- MapStruct: mapping property: request.usuarioConferencia() to: setUsuarioConferencia(java.lang.Long).
[INFO] -- MapStruct: selecting property mapping: request.usuarioConferencia().
[INFO] -- MapStruct: mapping property: request.fotoComprovanteUrl() to: setFotoComprovanteUrl(java.lang.String).
[INFO] -- MapStruct: selecting property mapping: request.fotoComprovanteUrl().
[INFO]  MapStruct: processing: com.neritech.saas.ordemservico.mapper.ChecklistMapper.
[INFO] - MapStruct: creating bean mapping method implementation for com.neritech.saas.ordemservico.domain.Checklist toEntity(com.neritech.saas.ordemservico.dto.ChecklistRequest request).
[INFO] -- MapStruct: mapping property: request.empresaId() to: setEmpresaId(java.lang.Long).
[INFO] -- MapStruct: selecting property mapping: request.empresaId().
[INFO] -- MapStruct: mapping property: request.dsChecklist() to: setDsChecklist(java.lang.String).
[INFO] -- MapStruct: selecting property mapping: request.dsChecklist().
[INFO] -- MapStruct: mapping property: request.urlImagem() to: setUrlImagem(java.lang.String).
[INFO] -- MapStruct: selecting property mapping: request.urlImagem().
[INFO] - MapStruct: creating bean mapping method implementation for com.neritech.saas.ordemservico.dto.ChecklistResponse toResponse(com.neritech.saas.ordemservico.domain.Checklist entity).
[INFO] -- MapStruct: mapping property: entity.getId() to: id.
[INFO] -- MapStruct: selecting property mapping: entity.getId().
[INFO] -- MapStruct: mapping property: entity.getEmpresaId() to: empresaId.
[INFO] -- MapStruct: selecting property mapping: entity.getEmpresaId().
[INFO] -- MapStruct: mapping property: entity.getDsChecklist() to: dsChecklist.
[INFO] -- MapStruct: selecting property mapping: entity.getDsChecklist().
[INFO] -- MapStruct: mapping property: entity.getUrlImagem() to: urlImagem.
[INFO] -- MapStruct: selecting property mapping: entity.getUrlImagem().
[INFO] -- MapStruct: mapping property: entity.getDataCadastro() to: dataCadastro.
[INFO] -- MapStruct: selecting property mapping: entity.getDataCadastro().
[INFO] -- MapStruct: mapping property: entity.getDataAtualizacao() to: dataAtualizacao.
[INFO] -- MapStruct: selecting property mapping: entity.getDataAtualizacao().
[INFO] - MapStruct: creating bean mapping method implementation for void updateEntityFromRequest(com.neritech.saas.ordemservico.dto.ChecklistRequest request, @MappingTarget com.neritech.saas.ordemservico.domain.Checklist entity).
[INFO] -- MapStruct: mapping property: request.empresaId() to: setEmpresaId(java.lang.Long).
[INFO] -- MapStruct: selecting property mapping: request.empresaId().
[INFO] -- MapStruct: mapping property: request.dsChecklist() to: setDsChecklist(java.lang.String).
[INFO] -- MapStruct: selecting property mapping: request.dsChecklist().
[INFO] -- MapStruct: mapping property: request.urlImagem() to: setUrlImagem(java.lang.String).
[INFO] -- MapStruct: selecting property mapping: request.urlImagem().
[INFO]  MapStruct: processing: com.neritech.saas.veiculo.mapper.ModeloVeiculoMapper.
[INFO] - MapStruct: creating bean mapping method implementation for com.neritech.saas.veiculo.domain.ModeloVeiculo toEntity(com.neritech.saas.veiculo.dto.ModeloVeiculoRequest request).
[INFO] -- MapStruct: mapping property: request to: setMarca(com.neritech.saas.veiculo.domain.MarcaVeiculo).
[INFO] -- MapStruct: mapping property: modeloVeiculoRequest.marcaId() to: setId(java.lang.Long).
[INFO] -- MapStruct: selecting property mapping: modeloVeiculoRequest.marcaId().
[INFO] -- MapStruct: creating property mapping: com.neritech.saas.veiculo.domain.MarcaVeiculo #modeloVeiculoRequestToMarcaVeiculo(request).
[INFO] -- MapStruct: selecting property mapping: com.neritech.saas.veiculo.domain.MarcaVeiculo #modeloVeiculoRequestToMarcaVeiculo(request).
[INFO] -- MapStruct: mapping property: request.nome() to: setNome(java.lang.String).
[INFO] -- MapStruct: selecting property mapping: request.nome().
[INFO] -- MapStruct: mapping property: request.categoria() to: setCategoria(com.neritech.saas.veiculo.domain.enums.CategoriaVeiculo).
[INFO] -- MapStruct: selecting property mapping: request.categoria().
[INFO] -- MapStruct: mapping property: request.logoUrl() to: setLogoUrl(java.lang.String).
[INFO] -- MapStruct: selecting property mapping: request.logoUrl().
[INFO] - MapStruct: creating bean mapping method implementation for com.neritech.saas.veiculo.dto.ModeloVeiculoResponse toResponse(com.neritech.saas.veiculo.domain.ModeloVeiculo entity).
[INFO] -- MapStruct: mapping property: entityMarcaId( entity ) to: marcaId.
[INFO] -- MapStruct: selecting property mapping: entityMarcaId( entity ).
[INFO] -- MapStruct: mapping property: entityMarcaNome( entity ) to: marcaNome.
[INFO] -- MapStruct: selecting property mapping: entityMarcaNome( entity ).
[INFO] -- MapStruct: mapping property: entity.getId() to: id.
[INFO] -- MapStruct: selecting property mapping: entity.getId().
[INFO] -- MapStruct: mapping property: entity.getNome() to: nome.
[INFO] -- MapStruct: selecting property mapping: entity.getNome().
[INFO] -- MapStruct: mapping property: entity.getCategoria() to: categoria.
[INFO] -- MapStruct: selecting property mapping: entity.getCategoria().
[INFO] -- MapStruct: mapping property: entity.getLogoUrl() to: logoUrl.
[INFO] -- MapStruct: selecting property mapping: entity.getLogoUrl().
[INFO] - MapStruct: creating bean mapping method implementation for void updateEntityFromRequest(com.neritech.saas.veiculo.dto.ModeloVeiculoRequest request, @MappingTarget com.neritech.saas.veiculo.domain.ModeloVeiculo entity).
[INFO] -- MapStruct: mapping property: request to: setMarca(com.neritech.saas.veiculo.domain.MarcaVeiculo).
[INFO] -- MapStruct: mapping property: modeloVeiculoRequest.marcaId() to: setId(java.lang.Long).
[INFO] -- MapStruct: selecting property mapping: modeloVeiculoRequest.marcaId().
[INFO] -- MapStruct: creating property mapping: void #modeloVeiculoRequestToMarcaVeiculo1(request).
[INFO] -- MapStruct: selecting property mapping: void #modeloVeiculoRequestToMarcaVeiculo1(request).
[INFO] -- MapStruct: mapping property: request.nome() to: setNome(java.lang.String).
[INFO] -- MapStruct: selecting property mapping: request.nome().
[INFO] -- MapStruct: mapping property: request.categoria() to: setCategoria(com.neritech.saas.veiculo.domain.enums.CategoriaVeiculo).
[INFO] -- MapStruct: selecting property mapping: request.categoria().
[INFO] -- MapStruct: mapping property: request.logoUrl() to: setLogoUrl(java.lang.String).
[INFO] -- MapStruct: selecting property mapping: request.logoUrl().
[INFO]  MapStruct: processing: com.neritech.saas.rh.mapper.FuncionarioEspecialidadeMapper.
[INFO] - MapStruct: creating bean mapping method implementation for com.neritech.saas.rh.domain.FuncionarioEspecialidade toEntity(com.neritech.saas.rh.dto.FuncionarioEspecialidadeRequest request).
[INFO] -- MapStruct: mapping property: request.funcionarioId() to: setFuncionarioId(java.lang.Long).
[INFO] -- MapStruct: selecting property mapping: request.funcionarioId().
[INFO] -- MapStruct: mapping property: request.especialidadeId() to: setEspecialidadeId(java.lang.Long).
[INFO] -- MapStruct: selecting property mapping: request.especialidadeId().
[INFO] -- MapStruct: mapping property: request.nivelDominio() to: setNivelDominio(com.neritech.saas.rh.domain.enums.NivelDominio).
[INFO] -- MapStruct: selecting property mapping: request.nivelDominio().
[INFO] -- MapStruct: mapping property: request.dataCertificacao() to: setDataCertificacao(java.time.LocalDate).
[INFO] -- MapStruct: selecting property mapping: request.dataCertificacao().
[INFO] -- MapStruct: mapping property: request.numeroCertificado() to: setNumeroCertificado(java.lang.String).
[INFO] -- MapStruct: selecting property mapping: request.numeroCertificado().
[INFO] -- MapStruct: mapping property: request.entidadeCertificadora() to: setEntidadeCertificadora(java.lang.String).
[INFO] -- MapStruct: selecting property mapping: request.entidadeCertificadora().
[INFO] -- MapStruct: mapping property: request.dataValidadeCertificacao() to: setDataValidadeCertificacao(java.time.LocalDate).
[INFO] -- MapStruct: selecting property mapping: request.dataValidadeCertificacao().
[INFO] -- MapStruct: mapping property: request.anexoCertificadoUrl() to: setAnexoCertificadoUrl(java.lang.String).
[INFO] -- MapStruct: selecting property mapping: request.anexoCertificadoUrl().
[INFO] -- MapStruct: mapping property: request.experienciaAnos() to: setExperienciaAnos(java.lang.Integer).
[INFO] -- MapStruct: selecting property mapping: request.experienciaAnos().
[INFO] -- MapStruct: mapping property: request.observacoes() to: setObservacoes(java.lang.String).
[INFO] -- MapStruct: selecting property mapping: request.observacoes().
[INFO] -- MapStruct: mapping property: request.ativo() to: setAtivo(java.lang.Boolean).
[INFO] -- MapStruct: selecting property mapping: request.ativo().
[INFO] - MapStruct: creating bean mapping method implementation for com.neritech.saas.rh.dto.FuncionarioEspecialidadeResponse toResponse(com.neritech.saas.rh.domain.FuncionarioEspecialidade entity).
[INFO] -- MapStruct: mapping property: entity.getId() to: id.
[INFO] -- MapStruct: selecting property mapping: entity.getId().
[INFO] -- MapStruct: mapping property: entity.getFuncionarioId() to: funcionarioId.
[INFO] -- MapStruct: selecting property mapping: entity.getFuncionarioId().
[INFO] -- MapStruct: mapping property: entity.getEspecialidadeId() to: especialidadeId.
[INFO] -- MapStruct: selecting property mapping: entity.getEspecialidadeId().
[INFO] -- MapStruct: mapping property: entity.getNivelDominio() to: nivelDominio.
[INFO] -- MapStruct: selecting property mapping: entity.getNivelDominio().
[INFO] -- MapStruct: mapping property: entity.getDataCertificacao() to: dataCertificacao.
[INFO] -- MapStruct: selecting property mapping: entity.getDataCertificacao().
[INFO] -- MapStruct: mapping property: entity.getNumeroCertificado() to: numeroCertificado.
[INFO] -- MapStruct: selecting property mapping: entity.getNumeroCertificado().
[INFO] -- MapStruct: mapping property: entity.getEntidadeCertificadora() to: entidadeCertificadora.
[INFO] -- MapStruct: selecting property mapping: entity.getEntidadeCertificadora().
[INFO] -- MapStruct: mapping property: entity.getDataValidadeCertificacao() to: dataValidadeCertificacao.
[INFO] -- MapStruct: selecting property mapping: entity.getDataValidadeCertificacao().
[INFO] -- MapStruct: mapping property: entity.getAnexoCertificadoUrl() to: anexoCertificadoUrl.
[INFO] -- MapStruct: selecting property mapping: entity.getAnexoCertificadoUrl().
[INFO] -- MapStruct: mapping property: entity.getExperienciaAnos() to: experienciaAnos.
[INFO] -- MapStruct: selecting property mapping: entity.getExperienciaAnos().
[INFO] -- MapStruct: mapping property: entity.getObservacoes() to: observacoes.
[INFO] -- MapStruct: selecting property mapping: entity.getObservacoes().
[INFO] -- MapStruct: mapping property: entity.getAtivo() to: ativo.
[INFO] -- MapStruct: selecting property mapping: entity.getAtivo().
[INFO] -- MapStruct: mapping property: entity.getDataCadastro() to: dataCadastro.
[INFO] -- MapStruct: selecting property mapping: entity.getDataCadastro().
[INFO] -- MapStruct: mapping property: entity.getDataAtualizacao() to: dataAtualizacao.
[INFO] -- MapStruct: selecting property mapping: entity.getDataAtualizacao().
[INFO] - MapStruct: creating bean mapping method implementation for void updateEntity(com.neritech.saas.rh.dto.FuncionarioEspecialidadeRequest request, @MappingTarget com.neritech.saas.rh.domain.FuncionarioEspecialidade entity).
[INFO] -- MapStruct: mapping property: request.funcionarioId() to: setFuncionarioId(java.lang.Long).
[INFO] -- MapStruct: selecting property mapping: request.funcionarioId().
[INFO] -- MapStruct: mapping property: request.especialidadeId() to: setEspecialidadeId(java.lang.Long).
[INFO] -- MapStruct: selecting property mapping: request.especialidadeId().
[INFO] -- MapStruct: mapping property: request.nivelDominio() to: setNivelDominio(com.neritech.saas.rh.domain.enums.NivelDominio).
[INFO] -- MapStruct: selecting property mapping: request.nivelDominio().
[INFO] -- MapStruct: mapping property: request.dataCertificacao() to: setDataCertificacao(java.time.LocalDate).
[INFO] -- MapStruct: selecting property mapping: request.dataCertificacao().
[INFO] -- MapStruct: mapping property: request.numeroCertificado() to: setNumeroCertificado(java.lang.String).
[INFO] -- MapStruct: selecting property mapping: request.numeroCertificado().
[INFO] -- MapStruct: mapping property: request.entidadeCertificadora() to: setEntidadeCertificadora(java.lang.String).
[INFO] -- MapStruct: selecting property mapping: request.entidadeCertificadora().
[INFO] -- MapStruct: mapping property: request.dataValidadeCertificacao() to: setDataValidadeCertificacao(java.time.LocalDate).
[INFO] -- MapStruct: selecting property mapping: request.dataValidadeCertificacao().
[INFO] -- MapStruct: mapping property: request.anexoCertificadoUrl() to: setAnexoCertificadoUrl(java.lang.String).
[INFO] -- MapStruct: selecting property mapping: request.anexoCertificadoUrl().
[INFO] -- MapStruct: mapping property: request.experienciaAnos() to: setExperienciaAnos(java.lang.Integer).
[INFO] -- MapStruct: selecting property mapping: request.experienciaAnos().
[INFO] -- MapStruct: mapping property: request.observacoes() to: setObservacoes(java.lang.String).
[INFO] -- MapStruct: selecting property mapping: request.observacoes().
[INFO] -- MapStruct: mapping property: request.ativo() to: setAtivo(java.lang.Boolean).
[INFO] -- MapStruct: selecting property mapping: request.ativo().
[INFO]  MapStruct: processing: com.neritech.saas.produtoServico.mapper.FornecedorMapper.
[INFO] - MapStruct: creating bean mapping method implementation for com.neritech.saas.produtoServico.domain.Fornecedor toEntity(com.neritech.saas.produtoServico.dto.FornecedorRequest request).
[INFO] -- MapStruct: mapping property: request.tipoPessoa() to: setTipoPessoa(com.neritech.saas.produtoServico.domain.enums.TipoPessoa).
[INFO] -- MapStruct: selecting property mapping: request.tipoPessoa().
[INFO] -- MapStruct: mapping property: request.nomeFantasia() to: setNomeFantasia(java.lang.String).
[INFO] -- MapStruct: selecting property mapping: request.nomeFantasia().
[INFO] -- MapStruct: mapping property: request.razaoSocial() to: setRazaoSocial(java.lang.String).
[INFO] -- MapStruct: selecting property mapping: request.razaoSocial().
[INFO] -- MapStruct: mapping property: request.cpf() to: setCpf(java.lang.String).
[INFO] -- MapStruct: selecting property mapping: request.cpf().
[INFO] -- MapStruct: mapping property: request.cnpj() to: setCnpj(java.lang.String).
[INFO] -- MapStruct: selecting property mapping: request.cnpj().
[INFO] -- MapStruct: mapping property: request.inscricaoEstadual() to: setInscricaoEstadual(java.lang.String).
[INFO] -- MapStruct: selecting property mapping: request.inscricaoEstadual().
[INFO] -- MapStruct: mapping property: request.inscricaoMunicipal() to: setInscricaoMunicipal(java.lang.String).
[INFO] -- MapStruct: selecting property mapping: request.inscricaoMunicipal().
[INFO] -- MapStruct: mapping property: request.emailPrincipal() to: setEmailPrincipal(java.lang.String).
[INFO] -- MapStruct: selecting property mapping: request.emailPrincipal().
[INFO] -- MapStruct: mapping property: request.telefonePrincipal() to: setTelefonePrincipal(java.lang.String).
[INFO] -- MapStruct: selecting property mapping: request.telefonePrincipal().
[INFO] -- MapStruct: mapping property: request.celularPrincipal() to: setCelularPrincipal(java.lang.String).
[INFO] -- MapStruct: selecting property mapping: request.celularPrincipal().
[INFO] -- MapStruct: mapping property: request.website() to: setWebsite(java.lang.String).
[INFO] -- MapStruct: selecting property mapping: request.website().
[INFO] -- MapStruct: mapping property: request.nomeContato() to: setNomeContato(java.lang.String).
[INFO] -- MapStruct: selecting property mapping: request.nomeContato().
[INFO] -- MapStruct: mapping property: request.cargoContato() to: setCargoContato(java.lang.String).
[INFO] -- MapStruct: selecting property mapping: request.cargoContato().
[INFO] -- MapStruct: mapping property: request.emailContato() to: setEmailContato(java.lang.String).
[INFO] -- MapStruct: selecting property mapping: request.emailContato().
[INFO] -- MapStruct: mapping property: request.telefoneContato() to: setTelefoneContato(java.lang.String).
[INFO] -- MapStruct: selecting property mapping: request.telefoneContato().
[INFO] -- MapStruct: mapping property: request.enderecoCompleto() to: setEnderecoCompleto(java.lang.String).
[INFO] -- MapStruct: selecting property mapping: request.enderecoCompleto().
[INFO] -- MapStruct: mapping property: request.cep() to: setCep(java.lang.String).
[INFO] -- MapStruct: selecting property mapping: request.cep().
[INFO] -- MapStruct: mapping property: request.cidade() to: setCidade(java.lang.String).
[INFO] -- MapStruct: selecting property mapping: request.cidade().
[INFO] -- MapStruct: mapping property: request.estado() to: setEstado(java.lang.String).
[INFO] -- MapStruct: selecting property mapping: request.estado().
[INFO] -- MapStruct: mapping property: request.prazoPagamentoDias() to: setPrazoPagamentoDias(java.lang.Integer).
[INFO] -- MapStruct: selecting property mapping: request.prazoPagamentoDias().
[INFO] -- MapStruct: mapping property: request.limiteCredito() to: setLimiteCredito(java.math.BigDecimal).
[INFO] -- MapStruct: selecting property mapping: request.limiteCredito().
[INFO] -- MapStruct: mapping property: request.descontoPadrao() to: setDescontoPadrao(java.math.BigDecimal).
[INFO] -- MapStruct: selecting property mapping: request.descontoPadrao().
[INFO] -- MapStruct: mapping property: request.condicoesEspeciais() to: setCondicoesEspeciais(java.lang.String).
[INFO] -- MapStruct: selecting property mapping: request.condicoesEspeciais().
[INFO] -- MapStruct: mapping property: request.bancoNome() to: setBancoNome(java.lang.String).
[INFO] -- MapStruct: selecting property mapping: request.bancoNome().
[INFO] -- MapStruct: mapping property: request.bancoAgencia() to: setBancoAgencia(java.lang.String).
[INFO] -- MapStruct: selecting property mapping: request.bancoAgencia().
[INFO] -- MapStruct: mapping property: request.bancoConta() to: setBancoConta(java.lang.String).
[INFO] -- MapStruct: selecting property mapping: request.bancoConta().
[INFO] -- MapStruct: mapping property: request.bancoPix() to: setBancoPix(java.lang.String).
[INFO] -- MapStruct: selecting property mapping: request.bancoPix().
[INFO] -- MapStruct: mapping property: request.classificacao() to: setClassificacao(com.neritech.saas.produtoServico.domain.enums.ClassificacaoFornecedor).
[INFO] -- MapStruct: selecting property mapping: request.classificacao().
[INFO] -- MapStruct: mapping property: request.observacoes() to: setObservacoes(java.lang.String).
[INFO] -- MapStruct: selecting property mapping: request.observacoes().
[INFO] -- MapStruct: mapping property: request.ativo() to: setAtivo(java.lang.Boolean).
[INFO] -- MapStruct: selecting property mapping: request.ativo().
[INFO] - MapStruct: creating bean mapping method implementation for com.neritech.saas.produtoServico.dto.FornecedorResponse toResponse(com.neritech.saas.produtoServico.domain.Fornecedor entity).
[INFO] -- MapStruct: mapping property: entity.getEmpresaId() to: empresaId.
[INFO] -- MapStruct: selecting property mapping: entity.getEmpresaId().
[INFO] -- MapStruct: mapping property: entity.getId() to: id.
[INFO] -- MapStruct: selecting property mapping: entity.getId().
[INFO] -- MapStruct: mapping property: entity.getTipoPessoa() to: tipoPessoa.
[INFO] -- MapStruct: selecting property mapping: entity.getTipoPessoa().
[INFO] -- MapStruct: mapping property: entity.getNomeFantasia() to: nomeFantasia.
[INFO] -- MapStruct: selecting property mapping: entity.getNomeFantasia().
[INFO] -- MapStruct: mapping property: entity.getRazaoSocial() to: razaoSocial.
[INFO] -- MapStruct: selecting property mapping: entity.getRazaoSocial().
[INFO] -- MapStruct: mapping property: entity.getCpf() to: cpf.
[INFO] -- MapStruct: selecting property mapping: entity.getCpf().
[INFO] -- MapStruct: mapping property: entity.getCnpj() to: cnpj.
[INFO] -- MapStruct: selecting property mapping: entity.getCnpj().
[INFO] -- MapStruct: mapping property: entity.getInscricaoEstadual() to: inscricaoEstadual.
[INFO] -- MapStruct: selecting property mapping: entity.getInscricaoEstadual().
[INFO] -- MapStruct: mapping property: entity.getInscricaoMunicipal() to: inscricaoMunicipal.
[INFO] -- MapStruct: selecting property mapping: entity.getInscricaoMunicipal().
[INFO] -- MapStruct: mapping property: entity.getEmailPrincipal() to: emailPrincipal.
[INFO] -- MapStruct: selecting property mapping: entity.getEmailPrincipal().
[INFO] -- MapStruct: mapping property: entity.getTelefonePrincipal() to: telefonePrincipal.
[INFO] -- MapStruct: selecting property mapping: entity.getTelefonePrincipal().
[INFO] -- MapStruct: mapping property: entity.getCelularPrincipal() to: celularPrincipal.
[INFO] -- MapStruct: selecting property mapping: entity.getCelularPrincipal().
[INFO] -- MapStruct: mapping property: entity.getWebsite() to: website.
[INFO] -- MapStruct: selecting property mapping: entity.getWebsite().
[INFO] -- MapStruct: mapping property: entity.getNomeContato() to: nomeContato.
[INFO] -- MapStruct: selecting property mapping: entity.getNomeContato().
[INFO] -- MapStruct: mapping property: entity.getCargoContato() to: cargoContato.
[INFO] -- MapStruct: selecting property mapping: entity.getCargoContato().
[INFO] -- MapStruct: mapping property: entity.getEmailContato() to: emailContato.
[INFO] -- MapStruct: selecting property mapping: entity.getEmailContato().
[INFO] -- MapStruct: mapping property: entity.getTelefoneContato() to: telefoneContato.
[INFO] -- MapStruct: selecting property mapping: entity.getTelefoneContato().
[INFO] -- MapStruct: mapping property: entity.getEnderecoCompleto() to: enderecoCompleto.
[INFO] -- MapStruct: selecting property mapping: entity.getEnderecoCompleto().
[INFO] -- MapStruct: mapping property: entity.getCep() to: cep.
[INFO] -- MapStruct: selecting property mapping: entity.getCep().
[INFO] -- MapStruct: mapping property: entity.getCidade() to: cidade.
[INFO] -- MapStruct: selecting property mapping: entity.getCidade().
[INFO] -- MapStruct: mapping property: entity.getEstado() to: estado.
[INFO] -- MapStruct: selecting property mapping: entity.getEstado().
[INFO] -- MapStruct: mapping property: entity.getPrazoPagamentoDias() to: prazoPagamentoDias.
[INFO] -- MapStruct: selecting property mapping: entity.getPrazoPagamentoDias().
[INFO] -- MapStruct: mapping property: entity.getLimiteCredito() to: limiteCredito.
[INFO] -- MapStruct: selecting property mapping: entity.getLimiteCredito().
[INFO] -- MapStruct: mapping property: entity.getDescontoPadrao() to: descontoPadrao.
[INFO] -- MapStruct: selecting property mapping: entity.getDescontoPadrao().
[INFO] -- MapStruct: mapping property: entity.getCondicoesEspeciais() to: condicoesEspeciais.
[INFO] -- MapStruct: selecting property mapping: entity.getCondicoesEspeciais().
[INFO] -- MapStruct: mapping property: entity.getBancoNome() to: bancoNome.
[INFO] -- MapStruct: selecting property mapping: entity.getBancoNome().
[INFO] -- MapStruct: mapping property: entity.getBancoAgencia() to: bancoAgencia.
[INFO] -- MapStruct: selecting property mapping: entity.getBancoAgencia().
[INFO] -- MapStruct: mapping property: entity.getBancoConta() to: bancoConta.
[INFO] -- MapStruct: selecting property mapping: entity.getBancoConta().
[INFO] -- MapStruct: mapping property: entity.getBancoPix() to: bancoPix.
[INFO] -- MapStruct: selecting property mapping: entity.getBancoPix().
[INFO] -- MapStruct: mapping property: entity.getClassificacao() to: classificacao.
[INFO] -- MapStruct: selecting property mapping: entity.getClassificacao().
[INFO] -- MapStruct: mapping property: entity.getObservacoes() to: observacoes.
[INFO] -- MapStruct: selecting property mapping: entity.getObservacoes().
[INFO] -- MapStruct: mapping property: entity.getAtivo() to: ativo.
[INFO] -- MapStruct: selecting property mapping: entity.getAtivo().
[INFO] - MapStruct: creating bean mapping method implementation for void updateEntityFromRequest(com.neritech.saas.produtoServico.dto.FornecedorRequest request, @MappingTarget com.neritech.saas.produtoServico.domain.Fornecedor entity).
[INFO] -- MapStruct: mapping property: request.tipoPessoa() to: setTipoPessoa(com.neritech.saas.produtoServico.domain.enums.TipoPessoa).
[INFO] -- MapStruct: selecting property mapping: request.tipoPessoa().
[INFO] -- MapStruct: mapping property: request.nomeFantasia() to: setNomeFantasia(java.lang.String).
[INFO] -- MapStruct: selecting property mapping: request.nomeFantasia().
[INFO] -- MapStruct: mapping property: request.razaoSocial() to: setRazaoSocial(java.lang.String).
[INFO] -- MapStruct: selecting property mapping: request.razaoSocial().
[INFO] -- MapStruct: mapping property: request.cpf() to: setCpf(java.lang.String).
[INFO] -- MapStruct: selecting property mapping: request.cpf().
[INFO] -- MapStruct: mapping property: request.cnpj() to: setCnpj(java.lang.String).
[INFO] -- MapStruct: selecting property mapping: request.cnpj().
[INFO] -- MapStruct: mapping property: request.inscricaoEstadual() to: setInscricaoEstadual(java.lang.String).
[INFO] -- MapStruct: selecting property mapping: request.inscricaoEstadual().
[INFO] -- MapStruct: mapping property: request.inscricaoMunicipal() to: setInscricaoMunicipal(java.lang.String).
[INFO] -- MapStruct: selecting property mapping: request.inscricaoMunicipal().
[INFO] -- MapStruct: mapping property: request.emailPrincipal() to: setEmailPrincipal(java.lang.String).
[INFO] -- MapStruct: selecting property mapping: request.emailPrincipal().
[INFO] -- MapStruct: mapping property: request.telefonePrincipal() to: setTelefonePrincipal(java.lang.String).
[INFO] -- MapStruct: selecting property mapping: request.telefonePrincipal().
[INFO] -- MapStruct: mapping property: request.celularPrincipal() to: setCelularPrincipal(java.lang.String).
[INFO] -- MapStruct: selecting property mapping: request.celularPrincipal().
[INFO] -- MapStruct: mapping property: request.website() to: setWebsite(java.lang.String).
[INFO] -- MapStruct: selecting property mapping: request.website().
[INFO] -- MapStruct: mapping property: request.nomeContato() to: setNomeContato(java.lang.String).
[INFO] -- MapStruct: selecting property mapping: request.nomeContato().
[INFO] -- MapStruct: mapping property: request.cargoContato() to: setCargoContato(java.lang.String).
[INFO] -- MapStruct: selecting property mapping: request.cargoContato().
[INFO] -- MapStruct: mapping property: request.emailContato() to: setEmailContato(java.lang.String).
[INFO] -- MapStruct: selecting property mapping: request.emailContato().
[INFO] -- MapStruct: mapping property: request.telefoneContato() to: setTelefoneContato(java.lang.String).
[INFO] -- MapStruct: selecting property mapping: request.telefoneContato().
[INFO] -- MapStruct: mapping property: request.enderecoCompleto() to: setEnderecoCompleto(java.lang.String).
[INFO] -- MapStruct: selecting property mapping: request.enderecoCompleto().
[INFO] -- MapStruct: mapping property: request.cep() to: setCep(java.lang.String).
[INFO] -- MapStruct: selecting property mapping: request.cep().
[INFO] -- MapStruct: mapping property: request.cidade() to: setCidade(java.lang.String).
[INFO] -- MapStruct: selecting property mapping: request.cidade().
[INFO] -- MapStruct: mapping property: request.estado() to: setEstado(java.lang.String).
[INFO] -- MapStruct: selecting property mapping: request.estado().
[INFO] -- MapStruct: mapping property: request.prazoPagamentoDias() to: setPrazoPagamentoDias(java.lang.Integer).
[INFO] -- MapStruct: selecting property mapping: request.prazoPagamentoDias().
[INFO] -- MapStruct: mapping property: request.limiteCredito() to: setLimiteCredito(java.math.BigDecimal).
[INFO] -- MapStruct: selecting property mapping: request.limiteCredito().
[INFO] -- MapStruct: mapping property: request.descontoPadrao() to: setDescontoPadrao(java.math.BigDecimal).
[INFO] -- MapStruct: selecting property mapping: request.descontoPadrao().
[INFO] -- MapStruct: mapping property: request.condicoesEspeciais() to: setCondicoesEspeciais(java.lang.String).
[INFO] -- MapStruct: selecting property mapping: request.condicoesEspeciais().
[INFO] -- MapStruct: mapping property: request.bancoNome() to: setBancoNome(java.lang.String).
[INFO] -- MapStruct: selecting property mapping: request.bancoNome().
[INFO] -- MapStruct: mapping property: request.bancoAgencia() to: setBancoAgencia(java.lang.String).
[INFO] -- MapStruct: selecting property mapping: request.bancoAgencia().
[INFO] -- MapStruct: mapping property: request.bancoConta() to: setBancoConta(java.lang.String).
[INFO] -- MapStruct: selecting property mapping: request.bancoConta().
[INFO] -- MapStruct: mapping property: request.bancoPix() to: setBancoPix(java.lang.String).
[INFO] -- MapStruct: selecting property mapping: request.bancoPix().
[INFO] -- MapStruct: mapping property: request.classificacao() to: setClassificacao(com.neritech.saas.produtoServico.domain.enums.ClassificacaoFornecedor).
[INFO] -- MapStruct: selecting property mapping: request.classificacao().
[INFO] -- MapStruct: mapping property: request.observacoes() to: setObservacoes(java.lang.String).
[INFO] -- MapStruct: selecting property mapping: request.observacoes().
[INFO] -- MapStruct: mapping property: request.ativo() to: setAtivo(java.lang.Boolean).
[INFO] -- MapStruct: selecting property mapping: request.ativo().
[INFO]  MapStruct: processing: com.neritech.saas.financeiro.mapper.FaturaMapper.
[INFO] - MapStruct: creating bean mapping method implementation for com.neritech.saas.financeiro.domain.Fatura toEntity(com.neritech.saas.financeiro.dto.FaturaRequest request).
[INFO] -- MapStruct: mapping property: request.numeroFatura() to: setNumeroFatura(java.lang.String).
[INFO] -- MapStruct: selecting property mapping: request.numeroFatura().
[INFO] -- MapStruct: mapping property: request.clienteId() to: setClienteId(java.lang.Long).
[INFO] -- MapStruct: selecting property mapping: request.clienteId().
[INFO] -- MapStruct: mapping property: request.ordemServicoId() to: setOrdemServicoId(java.lang.Long).
[INFO] -- MapStruct: selecting property mapping: request.ordemServicoId().
[INFO] -- MapStruct: mapping property: request.tipoFatura() to: setTipoFatura(com.neritech.saas.financeiro.domain.enums.TipoFatura).
[INFO] -- MapStruct: selecting property mapping: request.tipoFatura().
[INFO] -- MapStruct: mapping property: request.dataEmissao() to: setDataEmissao(java.time.LocalDate).
[INFO] -- MapStruct: selecting property mapping: request.dataEmissao().
[INFO] -- MapStruct: mapping property: request.dataVencimento() to: setDataVencimento(java.time.LocalDate).
[INFO] -- MapStruct: selecting property mapping: request.dataVencimento().
[INFO] -- MapStruct: mapping property: request.valorDescontos() to: setValorDescontos(java.math.BigDecimal).
[INFO] -- MapStruct: selecting property mapping: request.valorDescontos().
[INFO] -- MapStruct: mapping property: request.valorAcrescimos() to: setValorAcrescimos(java.math.BigDecimal).
[INFO] -- MapStruct: selecting property mapping: request.valorAcrescimos().
[INFO] -- MapStruct: mapping property: request.status() to: setStatus(com.neritech.saas.financeiro.domain.enums.StatusFatura).
[INFO] -- MapStruct: selecting property mapping: request.status().
[INFO] -- MapStruct: mapping property: request.observacoes() to: setObservacoes(java.lang.String).
[INFO] -- MapStruct: selecting property mapping: request.observacoes().
[INFO] -- MapStruct: mapping property: request.observacoesInternas() to: setObservacoesInternas(java.lang.String).
[INFO] -- MapStruct: selecting property mapping: request.observacoesInternas().
[INFO] - MapStruct: creating bean mapping method implementation for com.neritech.saas.financeiro.dto.FaturaResponse toResponse(com.neritech.saas.financeiro.domain.Fatura entity).
[INFO] -- MapStruct: mapping property: entity.getId() to: id.
[INFO] -- MapStruct: selecting property mapping: entity.getId().
[INFO] -- MapStruct: mapping property: entity.getEmpresaId() to: empresaId.
[INFO] -- MapStruct: selecting property mapping: entity.getEmpresaId().
[INFO] -- MapStruct: mapping property: entity.getNumeroFatura() to: numeroFatura.
[INFO] -- MapStruct: selecting property mapping: entity.getNumeroFatura().
[INFO] -- MapStruct: mapping property: entity.getClienteId() to: clienteId.
[INFO] -- MapStruct: selecting property mapping: entity.getClienteId().
[INFO] -- MapStruct: mapping property: entity.getOrdemServicoId() to: ordemServicoId.
[INFO] -- MapStruct: selecting property mapping: entity.getOrdemServicoId().
[INFO] -- MapStruct: mapping property: entity.getTipoFatura() to: tipoFatura.
[INFO] -- MapStruct: selecting property mapping: entity.getTipoFatura().
[INFO] -- MapStruct: mapping property: entity.getDataEmissao() to: dataEmissao.
[INFO] -- MapStruct: selecting property mapping: entity.getDataEmissao().
[INFO] -- MapStruct: mapping property: entity.getDataVencimento() to: dataVencimento.
[INFO] -- MapStruct: selecting property mapping: entity.getDataVencimento().
[INFO] -- MapStruct: mapping property: entity.getValorServicos() to: valorServicos.
[INFO] -- MapStruct: selecting property mapping: entity.getValorServicos().
[INFO] -- MapStruct: mapping property: entity.getValorProdutos() to: valorProdutos.
[INFO] -- MapStruct: selecting property mapping: entity.getValorProdutos().
[INFO] -- MapStruct: mapping property: entity.getValorDescontos() to: valorDescontos.
[INFO] -- MapStruct: selecting property mapping: entity.getValorDescontos().
[INFO] -- MapStruct: mapping property: entity.getValorAcrescimos() to: valorAcrescimos.
[INFO] -- MapStruct: selecting property mapping: entity.getValorAcrescimos().
[INFO] -- MapStruct: mapping property: entity.getValorTotal() to: valorTotal.
[INFO] -- MapStruct: selecting property mapping: entity.getValorTotal().
[INFO] -- MapStruct: mapping property: entity.getValorPago() to: valorPago.
[INFO] -- MapStruct: selecting property mapping: entity.getValorPago().
[INFO] -- MapStruct: mapping property: entity.getValorPendente() to: valorPendente.
[INFO] -- MapStruct: selecting property mapping: entity.getValorPendente().
[INFO] -- MapStruct: mapping property: entity.getStatus() to: status.
[INFO] -- MapStruct: selecting property mapping: entity.getStatus().
[INFO] -- MapStruct: mapping property: entity.getObservacoes() to: observacoes.
[INFO] -- MapStruct: selecting property mapping: entity.getObservacoes().
[INFO] -- MapStruct: mapping property: entity.getObservacoesInternas() to: observacoesInternas.
[INFO] -- MapStruct: selecting property mapping: entity.getObservacoesInternas().
[INFO] -- MapStruct: mapping property: entity.getNfeNumero() to: nfeNumero.
[INFO] -- MapStruct: selecting property mapping: entity.getNfeNumero().
[INFO] -- MapStruct: mapping property: entity.getNfeChave() to: nfeChave.
[INFO] -- MapStruct: selecting property mapping: entity.getNfeChave().
[INFO] -- MapStruct: mapping property: entity.getNfeUrlDanfe() to: nfeUrlDanfe.
[INFO] -- MapStruct: selecting property mapping: entity.getNfeUrlDanfe().
[INFO] -- MapStruct: mapping property: entity.getDataEnvioCliente() to: dataEnvioCliente.
[INFO] -- MapStruct: selecting property mapping: entity.getDataEnvioCliente().
[INFO] -- MapStruct: mapping property: entity.getEnviadaPorEmail() to: enviadaPorEmail.
[INFO] -- MapStruct: selecting property mapping: entity.getEnviadaPorEmail().
[INFO] -- MapStruct: mapping property: entity.getEnviadaPorWhatsapp() to: enviadaPorWhatsapp.
[INFO] -- MapStruct: selecting property mapping: entity.getEnviadaPorWhatsapp().
[INFO] -- MapStruct: mapping property: entity.getEmailEnvio() to: emailEnvio.
[INFO] -- MapStruct: selecting property mapping: entity.getEmailEnvio().
[INFO] -- MapStruct: mapping property: entity.getWhatsappEnvio() to: whatsappEnvio.
[INFO] -- MapStruct: selecting property mapping: entity.getWhatsappEnvio().
[INFO] -- MapStruct: mapping property: entity.getBoletoNossoNumero() to: boletoNossoNumero.
[INFO] -- MapStruct: selecting property mapping: entity.getBoletoNossoNumero().
[INFO] -- MapStruct: mapping property: entity.getBoletoUrl() to: boletoUrl.
[INFO] -- MapStruct: selecting property mapping: entity.getBoletoUrl().
[INFO] -- MapStruct: mapping property: entity.getPixQrCode() to: pixQrCode.
[INFO] -- MapStruct: selecting property mapping: entity.getPixQrCode().
[INFO] -- MapStruct: mapping property: entity.getPixCodigo() to: pixCodigo.
[INFO] -- MapStruct: selecting property mapping: entity.getPixCodigo().
[INFO] - MapStruct: creating bean mapping method implementation for void updateEntityFromDTO(com.neritech.saas.financeiro.dto.FaturaRequest request, @MappingTarget com.neritech.saas.financeiro.domain.Fatura entity).
[INFO] -- MapStruct: mapping property: request.numeroFatura() to: setNumeroFatura(java.lang.String).
[INFO] -- MapStruct: selecting property mapping: request.numeroFatura().
[INFO] -- MapStruct: mapping property: request.clienteId() to: setClienteId(java.lang.Long).
[INFO] -- MapStruct: selecting property mapping: request.clienteId().
[INFO] -- MapStruct: mapping property: request.ordemServicoId() to: setOrdemServicoId(java.lang.Long).
[INFO] -- MapStruct: selecting property mapping: request.ordemServicoId().
[INFO] -- MapStruct: mapping property: request.tipoFatura() to: setTipoFatura(com.neritech.saas.financeiro.domain.enums.TipoFatura).
[INFO] -- MapStruct: selecting property mapping: request.tipoFatura().
[INFO] -- MapStruct: mapping property: request.dataEmissao() to: setDataEmissao(java.time.LocalDate).
[INFO] -- MapStruct: selecting property mapping: request.dataEmissao().
[INFO] -- MapStruct: mapping property: request.dataVencimento() to: setDataVencimento(java.time.LocalDate).
[INFO] -- MapStruct: selecting property mapping: request.dataVencimento().
[INFO] -- MapStruct: mapping property: request.valorDescontos() to: setValorDescontos(java.math.BigDecimal).
[INFO] -- MapStruct: selecting property mapping: request.valorDescontos().
[INFO] -- MapStruct: mapping property: request.valorAcrescimos() to: setValorAcrescimos(java.math.BigDecimal).
[INFO] -- MapStruct: selecting property mapping: request.valorAcrescimos().
[INFO] -- MapStruct: mapping property: request.status() to: setStatus(com.neritech.saas.financeiro.domain.enums.StatusFatura).
[INFO] -- MapStruct: selecting property mapping: request.status().
[INFO] -- MapStruct: mapping property: request.observacoes() to: setObservacoes(java.lang.String).
[INFO] -- MapStruct: selecting property mapping: request.observacoes().
[INFO] -- MapStruct: mapping property: request.observacoesInternas() to: setObservacoesInternas(java.lang.String).
[INFO] -- MapStruct: selecting property mapping: request.observacoesInternas().
[INFO]  MapStruct: processing: com.neritech.saas.empresa.mapper.SituacaoMapper.
[INFO] - MapStruct: creating bean mapping method implementation for com.neritech.saas.empresa.domain.Situacao toEntity(com.neritech.saas.empresa.dto.SituacaoRequest request).
[INFO] -- MapStruct: mapping property: request.nmSituacao() to: setNmSituacao(java.lang.String).
[INFO] -- MapStruct: selecting property mapping: request.nmSituacao().
[INFO] -- MapStruct: mapping property: request.dsSituacao() to: setDsSituacao(java.lang.String).
[INFO] -- MapStruct: selecting property mapping: request.dsSituacao().
[INFO] -- MapStruct: mapping property: request.corSituacao() to: setCorSituacao(java.lang.String).
[INFO] -- MapStruct: selecting property mapping: request.corSituacao().
[INFO] - MapStruct: creating bean mapping method implementation for com.neritech.saas.empresa.dto.SituacaoResponse toResponse(com.neritech.saas.empresa.domain.Situacao entity).
[INFO] -- MapStruct: mapping property: entityEmpresaId( entity ) to: empresaId.
[INFO] -- MapStruct: selecting property mapping: entityEmpresaId( entity ).
[INFO] -- MapStruct: mapping property: entityEmpresaNomeFantasia( entity ) to: empresaNome.
[INFO] -- MapStruct: selecting property mapping: entityEmpresaNomeFantasia( entity ).
[INFO] -- MapStruct: mapping property: entity.getId() to: id.
[INFO] -- MapStruct: selecting property mapping: entity.getId().
[INFO] -- MapStruct: mapping property: entity.getNmSituacao() to: nmSituacao.
[INFO] -- MapStruct: selecting property mapping: entity.getNmSituacao().
[INFO] -- MapStruct: mapping property: entity.getDsSituacao() to: dsSituacao.
[INFO] -- MapStruct: selecting property mapping: entity.getDsSituacao().
[INFO] -- MapStruct: mapping property: entity.getCorSituacao() to: corSituacao.
[INFO] -- MapStruct: selecting property mapping: entity.getCorSituacao().
[INFO] -- MapStruct: mapping property: entity.getDataCadastro() to: dataCadastro.
[INFO] -- MapStruct: selecting property mapping: entity.getDataCadastro().
[INFO] -- MapStruct: mapping property: entity.getDataAtualizacao() to: dataAtualizacao.
[INFO] -- MapStruct: selecting property mapping: entity.getDataAtualizacao().
[INFO] - MapStruct: creating bean mapping method implementation for void updateEntityFromRequest(com.neritech.saas.empresa.dto.SituacaoRequest request, @MappingTarget com.neritech.saas.empresa.domain.Situacao entity).
[INFO] -- MapStruct: mapping property: request.nmSituacao() to: setNmSituacao(java.lang.String).
[INFO] -- MapStruct: selecting property mapping: request.nmSituacao().
[INFO] -- MapStruct: mapping property: request.dsSituacao() to: setDsSituacao(java.lang.String).
[INFO] -- MapStruct: selecting property mapping: request.dsSituacao().
[INFO] -- MapStruct: mapping property: request.corSituacao() to: setCorSituacao(java.lang.String).
[INFO] -- MapStruct: selecting property mapping: request.corSituacao().
[INFO]  MapStruct: processing: com.neritech.saas.integracao.mapper.MapeamentoDadosMapper.
[INFO] - MapStruct: creating bean mapping method implementation for com.neritech.saas.integracao.domain.MapeamentoDados toEntity(com.neritech.saas.integracao.dto.MapeamentoDadosRequest request).
[INFO] -- MapStruct: mapping property: request.entidade() to: entidade(java.lang.String).
[INFO] -- MapStruct: selecting property mapping: request.entidade().
[INFO] -- MapStruct: mapping property: request.campoOrigem() to: campoOrigem(java.lang.String).
[INFO] -- MapStruct: selecting property mapping: request.campoOrigem().
[INFO] -- MapStruct: mapping property: request.campoDestino() to: campoDestino(java.lang.String).
[INFO] -- MapStruct: selecting property mapping: request.campoDestino().
[INFO] -- MapStruct: mapping property: request.transformacao() to: transformacao(java.lang.String).
[INFO] -- MapStruct: selecting property mapping: request.transformacao().
[INFO] -- MapStruct: mapping property: request.regrasTransformacao() to: regrasTransformacao(java.lang.String).
[INFO] -- MapStruct: selecting property mapping: request.regrasTransformacao().
[INFO] -- MapStruct: mapping property: request.ativo() to: ativo(boolean).
[INFO] -- MapStruct: selecting property mapping: request.ativo().
[WARNING] /C:/Users/alexa/OneDrive/Documentos/NeriTech/backend/src/main/java/com/neritech/saas/integracao/mapper/MapeamentoDadosMapper.java:[13,21] Unmapped target properties: "id, dataCadastro, dataAtualizacao, criadoPor, atualizadoPor, versao".
[INFO] - MapStruct: creating bean mapping method implementation for com.neritech.saas.integracao.dto.MapeamentoDadosResponse toResponse(com.neritech.saas.integracao.domain.MapeamentoDados entity).
[INFO] -- MapStruct: mapping property: entity.getId() to: id.
[INFO] -- MapStruct: selecting property mapping: entity.getId().
[INFO] -- MapStruct: mapping property: entity.getIntegracao() to: integracao.
[INFO] -- MapStruct: selecting property mapping: com.neritech.saas.integracao.dto.IntegracaoAtivaResponse IntegracaoAtivaMapper#toResponse(entity.getIntegracao()).
[INFO] -- MapStruct: mapping property: entity.getEntidade() to: entidade.
[INFO] -- MapStruct: selecting property mapping: entity.getEntidade().
[INFO] -- MapStruct: mapping property: entity.getCampoOrigem() to: campoOrigem.
[INFO] -- MapStruct: selecting property mapping: entity.getCampoOrigem().
[INFO] -- MapStruct: mapping property: entity.getCampoDestino() to: campoDestino.
[INFO] -- MapStruct: selecting property mapping: entity.getCampoDestino().
[INFO] -- MapStruct: mapping property: entity.getTransformacao() to: transformacao.
[INFO] -- MapStruct: selecting property mapping: entity.getTransformacao().
[INFO] -- MapStruct: mapping property: entity.getRegrasTransformacao() to: regrasTransformacao.
[INFO] -- MapStruct: selecting property mapping: entity.getRegrasTransformacao().
[INFO] -- MapStruct: mapping property: entity.isAtivo() to: ativo.
[INFO] -- MapStruct: selecting property mapping: entity.isAtivo().
[WARNING] /C:/Users/alexa/OneDrive/Documentos/NeriTech/backend/src/main/java/com/neritech/saas/integracao/mapper/MapeamentoDadosMapper.java:[15,29] Unmapped target properties: "createdAt, updatedAt".
[INFO] - MapStruct: creating bean mapping method implementation for void updateEntityFromRequest(com.neritech.saas.integracao.dto.MapeamentoDadosRequest request, @MappingTarget com.neritech.saas.integracao.domain.MapeamentoDados entity).
[INFO] -- MapStruct: mapping property: request.entidade() to: setEntidade(java.lang.String).
[INFO] -- MapStruct: selecting property mapping: request.entidade().
[INFO] -- MapStruct: mapping property: request.campoOrigem() to: setCampoOrigem(java.lang.String).
[INFO] -- MapStruct: selecting property mapping: request.campoOrigem().
[INFO] -- MapStruct: mapping property: request.campoDestino() to: setCampoDestino(java.lang.String).
[INFO] -- MapStruct: selecting property mapping: request.campoDestino().
[INFO] -- MapStruct: mapping property: request.transformacao() to: setTransformacao(java.lang.String).
[INFO] -- MapStruct: selecting property mapping: request.transformacao().
[INFO] -- MapStruct: mapping property: request.regrasTransformacao() to: setRegrasTransformacao(java.lang.String).
[INFO] -- MapStruct: selecting property mapping: request.regrasTransformacao().
[INFO] -- MapStruct: mapping property: request.ativo() to: setAtivo(boolean).
[INFO] -- MapStruct: selecting property mapping: request.ativo().
[WARNING] /C:/Users/alexa/OneDrive/Documentos/NeriTech/backend/src/main/java/com/neritech/saas/integracao/mapper/MapeamentoDadosMapper.java:[21,10] Unmapped target properties: "criadoPor, atualizadoPor, versao".
[INFO]  MapStruct: processing: com.neritech.saas.rh.mapper.CertificacaoMapper.
[INFO] - MapStruct: creating bean mapping method implementation for com.neritech.saas.rh.domain.Certificacao toEntity(com.neritech.saas.rh.dto.CertificacaoRequest request).
[INFO] -- MapStruct: mapping property: request.funcionarioId() to: setFuncionarioId(java.lang.Long).
[INFO] -- MapStruct: selecting property mapping: request.funcionarioId().
[INFO] -- MapStruct: mapping property: request.nomeCertificacao() to: setNomeCertificacao(java.lang.String).
[INFO] -- MapStruct: selecting property mapping: request.nomeCertificacao().
[INFO] -- MapStruct: mapping property: request.entidadeCertificadora() to: setEntidadeCertificadora(java.lang.String).
[INFO] -- MapStruct: selecting property mapping: request.entidadeCertificadora().
[INFO] -- MapStruct: mapping property: request.categoria() to: setCategoria(java.lang.String).
[INFO] -- MapStruct: selecting property mapping: request.categoria().
[INFO] -- MapStruct: mapping property: request.numeroCertificado() to: setNumeroCertificado(java.lang.String).
[INFO] -- MapStruct: selecting property mapping: request.numeroCertificado().
[INFO] -- MapStruct: mapping property: request.dataEmissao() to: setDataEmissao(java.time.LocalDate).
[INFO] -- MapStruct: selecting property mapping: request.dataEmissao().
[INFO] -- MapStruct: mapping property: request.dataValidade() to: setDataValidade(java.time.LocalDate).
[INFO] -- MapStruct: selecting property mapping: request.dataValidade().
[INFO] -- MapStruct: mapping property: request.temValidade() to: setTemValidade(java.lang.Boolean).
[INFO] -- MapStruct: selecting property mapping: request.temValidade().
[INFO] -- MapStruct: mapping property: request.cargaHoraria() to: setCargaHoraria(java.lang.Integer).
[INFO] -- MapStruct: selecting property mapping: request.cargaHoraria().
[INFO] -- MapStruct: mapping property: request.notaObtida() to: setNotaObtida(java.math.BigDecimal).
[INFO] -- MapStruct: selecting property mapping: request.notaObtida().
[INFO] -- MapStruct: mapping property: request.notaMinimaAprovacao() to: setNotaMinimaAprovacao(java.math.BigDecimal).
[INFO] -- MapStruct: selecting property mapping: request.notaMinimaAprovacao().
[INFO] -- MapStruct: mapping property: request.custoCertificacao() to: setCustoCertificacao(java.math.BigDecimal).
[INFO] -- MapStruct: selecting property mapping: request.custoCertificacao().
[INFO] -- MapStruct: mapping property: request.pagoPelaEmpresa() to: setPagoPelaEmpresa(java.lang.Boolean).
[INFO] -- MapStruct: selecting property mapping: request.pagoPelaEmpresa().
[INFO] -- MapStruct: mapping property: request.arquivoCertificadoUrl() to: setArquivoCertificadoUrl(java.lang.String).
[INFO] -- MapStruct: selecting property mapping: request.arquivoCertificadoUrl().
[INFO] -- MapStruct: mapping property: request.status() to: setStatus(com.neritech.saas.rh.domain.enums.StatusCertificacao).
[INFO] -- MapStruct: selecting property mapping: request.status().
[INFO] -- MapStruct: mapping property: request.reconhecidaEmpresa() to: setReconhecidaEmpresa(java.lang.Boolean).
[INFO] -- MapStruct: selecting property mapping: request.reconhecidaEmpresa().
[INFO] -- MapStruct: mapping property: request.adicionalSalarial() to: setAdicionalSalarial(java.math.BigDecimal).
[INFO] -- MapStruct: selecting property mapping: request.adicionalSalarial().
[INFO] -- MapStruct: mapping property: request.observacoes() to: setObservacoes(java.lang.String).
[INFO] -- MapStruct: selecting property mapping: request.observacoes().
[INFO] - MapStruct: creating bean mapping method implementation for com.neritech.saas.rh.dto.CertificacaoResponse toResponse(com.neritech.saas.rh.domain.Certificacao entity).
[INFO] -- MapStruct: mapping property: entity.getId() to: id.
[INFO] -- MapStruct: selecting property mapping: entity.getId().
[INFO] -- MapStruct: mapping property: entity.getFuncionarioId() to: funcionarioId.
[INFO] -- MapStruct: selecting property mapping: entity.getFuncionarioId().
[INFO] -- MapStruct: mapping property: entity.getNomeCertificacao() to: nomeCertificacao.
[INFO] -- MapStruct: selecting property mapping: entity.getNomeCertificacao().
[INFO] -- MapStruct: mapping property: entity.getEntidadeCertificadora() to: entidadeCertificadora.
[INFO] -- MapStruct: selecting property mapping: entity.getEntidadeCertificadora().
[INFO] -- MapStruct: mapping property: entity.getCategoria() to: categoria.
[INFO] -- MapStruct: selecting property mapping: entity.getCategoria().
[INFO] -- MapStruct: mapping property: entity.getNumeroCertificado() to: numeroCertificado.
[INFO] -- MapStruct: selecting property mapping: entity.getNumeroCertificado().
[INFO] -- MapStruct: mapping property: entity.getDataEmissao() to: dataEmissao.
[INFO] -- MapStruct: selecting property mapping: entity.getDataEmissao().
[INFO] -- MapStruct: mapping property: entity.getDataValidade() to: dataValidade.
[INFO] -- MapStruct: selecting property mapping: entity.getDataValidade().
[INFO] -- MapStruct: mapping property: entity.getTemValidade() to: temValidade.
[INFO] -- MapStruct: selecting property mapping: entity.getTemValidade().
[INFO] -- MapStruct: mapping property: entity.getCargaHoraria() to: cargaHoraria.
[INFO] -- MapStruct: selecting property mapping: entity.getCargaHoraria().
[INFO] -- MapStruct: mapping property: entity.getNotaObtida() to: notaObtida.
[INFO] -- MapStruct: selecting property mapping: entity.getNotaObtida().
[INFO] -- MapStruct: mapping property: entity.getNotaMinimaAprovacao() to: notaMinimaAprovacao.
[INFO] -- MapStruct: selecting property mapping: entity.getNotaMinimaAprovacao().
[INFO] -- MapStruct: mapping property: entity.getCustoCertificacao() to: custoCertificacao.
[INFO] -- MapStruct: selecting property mapping: entity.getCustoCertificacao().
[INFO] -- MapStruct: mapping property: entity.getPagoPelaEmpresa() to: pagoPelaEmpresa.
[INFO] -- MapStruct: selecting property mapping: entity.getPagoPelaEmpresa().
[INFO] -- MapStruct: mapping property: entity.getArquivoCertificadoUrl() to: arquivoCertificadoUrl.
[INFO] -- MapStruct: selecting property mapping: entity.getArquivoCertificadoUrl().
[INFO] -- MapStruct: mapping property: entity.getStatus() to: status.
[INFO] -- MapStruct: selecting property mapping: entity.getStatus().
[INFO] -- MapStruct: mapping property: entity.getReconhecidaEmpresa() to: reconhecidaEmpresa.
[INFO] -- MapStruct: selecting property mapping: entity.getReconhecidaEmpresa().
[INFO] -- MapStruct: mapping property: entity.getAdicionalSalarial() to: adicionalSalarial.
[INFO] -- MapStruct: selecting property mapping: entity.getAdicionalSalarial().
[INFO] -- MapStruct: mapping property: entity.getObservacoes() to: observacoes.
[INFO] -- MapStruct: selecting property mapping: entity.getObservacoes().
[INFO] -- MapStruct: mapping property: entity.getCadastradoPor() to: cadastradoPor.
[INFO] -- MapStruct: selecting property mapping: entity.getCadastradoPor().
[INFO] -- MapStruct: mapping property: entity.getDataCadastro() to: dataCadastro.
[INFO] -- MapStruct: selecting property mapping: entity.getDataCadastro().
[INFO] -- MapStruct: mapping property: entity.getDataAtualizacao() to: dataAtualizacao.
[INFO] -- MapStruct: selecting property mapping: entity.getDataAtualizacao().
[INFO] - MapStruct: creating bean mapping method implementation for void updateEntity(com.neritech.saas.rh.dto.CertificacaoRequest request, @MappingTarget com.neritech.saas.rh.domain.Certificacao entity).
[INFO] -- MapStruct: mapping property: request.funcionarioId() to: setFuncionarioId(java.lang.Long).
[INFO] -- MapStruct: selecting property mapping: request.funcionarioId().
[INFO] -- MapStruct: mapping property: request.nomeCertificacao() to: setNomeCertificacao(java.lang.String).
[INFO] -- MapStruct: selecting property mapping: request.nomeCertificacao().
[INFO] -- MapStruct: mapping property: request.entidadeCertificadora() to: setEntidadeCertificadora(java.lang.String).
[INFO] -- MapStruct: selecting property mapping: request.entidadeCertificadora().
[INFO] -- MapStruct: mapping property: request.categoria() to: setCategoria(java.lang.String).
[INFO] -- MapStruct: selecting property mapping: request.categoria().
[INFO] -- MapStruct: mapping property: request.numeroCertificado() to: setNumeroCertificado(java.lang.String).
[INFO] -- MapStruct: selecting property mapping: request.numeroCertificado().
[INFO] -- MapStruct: mapping property: request.dataEmissao() to: setDataEmissao(java.time.LocalDate).
[INFO] -- MapStruct: selecting property mapping: request.dataEmissao().
[INFO] -- MapStruct: mapping property: request.dataValidade() to: setDataValidade(java.time.LocalDate).
[INFO] -- MapStruct: selecting property mapping: request.dataValidade().
[INFO] -- MapStruct: mapping property: request.temValidade() to: setTemValidade(java.lang.Boolean).
[INFO] -- MapStruct: selecting property mapping: request.temValidade().
[INFO] -- MapStruct: mapping property: request.cargaHoraria() to: setCargaHoraria(java.lang.Integer).
[INFO] -- MapStruct: selecting property mapping: request.cargaHoraria().
[INFO] -- MapStruct: mapping property: request.notaObtida() to: setNotaObtida(java.math.BigDecimal).
[INFO] -- MapStruct: selecting property mapping: request.notaObtida().
[INFO] -- MapStruct: mapping property: request.notaMinimaAprovacao() to: setNotaMinimaAprovacao(java.math.BigDecimal).
[INFO] -- MapStruct: selecting property mapping: request.notaMinimaAprovacao().
[INFO] -- MapStruct: mapping property: request.custoCertificacao() to: setCustoCertificacao(java.math.BigDecimal).
[INFO] -- MapStruct: selecting property mapping: request.custoCertificacao().
[INFO] -- MapStruct: mapping property: request.pagoPelaEmpresa() to: setPagoPelaEmpresa(java.lang.Boolean).
[INFO] -- MapStruct: selecting property mapping: request.pagoPelaEmpresa().
[INFO] -- MapStruct: mapping property: request.arquivoCertificadoUrl() to: setArquivoCertificadoUrl(java.lang.String).
[INFO] -- MapStruct: selecting property mapping: request.arquivoCertificadoUrl().
[INFO] -- MapStruct: mapping property: request.status() to: setStatus(com.neritech.saas.rh.domain.enums.StatusCertificacao).
[INFO] -- MapStruct: selecting property mapping: request.status().
[INFO] -- MapStruct: mapping property: request.reconhecidaEmpresa() to: setReconhecidaEmpresa(java.lang.Boolean).
[INFO] -- MapStruct: selecting property mapping: request.reconhecidaEmpresa().
[INFO] -- MapStruct: mapping property: request.adicionalSalarial() to: setAdicionalSalarial(java.math.BigDecimal).
[INFO] -- MapStruct: selecting property mapping: request.adicionalSalarial().
[INFO] -- MapStruct: mapping property: request.observacoes() to: setObservacoes(java.lang.String).
[INFO] -- MapStruct: selecting property mapping: request.observacoes().
[INFO]  MapStruct: processing: com.neritech.saas.financeiro.mapper.PlanoContaMapper.
[INFO] - MapStruct: creating bean mapping method implementation for com.neritech.saas.financeiro.domain.PlanoConta toEntity(com.neritech.saas.financeiro.dto.PlanoContaRequest request).
[INFO] -- MapStruct: mapping property: request.codigo() to: setCodigo(java.lang.String).
[INFO] -- MapStruct: selecting property mapping: request.codigo().
[INFO] -- MapStruct: mapping property: request.nome() to: setNome(java.lang.String).
[INFO] -- MapStruct: selecting property mapping: request.nome().
[INFO] -- MapStruct: mapping property: request.nivel() to: setNivel(java.lang.Integer).
[INFO] -- MapStruct: selecting property mapping: request.nivel().
[INFO] -- MapStruct: mapping property: request.tipoConta() to: setTipoConta(com.neritech.saas.financeiro.domain.enums.TipoContaContabil).
[INFO] -- MapStruct: selecting property mapping: request.tipoConta().
[INFO] -- MapStruct: mapping property: request.naturezaSaldo() to: setNaturezaSaldo(com.neritech.saas.financeiro.domain.enums.NaturezaSaldo).
[INFO] -- MapStruct: selecting property mapping: request.naturezaSaldo().
[INFO] -- MapStruct: mapping property: request.aceitaLancamento() to: setAceitaLancamento(java.lang.Boolean).
[INFO] -- MapStruct: selecting property mapping: request.aceitaLancamento().
[INFO] -- MapStruct: mapping property: request.ativo() to: setAtivo(java.lang.Boolean).
[INFO] -- MapStruct: selecting property mapping: request.ativo().
[INFO] - MapStruct: creating bean mapping method implementation for com.neritech.saas.financeiro.dto.PlanoContaResponse toResponse(com.neritech.saas.financeiro.domain.PlanoConta entity).
[INFO] -- MapStruct: mapping property: entityContaPaiNome( entity ) to: contaPaiNome.
[INFO] -- MapStruct: selecting property mapping: entityContaPaiNome( entity ).
[INFO] -- MapStruct: mapping property: entity.getId() to: id.
[INFO] -- MapStruct: selecting property mapping: entity.getId().
[INFO] -- MapStruct: mapping property: entity.getEmpresaId() to: empresaId.
[INFO] -- MapStruct: selecting property mapping: entity.getEmpresaId().
[INFO] -- MapStruct: mapping property: entity.getCodigo() to: codigo.
[INFO] -- MapStruct: selecting property mapping: entity.getCodigo().
[INFO] -- MapStruct: mapping property: entity.getNome() to: nome.
[INFO] -- MapStruct: selecting property mapping: entity.getNome().
[INFO] -- MapStruct: mapping property: entity.getNivel() to: nivel.
[INFO] -- MapStruct: selecting property mapping: entity.getNivel().
[INFO] -- MapStruct: mapping property: entity.getTipoConta() to: tipoConta.
[INFO] -- MapStruct: selecting property mapping: entity.getTipoConta().
[INFO] -- MapStruct: mapping property: entity.getNaturezaSaldo() to: naturezaSaldo.
[INFO] -- MapStruct: selecting property mapping: entity.getNaturezaSaldo().
[INFO] -- MapStruct: mapping property: entity.getAceitaLancamento() to: aceitaLancamento.
[INFO] -- MapStruct: selecting property mapping: entity.getAceitaLancamento().
[INFO] -- MapStruct: mapping property: entity.getAtivo() to: ativo.
[INFO] -- MapStruct: selecting property mapping: entity.getAtivo().
[INFO] - MapStruct: creating bean mapping method implementation for void updateEntityFromDTO(com.neritech.saas.financeiro.dto.PlanoContaRequest request, @MappingTarget com.neritech.saas.financeiro.domain.PlanoConta entity).
[INFO] -- MapStruct: mapping property: request.codigo() to: setCodigo(java.lang.String).
[INFO] -- MapStruct: selecting property mapping: request.codigo().
[INFO] -- MapStruct: mapping property: request.nome() to: setNome(java.lang.String).
[INFO] -- MapStruct: selecting property mapping: request.nome().
[INFO] -- MapStruct: mapping property: request.nivel() to: setNivel(java.lang.Integer).
[INFO] -- MapStruct: selecting property mapping: request.nivel().
[INFO] -- MapStruct: mapping property: request.tipoConta() to: setTipoConta(com.neritech.saas.financeiro.domain.enums.TipoContaContabil).
[INFO] -- MapStruct: selecting property mapping: request.tipoConta().
[INFO] -- MapStruct: mapping property: request.naturezaSaldo() to: setNaturezaSaldo(com.neritech.saas.financeiro.domain.enums.NaturezaSaldo).
[INFO] -- MapStruct: selecting property mapping: request.naturezaSaldo().
[INFO] -- MapStruct: mapping property: request.aceitaLancamento() to: setAceitaLancamento(java.lang.Boolean).
[INFO] -- MapStruct: selecting property mapping: request.aceitaLancamento().
[INFO] -- MapStruct: mapping property: request.ativo() to: setAtivo(java.lang.Boolean).
[INFO] -- MapStruct: selecting property mapping: request.ativo().
[INFO]  MapStruct: processing: com.neritech.saas.rh.mapper.FaltaAtrasoMapper.
[INFO] - MapStruct: creating bean mapping method implementation for com.neritech.saas.rh.domain.FaltaAtraso toEntity(com.neritech.saas.rh.dto.FaltaAtrasoRequest request).
[INFO] -- MapStruct: mapping property: request.funcionarioId() to: setFuncionarioId(java.lang.Long).
[INFO] -- MapStruct: selecting property mapping: request.funcionarioId().
[INFO] -- MapStruct: mapping property: request.tipoOcorrencia() to: setTipoOcorrencia(com.neritech.saas.rh.domain.enums.TipoOcorrencia).
[INFO] -- MapStruct: selecting property mapping: request.tipoOcorrencia().
[INFO] -- MapStruct: mapping property: request.dataOcorrencia() to: setDataOcorrencia(java.time.LocalDate).
[INFO] -- MapStruct: selecting property mapping: request.dataOcorrencia().
[INFO] -- MapStruct: mapping property: request.horarioPrevisto() to: setHorarioPrevisto(java.time.LocalTime).
[INFO] -- MapStruct: selecting property mapping: request.horarioPrevisto().
[INFO] -- MapStruct: mapping property: request.horarioReal() to: setHorarioReal(java.time.LocalTime).
[INFO] -- MapStruct: selecting property mapping: request.horarioReal().
[INFO] -- MapStruct: mapping property: request.minutosAtraso() to: setMinutosAtraso(java.lang.Integer).
[INFO] -- MapStruct: selecting property mapping: request.minutosAtraso().
[INFO] -- MapStruct: mapping property: request.horasFalta() to: setHorasFalta(java.math.BigDecimal).
[INFO] -- MapStruct: selecting property mapping: request.horasFalta().
[INFO] -- MapStruct: mapping property: request.tipoJustificativa() to: setTipoJustificativa(com.neritech.saas.rh.domain.enums.TipoJustificativa).
[INFO] -- MapStruct: selecting property mapping: request.tipoJustificativa().
[INFO] -- MapStruct: mapping property: request.justificativa() to: setJustificativa(java.lang.String).
[INFO] -- MapStruct: selecting property mapping: request.justificativa().
[INFO] -- MapStruct: mapping property: request.justificada() to: setJustificada(java.lang.Boolean).
[INFO] -- MapStruct: selecting property mapping: request.justificada().
[INFO] -- MapStruct: mapping property: request.anexoComprovanteUrl() to: setAnexoComprovanteUrl(java.lang.String).
[INFO] -- MapStruct: selecting property mapping: request.anexoComprovanteUrl().
[INFO] -- MapStruct: mapping property: request.descontoAplicado() to: setDescontoAplicado(java.lang.Boolean).
[INFO] -- MapStruct: selecting property mapping: request.descontoAplicado().
[INFO] -- MapStruct: mapping property: request.valorDesconto() to: setValorDesconto(java.math.BigDecimal).
[INFO] -- MapStruct: selecting property mapping: request.valorDesconto().
[INFO] -- MapStruct: mapping property: request.advertenciaAplicada() to: setAdvertenciaAplicada(java.lang.Boolean).
[INFO] -- MapStruct: selecting property mapping: request.advertenciaAplicada().
[INFO] -- MapStruct: mapping property: request.observacoes() to: setObservacoes(java.lang.String).
[INFO] -- MapStruct: selecting property mapping: request.observacoes().
[INFO] - MapStruct: creating bean mapping method implementation for com.neritech.saas.rh.dto.FaltaAtrasoResponse toResponse(com.neritech.saas.rh.domain.FaltaAtraso entity).
[INFO] -- MapStruct: mapping property: entity.getId() to: id.
[INFO] -- MapStruct: selecting property mapping: entity.getId().
[INFO] -- MapStruct: mapping property: entity.getFuncionarioId() to: funcionarioId.
[INFO] -- MapStruct: selecting property mapping: entity.getFuncionarioId().
[INFO] -- MapStruct: mapping property: entity.getTipoOcorrencia() to: tipoOcorrencia.
[INFO] -- MapStruct: selecting property mapping: entity.getTipoOcorrencia().
[INFO] -- MapStruct: mapping property: entity.getDataOcorrencia() to: dataOcorrencia.
[INFO] -- MapStruct: selecting property mapping: entity.getDataOcorrencia().
[INFO] -- MapStruct: mapping property: entity.getHorarioPrevisto() to: horarioPrevisto.
[INFO] -- MapStruct: selecting property mapping: entity.getHorarioPrevisto().
[INFO] -- MapStruct: mapping property: entity.getHorarioReal() to: horarioReal.
[INFO] -- MapStruct: selecting property mapping: entity.getHorarioReal().
[INFO] -- MapStruct: mapping property: entity.getMinutosAtraso() to: minutosAtraso.
[INFO] -- MapStruct: selecting property mapping: entity.getMinutosAtraso().
[INFO] -- MapStruct: mapping property: entity.getHorasFalta() to: horasFalta.
[INFO] -- MapStruct: selecting property mapping: entity.getHorasFalta().
[INFO] -- MapStruct: mapping property: entity.getTipoJustificativa() to: tipoJustificativa.
[INFO] -- MapStruct: selecting property mapping: entity.getTipoJustificativa().
[INFO] -- MapStruct: mapping property: entity.getJustificativa() to: justificativa.
[INFO] -- MapStruct: selecting property mapping: entity.getJustificativa().
[INFO] -- MapStruct: mapping property: entity.getJustificada() to: justificada.
[INFO] -- MapStruct: selecting property mapping: entity.getJustificada().
[INFO] -- MapStruct: mapping property: entity.getAnexoComprovanteUrl() to: anexoComprovanteUrl.
[INFO] -- MapStruct: selecting property mapping: entity.getAnexoComprovanteUrl().
[INFO] -- MapStruct: mapping property: entity.getDescontoAplicado() to: descontoAplicado.
[INFO] -- MapStruct: selecting property mapping: entity.getDescontoAplicado().
[INFO] -- MapStruct: mapping property: entity.getValorDesconto() to: valorDesconto.
[INFO] -- MapStruct: selecting property mapping: entity.getValorDesconto().
[INFO] -- MapStruct: mapping property: entity.getAdvertenciaAplicada() to: advertenciaAplicada.
[INFO] -- MapStruct: selecting property mapping: entity.getAdvertenciaAplicada().
[INFO] -- MapStruct: mapping property: entity.getObservacoes() to: observacoes.
[INFO] -- MapStruct: selecting property mapping: entity.getObservacoes().
[INFO] -- MapStruct: mapping property: entity.getRegistradoPor() to: registradoPor.
[INFO] -- MapStruct: selecting property mapping: entity.getRegistradoPor().
[INFO] -- MapStruct: mapping property: entity.getAprovadoPor() to: aprovadoPor.
[INFO] -- MapStruct: selecting property mapping: entity.getAprovadoPor().
[INFO] -- MapStruct: mapping property: entity.getDataAprovacao() to: dataAprovacao.
[INFO] -- MapStruct: selecting property mapping: entity.getDataAprovacao().
[INFO] -- MapStruct: mapping property: entity.getDataCadastro() to: dataCadastro.
[INFO] -- MapStruct: selecting property mapping: entity.getDataCadastro().
[INFO] -- MapStruct: mapping property: entity.getDataAtualizacao() to: dataAtualizacao.
[INFO] -- MapStruct: selecting property mapping: entity.getDataAtualizacao().
[INFO] - MapStruct: creating bean mapping method implementation for void updateEntity(com.neritech.saas.rh.dto.FaltaAtrasoRequest request, @MappingTarget com.neritech.saas.rh.domain.FaltaAtraso entity).
[INFO] -- MapStruct: mapping property: request.funcionarioId() to: setFuncionarioId(java.lang.Long).
[INFO] -- MapStruct: selecting property mapping: request.funcionarioId().
[INFO] -- MapStruct: mapping property: request.tipoOcorrencia() to: setTipoOcorrencia(com.neritech.saas.rh.domain.enums.TipoOcorrencia).
[INFO] -- MapStruct: selecting property mapping: request.tipoOcorrencia().
[INFO] -- MapStruct: mapping property: request.dataOcorrencia() to: setDataOcorrencia(java.time.LocalDate).
[INFO] -- MapStruct: selecting property mapping: request.dataOcorrencia().
[INFO] -- MapStruct: mapping property: request.horarioPrevisto() to: setHorarioPrevisto(java.time.LocalTime).
[INFO] -- MapStruct: selecting property mapping: request.horarioPrevisto().
[INFO] -- MapStruct: mapping property: request.horarioReal() to: setHorarioReal(java.time.LocalTime).
[INFO] -- MapStruct: selecting property mapping: request.horarioReal().
[INFO] -- MapStruct: mapping property: request.minutosAtraso() to: setMinutosAtraso(java.lang.Integer).
[INFO] -- MapStruct: selecting property mapping: request.minutosAtraso().
[INFO] -- MapStruct: mapping property: request.horasFalta() to: setHorasFalta(java.math.BigDecimal).
[INFO] -- MapStruct: selecting property mapping: request.horasFalta().
[INFO] -- MapStruct: mapping property: request.tipoJustificativa() to: setTipoJustificativa(com.neritech.saas.rh.domain.enums.TipoJustificativa).
[INFO] -- MapStruct: selecting property mapping: request.tipoJustificativa().
[INFO] -- MapStruct: mapping property: request.justificativa() to: setJustificativa(java.lang.String).
[INFO] -- MapStruct: selecting property mapping: request.justificativa().
[INFO] -- MapStruct: mapping property: request.justificada() to: setJustificada(java.lang.Boolean).
[INFO] -- MapStruct: selecting property mapping: request.justificada().
[INFO] -- MapStruct: mapping property: request.anexoComprovanteUrl() to: setAnexoComprovanteUrl(java.lang.String).
[INFO] -- MapStruct: selecting property mapping: request.anexoComprovanteUrl().
[INFO] -- MapStruct: mapping property: request.descontoAplicado() to: setDescontoAplicado(java.lang.Boolean).
[INFO] -- MapStruct: selecting property mapping: request.descontoAplicado().
[INFO] -- MapStruct: mapping property: request.valorDesconto() to: setValorDesconto(java.math.BigDecimal).
[INFO] -- MapStruct: selecting property mapping: request.valorDesconto().
[INFO] -- MapStruct: mapping property: request.advertenciaAplicada() to: setAdvertenciaAplicada(java.lang.Boolean).
[INFO] -- MapStruct: selecting property mapping: request.advertenciaAplicada().
[INFO] -- MapStruct: mapping property: request.observacoes() to: setObservacoes(java.lang.String).
[INFO] -- MapStruct: selecting property mapping: request.observacoes().
[INFO]  MapStruct: processing: com.neritech.saas.financeiro.mapper.ConciliacaoBancariaMapper.
[INFO] - MapStruct: creating bean mapping method implementation for com.neritech.saas.financeiro.domain.ConciliacaoBancaria toEntity(com.neritech.saas.financeiro.dto.ConciliacaoBancariaRequest request).
[INFO] -- MapStruct: mapping property: request.status() to: setStatus(com.neritech.saas.financeiro.domain.enums.StatusConciliacao).
[INFO] -- MapStruct: selecting property mapping: request.status().
[INFO] -- MapStruct: mapping property: request.observacoes() to: setObservacoes(java.lang.String).
[INFO] -- MapStruct: selecting property mapping: request.observacoes().
[INFO] -- MapStruct: mapping property: request.arquivoExtratoUrl() to: setArquivoExtratoUrl(java.lang.String).
[INFO] -- MapStruct: selecting property mapping: request.arquivoExtratoUrl().
[INFO] - MapStruct: creating bean mapping method implementation for com.neritech.saas.financeiro.dto.ConciliacaoBancariaResponse toResponse(com.neritech.saas.financeiro.domain.ConciliacaoBancaria entity).
[INFO] -- MapStruct: mapping property: entityContaBancariaBancoNome( entity ) to: contaBancariaNome.
[INFO] -- MapStruct: selecting property mapping: entityContaBancariaBancoNome( entity ).
[INFO] -- MapStruct: mapping property: entity.getId() to: id.
[INFO] -- MapStruct: selecting property mapping: entity.getId().
[INFO] -- MapStruct: mapping property: entity.getStatus() to: status.
[INFO] -- MapStruct: selecting property mapping: entity.getStatus().
[INFO] -- MapStruct: mapping property: entity.getArquivoExtratoUrl() to: arquivoExtratoUrl.
[INFO] -- MapStruct: selecting property mapping: entity.getArquivoExtratoUrl().
[INFO] -- MapStruct: mapping property: entity.getObservacoes() to: observacoes.
[INFO] -- MapStruct: selecting property mapping: entity.getObservacoes().
[INFO] - MapStruct: creating bean mapping method implementation for void updateEntityFromDTO(com.neritech.saas.financeiro.dto.ConciliacaoBancariaRequest request, @MappingTarget com.neritech.saas.financeiro.domain.ConciliacaoBancaria entity).
[INFO] -- MapStruct: mapping property: request.status() to: setStatus(com.neritech.saas.financeiro.domain.enums.StatusConciliacao).
[INFO] -- MapStruct: selecting property mapping: request.status().
[INFO] -- MapStruct: mapping property: request.observacoes() to: setObservacoes(java.lang.String).
[INFO] -- MapStruct: selecting property mapping: request.observacoes().
[INFO] -- MapStruct: mapping property: request.arquivoExtratoUrl() to: setArquivoExtratoUrl(java.lang.String).
[INFO] -- MapStruct: selecting property mapping: request.arquivoExtratoUrl().
[INFO]  MapStruct: processing: com.neritech.saas.estoque.mapper.DevolucaoProdutoMapper.
[INFO] - MapStruct: creating bean mapping method implementation for com.neritech.saas.estoque.domain.DevolucaoProduto toEntity(com.neritech.saas.estoque.dto.DevolucaoProdutoRequest request).
[INFO] -- MapStruct: mapping property: request.ordemServicoId() to: setOrdemServicoId(java.lang.Long).
[INFO] -- MapStruct: selecting property mapping: request.ordemServicoId().
[INFO] -- MapStruct: mapping property: request.clienteId() to: setClienteId(java.lang.Long).
[INFO] -- MapStruct: selecting property mapping: request.clienteId().
[INFO] -- MapStruct: mapping property: request.quantidadeDevolvida() to: setQuantidadeDevolvida(java.math.BigDecimal).
[INFO] -- MapStruct: selecting property mapping: request.quantidadeDevolvida().
[INFO] -- MapStruct: mapping property: request.motivoDevolucao() to: setMotivoDevolucao(com.neritech.saas.estoque.domain.enums.MotivoDevolucao).
[INFO] -- MapStruct: selecting property mapping: request.motivoDevolucao().
[INFO] -- MapStruct: mapping property: request.descricaoMotivo() to: setDescricaoMotivo(java.lang.String).
[INFO] -- MapStruct: selecting property mapping: request.descricaoMotivo().
[INFO] -- MapStruct: mapping property: request.condicaoProduto() to: setCondicaoProduto(com.neritech.saas.estoque.domain.enums.CondicaoProduto).
[INFO] -- MapStruct: selecting property mapping: request.condicaoProduto().
[INFO] -- MapStruct: mapping property: request.acaoTomada() to: setAcaoTomada(com.neritech.saas.estoque.domain.enums.AcaoDevolucao).
[INFO] -- MapStruct: selecting property mapping: request.acaoTomada().
[INFO] -- MapStruct: mapping property: request.valorDevolvido() to: setValorDevolvido(java.math.BigDecimal).
[INFO] -- MapStruct: selecting property mapping: request.valorDevolvido().
[INFO] -- MapStruct: mapping property: request.aprovadoPor() to: setAprovadoPor(java.lang.Long).
[INFO] -- MapStruct: selecting property mapping: request.aprovadoPor().
[INFO] -- MapStruct: mapping property: request.observacoes() to: setObservacoes(java.lang.String).
[INFO] -- MapStruct: selecting property mapping: request.observacoes().
[INFO] -- MapStruct: mapping property: request.fotosProdutoUrl() to: setFotosProdutoUrl(java.lang.String).
[INFO] -- MapStruct: selecting property mapping: request.fotosProdutoUrl().
[INFO] -- MapStruct: mapping property: request.usuarioResponsavel() to: setUsuarioResponsavel(java.lang.Long).
[INFO] -- MapStruct: selecting property mapping: request.usuarioResponsavel().
[INFO] - MapStruct: creating bean mapping method implementation for com.neritech.saas.estoque.dto.DevolucaoProdutoResponse toResponse(com.neritech.saas.estoque.domain.DevolucaoProduto entity).
[INFO] -- MapStruct: mapping property: entityProdutoId( entity ) to: produtoId.
[INFO] -- MapStruct: selecting property mapping: entityProdutoId( entity ).
[INFO] -- MapStruct: mapping property: entityProdutoNome( entity ) to: produtoNome.
[INFO] -- MapStruct: selecting property mapping: entityProdutoNome( entity ).
[INFO] -- MapStruct: mapping property: entity.getId() to: id.
[INFO] -- MapStruct: selecting property mapping: entity.getId().
[INFO] -- MapStruct: mapping property: entity.getOrdemServicoId() to: ordemServicoId.
[INFO] -- MapStruct: selecting property mapping: entity.getOrdemServicoId().
[INFO] -- MapStruct: mapping property: entity.getClienteId() to: clienteId.
[INFO] -- MapStruct: selecting property mapping: entity.getClienteId().
[INFO] -- MapStruct: mapping property: entity.getQuantidadeDevolvida() to: quantidadeDevolvida.
[INFO] -- MapStruct: selecting property mapping: entity.getQuantidadeDevolvida().
[INFO] -- MapStruct: mapping property: entity.getMotivoDevolucao() to: motivoDevolucao.
[INFO] -- MapStruct: selecting property mapping: entity.getMotivoDevolucao().
[INFO] -- MapStruct: mapping property: entity.getDescricaoMotivo() to: descricaoMotivo.
[INFO] -- MapStruct: selecting property mapping: entity.getDescricaoMotivo().
[INFO] -- MapStruct: mapping property: entity.getCondicaoProduto() to: condicaoProduto.
[INFO] -- MapStruct: selecting property mapping: entity.getCondicaoProduto().
[INFO] -- MapStruct: mapping property: entity.getAcaoTomada() to: acaoTomada.
[INFO] -- MapStruct: selecting property mapping: entity.getAcaoTomada().
[INFO] -- MapStruct: mapping property: entity.getValorDevolvido() to: valorDevolvido.
[INFO] -- MapStruct: selecting property mapping: entity.getValorDevolvido().
[INFO] -- MapStruct: mapping property: entity.getAprovadoPor() to: aprovadoPor.
[INFO] -- MapStruct: selecting property mapping: entity.getAprovadoPor().
[INFO] -- MapStruct: mapping property: entity.getDataAprovacao() to: dataAprovacao.
[INFO] -- MapStruct: selecting property mapping: entity.getDataAprovacao().
[INFO] -- MapStruct: mapping property: entity.getObservacoes() to: observacoes.
[INFO] -- MapStruct: selecting property mapping: entity.getObservacoes().
[INFO] -- MapStruct: mapping property: entity.getFotosProdutoUrl() to: fotosProdutoUrl.
[INFO] -- MapStruct: selecting property mapping: entity.getFotosProdutoUrl().
[INFO] -- MapStruct: mapping property: entity.getDataDevolucao() to: dataDevolucao.
[INFO] -- MapStruct: selecting property mapping: entity.getDataDevolucao().
[INFO] -- MapStruct: mapping property: entity.getUsuarioResponsavel() to: usuarioResponsavel.
[INFO] -- MapStruct: selecting property mapping: entity.getUsuarioResponsavel().
[INFO] - MapStruct: creating bean mapping method implementation for void updateEntityFromRequest(com.neritech.saas.estoque.dto.DevolucaoProdutoRequest request, @MappingTarget com.neritech.saas.estoque.domain.DevolucaoProduto entity).
[INFO] -- MapStruct: mapping property: request.ordemServicoId() to: setOrdemServicoId(java.lang.Long).
[INFO] -- MapStruct: selecting property mapping: request.ordemServicoId().
[INFO] -- MapStruct: mapping property: request.clienteId() to: setClienteId(java.lang.Long).
[INFO] -- MapStruct: selecting property mapping: request.clienteId().
[INFO] -- MapStruct: mapping property: request.quantidadeDevolvida() to: setQuantidadeDevolvida(java.math.BigDecimal).
[INFO] -- MapStruct: selecting property mapping: request.quantidadeDevolvida().
[INFO] -- MapStruct: mapping property: request.motivoDevolucao() to: setMotivoDevolucao(com.neritech.saas.estoque.domain.enums.MotivoDevolucao).
[INFO] -- MapStruct: selecting property mapping: request.motivoDevolucao().
[INFO] -- MapStruct: mapping property: request.descricaoMotivo() to: setDescricaoMotivo(java.lang.String).
[INFO] -- MapStruct: selecting property mapping: request.descricaoMotivo().
[INFO] -- MapStruct: mapping property: request.condicaoProduto() to: setCondicaoProduto(com.neritech.saas.estoque.domain.enums.CondicaoProduto).
[INFO] -- MapStruct: selecting property mapping: request.condicaoProduto().
[INFO] -- MapStruct: mapping property: request.acaoTomada() to: setAcaoTomada(com.neritech.saas.estoque.domain.enums.AcaoDevolucao).
[INFO] -- MapStruct: selecting property mapping: request.acaoTomada().
[INFO] -- MapStruct: mapping property: request.valorDevolvido() to: setValorDevolvido(java.math.BigDecimal).
[INFO] -- MapStruct: selecting property mapping: request.valorDevolvido().
[INFO] -- MapStruct: mapping property: request.aprovadoPor() to: setAprovadoPor(java.lang.Long).
[INFO] -- MapStruct: selecting property mapping: request.aprovadoPor().
[INFO] -- MapStruct: mapping property: request.observacoes() to: setObservacoes(java.lang.String).
[INFO] -- MapStruct: selecting property mapping: request.observacoes().
[INFO] -- MapStruct: mapping property: request.fotosProdutoUrl() to: setFotosProdutoUrl(java.lang.String).
[INFO] -- MapStruct: selecting property mapping: request.fotosProdutoUrl().
[INFO] -- MapStruct: mapping property: request.usuarioResponsavel() to: setUsuarioResponsavel(java.lang.Long).
[INFO] -- MapStruct: selecting property mapping: request.usuarioResponsavel().
[INFO]  MapStruct: processing: com.neritech.saas.financeiro.mapper.ParcelaPagamentoMapper.
[INFO] - MapStruct: creating bean mapping method implementation for com.neritech.saas.financeiro.domain.ParcelaPagamento toEntity(com.neritech.saas.financeiro.dto.ParcelaPagamentoRequest request).
[INFO] -- MapStruct: mapping property: request.numeroParcela() to: setNumeroParcela(java.lang.Integer).
[INFO] -- MapStruct: selecting property mapping: request.numeroParcela().
[INFO] -- MapStruct: mapping property: request.valorParcela() to: setValorParcela(java.math.BigDecimal).
[INFO] -- MapStruct: selecting property mapping: request.valorParcela().
[INFO] -- MapStruct: mapping property: request.dataVencimento() to: setDataVencimento(java.time.LocalDate).
[INFO] -- MapStruct: selecting property mapping: request.dataVencimento().
[INFO] -- MapStruct: mapping property: request.dataPagamento() to: setDataPagamento(java.time.LocalDate).
[INFO] -- MapStruct: selecting property mapping: request.dataPagamento().
[INFO] -- MapStruct: mapping property: request.valorPago() to: setValorPago(java.math.BigDecimal).
[INFO] -- MapStruct: selecting property mapping: request.valorPago().
[INFO] -- MapStruct: mapping property: request.status() to: setStatus(com.neritech.saas.financeiro.domain.enums.StatusPagamento).
[INFO] -- MapStruct: selecting property mapping: request.status().
[INFO] -- MapStruct: mapping property: request.observacoes() to: setObservacoes(java.lang.String).
[INFO] -- MapStruct: selecting property mapping: request.observacoes().
[INFO] - MapStruct: creating bean mapping method implementation for com.neritech.saas.financeiro.dto.ParcelaPagamentoResponse toResponse(com.neritech.saas.financeiro.domain.ParcelaPagamento entity).
[INFO] -- MapStruct: mapping property: entity.getId() to: id.
[INFO] -- MapStruct: selecting property mapping: entity.getId().
[INFO] -- MapStruct: mapping property: entity.getNumeroParcela() to: numeroParcela.
[INFO] -- MapStruct: selecting property mapping: entity.getNumeroParcela().
[INFO] -- MapStruct: mapping property: entity.getDataVencimento() to: dataVencimento.
[INFO] -- MapStruct: selecting property mapping: entity.getDataVencimento().
[INFO] -- MapStruct: mapping property: entity.getValorParcela() to: valorParcela.
[INFO] -- MapStruct: selecting property mapping: entity.getValorParcela().
[INFO] -- MapStruct: mapping property: entity.getValorPago() to: valorPago.
[INFO] -- MapStruct: selecting property mapping: entity.getValorPago().
[INFO] -- MapStruct: mapping property: entity.getDataPagamento() to: dataPagamento.
[INFO] -- MapStruct: selecting property mapping: entity.getDataPagamento().
[INFO] -- MapStruct: mapping property: entity.getStatus() to: status.
[INFO] -- MapStruct: selecting property mapping: entity.getStatus().
[INFO] -- MapStruct: mapping property: entity.getObservacoes() to: observacoes.
[INFO] -- MapStruct: selecting property mapping: entity.getObservacoes().
[INFO] - MapStruct: creating bean mapping method implementation for void updateEntityFromDTO(com.neritech.saas.financeiro.dto.ParcelaPagamentoRequest request, @MappingTarget com.neritech.saas.financeiro.domain.ParcelaPagamento entity).
[INFO] -- MapStruct: mapping property: request.numeroParcela() to: setNumeroParcela(java.lang.Integer).
[INFO] -- MapStruct: selecting property mapping: request.numeroParcela().
[INFO] -- MapStruct: mapping property: request.valorParcela() to: setValorParcela(java.math.BigDecimal).
[INFO] -- MapStruct: selecting property mapping: request.valorParcela().
[INFO] -- MapStruct: mapping property: request.dataVencimento() to: setDataVencimento(java.time.LocalDate).
[INFO] -- MapStruct: selecting property mapping: request.dataVencimento().
[INFO] -- MapStruct: mapping property: request.dataPagamento() to: setDataPagamento(java.time.LocalDate).
[INFO] -- MapStruct: selecting property mapping: request.dataPagamento().
[INFO] -- MapStruct: mapping property: request.valorPago() to: setValorPago(java.math.BigDecimal).
[INFO] -- MapStruct: selecting property mapping: request.valorPago().
[INFO] -- MapStruct: mapping property: request.status() to: setStatus(com.neritech.saas.financeiro.domain.enums.StatusPagamento).
[INFO] -- MapStruct: selecting property mapping: request.status().
[INFO] -- MapStruct: mapping property: request.observacoes() to: setObservacoes(java.lang.String).
[INFO] -- MapStruct: selecting property mapping: request.observacoes().
[INFO]  MapStruct: processing: com.neritech.saas.financeiro.mapper.CondicaoPagamentoMapper.
[INFO] - MapStruct: creating bean mapping method implementation for com.neritech.saas.financeiro.domain.CondicaoPagamento toEntity(com.neritech.saas.financeiro.dto.CondicaoPagamentoRequest request).
[INFO] -- MapStruct: mapping property: request.nome() to: setNome(java.lang.String).
[INFO] -- MapStruct: selecting property mapping: request.nome().
[INFO] -- MapStruct: mapping property: request.descricao() to: setDescricao(java.lang.String).
[INFO] -- MapStruct: selecting property mapping: request.descricao().
[INFO] -- MapStruct: mapping property: request.tipo() to: setTipo(com.neritech.saas.financeiro.domain.enums.TipoCondicaoPagamento).
[INFO] -- MapStruct: selecting property mapping: request.tipo().
[INFO] -- MapStruct: mapping property: request.formasPagamentoAceitas() to: setFormasPagamentoAceitas(java.lang.String).
[INFO] -- MapStruct: selecting property mapping: request.formasPagamentoAceitas().
[INFO] -- MapStruct: mapping property: request.observacoes() to: setObservacoes(java.lang.String).
[INFO] -- MapStruct: selecting property mapping: request.observacoes().
[INFO] -- MapStruct: mapping property: request.numeroParcelas() to: setNumeroParcelas(java.lang.Integer).
[INFO] -- MapStruct: selecting property mapping: request.numeroParcelas().
[INFO] -- MapStruct: mapping property: request.intervaloDias() to: setIntervaloDias(java.lang.Integer).
[INFO] -- MapStruct: selecting property mapping: request.intervaloDias().
[INFO] -- MapStruct: mapping property: request.valorEntradaPercentual() to: setValorEntradaPercentual(java.math.BigDecimal).
[INFO] -- MapStruct: selecting property mapping: request.valorEntradaPercentual().
[INFO] -- MapStruct: mapping property: request.descontoAVistaPercentual() to: setDescontoAVistaPercentual(java.math.BigDecimal).
[INFO] -- MapStruct: selecting property mapping: request.descontoAVistaPercentual().
[INFO] -- MapStruct: mapping property: request.jurosParcelamentoPercentual() to: setJurosParcelamentoPercentual(java.math.BigDecimal).
[INFO] -- MapStruct: selecting property mapping: request.jurosParcelamentoPercentual().
[INFO] -- MapStruct: mapping property: request.vencimentoPrimeiraParcelaDias() to: setVencimentoPrimeiraParcelaDias(java.lang.Integer).
[INFO] -- MapStruct: selecting property mapping: request.vencimentoPrimeiraParcelaDias().
[INFO] -- MapStruct: mapping property: request.padrao() to: setPadrao(java.lang.Boolean).
[INFO] -- MapStruct: selecting property mapping: request.padrao().
[INFO] -- MapStruct: mapping property: request.ativo() to: setAtivo(java.lang.Boolean).
[INFO] -- MapStruct: selecting property mapping: request.ativo().
[INFO] - MapStruct: creating bean mapping method implementation for com.neritech.saas.financeiro.dto.CondicaoPagamentoResponse toResponse(com.neritech.saas.financeiro.domain.CondicaoPagamento entity).
[INFO] -- MapStruct: mapping property: entity.getId() to: id.
[INFO] -- MapStruct: selecting property mapping: entity.getId().
[INFO] -- MapStruct: mapping property: entity.getEmpresaId() to: empresaId.
[INFO] -- MapStruct: selecting property mapping: entity.getEmpresaId().
[INFO] -- MapStruct: mapping property: entity.getNome() to: nome.
[INFO] -- MapStruct: selecting property mapping: entity.getNome().
[INFO] -- MapStruct: mapping property: entity.getDescricao() to: descricao.
[INFO] -- MapStruct: selecting property mapping: entity.getDescricao().
[INFO] -- MapStruct: mapping property: entity.getTipo() to: tipo.
[INFO] -- MapStruct: selecting property mapping: entity.getTipo().
[INFO] -- MapStruct: mapping property: entity.getNumeroParcelas() to: numeroParcelas.
[INFO] -- MapStruct: selecting property mapping: entity.getNumeroParcelas().
[INFO] -- MapStruct: mapping property: entity.getIntervaloDias() to: intervaloDias.
[INFO] -- MapStruct: selecting property mapping: entity.getIntervaloDias().
[INFO] -- MapStruct: mapping property: entity.getValorEntradaPercentual() to: valorEntradaPercentual.
[INFO] -- MapStruct: selecting property mapping: entity.getValorEntradaPercentual().
[INFO] -- MapStruct: mapping property: entity.getDescontoAVistaPercentual() to: descontoAVistaPercentual.
[INFO] -- MapStruct: selecting property mapping: entity.getDescontoAVistaPercentual().
[INFO] -- MapStruct: mapping property: entity.getJurosParcelamentoPercentual() to: jurosParcelamentoPercentual.
[INFO] -- MapStruct: selecting property mapping: entity.getJurosParcelamentoPercentual().
[INFO] -- MapStruct: mapping property: entity.getVencimentoPrimeiraParcelaDias() to: vencimentoPrimeiraParcelaDias.
[INFO] -- MapStruct: selecting property mapping: entity.getVencimentoPrimeiraParcelaDias().
[INFO] -- MapStruct: mapping property: entity.getFormasPagamentoAceitas() to: formasPagamentoAceitas.
[INFO] -- MapStruct: selecting property mapping: entity.getFormasPagamentoAceitas().
[INFO] -- MapStruct: mapping property: entity.getPadrao() to: padrao.
[INFO] -- MapStruct: selecting property mapping: entity.getPadrao().
[INFO] -- MapStruct: mapping property: entity.getAtivo() to: ativo.
[INFO] -- MapStruct: selecting property mapping: entity.getAtivo().
[INFO] -- MapStruct: mapping property: entity.getObservacoes() to: observacoes.
[INFO] -- MapStruct: selecting property mapping: entity.getObservacoes().
[INFO] - MapStruct: creating bean mapping method implementation for void updateEntityFromDTO(com.neritech.saas.financeiro.dto.CondicaoPagamentoRequest request, @MappingTarget com.neritech.saas.financeiro.domain.CondicaoPagamento entity).
[INFO] -- MapStruct: mapping property: request.nome() to: setNome(java.lang.String).
[INFO] -- MapStruct: selecting property mapping: request.nome().
[INFO] -- MapStruct: mapping property: request.descricao() to: setDescricao(java.lang.String).
[INFO] -- MapStruct: selecting property mapping: request.descricao().
[INFO] -- MapStruct: mapping property: request.tipo() to: setTipo(com.neritech.saas.financeiro.domain.enums.TipoCondicaoPagamento).
[INFO] -- MapStruct: selecting property mapping: request.tipo().
[INFO] -- MapStruct: mapping property: request.formasPagamentoAceitas() to: setFormasPagamentoAceitas(java.lang.String).
[INFO] -- MapStruct: selecting property mapping: request.formasPagamentoAceitas().
[INFO] -- MapStruct: mapping property: request.observacoes() to: setObservacoes(java.lang.String).
[INFO] -- MapStruct: selecting property mapping: request.observacoes().
[INFO] -- MapStruct: mapping property: request.numeroParcelas() to: setNumeroParcelas(java.lang.Integer).
[INFO] -- MapStruct: selecting property mapping: request.numeroParcelas().
[INFO] -- MapStruct: mapping property: request.intervaloDias() to: setIntervaloDias(java.lang.Integer).
[INFO] -- MapStruct: selecting property mapping: request.intervaloDias().
[INFO] -- MapStruct: mapping property: request.valorEntradaPercentual() to: setValorEntradaPercentual(java.math.BigDecimal).
[INFO] -- MapStruct: selecting property mapping: request.valorEntradaPercentual().
[INFO] -- MapStruct: mapping property: request.descontoAVistaPercentual() to: setDescontoAVistaPercentual(java.math.BigDecimal).
[INFO] -- MapStruct: selecting property mapping: request.descontoAVistaPercentual().
[INFO] -- MapStruct: mapping property: request.jurosParcelamentoPercentual() to: setJurosParcelamentoPercentual(java.math.BigDecimal).
[INFO] -- MapStruct: selecting property mapping: request.jurosParcelamentoPercentual().
[INFO] -- MapStruct: mapping property: request.vencimentoPrimeiraParcelaDias() to: setVencimentoPrimeiraParcelaDias(java.lang.Integer).
[INFO] -- MapStruct: selecting property mapping: request.vencimentoPrimeiraParcelaDias().
[INFO] -- MapStruct: mapping property: request.padrao() to: setPadrao(java.lang.Boolean).
[INFO] -- MapStruct: selecting property mapping: request.padrao().
[INFO] -- MapStruct: mapping property: request.ativo() to: setAtivo(java.lang.Boolean).
[INFO] -- MapStruct: selecting property mapping: request.ativo().
[INFO]  MapStruct: processing: com.neritech.saas.relatorios.mapper.BackupMapper.
[INFO] - MapStruct: creating bean mapping method implementation for com.neritech.saas.relatorios.domain.Backup toEntity(com.neritech.saas.relatorios.dto.BackupRequest request).
[INFO] -- MapStruct: mapping property: request.getTipoBackup() to: tipoBackup(com.neritech.saas.relatorios.domain.enums.TipoBackup).
[INFO] -- MapStruct: selecting property mapping: request.getTipoBackup().
[INFO] -- MapStruct: mapping property: request.getNomeArquivo() to: nomeArquivo(java.lang.String).
[INFO] -- MapStruct: selecting property mapping: request.getNomeArquivo().
[INFO] -- MapStruct: mapping property: request.getCaminhoArquivo() to: caminhoArquivo(java.lang.String).
[INFO] -- MapStruct: selecting property mapping: request.getCaminhoArquivo().
[INFO] -- MapStruct: mapping property: request.getTamanhoArquivoBytes() to: tamanhoArquivoBytes(java.lang.Long).
[INFO] -- MapStruct: selecting property mapping: request.getTamanhoArquivoBytes().
[INFO] -- MapStruct: mapping property: request.getHashArquivo() to: hashArquivo(java.lang.String).
[INFO] -- MapStruct: selecting property mapping: request.getHashArquivo().
[INFO] -- MapStruct: mapping property: request.getDataInicio() to: dataInicio(java.time.LocalDateTime).
[INFO] -- MapStruct: selecting property mapping: request.getDataInicio().
[INFO] -- MapStruct: mapping property: request.getDataFim() to: dataFim(java.time.LocalDateTime).
[INFO] -- MapStruct: selecting property mapping: request.getDataFim().
[INFO] -- MapStruct: mapping property: request.getDuracaoMinutos() to: duracaoMinutos(java.lang.Integer).
[INFO] -- MapStruct: selecting property mapping: request.getDuracaoMinutos().
[INFO] -- MapStruct: mapping property: request.getAutomatico() to: automatico(java.lang.Boolean).
[INFO] -- MapStruct: selecting property mapping: request.getAutomatico().
[INFO] -- MapStruct: mapping property: request.getTabelasIncluidas() to: tabelasIncluidas(java.lang.String).
[INFO] -- MapStruct: selecting property mapping: request.getTabelasIncluidas().
[INFO] -- MapStruct: mapping property: request.getTotalRegistros() to: totalRegistros(java.lang.Long).
[INFO] -- MapStruct: selecting property mapping: request.getTotalRegistros().
[INFO] -- MapStruct: mapping property: request.getCompressaoUtilizada() to: compressaoUtilizada(java.lang.String).
[INFO] -- MapStruct: selecting property mapping: request.getCompressaoUtilizada().
[INFO] -- MapStruct: mapping property: request.getSenhaProtegido() to: senhaProtegido(java.lang.Boolean).
[INFO] -- MapStruct: selecting property mapping: request.getSenhaProtegido().
[INFO] -- MapStruct: mapping property: request.getCriptografado() to: criptografado(java.lang.Boolean).
[INFO] -- MapStruct: selecting property mapping: request.getCriptografado().
[INFO] -- MapStruct: mapping property: request.getAlgoritmoCriptografia() to: algoritmoCriptografia(java.lang.String).
[INFO] -- MapStruct: selecting property mapping: request.getAlgoritmoCriptografia().
[INFO] -- MapStruct: mapping property: request.getLocalArmazenamento() to: localArmazenamento(com.neritech.saas.relatorios.domain.enums.LocalArmazenamento).
[INFO] -- MapStruct: selecting property mapping: request.getLocalArmazenamento().
[INFO] -- MapStruct: mapping property: request.getProvedorNuvem() to: provedorNuvem(java.lang.String).
[INFO] -- MapStruct: selecting property mapping: request.getProvedorNuvem().
[INFO] -- MapStruct: mapping property: request.getUrlDownload() to: urlDownload(java.lang.String).
[INFO] -- MapStruct: selecting property mapping: request.getUrlDownload().
[INFO] -- MapStruct: mapping property: request.getDataExpiracao() to: dataExpiracao(java.time.LocalDateTime).
[INFO] -- MapStruct: selecting property mapping: request.getDataExpiracao().
[INFO] -- MapStruct: mapping property: request.getObservacoes() to: observacoes(java.lang.String).
[INFO] -- MapStruct: selecting property mapping: request.getObservacoes().
[INFO] -- MapStruct: mapping property: request.getExecutadoPor() to: executadoPor(java.lang.Long).
[INFO] -- MapStruct: selecting property mapping: request.getExecutadoPor().
[INFO] - MapStruct: creating bean mapping method implementation for com.neritech.saas.relatorios.dto.BackupResponse toResponse(com.neritech.saas.relatorios.domain.Backup entity).
[INFO] -- MapStruct: mapping property: entity.getId() to: setId(java.lang.Long).
[INFO] -- MapStruct: selecting property mapping: entity.getId().
[INFO] -- MapStruct: mapping property: entity.getEmpresaId() to: setEmpresaId(java.lang.Long).
[INFO] -- MapStruct: selecting property mapping: entity.getEmpresaId().
[INFO] -- MapStruct: mapping property: entity.getTipoBackup() to: setTipoBackup(com.neritech.saas.relatorios.domain.enums.TipoBackup).
[INFO] -- MapStruct: selecting property mapping: entity.getTipoBackup().
[INFO] -- MapStruct: mapping property: entity.getNomeArquivo() to: setNomeArquivo(java.lang.String).
[INFO] -- MapStruct: selecting property mapping: entity.getNomeArquivo().
[INFO] -- MapStruct: mapping property: entity.getCaminhoArquivo() to: setCaminhoArquivo(java.lang.String).
[INFO] -- MapStruct: selecting property mapping: entity.getCaminhoArquivo().
[INFO] -- MapStruct: mapping property: entity.getTamanhoArquivoBytes() to: setTamanhoArquivoBytes(java.lang.Long).
[INFO] -- MapStruct: selecting property mapping: entity.getTamanhoArquivoBytes().
[INFO] -- MapStruct: mapping property: entity.getHashArquivo() to: setHashArquivo(java.lang.String).
[INFO] -- MapStruct: selecting property mapping: entity.getHashArquivo().
[INFO] -- MapStruct: mapping property: entity.getDataInicio() to: setDataInicio(java.time.LocalDateTime).
[INFO] -- MapStruct: selecting property mapping: entity.getDataInicio().
[INFO] -- MapStruct: mapping property: entity.getDataFim() to: setDataFim(java.time.LocalDateTime).
[INFO] -- MapStruct: selecting property mapping: entity.getDataFim().
[INFO] -- MapStruct: mapping property: entity.getDuracaoMinutos() to: setDuracaoMinutos(java.lang.Integer).
[INFO] -- MapStruct: selecting property mapping: entity.getDuracaoMinutos().
[INFO] -- MapStruct: mapping property: entity.getStatus() to: setStatus(com.neritech.saas.relatorios.domain.enums.StatusBackup).
[INFO] -- MapStruct: selecting property mapping: entity.getStatus().
[INFO] -- MapStruct: mapping property: entity.getAutomatico() to: setAutomatico(java.lang.Boolean).
[INFO] -- MapStruct: selecting property mapping: entity.getAutomatico().
[INFO] -- MapStruct: mapping property: entity.getTabelasIncluidas() to: setTabelasIncluidas(java.lang.String).
[INFO] -- MapStruct: selecting property mapping: entity.getTabelasIncluidas().
[INFO] -- MapStruct: mapping property: entity.getTotalRegistros() to: setTotalRegistros(java.lang.Long).
[INFO] -- MapStruct: selecting property mapping: entity.getTotalRegistros().
[INFO] -- MapStruct: mapping property: entity.getCompressaoUtilizada() to: setCompressaoUtilizada(java.lang.String).
[INFO] -- MapStruct: selecting property mapping: entity.getCompressaoUtilizada().
[INFO] -- MapStruct: mapping property: entity.getTaxaCompressao() to: setTaxaCompressao(java.math.BigDecimal).
[INFO] -- MapStruct: selecting property mapping: entity.getTaxaCompressao().
[INFO] -- MapStruct: mapping property: entity.getSenhaProtegido() to: setSenhaProtegido(java.lang.Boolean).
[INFO] -- MapStruct: selecting property mapping: entity.getSenhaProtegido().
[INFO] -- MapStruct: mapping property: entity.getCriptografado() to: setCriptografado(java.lang.Boolean).
[INFO] -- MapStruct: selecting property mapping: entity.getCriptografado().
[INFO] -- MapStruct: mapping property: entity.getAlgoritmoCriptografia() to: setAlgoritmoCriptografia(java.lang.String).
[INFO] -- MapStruct: selecting property mapping: entity.getAlgoritmoCriptografia().
[INFO] -- MapStruct: mapping property: entity.getLocalArmazenamento() to: setLocalArmazenamento(com.neritech.saas.relatorios.domain.enums.LocalArmazenamento).
[INFO] -- MapStruct: selecting property mapping: entity.getLocalArmazenamento().
[INFO] -- MapStruct: mapping property: entity.getProvedorNuvem() to: setProvedorNuvem(java.lang.String).
[INFO] -- MapStruct: selecting property mapping: entity.getProvedorNuvem().
[INFO] -- MapStruct: mapping property: entity.getUrlDownload() to: setUrlDownload(java.lang.String).
[INFO] -- MapStruct: selecting property mapping: entity.getUrlDownload().
[INFO] -- MapStruct: mapping property: entity.getDataExpiracao() to: setDataExpiracao(java.time.LocalDateTime).
[INFO] -- MapStruct: selecting property mapping: entity.getDataExpiracao().
[INFO] -- MapStruct: mapping property: entity.getTestadoRestauracao() to: setTestadoRestauracao(java.lang.Boolean).
[INFO] -- MapStruct: selecting property mapping: entity.getTestadoRestauracao().
[INFO] -- MapStruct: mapping property: entity.getDataTesteRestauracao() to: setDataTesteRestauracao(java.time.LocalDateTime).
[INFO] -- MapStruct: selecting property mapping: entity.getDataTesteRestauracao().
[INFO] -- MapStruct: mapping property: entity.getResultadoTeste() to: setResultadoTeste(java.lang.String).
[INFO] -- MapStruct: selecting property mapping: entity.getResultadoTeste().
[INFO] -- MapStruct: mapping property: entity.getErroBackup() to: setErroBackup(java.lang.String).
[INFO] -- MapStruct: selecting property mapping: entity.getErroBackup().
[INFO] -- MapStruct: mapping property: entity.getObservacoes() to: setObservacoes(java.lang.String).
[INFO] -- MapStruct: selecting property mapping: entity.getObservacoes().
[INFO] -- MapStruct: mapping property: entity.getExecutadoPor() to: setExecutadoPor(java.lang.Long).
[INFO] -- MapStruct: selecting property mapping: entity.getExecutadoPor().
[INFO] -- MapStruct: mapping property: entity.getDataCadastro() to: setDataCadastro(java.time.LocalDateTime).
[INFO] -- MapStruct: selecting property mapping: entity.getDataCadastro().
[INFO] - MapStruct: creating bean mapping method implementation for void updateEntity(@MappingTarget com.neritech.saas.relatorios.domain.Backup entity, com.neritech.saas.relatorios.dto.BackupRequest request).
[INFO] -- MapStruct: mapping property: request.getTipoBackup() to: setTipoBackup(com.neritech.saas.relatorios.domain.enums.TipoBackup).
[INFO] -- MapStruct: selecting property mapping: request.getTipoBackup().
[INFO] -- MapStruct: mapping property: request.getNomeArquivo() to: setNomeArquivo(java.lang.String).
[INFO] -- MapStruct: selecting property mapping: request.getNomeArquivo().
[INFO] -- MapStruct: mapping property: request.getCaminhoArquivo() to: setCaminhoArquivo(java.lang.String).
[INFO] -- MapStruct: selecting property mapping: request.getCaminhoArquivo().
[INFO] -- MapStruct: mapping property: request.getTamanhoArquivoBytes() to: setTamanhoArquivoBytes(java.lang.Long).
[INFO] -- MapStruct: selecting property mapping: request.getTamanhoArquivoBytes().
[INFO] -- MapStruct: mapping property: request.getHashArquivo() to: setHashArquivo(java.lang.String).
[INFO] -- MapStruct: selecting property mapping: request.getHashArquivo().
[INFO] -- MapStruct: mapping property: request.getDataInicio() to: setDataInicio(java.time.LocalDateTime).
[INFO] -- MapStruct: selecting property mapping: request.getDataInicio().
[INFO] -- MapStruct: mapping property: request.getDataFim() to: setDataFim(java.time.LocalDateTime).
[INFO] -- MapStruct: selecting property mapping: request.getDataFim().
[INFO] -- MapStruct: mapping property: request.getDuracaoMinutos() to: setDuracaoMinutos(java.lang.Integer).
[INFO] -- MapStruct: selecting property mapping: request.getDuracaoMinutos().
[INFO] -- MapStruct: mapping property: request.getTabelasIncluidas() to: setTabelasIncluidas(java.lang.String).
[INFO] -- MapStruct: selecting property mapping: request.getTabelasIncluidas().
[INFO] -- MapStruct: mapping property: request.getTotalRegistros() to: setTotalRegistros(java.lang.Long).
[INFO] -- MapStruct: selecting property mapping: request.getTotalRegistros().
[INFO] -- MapStruct: mapping property: request.getCompressaoUtilizada() to: setCompressaoUtilizada(java.lang.String).
[INFO] -- MapStruct: selecting property mapping: request.getCompressaoUtilizada().
[INFO] -- MapStruct: mapping property: request.getAlgoritmoCriptografia() to: setAlgoritmoCriptografia(java.lang.String).
[INFO] -- MapStruct: selecting property mapping: request.getAlgoritmoCriptografia().
[INFO] -- MapStruct: mapping property: request.getLocalArmazenamento() to: setLocalArmazenamento(com.neritech.saas.relatorios.domain.enums.LocalArmazenamento).
[INFO] -- MapStruct: selecting property mapping: request.getLocalArmazenamento().
[INFO] -- MapStruct: mapping property: request.getProvedorNuvem() to: setProvedorNuvem(java.lang.String).
[INFO] -- MapStruct: selecting property mapping: request.getProvedorNuvem().
[INFO] -- MapStruct: mapping property: request.getUrlDownload() to: setUrlDownload(java.lang.String).
[INFO] -- MapStruct: selecting property mapping: request.getUrlDownload().
[INFO] -- MapStruct: mapping property: request.getDataExpiracao() to: setDataExpiracao(java.time.LocalDateTime).
[INFO] -- MapStruct: selecting property mapping: request.getDataExpiracao().
[INFO] -- MapStruct: mapping property: request.getObservacoes() to: setObservacoes(java.lang.String).
[INFO] -- MapStruct: selecting property mapping: request.getObservacoes().
[INFO] -- MapStruct: mapping property: request.getExecutadoPor() to: setExecutadoPor(java.lang.Long).
[INFO] -- MapStruct: selecting property mapping: request.getExecutadoPor().
[INFO] -- MapStruct: mapping property: request.getAutomatico() to: setAutomatico(java.lang.Boolean).
[INFO] -- MapStruct: selecting property mapping: request.getAutomatico().
[INFO] -- MapStruct: mapping property: request.getSenhaProtegido() to: setSenhaProtegido(java.lang.Boolean).
[INFO] -- MapStruct: selecting property mapping: request.getSenhaProtegido().
[INFO] -- MapStruct: mapping property: request.getCriptografado() to: setCriptografado(java.lang.Boolean).
[INFO] -- MapStruct: selecting property mapping: request.getCriptografado().
[WARNING] /C:/Users/alexa/OneDrive/Documentos/NeriTech/backend/src/main/java/com/neritech/saas/relatorios/mapper/BackupMapper.java:[27,10] Unmapped target properties: "dataAtualizacao, criadoPor, atualizadoPor, versao, status, taxaCompressao, dataTesteRestauracao, resultadoTeste, erroBackup, testadoRestauracao".
[INFO]  MapStruct: processing: com.neritech.saas.agendamento.mapper.ReagendamentoMapper.
[INFO] - MapStruct: creating bean mapping method implementation for com.neritech.saas.agendamento.domain.Reagendamento toEntity(com.neritech.saas.agendamento.dto.ReagendamentoRequest request).
[INFO] -- MapStruct: mapping property: request to: setAgendamentoOriginal(com.neritech.saas.agendamento.domain.Agendamento).
[INFO] -- MapStruct: mapping property: reagendamentoRequest.agendamentoOriginalId() to: setId(java.lang.Long).
[INFO] -- MapStruct: selecting property mapping: reagendamentoRequest.agendamentoOriginalId().
[INFO] -- MapStruct: creating property mapping: com.neritech.saas.agendamento.domain.Agendamento #reagendamentoRequestToAgendamento(request).
[INFO] -- MapStruct: selecting property mapping: com.neritech.saas.agendamento.domain.Agendamento #reagendamentoRequestToAgendamento(request).
[INFO] -- MapStruct: mapping property: request to: setAgendamentoNovo(com.neritech.saas.agendamento.domain.Agendamento).
[INFO] -- MapStruct: mapping property: reagendamentoRequest.agendamentoNovoId() to: setId(java.lang.Long).
[INFO] -- MapStruct: selecting property mapping: reagendamentoRequest.agendamentoNovoId().
[INFO] -- MapStruct: creating property mapping: com.neritech.saas.agendamento.domain.Agendamento #reagendamentoRequestToAgendamento1(request).
[INFO] -- MapStruct: selecting property mapping: com.neritech.saas.agendamento.domain.Agendamento #reagendamentoRequestToAgendamento1(request).
[INFO] -- MapStruct: mapping property: request.dataOriginal() to: setDataOriginal(java.time.LocalDate).
[INFO] -- MapStruct: selecting property mapping: request.dataOriginal().
[INFO] -- MapStruct: mapping property: request.horaOriginal() to: setHoraOriginal(java.time.LocalTime).
[INFO] -- MapStruct: selecting property mapping: request.horaOriginal().
[INFO] -- MapStruct: mapping property: request.dataNovo() to: setDataNovo(java.time.LocalDate).
[INFO] -- MapStruct: selecting property mapping: request.dataNovo().
[INFO] -- MapStruct: mapping property: request.horaNovo() to: setHoraNovo(java.time.LocalTime).
[INFO] -- MapStruct: selecting property mapping: request.horaNovo().
[INFO] -- MapStruct: mapping property: request.motivoReagendamento() to: setMotivoReagendamento(com.neritech.saas.agendamento.domain.enums.MotivoReagendamento).
[INFO] -- MapStruct: selecting property mapping: request.motivoReagendamento().
[INFO] -- MapStruct: mapping property: request.descricaoMotivo() to: setDescricaoMotivo(java.lang.String).
[INFO] -- MapStruct: selecting property mapping: request.descricaoMotivo().
[INFO] -- MapStruct: mapping property: request.solicitadoPor() to: setSolicitadoPor(com.neritech.saas.agendamento.domain.enums.SolicitadoPor).
[INFO] -- MapStruct: selecting property mapping: request.solicitadoPor().
[INFO] -- MapStruct: mapping property: request.observacoes() to: setObservacoes(java.lang.String).
[INFO] -- MapStruct: selecting property mapping: request.observacoes().
[INFO] -- MapStruct: mapping property: request.usuarioResponsavel() to: setUsuarioResponsavel(java.lang.Long).
[INFO] -- MapStruct: selecting property mapping: request.usuarioResponsavel().
[INFO] -- MapStruct: mapping property: request.taxaReagendamento() to: setTaxaReagendamento(java.math.BigDecimal).
[INFO] -- MapStruct: selecting property mapping: request.taxaReagendamento().
[INFO] -- MapStruct: mapping property: request.aprovadoCliente() to: setAprovadoCliente(java.lang.Boolean).
[INFO] -- MapStruct: selecting property mapping: request.aprovadoCliente().
[WARNING] /C:/Users/alexa/OneDrive/Documentos/NeriTech/backend/src/main/java/com/neritech/saas/agendamento/mapper/ReagendamentoMapper.java:[16,19] Unmapped target properties: "criadoPor, atualizadoPor, versao, dataAprovacao, dataReagendamento".
[INFO] - MapStruct: creating bean mapping method implementation for com.neritech.saas.agendamento.dto.ReagendamentoResponse toResponse(com.neritech.saas.agendamento.domain.Reagendamento entity).
[INFO] -- MapStruct: mapping property: entityAgendamentoOriginalId( entity ) to: agendamentoOriginalId.
[INFO] -- MapStruct: selecting property mapping: entityAgendamentoOriginalId( entity ).
[INFO] -- MapStruct: mapping property: entityAgendamentoOriginalNumeroAgendamento( entity ) to: numeroAgendamentoOriginal.
[INFO] -- MapStruct: selecting property mapping: entityAgendamentoOriginalNumeroAgendamento( entity ).
[INFO] -- MapStruct: mapping property: entityAgendamentoNovoId( entity ) to: agendamentoNovoId.
[INFO] -- MapStruct: selecting property mapping: entityAgendamentoNovoId( entity ).
[INFO] -- MapStruct: mapping property: entityAgendamentoNovoNumeroAgendamento( entity ) to: numeroAgendamentoNovo.
[INFO] -- MapStruct: selecting property mapping: entityAgendamentoNovoNumeroAgendamento( entity ).
[INFO] -- MapStruct: mapping property: entity.getId() to: id.
[INFO] -- MapStruct: selecting property mapping: entity.getId().
[INFO] -- MapStruct: mapping property: entity.getDataOriginal() to: dataOriginal.
[INFO] -- MapStruct: selecting property mapping: entity.getDataOriginal().
[INFO] -- MapStruct: mapping property: entity.getHoraOriginal() to: horaOriginal.
[INFO] -- MapStruct: selecting property mapping: entity.getHoraOriginal().
[INFO] -- MapStruct: mapping property: entity.getDataNovo() to: dataNovo.
[INFO] -- MapStruct: selecting property mapping: entity.getDataNovo().
[INFO] -- MapStruct: mapping property: entity.getHoraNovo() to: horaNovo.
[INFO] -- MapStruct: selecting property mapping: entity.getHoraNovo().
[INFO] -- MapStruct: mapping property: entity.getMotivoReagendamento() to: motivoReagendamento.
[INFO] -- MapStruct: selecting property mapping: entity.getMotivoReagendamento().
[INFO] -- MapStruct: mapping property: entity.getDescricaoMotivo() to: descricaoMotivo.
[INFO] -- MapStruct: selecting property mapping: entity.getDescricaoMotivo().
[INFO] -- MapStruct: mapping property: entity.getSolicitadoPor() to: solicitadoPor.
[INFO] -- MapStruct: selecting property mapping: entity.getSolicitadoPor().
[INFO] -- MapStruct: mapping property: entity.getTaxaReagendamento() to: taxaReagendamento.
[INFO] -- MapStruct: selecting property mapping: entity.getTaxaReagendamento().
[INFO] -- MapStruct: mapping property: entity.getAprovadoCliente() to: aprovadoCliente.
[INFO] -- MapStruct: selecting property mapping: entity.getAprovadoCliente().
[INFO] -- MapStruct: mapping property: entity.getDataAprovacao() to: dataAprovacao.
[INFO] -- MapStruct: selecting property mapping: entity.getDataAprovacao().
[INFO] -- MapStruct: mapping property: entity.getObservacoes() to: observacoes.
[INFO] -- MapStruct: selecting property mapping: entity.getObservacoes().
[INFO] -- MapStruct: mapping property: entity.getUsuarioResponsavel() to: usuarioResponsavel.
[INFO] -- MapStruct: selecting property mapping: entity.getUsuarioResponsavel().
[INFO] -- MapStruct: mapping property: entity.getDataReagendamento() to: dataReagendamento.
[INFO] -- MapStruct: selecting property mapping: entity.getDataReagendamento().
[INFO]  MapStruct: processing: com.neritech.saas.relatorios.mapper.RelatorioSalvoMapper.
[INFO] - MapStruct: creating bean mapping method implementation for com.neritech.saas.relatorios.domain.RelatorioSalvo toEntity(com.neritech.saas.relatorios.dto.RelatorioSalvoRequest request).
[INFO] MapStruct: referred types not available (yet), deferring mapper: com.neritech.saas.relatorios.mapper.RelatorioSalvoMapper
[INFO]  MapStruct: processing: com.neritech.saas.empresa.mapper.ConfiguracaoFiscalMapper.
[INFO] - MapStruct: creating bean mapping method implementation for com.neritech.saas.empresa.domain.ConfiguracaoFiscal toEntity(com.neritech.saas.empresa.dto.ConfiguracaoFiscalRequest request).
[INFO] -- MapStruct: mapping property: request.regimeTributario() to: setRegimeTributario(com.neritech.saas.empresa.domain.enums.RegimeTributario).
[INFO] -- MapStruct: selecting property mapping: request.regimeTributario().
[INFO] -- MapStruct: mapping property: request.anexoSimples() to: setAnexoSimples(com.neritech.saas.empresa.domain.enums.AnexoSimples).
[INFO] -- MapStruct: selecting property mapping: request.anexoSimples().
[INFO] -- MapStruct: mapping property: request.aliquotaIss() to: setAliquotaIss(java.math.BigDecimal).
[INFO] -- MapStruct: selecting property mapping: request.aliquotaIss().
[INFO] -- MapStruct: mapping property: request.aliquotaIcms() to: setAliquotaIcms(java.math.BigDecimal).
[INFO] -- MapStruct: selecting property mapping: request.aliquotaIcms().
[INFO] -- MapStruct: mapping property: request.aliquotaPis() to: setAliquotaPis(java.math.BigDecimal).
[INFO] -- MapStruct: selecting property mapping: request.aliquotaPis().
[INFO] -- MapStruct: mapping property: request.aliquotaCofins() to: setAliquotaCofins(java.math.BigDecimal).
[INFO] -- MapStruct: selecting property mapping: request.aliquotaCofins().
[INFO] -- MapStruct: mapping property: request.aliquotaCsll() to: setAliquotaCsll(java.math.BigDecimal).
[INFO] -- MapStruct: selecting property mapping: request.aliquotaCsll().
[INFO] -- MapStruct: mapping property: request.aliquotaIrpj() to: setAliquotaIrpj(java.math.BigDecimal).
[INFO] -- MapStruct: selecting property mapping: request.aliquotaIrpj().
[INFO] -- MapStruct: mapping property: request.codigoMunicipioPrestacao() to: setCodigoMunicipioPrestacao(java.lang.String).
[INFO] -- MapStruct: selecting property mapping: request.codigoMunicipioPrestacao().
[INFO] -- MapStruct: mapping property: request.cfopVendaDentroEstado() to: setCfopVendaDentroEstado(java.lang.String).
[INFO] -- MapStruct: selecting property mapping: request.cfopVendaDentroEstado().
[INFO] -- MapStruct: mapping property: request.cfopVendaForaEstado() to: setCfopVendaForaEstado(java.lang.String).
[INFO] -- MapStruct: selecting property mapping: request.cfopVendaForaEstado().
[INFO] -- MapStruct: mapping property: request.cfopServico() to: setCfopServico(java.lang.String).
[INFO] -- MapStruct: selecting property mapping: request.cfopServico().
[INFO] -- MapStruct: mapping property: request.serieNfe() to: setSerieNfe(java.lang.Integer).
[INFO] -- MapStruct: selecting property mapping: request.serieNfe().
[INFO] -- MapStruct: mapping property: request.numeracaoNfe() to: setNumeracaoNfe(java.lang.Long).
[INFO] -- MapStruct: selecting property mapping: request.numeracaoNfe().
[INFO] -- MapStruct: mapping property: request.ambienteNfe() to: setAmbienteNfe(com.neritech.saas.empresa.domain.enums.AmbienteNFe).
[INFO] -- MapStruct: selecting property mapping: request.ambienteNfe().
[INFO] -- MapStruct: mapping property: request.certificadoDigitalA1() to: setCertificadoDigitalA1(java.lang.String).
[INFO] -- MapStruct: selecting property mapping: request.certificadoDigitalA1().
[INFO] -- MapStruct: mapping property: request.senhaCertificado() to: setSenhaCertificado(java.lang.String).
[INFO] -- MapStruct: selecting property mapping: request.senhaCertificado().
[INFO] -- MapStruct: mapping property: request.validadeCertificado() to: setValidadeCertificado(java.time.LocalDate).
[INFO] -- MapStruct: selecting property mapping: request.validadeCertificado().
[INFO] - MapStruct: creating bean mapping method implementation for com.neritech.saas.empresa.dto.ConfiguracaoFiscalResponse toResponse(com.neritech.saas.empresa.domain.ConfiguracaoFiscal entity).
[INFO] -- MapStruct: mapping property: entityEmpresaId( entity ) to: empresaId.
[INFO] -- MapStruct: selecting property mapping: entityEmpresaId( entity ).
[INFO] -- MapStruct: mapping property: entityEmpresaNomeFantasia( entity ) to: empresaNome.
[INFO] -- MapStruct: selecting property mapping: entityEmpresaNomeFantasia( entity ).
[INFO] -- MapStruct: mapping property: entity.getId() to: id.
[INFO] -- MapStruct: selecting property mapping: entity.getId().
[INFO] -- MapStruct: mapping property: entity.getRegimeTributario() to: regimeTributario.
[INFO] -- MapStruct: selecting property mapping: entity.getRegimeTributario().
[INFO] -- MapStruct: mapping property: entity.getAnexoSimples() to: anexoSimples.
[INFO] -- MapStruct: selecting property mapping: entity.getAnexoSimples().
[INFO] -- MapStruct: mapping property: entity.getAliquotaIss() to: aliquotaIss.
[INFO] -- MapStruct: selecting property mapping: entity.getAliquotaIss().
[INFO] -- MapStruct: mapping property: entity.getAliquotaIcms() to: aliquotaIcms.
[INFO] -- MapStruct: selecting property mapping: entity.getAliquotaIcms().
[INFO] -- MapStruct: mapping property: entity.getAliquotaPis() to: aliquotaPis.
[INFO] -- MapStruct: selecting property mapping: entity.getAliquotaPis().
[INFO] -- MapStruct: mapping property: entity.getAliquotaCofins() to: aliquotaCofins.
[INFO] -- MapStruct: selecting property mapping: entity.getAliquotaCofins().
[INFO] -- MapStruct: mapping property: entity.getAliquotaCsll() to: aliquotaCsll.
[INFO] -- MapStruct: selecting property mapping: entity.getAliquotaCsll().
[INFO] -- MapStruct: mapping property: entity.getAliquotaIrpj() to: aliquotaIrpj.
[INFO] -- MapStruct: selecting property mapping: entity.getAliquotaIrpj().
[INFO] -- MapStruct: mapping property: entity.getCodigoMunicipioPrestacao() to: codigoMunicipioPrestacao.
[INFO] -- MapStruct: selecting property mapping: entity.getCodigoMunicipioPrestacao().
[INFO] -- MapStruct: mapping property: entity.getCfopVendaDentroEstado() to: cfopVendaDentroEstado.
[INFO] -- MapStruct: selecting property mapping: entity.getCfopVendaDentroEstado().
[INFO] -- MapStruct: mapping property: entity.getCfopVendaForaEstado() to: cfopVendaForaEstado.
[INFO] -- MapStruct: selecting property mapping: entity.getCfopVendaForaEstado().
[INFO] -- MapStruct: mapping property: entity.getCfopServico() to: cfopServico.
[INFO] -- MapStruct: selecting property mapping: entity.getCfopServico().
[INFO] -- MapStruct: mapping property: entity.getSerieNfe() to: serieNfe.
[INFO] -- MapStruct: selecting property mapping: entity.getSerieNfe().
[INFO] -- MapStruct: mapping property: entity.getNumeracaoNfe() to: numeracaoNfe.
[INFO] -- MapStruct: selecting property mapping: entity.getNumeracaoNfe().
[INFO] -- MapStruct: mapping property: entity.getAmbienteNfe() to: ambienteNfe.
[INFO] -- MapStruct: selecting property mapping: entity.getAmbienteNfe().
[INFO] -- MapStruct: mapping property: entity.getValidadeCertificado() to: validadeCertificado.
[INFO] -- MapStruct: selecting property mapping: entity.getValidadeCertificado().
[INFO] -- MapStruct: mapping property: entity.getDataCadastro() to: dataCadastro.
[INFO] -- MapStruct: selecting property mapping: entity.getDataCadastro().
[INFO] -- MapStruct: mapping property: entity.getDataAtualizacao() to: dataAtualizacao.
[INFO] -- MapStruct: selecting property mapping: entity.getDataAtualizacao().
[INFO] - MapStruct: creating bean mapping method implementation for void updateEntityFromRequest(com.neritech.saas.empresa.dto.ConfiguracaoFiscalRequest request, @MappingTarget com.neritech.saas.empresa.domain.ConfiguracaoFiscal entity).
[INFO] -- MapStruct: mapping property: request.regimeTributario() to: setRegimeTributario(com.neritech.saas.empresa.domain.enums.RegimeTributario).
[INFO] -- MapStruct: selecting property mapping: request.regimeTributario().
[INFO] -- MapStruct: mapping property: request.anexoSimples() to: setAnexoSimples(com.neritech.saas.empresa.domain.enums.AnexoSimples).
[INFO] -- MapStruct: selecting property mapping: request.anexoSimples().
[INFO] -- MapStruct: mapping property: request.aliquotaIss() to: setAliquotaIss(java.math.BigDecimal).
[INFO] -- MapStruct: selecting property mapping: request.aliquotaIss().
[INFO] -- MapStruct: mapping property: request.aliquotaIcms() to: setAliquotaIcms(java.math.BigDecimal).
[INFO] -- MapStruct: selecting property mapping: request.aliquotaIcms().
[INFO] -- MapStruct: mapping property: request.aliquotaPis() to: setAliquotaPis(java.math.BigDecimal).
[INFO] -- MapStruct: selecting property mapping: request.aliquotaPis().
[INFO] -- MapStruct: mapping property: request.aliquotaCofins() to: setAliquotaCofins(java.math.BigDecimal).
[INFO] -- MapStruct: selecting property mapping: request.aliquotaCofins().
[INFO] -- MapStruct: mapping property: request.aliquotaCsll() to: setAliquotaCsll(java.math.BigDecimal).
[INFO] -- MapStruct: selecting property mapping: request.aliquotaCsll().
[INFO] -- MapStruct: mapping property: request.aliquotaIrpj() to: setAliquotaIrpj(java.math.BigDecimal).
[INFO] -- MapStruct: selecting property mapping: request.aliquotaIrpj().
[INFO] -- MapStruct: mapping property: request.codigoMunicipioPrestacao() to: setCodigoMunicipioPrestacao(java.lang.String).
[INFO] -- MapStruct: selecting property mapping: request.codigoMunicipioPrestacao().
[INFO] -- MapStruct: mapping property: request.cfopVendaDentroEstado() to: setCfopVendaDentroEstado(java.lang.String).
[INFO] -- MapStruct: selecting property mapping: request.cfopVendaDentroEstado().
[INFO] -- MapStruct: mapping property: request.cfopVendaForaEstado() to: setCfopVendaForaEstado(java.lang.String).
[INFO] -- MapStruct: selecting property mapping: request.cfopVendaForaEstado().
[INFO] -- MapStruct: mapping property: request.cfopServico() to: setCfopServico(java.lang.String).
[INFO] -- MapStruct: selecting property mapping: request.cfopServico().
[INFO] -- MapStruct: mapping property: request.serieNfe() to: setSerieNfe(java.lang.Integer).
[INFO] -- MapStruct: selecting property mapping: request.serieNfe().
[INFO] -- MapStruct: mapping property: request.numeracaoNfe() to: setNumeracaoNfe(java.lang.Long).
[INFO] -- MapStruct: selecting property mapping: request.numeracaoNfe().
[INFO] -- MapStruct: mapping property: request.ambienteNfe() to: setAmbienteNfe(com.neritech.saas.empresa.domain.enums.AmbienteNFe).
[INFO] -- MapStruct: selecting property mapping: request.ambienteNfe().
[INFO] -- MapStruct: mapping property: request.certificadoDigitalA1() to: setCertificadoDigitalA1(java.lang.String).
[INFO] -- MapStruct: selecting property mapping: request.certificadoDigitalA1().
[INFO] -- MapStruct: mapping property: request.senhaCertificado() to: setSenhaCertificado(java.lang.String).
[INFO] -- MapStruct: selecting property mapping: request.senhaCertificado().
[INFO] -- MapStruct: mapping property: request.validadeCertificado() to: setValidadeCertificado(java.time.LocalDate).
[INFO] -- MapStruct: selecting property mapping: request.validadeCertificado().
[INFO]  MapStruct: processing: com.neritech.saas.produtoServico.mapper.CategoriaProdutoMapper.
[INFO] - MapStruct: creating bean mapping method implementation for com.neritech.saas.produtoServico.domain.CategoriaProduto toEntity(com.neritech.saas.produtoServico.dto.CategoriaProdutoRequest request).
[INFO] -- MapStruct: mapping property: request.nome() to: setNome(java.lang.String).
[INFO] -- MapStruct: selecting property mapping: request.nome().
[INFO] -- MapStruct: mapping property: request.ativo() to: setAtivo(java.lang.Boolean).
[INFO] -- MapStruct: selecting property mapping: request.ativo().
[INFO] - MapStruct: creating bean mapping method implementation for com.neritech.saas.produtoServico.dto.CategoriaProdutoResponse toResponse(com.neritech.saas.produtoServico.domain.CategoriaProduto entity).
[INFO] -- MapStruct: mapping property: entity.getEmpresaId() to: empresaId.
[INFO] -- MapStruct: selecting property mapping: entity.getEmpresaId().
[INFO] -- MapStruct: mapping property: entity.getId() to: id.
[INFO] -- MapStruct: selecting property mapping: entity.getId().
[INFO] -- MapStruct: mapping property: entity.getNome() to: nome.
[INFO] -- MapStruct: selecting property mapping: entity.getNome().
[INFO] -- MapStruct: mapping property: entity.getAtivo() to: ativo.
[INFO] -- MapStruct: selecting property mapping: entity.getAtivo().
[INFO] - MapStruct: creating bean mapping method implementation for void updateEntityFromRequest(com.neritech.saas.produtoServico.dto.CategoriaProdutoRequest request, @MappingTarget com.neritech.saas.produtoServico.domain.CategoriaProduto entity).
[INFO] -- MapStruct: mapping property: request.nome() to: setNome(java.lang.String).
[INFO] -- MapStruct: selecting property mapping: request.nome().
[INFO] -- MapStruct: mapping property: request.ativo() to: setAtivo(java.lang.Boolean).
[INFO] -- MapStruct: selecting property mapping: request.ativo().
[INFO]  MapStruct: processing: com.neritech.saas.comunicacao.mapper.ConfiguracaoEmailMapper.
[INFO] - MapStruct: creating bean mapping method implementation for com.neritech.saas.comunicacao.domain.ConfiguracaoEmail toEntity(com.neritech.saas.comunicacao.dto.ConfiguracaoEmailRequest request).
[INFO] -- MapStruct: mapping property: request.empresaId() to: setEmpresaId(java.lang.Long).
[INFO] -- MapStruct: selecting property mapping: request.empresaId().
[INFO] -- MapStruct: mapping property: request.provedorServico() to: setProvedorServico(com.neritech.saas.comunicacao.domain.enums.ProvedorEmail).
[INFO] -- MapStruct: selecting property mapping: request.provedorServico().
[INFO] -- MapStruct: mapping property: request.servidorSmtp() to: setServidorSmtp(java.lang.String).
[INFO] -- MapStruct: selecting property mapping: request.servidorSmtp().
[INFO] -- MapStruct: mapping property: request.portaSmtp() to: setPortaSmtp(java.lang.Integer).
[INFO] -- MapStruct: selecting property mapping: request.portaSmtp().
[INFO] -- MapStruct: mapping property: request.usuarioSmtp() to: setUsuarioSmtp(java.lang.String).
[INFO] -- MapStruct: selecting property mapping: request.usuarioSmtp().
[INFO] -- MapStruct: mapping property: request.senhaSmtp() to: setSenhaSmtp(java.lang.String).
[INFO] -- MapStruct: selecting property mapping: request.senhaSmtp().
[INFO] -- MapStruct: mapping property: request.criptografia() to: setCriptografia(com.neritech.saas.comunicacao.domain.enums.Criptografia).
[INFO] -- MapStruct: selecting property mapping: request.criptografia().
[INFO] -- MapStruct: mapping property: request.remetenteNome() to: setRemetenteNome(java.lang.String).
[INFO] -- MapStruct: selecting property mapping: request.remetenteNome().
[INFO] -- MapStruct: mapping property: request.remetenteEmail() to: setRemetenteEmail(java.lang.String).
[INFO] -- MapStruct: selecting property mapping: request.remetenteEmail().
[INFO] -- MapStruct: mapping property: request.emailResposta() to: setEmailResposta(java.lang.String).
[INFO] -- MapStruct: selecting property mapping: request.emailResposta().
[INFO] -- MapStruct: mapping property: request.emailCopiaOculta() to: setEmailCopiaOculta(java.lang.String).
[INFO] -- MapStruct: selecting property mapping: request.emailCopiaOculta().
[INFO] -- MapStruct: mapping property: request.apiKey() to: setApiKey(java.lang.String).
[INFO] -- MapStruct: selecting property mapping: request.apiKey().
[INFO] -- MapStruct: mapping property: request.apiSecret() to: setApiSecret(java.lang.String).
[INFO] -- MapStruct: selecting property mapping: request.apiSecret().
[INFO] -- MapStruct: mapping property: request.dominioAutorizado() to: setDominioAutorizado(java.lang.String).
[INFO] -- MapStruct: selecting property mapping: request.dominioAutorizado().
[INFO] -- MapStruct: mapping property: request.limiteEnviosDia() to: setLimiteEnviosDia(java.lang.Integer).
[INFO] -- MapStruct: selecting property mapping: request.limiteEnviosDia().
[INFO] -- MapStruct: mapping property: request.webhookEntrega() to: setWebhookEntrega(java.lang.String).
[INFO] -- MapStruct: selecting property mapping: request.webhookEntrega().
[INFO] -- MapStruct: mapping property: request.webhookAbertura() to: setWebhookAbertura(java.lang.String).
[INFO] -- MapStruct: selecting property mapping: request.webhookAbertura().
[INFO] -- MapStruct: mapping property: request.webhookClique() to: setWebhookClique(java.lang.String).
[INFO] -- MapStruct: selecting property mapping: request.webhookClique().
[INFO] -- MapStruct: mapping property: request.assinaturaPadrao() to: setAssinaturaPadrao(java.lang.String).
[INFO] -- MapStruct: selecting property mapping: request.assinaturaPadrao().
[INFO] -- MapStruct: mapping property: request.templateCabecalho() to: setTemplateCabecalho(java.lang.String).
[INFO] -- MapStruct: selecting property mapping: request.templateCabecalho().
[INFO] -- MapStruct: mapping property: request.templateRodape() to: setTemplateRodape(java.lang.String).
[INFO] -- MapStruct: selecting property mapping: request.templateRodape().
[INFO] -- MapStruct: mapping property: request.ativo() to: setAtivo(java.lang.Boolean).
[INFO] -- MapStruct: selecting property mapping: request.ativo().
[INFO] -- MapStruct: mapping property: request.observacoes() to: setObservacoes(java.lang.String).
[INFO] -- MapStruct: selecting property mapping: request.observacoes().
[WARNING] /C:/Users/alexa/OneDrive/Documentos/NeriTech/backend/src/main/java/com/neritech/saas/comunicacao/mapper/ConfiguracaoEmailMapper.java:[22,23] Unmapped target properties: "criadoPor, atualizadoPor".
[INFO] - MapStruct: creating bean mapping method implementation for com.neritech.saas.comunicacao.dto.ConfiguracaoEmailResponse toResponse(com.neritech.saas.comunicacao.domain.ConfiguracaoEmail entity).
[INFO] -- MapStruct: mapping property: entity.getId() to: id.
[INFO] -- MapStruct: selecting property mapping: entity.getId().
[INFO] -- MapStruct: mapping property: entity.getEmpresaId() to: empresaId.
[INFO] -- MapStruct: selecting property mapping: entity.getEmpresaId().
[INFO] -- MapStruct: mapping property: entity.getProvedorServico() to: provedorServico.
[INFO] -- MapStruct: selecting property mapping: entity.getProvedorServico().
[INFO] -- MapStruct: mapping property: entity.getServidorSmtp() to: servidorSmtp.
[INFO] -- MapStruct: selecting property mapping: entity.getServidorSmtp().
[INFO] -- MapStruct: mapping property: entity.getPortaSmtp() to: portaSmtp.
[INFO] -- MapStruct: selecting property mapping: entity.getPortaSmtp().
[INFO] -- MapStruct: mapping property: entity.getUsuarioSmtp() to: usuarioSmtp.
[INFO] -- MapStruct: selecting property mapping: entity.getUsuarioSmtp().
[INFO] -- MapStruct: mapping property: entity.getCriptografia() to: criptografia.
[INFO] -- MapStruct: selecting property mapping: entity.getCriptografia().
[INFO] -- MapStruct: mapping property: entity.getRemetenteNome() to: remetenteNome.
[INFO] -- MapStruct: selecting property mapping: entity.getRemetenteNome().
[INFO] -- MapStruct: mapping property: entity.getRemetenteEmail() to: remetenteEmail.
[INFO] -- MapStruct: selecting property mapping: entity.getRemetenteEmail().
[INFO] -- MapStruct: mapping property: entity.getEmailResposta() to: emailResposta.
[INFO] -- MapStruct: selecting property mapping: entity.getEmailResposta().
[INFO] -- MapStruct: mapping property: entity.getEmailCopiaOculta() to: emailCopiaOculta.
[INFO] -- MapStruct: selecting property mapping: entity.getEmailCopiaOculta().
[INFO] -- MapStruct: mapping property: entity.getDominioAutorizado() to: dominioAutorizado.
[INFO] -- MapStruct: selecting property mapping: entity.getDominioAutorizado().
[INFO] -- MapStruct: mapping property: entity.getLimiteEnviosDia() to: limiteEnviosDia.
[INFO] -- MapStruct: selecting property mapping: entity.getLimiteEnviosDia().
[INFO] -- MapStruct: mapping property: entity.getEnviosRealizadosHoje() to: enviosRealizadosHoje.
[INFO] -- MapStruct: selecting property mapping: entity.getEnviosRealizadosHoje().
[INFO] -- MapStruct: mapping property: entity.getWebhookEntrega() to: webhookEntrega.
[INFO] -- MapStruct: selecting property mapping: entity.getWebhookEntrega().
[INFO] -- MapStruct: mapping property: entity.getWebhookAbertura() to: webhookAbertura.
[INFO] -- MapStruct: selecting property mapping: entity.getWebhookAbertura().
[INFO] -- MapStruct: mapping property: entity.getWebhookClique() to: webhookClique.
[INFO] -- MapStruct: selecting property mapping: entity.getWebhookClique().
[INFO] -- MapStruct: mapping property: entity.getAssinaturaPadrao() to: assinaturaPadrao.
[INFO] -- MapStruct: selecting property mapping: entity.getAssinaturaPadrao().
[INFO] -- MapStruct: mapping property: entity.getTemplateCabecalho() to: templateCabecalho.
[INFO] -- MapStruct: selecting property mapping: entity.getTemplateCabecalho().
[INFO] -- MapStruct: mapping property: entity.getTemplateRodape() to: templateRodape.
[INFO] -- MapStruct: selecting property mapping: entity.getTemplateRodape().
[INFO] -- MapStruct: mapping property: entity.getAtivo() to: ativo.
[INFO] -- MapStruct: selecting property mapping: entity.getAtivo().
[INFO] -- MapStruct: mapping property: entity.getTestado() to: testado.
[INFO] -- MapStruct: selecting property mapping: entity.getTestado().
[INFO] -- MapStruct: mapping property: entity.getDataUltimoTeste() to: dataUltimoTeste.
[INFO] -- MapStruct: selecting property mapping: entity.getDataUltimoTeste().
[INFO] -- MapStruct: mapping property: entity.getObservacoes() to: observacoes.
[INFO] -- MapStruct: selecting property mapping: entity.getObservacoes().
[INFO] -- MapStruct: mapping property: entity.getDataConfiguracao() to: dataConfiguracao.
[INFO] -- MapStruct: selecting property mapping: entity.getDataConfiguracao().
[INFO] -- MapStruct: mapping property: entity.getConfiguradoPor() to: configuradoPor.
[INFO] -- MapStruct: selecting property mapping: entity.getConfiguradoPor().
[INFO] - MapStruct: creating bean mapping method implementation for void updateEntity(com.neritech.saas.comunicacao.dto.ConfiguracaoEmailRequest request, @MappingTarget com.neritech.saas.comunicacao.domain.ConfiguracaoEmail entity).
[INFO] -- MapStruct: mapping property: request.empresaId() to: setEmpresaId(java.lang.Long).
[INFO] -- MapStruct: selecting property mapping: request.empresaId().
[INFO] -- MapStruct: mapping property: request.provedorServico() to: setProvedorServico(com.neritech.saas.comunicacao.domain.enums.ProvedorEmail).
[INFO] -- MapStruct: selecting property mapping: request.provedorServico().
[INFO] -- MapStruct: mapping property: request.servidorSmtp() to: setServidorSmtp(java.lang.String).
[INFO] -- MapStruct: selecting property mapping: request.servidorSmtp().
[INFO] -- MapStruct: mapping property: request.portaSmtp() to: setPortaSmtp(java.lang.Integer).
[INFO] -- MapStruct: selecting property mapping: request.portaSmtp().
[INFO] -- MapStruct: mapping property: request.usuarioSmtp() to: setUsuarioSmtp(java.lang.String).
[INFO] -- MapStruct: selecting property mapping: request.usuarioSmtp().
[INFO] -- MapStruct: mapping property: request.senhaSmtp() to: setSenhaSmtp(java.lang.String).
[INFO] -- MapStruct: selecting property mapping: request.senhaSmtp().
[INFO] -- MapStruct: mapping property: request.criptografia() to: setCriptografia(com.neritech.saas.comunicacao.domain.enums.Criptografia).
[INFO] -- MapStruct: selecting property mapping: request.criptografia().
[INFO] -- MapStruct: mapping property: request.remetenteNome() to: setRemetenteNome(java.lang.String).
[INFO] -- MapStruct: selecting property mapping: request.remetenteNome().
[INFO] -- MapStruct: mapping property: request.remetenteEmail() to: setRemetenteEmail(java.lang.String).
[INFO] -- MapStruct: selecting property mapping: request.remetenteEmail().
[INFO] -- MapStruct: mapping property: request.emailResposta() to: setEmailResposta(java.lang.String).
[INFO] -- MapStruct: selecting property mapping: request.emailResposta().
[INFO] -- MapStruct: mapping property: request.emailCopiaOculta() to: setEmailCopiaOculta(java.lang.String).
[INFO] -- MapStruct: selecting property mapping: request.emailCopiaOculta().
[INFO] -- MapStruct: mapping property: request.apiKey() to: setApiKey(java.lang.String).
[INFO] -- MapStruct: selecting property mapping: request.apiKey().
[INFO] -- MapStruct: mapping property: request.apiSecret() to: setApiSecret(java.lang.String).
[INFO] -- MapStruct: selecting property mapping: request.apiSecret().
[INFO] -- MapStruct: mapping property: request.dominioAutorizado() to: setDominioAutorizado(java.lang.String).
[INFO] -- MapStruct: selecting property mapping: request.dominioAutorizado().
[INFO] -- MapStruct: mapping property: request.limiteEnviosDia() to: setLimiteEnviosDia(java.lang.Integer).
[INFO] -- MapStruct: selecting property mapping: request.limiteEnviosDia().
[INFO] -- MapStruct: mapping property: request.webhookEntrega() to: setWebhookEntrega(java.lang.String).
[INFO] -- MapStruct: selecting property mapping: request.webhookEntrega().
[INFO] -- MapStruct: mapping property: request.webhookAbertura() to: setWebhookAbertura(java.lang.String).
[INFO] -- MapStruct: selecting property mapping: request.webhookAbertura().
[INFO] -- MapStruct: mapping property: request.webhookClique() to: setWebhookClique(java.lang.String).
[INFO] -- MapStruct: selecting property mapping: request.webhookClique().
[INFO] -- MapStruct: mapping property: request.assinaturaPadrao() to: setAssinaturaPadrao(java.lang.String).
[INFO] -- MapStruct: selecting property mapping: request.assinaturaPadrao().
[INFO] -- MapStruct: mapping property: request.templateCabecalho() to: setTemplateCabecalho(java.lang.String).
[INFO] -- MapStruct: selecting property mapping: request.templateCabecalho().
[INFO] -- MapStruct: mapping property: request.templateRodape() to: setTemplateRodape(java.lang.String).
[INFO] -- MapStruct: selecting property mapping: request.templateRodape().
[INFO] -- MapStruct: mapping property: request.ativo() to: setAtivo(java.lang.Boolean).
[INFO] -- MapStruct: selecting property mapping: request.ativo().
[INFO] -- MapStruct: mapping property: request.observacoes() to: setObservacoes(java.lang.String).
[INFO] -- MapStruct: selecting property mapping: request.observacoes().
[WARNING] /C:/Users/alexa/OneDrive/Documentos/NeriTech/backend/src/main/java/com/neritech/saas/comunicacao/mapper/ConfiguracaoEmailMapper.java:[35,10] Unmapped target properties: "criadoPor, atualizadoPor".
[INFO]  MapStruct: processing: com.neritech.saas.agendamento.mapper.DisponibilidadeAgendaMapper.
[INFO] - MapStruct: creating bean mapping method implementation for com.neritech.saas.agendamento.domain.DisponibilidadeAgenda toEntity(com.neritech.saas.agendamento.dto.DisponibilidadeAgendaRequest request).
[INFO] -- MapStruct: mapping property: request.empresaId() to: setEmpresaId(java.lang.Long).
[INFO] -- MapStruct: selecting property mapping: request.empresaId().
[INFO] -- MapStruct: mapping property: request.funcionarioId() to: setFuncionarioId(java.lang.Long).
[INFO] -- MapStruct: selecting property mapping: request.funcionarioId().
[INFO] -- MapStruct: mapping property: request.dataDisponibilidade() to: setDataDisponibilidade(java.time.LocalDate).
[INFO] -- MapStruct: selecting property mapping: request.dataDisponibilidade().
[INFO] -- MapStruct: mapping property: request.diaSemana() to: setDiaSemana(java.lang.Integer).
[INFO] -- MapStruct: selecting property mapping: request.diaSemana().
[INFO] -- MapStruct: mapping property: request.horaInicio() to: setHoraInicio(java.time.LocalTime).
[INFO] -- MapStruct: selecting property mapping: request.horaInicio().
[INFO] -- MapStruct: mapping property: request.horaFim() to: setHoraFim(java.time.LocalTime).
[INFO] -- MapStruct: selecting property mapping: request.horaFim().
[INFO] -- MapStruct: mapping property: request.intervaloAlmocoInicio() to: setIntervaloAlmocoInicio(java.time.LocalTime).
[INFO] -- MapStruct: selecting property mapping: request.intervaloAlmocoInicio().
[INFO] -- MapStruct: mapping property: request.intervaloAlmocoFim() to: setIntervaloAlmocoFim(java.time.LocalTime).
[INFO] -- MapStruct: selecting property mapping: request.intervaloAlmocoFim().
[INFO] -- MapStruct: mapping property: request.especialidadesDisponiveis() to: setEspecialidadesDisponiveis(java.lang.String).
[INFO] -- MapStruct: selecting property mapping: request.especialidadesDisponiveis().
[INFO] -- MapStruct: mapping property: request.tiposAgendamentoAceitos() to: setTiposAgendamentoAceitos(java.lang.String).
[INFO] -- MapStruct: selecting property mapping: request.tiposAgendamentoAceitos().
[INFO] -- MapStruct: mapping property: request.observacoes() to: setObservacoes(java.lang.String).
[INFO] -- MapStruct: selecting property mapping: request.observacoes().
[INFO] -- MapStruct: mapping property: request.disponivel() to: setDisponivel(java.lang.Boolean).
[INFO] -- MapStruct: selecting property mapping: request.disponivel().
[INFO] -- MapStruct: mapping property: request.capacidadeAtendimentos() to: setCapacidadeAtendimentos(java.lang.Integer).
[INFO] -- MapStruct: selecting property mapping: request.capacidadeAtendimentos().
[WARNING] /C:/Users/alexa/OneDrive/Documentos/NeriTech/backend/src/main/java/com/neritech/saas/agendamento/mapper/DisponibilidadeAgendaMapper.java:[14,27] Unmapped target properties: "criadoPor, atualizadoPor, versao".
[INFO] - MapStruct: creating bean mapping method implementation for com.neritech.saas.agendamento.dto.DisponibilidadeAgendaResponse toResponse(com.neritech.saas.agendamento.domain.DisponibilidadeAgenda entity).
[INFO] -- MapStruct: mapping property: entity.getId() to: id.
[INFO] -- MapStruct: selecting property mapping: entity.getId().
[INFO] -- MapStruct: mapping property: entity.getEmpresaId() to: empresaId.
[INFO] -- MapStruct: selecting property mapping: entity.getEmpresaId().
[INFO] -- MapStruct: mapping property: entity.getFuncionarioId() to: funcionarioId.
[INFO] -- MapStruct: selecting property mapping: entity.getFuncionarioId().
[INFO] -- MapStruct: mapping property: entity.getDataDisponibilidade() to: dataDisponibilidade.
[INFO] -- MapStruct: selecting property mapping: entity.getDataDisponibilidade().
[INFO] -- MapStruct: mapping property: entity.getDiaSemana() to: diaSemana.
[INFO] -- MapStruct: selecting property mapping: entity.getDiaSemana().
[INFO] -- MapStruct: mapping property: entity.getHoraInicio() to: horaInicio.
[INFO] -- MapStruct: selecting property mapping: entity.getHoraInicio().
[INFO] -- MapStruct: mapping property: entity.getHoraFim() to: horaFim.
[INFO] -- MapStruct: selecting property mapping: entity.getHoraFim().
[INFO] -- MapStruct: mapping property: entity.getIntervaloAlmocoInicio() to: intervaloAlmocoInicio.
[INFO] -- MapStruct: selecting property mapping: entity.getIntervaloAlmocoInicio().
[INFO] -- MapStruct: mapping property: entity.getIntervaloAlmocoFim() to: intervaloAlmocoFim.
[INFO] -- MapStruct: selecting property mapping: entity.getIntervaloAlmocoFim().
[INFO] -- MapStruct: mapping property: entity.getDisponivel() to: disponivel.
[INFO] -- MapStruct: selecting property mapping: entity.getDisponivel().
[INFO] -- MapStruct: mapping property: entity.getCapacidadeAtendimentos() to: capacidadeAtendimentos.
[INFO] -- MapStruct: selecting property mapping: entity.getCapacidadeAtendimentos().
[INFO] -- MapStruct: mapping property: entity.getEspecialidadesDisponiveis() to: especialidadesDisponiveis.
[INFO] -- MapStruct: selecting property mapping: entity.getEspecialidadesDisponiveis().
[INFO] -- MapStruct: mapping property: entity.getTiposAgendamentoAceitos() to: tiposAgendamentoAceitos.
[INFO] -- MapStruct: selecting property mapping: entity.getTiposAgendamentoAceitos().
[INFO] -- MapStruct: mapping property: entity.getObservacoes() to: observacoes.
[INFO] -- MapStruct: selecting property mapping: entity.getObservacoes().
[INFO] -- MapStruct: mapping property: entity.getDataCadastro() to: dataCadastro.
[INFO] -- MapStruct: selecting property mapping: entity.getDataCadastro().
[INFO]  MapStruct: processing: com.neritech.saas.estoque.mapper.EstoqueMapper.
[INFO] - MapStruct: creating bean mapping method implementation for com.neritech.saas.estoque.domain.Estoque toEntity(com.neritech.saas.estoque.dto.EstoqueRequest request).
[INFO] -- MapStruct: mapping property: request.empresaId() to: setEmpresaId(java.lang.Long).
[INFO] -- MapStruct: selecting property mapping: request.empresaId().
[INFO] -- MapStruct: mapping property: request.quantidadeAtual() to: setQuantidadeAtual(java.math.BigDecimal).
[INFO] -- MapStruct: selecting property mapping: request.quantidadeAtual().
[INFO] -- MapStruct: mapping property: request.precoCustoLote() to: setPrecoCustoLote(java.math.BigDecimal).
[INFO] -- MapStruct: selecting property mapping: request.precoCustoLote().
[INFO] -- MapStruct: mapping property: request.notaFiscalNumero() to: setNotaFiscalNumero(java.lang.String).
[INFO] -- MapStruct: selecting property mapping: request.notaFiscalNumero().
[INFO] -- MapStruct: mapping property: request.certificadoQualidadeUrl() to: setCertificadoQualidadeUrl(java.lang.String).
[INFO] -- MapStruct: selecting property mapping: request.certificadoQualidadeUrl().
[INFO] -- MapStruct: mapping property: request.status() to: setStatus(com.neritech.saas.estoque.domain.enums.StatusEstoque).
[INFO] -- MapStruct: selecting property mapping: request.status().
[INFO] -- MapStruct: mapping property: request.motivoBloqueio() to: setMotivoBloqueio(java.lang.String).
[INFO] -- MapStruct: selecting property mapping: request.motivoBloqueio().
[INFO] -- MapStruct: mapping property: request.observacoes() to: setObservacoes(java.lang.String).
[INFO] -- MapStruct: selecting property mapping: request.observacoes().
[INFO] -- MapStruct: mapping property: request.usuarioCadastro() to: setUsuarioCadastro(java.lang.Long).
[INFO] -- MapStruct: selecting property mapping: request.usuarioCadastro().
[INFO] - MapStruct: creating bean mapping method implementation for com.neritech.saas.estoque.dto.EstoqueResponse toResponse(com.neritech.saas.estoque.domain.Estoque entity).
[INFO] -- MapStruct: mapping property: entityProdutoId( entity ) to: produtoId.
[INFO] -- MapStruct: selecting property mapping: entityProdutoId( entity ).
[INFO] -- MapStruct: mapping property: entityProdutoNome( entity ) to: produtoNome.
[INFO] -- MapStruct: selecting property mapping: entityProdutoNome( entity ).
[INFO] -- MapStruct: mapping property: entityFornecedorId( entity ) to: fornecedorId.
[INFO] -- MapStruct: selecting property mapping: entityFornecedorId( entity ).
[INFO] -- MapStruct: mapping property: entityFornecedorNomeFantasia( entity ) to: fornecedorNome.
[INFO] -- MapStruct: selecting property mapping: entityFornecedorNomeFantasia( entity ).
[INFO] -- MapStruct: mapping property: entity.getId() to: id.
[INFO] -- MapStruct: selecting property mapping: entity.getId().
[INFO] -- MapStruct: mapping property: entity.getEmpresaId() to: empresaId.
[INFO] -- MapStruct: selecting property mapping: entity.getEmpresaId().
[INFO] -- MapStruct: mapping property: entity.getQuantidadeAtual() to: quantidadeAtual.
[INFO] -- MapStruct: selecting property mapping: entity.getQuantidadeAtual().
[INFO] -- MapStruct: mapping property: entity.getPrecoCustoLote() to: precoCustoLote.
[INFO] -- MapStruct: selecting property mapping: entity.getPrecoCustoLote().
[INFO] -- MapStruct: mapping property: entity.getNotaFiscalNumero() to: notaFiscalNumero.
[INFO] -- MapStruct: selecting property mapping: entity.getNotaFiscalNumero().
[INFO] -- MapStruct: mapping property: entity.getCertificadoQualidadeUrl() to: certificadoQualidadeUrl.
[INFO] -- MapStruct: selecting property mapping: entity.getCertificadoQualidadeUrl().
[INFO] -- MapStruct: mapping property: entity.getStatus() to: status.
[INFO] -- MapStruct: selecting property mapping: entity.getStatus().
[INFO] -- MapStruct: mapping property: entity.getMotivoBloqueio() to: motivoBloqueio.
[INFO] -- MapStruct: selecting property mapping: entity.getMotivoBloqueio().
[INFO] -- MapStruct: mapping property: entity.getObservacoes() to: observacoes.
[INFO] -- MapStruct: selecting property mapping: entity.getObservacoes().
[INFO] -- MapStruct: mapping property: entity.getUsuarioCadastro() to: usuarioCadastro.
[INFO] -- MapStruct: selecting property mapping: entity.getUsuarioCadastro().
[INFO] - MapStruct: creating bean mapping method implementation for void updateEntityFromRequest(com.neritech.saas.estoque.dto.EstoqueRequest request, @MappingTarget com.neritech.saas.estoque.domain.Estoque entity).
[INFO] -- MapStruct: mapping property: request.empresaId() to: setEmpresaId(java.lang.Long).
[INFO] -- MapStruct: selecting property mapping: request.empresaId().
[INFO] -- MapStruct: mapping property: request.quantidadeAtual() to: setQuantidadeAtual(java.math.BigDecimal).
[INFO] -- MapStruct: selecting property mapping: request.quantidadeAtual().
[INFO] -- MapStruct: mapping property: request.precoCustoLote() to: setPrecoCustoLote(java.math.BigDecimal).
[INFO] -- MapStruct: selecting property mapping: request.precoCustoLote().
[INFO] -- MapStruct: mapping property: request.notaFiscalNumero() to: setNotaFiscalNumero(java.lang.String).
[INFO] -- MapStruct: selecting property mapping: request.notaFiscalNumero().
[INFO] -- MapStruct: mapping property: request.certificadoQualidadeUrl() to: setCertificadoQualidadeUrl(java.lang.String).
[INFO] -- MapStruct: selecting property mapping: request.certificadoQualidadeUrl().
[INFO] -- MapStruct: mapping property: request.status() to: setStatus(com.neritech.saas.estoque.domain.enums.StatusEstoque).
[INFO] -- MapStruct: selecting property mapping: request.status().
[INFO] -- MapStruct: mapping property: request.motivoBloqueio() to: setMotivoBloqueio(java.lang.String).
[INFO] -- MapStruct: selecting property mapping: request.motivoBloqueio().
[INFO] -- MapStruct: mapping property: request.observacoes() to: setObservacoes(java.lang.String).
[INFO] -- MapStruct: selecting property mapping: request.observacoes().
[INFO] -- MapStruct: mapping property: request.usuarioCadastro() to: setUsuarioCadastro(java.lang.Long).
[INFO] -- MapStruct: selecting property mapping: request.usuarioCadastro().
[INFO]  MapStruct: processing: com.neritech.saas.comunicacao.mapper.NotificacaoSistemaMapper.
[INFO] - MapStruct: creating bean mapping method implementation for com.neritech.saas.comunicacao.domain.NotificacaoSistema toEntity(com.neritech.saas.comunicacao.dto.NotificacaoSistemaRequest request).
[INFO] -- MapStruct: mapping property: request.empresaId() to: setEmpresaId(java.lang.Long).
[INFO] -- MapStruct: selecting property mapping: request.empresaId().
[INFO] -- MapStruct: mapping property: request.usuarioDestinatarioId() to: setUsuarioDestinatarioId(java.lang.Long).
[INFO] -- MapStruct: selecting property mapping: request.usuarioDestinatarioId().
[INFO] -- MapStruct: mapping property: request.tipoNotificacao() to: setTipoNotificacao(com.neritech.saas.comunicacao.domain.enums.TipoNotificacao).
[INFO] -- MapStruct: selecting property mapping: request.tipoNotificacao().
[INFO] -- MapStruct: mapping property: request.categoria() to: setCategoria(java.lang.String).
[INFO] -- MapStruct: selecting property mapping: request.categoria().
[INFO] -- MapStruct: mapping property: request.titulo() to: setTitulo(java.lang.String).
[INFO] -- MapStruct: selecting property mapping: request.titulo().
[INFO] -- MapStruct: mapping property: request.mensagem() to: setMensagem(java.lang.String).
[INFO] -- MapStruct: selecting property mapping: request.mensagem().
[INFO] -- MapStruct: mapping property: request.dadosContexto() to: setDadosContexto(java.lang.String).
[INFO] -- MapStruct: selecting property mapping: request.dadosContexto().
[INFO] -- MapStruct: mapping property: request.linkAcao() to: setLinkAcao(java.lang.String).
[INFO] -- MapStruct: selecting property mapping: request.linkAcao().
[INFO] -- MapStruct: mapping property: request.textoBotaoAcao() to: setTextoBotaoAcao(java.lang.String).
[INFO] -- MapStruct: selecting property mapping: request.textoBotaoAcao().
[INFO] -- MapStruct: mapping property: request.prioridade() to: setPrioridade(com.neritech.saas.comunicacao.domain.enums.Prioridade).
[INFO] -- MapStruct: selecting property mapping: request.prioridade().
[INFO] -- MapStruct: mapping property: request.exigeConfirmacao() to: setExigeConfirmacao(java.lang.Boolean).
[INFO] -- MapStruct: selecting property mapping: request.exigeConfirmacao().
[INFO] -- MapStruct: mapping property: request.dataExpiracao() to: setDataExpiracao(java.time.LocalDateTime).
[INFO] -- MapStruct: selecting property mapping: request.dataExpiracao().
[INFO] -- MapStruct: mapping property: request.icone() to: setIcone(java.lang.String).
[INFO] -- MapStruct: selecting property mapping: request.icone().
[INFO] -- MapStruct: mapping property: request.cor() to: setCor(java.lang.String).
[INFO] -- MapStruct: selecting property mapping: request.cor().
[INFO] -- MapStruct: mapping property: request.somNotificacao() to: setSomNotificacao(java.lang.String).
[INFO] -- MapStruct: selecting property mapping: request.somNotificacao().
[INFO] -- MapStruct: mapping property: request.enviarEmail() to: setEnviarEmail(java.lang.Boolean).
[INFO] -- MapStruct: selecting property mapping: request.enviarEmail().
[INFO] -- MapStruct: mapping property: request.enviarSms() to: setEnviarSms(java.lang.Boolean).
[INFO] -- MapStruct: selecting property mapping: request.enviarSms().
[INFO] -- MapStruct: mapping property: request.enviarPush() to: setEnviarPush(java.lang.Boolean).
[INFO] -- MapStruct: selecting property mapping: request.enviarPush().
[INFO] -- MapStruct: mapping property: request.origemSistema() to: setOrigemSistema(java.lang.String).
[INFO] -- MapStruct: selecting property mapping: request.origemSistema().
[WARNING] /C:/Users/alexa/OneDrive/Documentos/NeriTech/backend/src/main/java/com/neritech/saas/comunicacao/mapper/NotificacaoSistemaMapper.java:[21,24] Unmapped target properties: "criadoPor, atualizadoPor".
[INFO] - MapStruct: creating bean mapping method implementation for com.neritech.saas.comunicacao.dto.NotificacaoSistemaResponse toResponse(com.neritech.saas.comunicacao.domain.NotificacaoSistema entity).
[INFO] -- MapStruct: mapping property: entity.getId() to: id.
[INFO] -- MapStruct: selecting property mapping: entity.getId().
[INFO] -- MapStruct: mapping property: entity.getEmpresaId() to: empresaId.
[INFO] -- MapStruct: selecting property mapping: entity.getEmpresaId().
[INFO] -- MapStruct: mapping property: entity.getUsuarioDestinatarioId() to: usuarioDestinatarioId.
[INFO] -- MapStruct: selecting property mapping: entity.getUsuarioDestinatarioId().
[INFO] -- MapStruct: mapping property: entity.getTipoNotificacao() to: tipoNotificacao.
[INFO] -- MapStruct: selecting property mapping: entity.getTipoNotificacao().
[INFO] -- MapStruct: mapping property: entity.getCategoria() to: categoria.
[INFO] -- MapStruct: selecting property mapping: entity.getCategoria().
[INFO] -- MapStruct: mapping property: entity.getTitulo() to: titulo.
[INFO] -- MapStruct: selecting property mapping: entity.getTitulo().
[INFO] -- MapStruct: mapping property: entity.getMensagem() to: mensagem.
[INFO] -- MapStruct: selecting property mapping: entity.getMensagem().
[INFO] -- MapStruct: mapping property: entity.getDadosContexto() to: dadosContexto.
[INFO] -- MapStruct: selecting property mapping: entity.getDadosContexto().
[INFO] -- MapStruct: mapping property: entity.getLinkAcao() to: linkAcao.
[INFO] -- MapStruct: selecting property mapping: entity.getLinkAcao().
[INFO] -- MapStruct: mapping property: entity.getTextoBotaoAcao() to: textoBotaoAcao.
[INFO] -- MapStruct: selecting property mapping: entity.getTextoBotaoAcao().
[INFO] -- MapStruct: mapping property: entity.getPrioridade() to: prioridade.
[INFO] -- MapStruct: selecting property mapping: entity.getPrioridade().
[INFO] -- MapStruct: mapping property: entity.getExigeConfirmacao() to: exigeConfirmacao.
[INFO] -- MapStruct: selecting property mapping: entity.getExigeConfirmacao().
[INFO] -- MapStruct: mapping property: entity.getLida() to: lida.
[INFO] -- MapStruct: selecting property mapping: entity.getLida().
[INFO] -- MapStruct: mapping property: entity.getDataLeitura() to: dataLeitura.
[INFO] -- MapStruct: selecting property mapping: entity.getDataLeitura().
[INFO] -- MapStruct: mapping property: entity.getConfirmada() to: confirmada.
[INFO] -- MapStruct: selecting property mapping: entity.getConfirmada().
[INFO] -- MapStruct: mapping property: entity.getDataConfirmacao() to: dataConfirmacao.
[INFO] -- MapStruct: selecting property mapping: entity.getDataConfirmacao().
[INFO] -- MapStruct: mapping property: entity.getDataExpiracao() to: dataExpiracao.
[INFO] -- MapStruct: selecting property mapping: entity.getDataExpiracao().
[INFO] -- MapStruct: mapping property: entity.getIcone() to: icone.
[INFO] -- MapStruct: selecting property mapping: entity.getIcone().
[INFO] -- MapStruct: mapping property: entity.getCor() to: cor.
[INFO] -- MapStruct: selecting property mapping: entity.getCor().
[INFO] -- MapStruct: mapping property: entity.getSomNotificacao() to: somNotificacao.
[INFO] -- MapStruct: selecting property mapping: entity.getSomNotificacao().
[INFO] -- MapStruct: mapping property: entity.getEnviarEmail() to: enviarEmail.
[INFO] -- MapStruct: selecting property mapping: entity.getEnviarEmail().
[INFO] -- MapStruct: mapping property: entity.getEnviarSms() to: enviarSms.
[INFO] -- MapStruct: selecting property mapping: entity.getEnviarSms().
[INFO] -- MapStruct: mapping property: entity.getEnviarPush() to: enviarPush.
[INFO] -- MapStruct: selecting property mapping: entity.getEnviarPush().
[INFO] -- MapStruct: mapping property: entity.getOrigemSistema() to: origemSistema.
[INFO] -- MapStruct: selecting property mapping: entity.getOrigemSistema().
[INFO] -- MapStruct: mapping property: entity.getDataCadastro() to: dataCadastro.
[INFO] -- MapStruct: selecting property mapping: entity.getDataCadastro().
[INFO] - MapStruct: creating bean mapping method implementation for void updateEntity(com.neritech.saas.comunicacao.dto.NotificacaoSistemaRequest request, @MappingTarget com.neritech.saas.comunicacao.domain.NotificacaoSistema entity).
[INFO] -- MapStruct: mapping property: request.empresaId() to: setEmpresaId(java.lang.Long).
[INFO] -- MapStruct: selecting property mapping: request.empresaId().
[INFO] -- MapStruct: mapping property: request.usuarioDestinatarioId() to: setUsuarioDestinatarioId(java.lang.Long).
[INFO] -- MapStruct: selecting property mapping: request.usuarioDestinatarioId().
[INFO] -- MapStruct: mapping property: request.tipoNotificacao() to: setTipoNotificacao(com.neritech.saas.comunicacao.domain.enums.TipoNotificacao).
[INFO] -- MapStruct: selecting property mapping: request.tipoNotificacao().
[INFO] -- MapStruct: mapping property: request.categoria() to: setCategoria(java.lang.String).
[INFO] -- MapStruct: selecting property mapping: request.categoria().
[INFO] -- MapStruct: mapping property: request.titulo() to: setTitulo(java.lang.String).
[INFO] -- MapStruct: selecting property mapping: request.titulo().
[INFO] -- MapStruct: mapping property: request.mensagem() to: setMensagem(java.lang.String).
[INFO] -- MapStruct: selecting property mapping: request.mensagem().
[INFO] -- MapStruct: mapping property: request.dadosContexto() to: setDadosContexto(java.lang.String).
[INFO] -- MapStruct: selecting property mapping: request.dadosContexto().
[INFO] -- MapStruct: mapping property: request.linkAcao() to: setLinkAcao(java.lang.String).
[INFO] -- MapStruct: selecting property mapping: request.linkAcao().
[INFO] -- MapStruct: mapping property: request.textoBotaoAcao() to: setTextoBotaoAcao(java.lang.String).
[INFO] -- MapStruct: selecting property mapping: request.textoBotaoAcao().
[INFO] -- MapStruct: mapping property: request.prioridade() to: setPrioridade(com.neritech.saas.comunicacao.domain.enums.Prioridade).
[INFO] -- MapStruct: selecting property mapping: request.prioridade().
[INFO] -- MapStruct: mapping property: request.exigeConfirmacao() to: setExigeConfirmacao(java.lang.Boolean).
[INFO] -- MapStruct: selecting property mapping: request.exigeConfirmacao().
[INFO] -- MapStruct: mapping property: request.dataExpiracao() to: setDataExpiracao(java.time.LocalDateTime).
[INFO] -- MapStruct: selecting property mapping: request.dataExpiracao().
[INFO] -- MapStruct: mapping property: request.icone() to: setIcone(java.lang.String).
[INFO] -- MapStruct: selecting property mapping: request.icone().
[INFO] -- MapStruct: mapping property: request.cor() to: setCor(java.lang.String).
[INFO] -- MapStruct: selecting property mapping: request.cor().
[INFO] -- MapStruct: mapping property: request.somNotificacao() to: setSomNotificacao(java.lang.String).
[INFO] -- MapStruct: selecting property mapping: request.somNotificacao().
[INFO] -- MapStruct: mapping property: request.enviarEmail() to: setEnviarEmail(java.lang.Boolean).
[INFO] -- MapStruct: selecting property mapping: request.enviarEmail().
[INFO] -- MapStruct: mapping property: request.enviarSms() to: setEnviarSms(java.lang.Boolean).
[INFO] -- MapStruct: selecting property mapping: request.enviarSms().
[INFO] -- MapStruct: mapping property: request.enviarPush() to: setEnviarPush(java.lang.Boolean).
[INFO] -- MapStruct: selecting property mapping: request.enviarPush().
[INFO] -- MapStruct: mapping property: request.origemSistema() to: setOrigemSistema(java.lang.String).
[INFO] -- MapStruct: selecting property mapping: request.origemSistema().
[WARNING] /C:/Users/alexa/OneDrive/Documentos/NeriTech/backend/src/main/java/com/neritech/saas/comunicacao/mapper/NotificacaoSistemaMapper.java:[33,10] Unmapped target properties: "criadoPor, atualizadoPor".
[INFO]  MapStruct: processing: com.neritech.saas.agendamento.mapper.AgendamentoMapper.
[INFO] - MapStruct: creating bean mapping method implementation for com.neritech.saas.agendamento.domain.Agendamento toEntity(com.neritech.saas.agendamento.dto.AgendamentoRequest request).
[INFO] -- MapStruct: mapping property: request to: setTipoAgendamento(com.neritech.saas.agendamento.domain.TipoAgendamento).
[INFO] -- MapStruct: mapping property: agendamentoRequest.tipoAgendamentoId() to: setId(java.lang.Long).
[INFO] -- MapStruct: selecting property mapping: agendamentoRequest.tipoAgendamentoId().
[INFO] -- MapStruct: creating property mapping: com.neritech.saas.agendamento.domain.TipoAgendamento #agendamentoRequestToTipoAgendamento(request).
[INFO] -- MapStruct: selecting property mapping: com.neritech.saas.agendamento.domain.TipoAgendamento #agendamentoRequestToTipoAgendamento(request).
[INFO] -- MapStruct: mapping property: request.empresaId() to: setEmpresaId(java.lang.Long).
[INFO] -- MapStruct: selecting property mapping: request.empresaId().
[INFO] -- MapStruct: mapping property: request.numeroAgendamento() to: setNumeroAgendamento(java.lang.String).
[INFO] -- MapStruct: selecting property mapping: request.numeroAgendamento().
[INFO] -- MapStruct: mapping property: request.clienteId() to: setClienteId(java.lang.Long).
[INFO] -- MapStruct: selecting property mapping: request.clienteId().
[INFO] -- MapStruct: mapping property: request.veiculoId() to: setVeiculoId(java.lang.Long).
[INFO] -- MapStruct: selecting property mapping: request.veiculoId().
[INFO] -- MapStruct: mapping property: request.dataAgendamento() to: setDataAgendamento(java.time.LocalDate).
[INFO] -- MapStruct: selecting property mapping: request.dataAgendamento().
[INFO] -- MapStruct: mapping property: request.horaInicio() to: setHoraInicio(java.time.LocalTime).
[INFO] -- MapStruct: selecting property mapping: request.horaInicio().
[INFO] -- MapStruct: mapping property: request.horaFim() to: setHoraFim(java.time.LocalTime).
[INFO] -- MapStruct: selecting property mapping: request.horaFim().
[INFO] -- MapStruct: mapping property: request.duracaoEstimadaMinutos() to: setDuracaoEstimadaMinutos(java.lang.Integer).
[INFO] -- MapStruct: selecting property mapping: request.duracaoEstimadaMinutos().
[INFO] -- MapStruct: mapping property: request.servicosSolicitados() to: setServicosSolicitados(java.lang.String).
[INFO] -- MapStruct: selecting property mapping: request.servicosSolicitados().
[INFO] -- MapStruct: mapping property: request.problemaRelatado() to: setProblemaRelatado(java.lang.String).
[INFO] -- MapStruct: selecting property mapping: request.problemaRelatado().
[INFO] -- MapStruct: mapping property: request.observacoesCliente() to: setObservacoesCliente(java.lang.String).
[INFO] -- MapStruct: selecting property mapping: request.observacoesCliente().
[INFO] -- MapStruct: mapping property: request.observacoesInternas() to: setObservacoesInternas(java.lang.String).
[INFO] -- MapStruct: selecting property mapping: request.observacoesInternas().
[INFO] -- MapStruct: mapping property: request.mecanicoPreferidoId() to: setMecanicoPreferidoId(java.lang.Long).
[INFO] -- MapStruct: selecting property mapping: request.mecanicoPreferidoId().
[INFO] -- MapStruct: mapping property: request.mecanicoAlocadoId() to: setMecanicoAlocadoId(java.lang.Long).
[INFO] -- MapStruct: selecting property mapping: request.mecanicoAlocadoId().
[INFO] -- MapStruct: mapping property: request.recursosNecessarios() to: setRecursosNecessarios(java.lang.String).
[INFO] -- MapStruct: selecting property mapping: request.recursosNecessarios().
[INFO] -- MapStruct: mapping property: request.status() to: setStatus(com.neritech.saas.agendamento.domain.enums.StatusAgendamento).
[INFO] -- MapStruct: selecting property mapping: request.status().
[INFO] -- MapStruct: mapping property: request.metodoConfirmacao() to: setMetodoConfirmacao(com.neritech.saas.agendamento.domain.enums.MetodoConfirmacao).
[INFO] -- MapStruct: selecting property mapping: request.metodoConfirmacao().
[INFO] -- MapStruct: mapping property: request.valorEstimado() to: setValorEstimado(java.math.BigDecimal).
[INFO] -- MapStruct: selecting property mapping: request.valorEstimado().
[INFO] -- MapStruct: mapping property: request.formaPagamentoPreferidaId() to: setFormaPagamentoPreferidaId(java.lang.Long).
[INFO] -- MapStruct: selecting property mapping: request.formaPagamentoPreferidaId().
[INFO] -- MapStruct: mapping property: request.canalAgendamento() to: setCanalAgendamento(com.neritech.saas.agendamento.domain.enums.CanalAgendamento).
[INFO] -- MapStruct: selecting property mapping: request.canalAgendamento().
[INFO] -- MapStruct: mapping property: request.confirmadoCliente() to: setConfirmadoCliente(java.lang.Boolean).
[INFO] -- MapStruct: selecting property mapping: request.confirmadoCliente().
[WARNING] /C:/Users/alexa/OneDrive/Documentos/NeriTech/backend/src/main/java/com/neritech/saas/agendamento/mapper/AgendamentoMapper.java:[18,17] Unmapped target properties: "criadoPor, versao, dataConfirmacao, dataLembrete, chegadaCliente, inicioAtendimento, fimAtendimento, avaliacaoAtendimento, comentarioAvaliacao, ordemServicoGeradaId, agendadoPor, atualizadoPor, lembreteEnviado".
[INFO] - MapStruct: creating bean mapping method implementation for com.neritech.saas.agendamento.dto.AgendamentoResponse toResponse(com.neritech.saas.agendamento.domain.Agendamento entity).
[INFO] -- MapStruct: mapping property: entityTipoAgendamentoId( entity ) to: tipoAgendamentoId.
[INFO] -- MapStruct: selecting property mapping: entityTipoAgendamentoId( entity ).
[INFO] -- MapStruct: mapping property: entityTipoAgendamentoNome( entity ) to: tipoAgendamentoNome.
[INFO] -- MapStruct: selecting property mapping: entityTipoAgendamentoNome( entity ).
[INFO] -- MapStruct: mapping property: entity.getId() to: id.
[INFO] -- MapStruct: selecting property mapping: entity.getId().
[INFO] -- MapStruct: mapping property: entity.getEmpresaId() to: empresaId.
[INFO] -- MapStruct: selecting property mapping: entity.getEmpresaId().
[INFO] -- MapStruct: mapping property: entity.getNumeroAgendamento() to: numeroAgendamento.
[INFO] -- MapStruct: selecting property mapping: entity.getNumeroAgendamento().
[INFO] -- MapStruct: mapping property: entity.getClienteId() to: clienteId.
[INFO] -- MapStruct: selecting property mapping: entity.getClienteId().
[INFO] -- MapStruct: mapping property: entity.getVeiculoId() to: veiculoId.
[INFO] -- MapStruct: selecting property mapping: entity.getVeiculoId().
[INFO] -- MapStruct: mapping property: entity.getDataAgendamento() to: dataAgendamento.
[INFO] -- MapStruct: selecting property mapping: entity.getDataAgendamento().
[INFO] -- MapStruct: mapping property: entity.getHoraInicio() to: horaInicio.
[INFO] -- MapStruct: selecting property mapping: entity.getHoraInicio().
[INFO] -- MapStruct: mapping property: entity.getHoraFim() to: horaFim.
[INFO] -- MapStruct: selecting property mapping: entity.getHoraFim().
[INFO] -- MapStruct: mapping property: entity.getDuracaoEstimadaMinutos() to: duracaoEstimadaMinutos.
[INFO] -- MapStruct: selecting property mapping: entity.getDuracaoEstimadaMinutos().
[INFO] -- MapStruct: mapping property: entity.getServicosSolicitados() to: servicosSolicitados.
[INFO] -- MapStruct: selecting property mapping: entity.getServicosSolicitados().
[INFO] -- MapStruct: mapping property: entity.getProblemaRelatado() to: problemaRelatado.
[INFO] -- MapStruct: selecting property mapping: entity.getProblemaRelatado().
[INFO] -- MapStruct: mapping property: entity.getObservacoesCliente() to: observacoesCliente.
[INFO] -- MapStruct: selecting property mapping: entity.getObservacoesCliente().
[INFO] -- MapStruct: mapping property: entity.getObservacoesInternas() to: observacoesInternas.
[INFO] -- MapStruct: selecting property mapping: entity.getObservacoesInternas().
[INFO] -- MapStruct: mapping property: entity.getMecanicoPreferidoId() to: mecanicoPreferidoId.
[INFO] -- MapStruct: selecting property mapping: entity.getMecanicoPreferidoId().
[INFO] -- MapStruct: mapping property: entity.getMecanicoAlocadoId() to: mecanicoAlocadoId.
[INFO] -- MapStruct: selecting property mapping: entity.getMecanicoAlocadoId().
[INFO] -- MapStruct: mapping property: entity.getRecursosNecessarios() to: recursosNecessarios.
[INFO] -- MapStruct: selecting property mapping: entity.getRecursosNecessarios().
[INFO] -- MapStruct: mapping property: entity.getStatus() to: status.
[INFO] -- MapStruct: selecting property mapping: entity.getStatus().
[INFO] -- MapStruct: mapping property: entity.getConfirmadoCliente() to: confirmadoCliente.
[INFO] -- MapStruct: selecting property mapping: entity.getConfirmadoCliente().
[INFO] -- MapStruct: mapping property: entity.getDataConfirmacao() to: dataConfirmacao.
[INFO] -- MapStruct: selecting property mapping: entity.getDataConfirmacao().
[INFO] -- MapStruct: mapping property: entity.getMetodoConfirmacao() to: metodoConfirmacao.
[INFO] -- MapStruct: selecting property mapping: entity.getMetodoConfirmacao().
[INFO] -- MapStruct: mapping property: entity.getLembreteEnviado() to: lembreteEnviado.
[INFO] -- MapStruct: selecting property mapping: entity.getLembreteEnviado().
[INFO] -- MapStruct: mapping property: entity.getDataLembrete() to: dataLembrete.
[INFO] -- MapStruct: selecting property mapping: entity.getDataLembrete().
[INFO] -- MapStruct: mapping property: entity.getChegadaCliente() to: chegadaCliente.
[INFO] -- MapStruct: selecting property mapping: entity.getChegadaCliente().
[INFO] -- MapStruct: mapping property: entity.getInicioAtendimento() to: inicioAtendimento.
[INFO] -- MapStruct: selecting property mapping: entity.getInicioAtendimento().
[INFO] -- MapStruct: mapping property: entity.getFimAtendimento() to: fimAtendimento.
[INFO] -- MapStruct: selecting property mapping: entity.getFimAtendimento().
[INFO] -- MapStruct: mapping property: entity.getAvaliacaoAtendimento() to: avaliacaoAtendimento.
[INFO] -- MapStruct: selecting property mapping: entity.getAvaliacaoAtendimento().
[INFO] -- MapStruct: mapping property: entity.getComentarioAvaliacao() to: comentarioAvaliacao.
[INFO] -- MapStruct: selecting property mapping: entity.getComentarioAvaliacao().
[INFO] -- MapStruct: mapping property: entity.getOrdemServicoGeradaId() to: ordemServicoGeradaId.
[INFO] -- MapStruct: selecting property mapping: entity.getOrdemServicoGeradaId().
[INFO] -- MapStruct: mapping property: entity.getValorEstimado() to: valorEstimado.
[INFO] -- MapStruct: selecting property mapping: entity.getValorEstimado().
[INFO] -- MapStruct: mapping property: entity.getFormaPagamentoPreferidaId() to: formaPagamentoPreferidaId.
[INFO] -- MapStruct: selecting property mapping: entity.getFormaPagamentoPreferidaId().
[INFO] -- MapStruct: mapping property: entity.getCanalAgendamento() to: canalAgendamento.
[INFO] -- MapStruct: selecting property mapping: entity.getCanalAgendamento().
[INFO] -- MapStruct: mapping property: entity.getDataCadastro() to: dataCadastro.
[INFO] -- MapStruct: selecting property mapping: entity.getDataCadastro().
[INFO]  MapStruct: processing: com.neritech.saas.rh.mapper.DocumentoFuncionarioMapper.
[INFO] - MapStruct: creating bean mapping method implementation for com.neritech.saas.rh.domain.DocumentoFuncionario toEntity(com.neritech.saas.rh.dto.DocumentoFuncionarioRequest request).
[INFO] -- MapStruct: mapping property: request.funcionarioId() to: setFuncionarioId(java.lang.Long).
[INFO] -- MapStruct: selecting property mapping: request.funcionarioId().
[INFO] -- MapStruct: mapping property: request.tipoDocumento() to: setTipoDocumento(com.neritech.saas.rh.domain.enums.TipoDocumento).
[INFO] -- MapStruct: selecting property mapping: request.tipoDocumento().
[INFO] -- MapStruct: mapping property: request.numeroDocumento() to: setNumeroDocumento(java.lang.String).
[INFO] -- MapStruct: selecting property mapping: request.numeroDocumento().
[INFO] -- MapStruct: mapping property: request.orgaoEmissor() to: setOrgaoEmissor(java.lang.String).
[INFO] -- MapStruct: selecting property mapping: request.orgaoEmissor().
[INFO] -- MapStruct: mapping property: request.dataEmissao() to: setDataEmissao(java.time.LocalDate).
[INFO] -- MapStruct: selecting property mapping: request.dataEmissao().
[INFO] -- MapStruct: mapping property: request.dataValidade() to: setDataValidade(java.time.LocalDate).
[INFO] -- MapStruct: selecting property mapping: request.dataValidade().
[INFO] -- MapStruct: mapping property: request.arquivoUrl() to: setArquivoUrl(java.lang.String).
[INFO] -- MapStruct: selecting property mapping: request.arquivoUrl().
[INFO] -- MapStruct: mapping property: request.arquivoNome() to: setArquivoNome(java.lang.String).
[INFO] -- MapStruct: selecting property mapping: request.arquivoNome().
[INFO] -- MapStruct: mapping property: request.arquivoTamanhoKb() to: setArquivoTamanhoKb(java.lang.Integer).
[INFO] -- MapStruct: selecting property mapping: request.arquivoTamanhoKb().
[INFO] -- MapStruct: mapping property: request.observacoes() to: setObservacoes(java.lang.String).
[INFO] -- MapStruct: selecting property mapping: request.observacoes().
[INFO] -- MapStruct: mapping property: request.obrigatorio() to: setObrigatorio(java.lang.Boolean).
[INFO] -- MapStruct: selecting property mapping: request.obrigatorio().
[INFO] -- MapStruct: mapping property: request.verificado() to: setVerificado(java.lang.Boolean).
[INFO] -- MapStruct: selecting property mapping: request.verificado().
[INFO] - MapStruct: creating bean mapping method implementation for com.neritech.saas.rh.dto.DocumentoFuncionarioResponse toResponse(com.neritech.saas.rh.domain.DocumentoFuncionario entity).
[INFO] -- MapStruct: mapping property: entity.getId() to: id.
[INFO] -- MapStruct: selecting property mapping: entity.getId().
[INFO] -- MapStruct: mapping property: entity.getFuncionarioId() to: funcionarioId.
[INFO] -- MapStruct: selecting property mapping: entity.getFuncionarioId().
[INFO] -- MapStruct: mapping property: entity.getTipoDocumento() to: tipoDocumento.
[INFO] -- MapStruct: selecting property mapping: entity.getTipoDocumento().
[INFO] -- MapStruct: mapping property: entity.getNumeroDocumento() to: numeroDocumento.
[INFO] -- MapStruct: selecting property mapping: entity.getNumeroDocumento().
[INFO] -- MapStruct: mapping property: entity.getOrgaoEmissor() to: orgaoEmissor.
[INFO] -- MapStruct: selecting property mapping: entity.getOrgaoEmissor().
[INFO] -- MapStruct: mapping property: entity.getDataEmissao() to: dataEmissao.
[INFO] -- MapStruct: selecting property mapping: entity.getDataEmissao().
[INFO] -- MapStruct: mapping property: entity.getDataValidade() to: dataValidade.
[INFO] -- MapStruct: selecting property mapping: entity.getDataValidade().
[INFO] -- MapStruct: mapping property: entity.getArquivoUrl() to: arquivoUrl.
[INFO] -- MapStruct: selecting property mapping: entity.getArquivoUrl().
[INFO] -- MapStruct: mapping property: entity.getArquivoNome() to: arquivoNome.
[INFO] -- MapStruct: selecting property mapping: entity.getArquivoNome().
[INFO] -- MapStruct: mapping property: entity.getArquivoTamanhoKb() to: arquivoTamanhoKb.
[INFO] -- MapStruct: selecting property mapping: entity.getArquivoTamanhoKb().
[INFO] -- MapStruct: mapping property: entity.getObservacoes() to: observacoes.
[INFO] -- MapStruct: selecting property mapping: entity.getObservacoes().
[INFO] -- MapStruct: mapping property: entity.getObrigatorio() to: obrigatorio.
[INFO] -- MapStruct: selecting property mapping: entity.getObrigatorio().
[INFO] -- MapStruct: mapping property: entity.getVerificado() to: verificado.
[INFO] -- MapStruct: selecting property mapping: entity.getVerificado().
[INFO] -- MapStruct: mapping property: entity.getVerificadoPor() to: verificadoPor.
[INFO] -- MapStruct: selecting property mapping: entity.getVerificadoPor().
[INFO] -- MapStruct: mapping property: entity.getDataVerificacao() to: dataVerificacao.
[INFO] -- MapStruct: selecting property mapping: entity.getDataVerificacao().
[INFO] -- MapStruct: mapping property: entity.getCadastradoPor() to: cadastradoPor.
[INFO] -- MapStruct: selecting property mapping: entity.getCadastradoPor().
[INFO] -- MapStruct: mapping property: entity.getDataCadastro() to: dataCadastro.
[INFO] -- MapStruct: selecting property mapping: entity.getDataCadastro().
[INFO] -- MapStruct: mapping property: entity.getDataAtualizacao() to: dataAtualizacao.
[INFO] -- MapStruct: selecting property mapping: entity.getDataAtualizacao().
[INFO] - MapStruct: creating bean mapping method implementation for void updateEntity(com.neritech.saas.rh.dto.DocumentoFuncionarioRequest request, @MappingTarget com.neritech.saas.rh.domain.DocumentoFuncionario entity).
[INFO] -- MapStruct: mapping property: request.funcionarioId() to: setFuncionarioId(java.lang.Long).
[INFO] -- MapStruct: selecting property mapping: request.funcionarioId().
[INFO] -- MapStruct: mapping property: request.tipoDocumento() to: setTipoDocumento(com.neritech.saas.rh.domain.enums.TipoDocumento).
[INFO] -- MapStruct: selecting property mapping: request.tipoDocumento().
[INFO] -- MapStruct: mapping property: request.numeroDocumento() to: setNumeroDocumento(java.lang.String).
[INFO] -- MapStruct: selecting property mapping: request.numeroDocumento().
[INFO] -- MapStruct: mapping property: request.orgaoEmissor() to: setOrgaoEmissor(java.lang.String).
[INFO] -- MapStruct: selecting property mapping: request.orgaoEmissor().
[INFO] -- MapStruct: mapping property: request.dataEmissao() to: setDataEmissao(java.time.LocalDate).
[INFO] -- MapStruct: selecting property mapping: request.dataEmissao().
[INFO] -- MapStruct: mapping property: request.dataValidade() to: setDataValidade(java.time.LocalDate).
[INFO] -- MapStruct: selecting property mapping: request.dataValidade().
[INFO] -- MapStruct: mapping property: request.arquivoUrl() to: setArquivoUrl(java.lang.String).
[INFO] -- MapStruct: selecting property mapping: request.arquivoUrl().
[INFO] -- MapStruct: mapping property: request.arquivoNome() to: setArquivoNome(java.lang.String).
[INFO] -- MapStruct: selecting property mapping: request.arquivoNome().
[INFO] -- MapStruct: mapping property: request.arquivoTamanhoKb() to: setArquivoTamanhoKb(java.lang.Integer).
[INFO] -- MapStruct: selecting property mapping: request.arquivoTamanhoKb().
[INFO] -- MapStruct: mapping property: request.observacoes() to: setObservacoes(java.lang.String).
[INFO] -- MapStruct: selecting property mapping: request.observacoes().
[INFO] -- MapStruct: mapping property: request.obrigatorio() to: setObrigatorio(java.lang.Boolean).
[INFO] -- MapStruct: selecting property mapping: request.obrigatorio().
[INFO] -- MapStruct: mapping property: request.verificado() to: setVerificado(java.lang.Boolean).
[INFO] -- MapStruct: selecting property mapping: request.verificado().
[INFO]  MapStruct: processing: com.neritech.saas.ordemservico.mapper.OrdemServicoMapper.
[INFO] - MapStruct: creating bean mapping method implementation for com.neritech.saas.ordemservico.domain.OrdemServico toEntity(com.neritech.saas.ordemservico.dto.OrdemServicoRequest request).
[INFO] -- MapStruct: mapping property: request.empresaId() to: setEmpresaId(java.lang.Long).
[INFO] -- MapStruct: selecting property mapping: request.empresaId().
[INFO] -- MapStruct: mapping property: request.numeroOS() to: setNumeroOS(java.lang.String).
[INFO] -- MapStruct: selecting property mapping: request.numeroOS().
[INFO] -- MapStruct: mapping property: request.clienteId() to: setClienteId(java.lang.Long).
[INFO] -- MapStruct: selecting property mapping: request.clienteId().
[INFO] -- MapStruct: mapping property: request.veiculoId() to: setVeiculoId(java.lang.Long).
[INFO] -- MapStruct: selecting property mapping: request.veiculoId().
[INFO] -- MapStruct: mapping property: request.tipoOS() to: setTipoOS(com.neritech.saas.ordemservico.domain.enums.TipoOS).
[INFO] -- MapStruct: selecting property mapping: request.tipoOS().
[INFO] -- MapStruct: mapping property: request.prioridade() to: setPrioridade(com.neritech.saas.ordemservico.domain.enums.PrioridadeOS).
[INFO] -- MapStruct: selecting property mapping: request.prioridade().
[INFO] -- MapStruct: mapping property: request.dataAbertura() to: setDataAbertura(java.time.LocalDateTime).
[INFO] -- MapStruct: selecting property mapping: request.dataAbertura().
[INFO] -- MapStruct: mapping property: request.dataPromessa() to: setDataPromessa(java.time.LocalDateTime).
[INFO] -- MapStruct: selecting property mapping: request.dataPromessa().
[INFO] -- MapStruct: mapping property: request.quilometragemEntrada() to: setQuilometragemEntrada(java.lang.Integer).
[INFO] -- MapStruct: selecting property mapping: request.quilometragemEntrada().
[INFO] -- MapStruct: mapping property: request.nivelCombustivelEntrada() to: setNivelCombustivelEntrada(com.neritech.saas.ordemservico.domain.enums.NivelCombustivel).
[INFO] -- MapStruct: selecting property mapping: request.nivelCombustivelEntrada().
[INFO] -- MapStruct: mapping property: request.consultorResponsavelId() to: setConsultorResponsavelId(java.lang.Long).
[INFO] -- MapStruct: selecting property mapping: request.consultorResponsavelId().
[INFO] -- MapStruct: mapping property: request.mecanicoResponsavelId() to: setMecanicoResponsavelId(java.lang.Long).
[INFO] -- MapStruct: selecting property mapping: request.mecanicoResponsavelId().
[INFO] -- MapStruct: mapping property: request.equipeExecucao() to: setEquipeExecucao(java.lang.String).
[INFO] -- MapStruct: selecting property mapping: request.equipeExecucao().
[INFO] -- MapStruct: mapping property: request.problemaRelatado() to: setProblemaRelatado(java.lang.String).
[INFO] -- MapStruct: selecting property mapping: request.problemaRelatado().
[INFO] -- MapStruct: mapping property: request.solucaoAplicada() to: setSolucaoAplicada(java.lang.String).
[INFO] -- MapStruct: selecting property mapping: request.solucaoAplicada().
[INFO] -- MapStruct: mapping property: request.observacoesInternas() to: setObservacoesInternas(java.lang.String).
[INFO] -- MapStruct: selecting property mapping: request.observacoesInternas().
[INFO] -- MapStruct: mapping property: request.observacoesCliente() to: setObservacoesCliente(java.lang.String).
[INFO] -- MapStruct: selecting property mapping: request.observacoesCliente().
[INFO] -- MapStruct: mapping property: request.valorServicos() to: setValorServicos(java.math.BigDecimal).
[INFO] -- MapStruct: selecting property mapping: request.valorServicos().
[INFO] -- MapStruct: mapping property: request.valorProdutos() to: setValorProdutos(java.math.BigDecimal).
[INFO] -- MapStruct: selecting property mapping: request.valorProdutos().
[INFO] -- MapStruct: mapping property: request.valorDesconto() to: setValorDesconto(java.math.BigDecimal).
[INFO] -- MapStruct: selecting property mapping: request.valorDesconto().
[INFO] -- MapStruct: mapping property: request.valorAcrescimo() to: setValorAcrescimo(java.math.BigDecimal).
[INFO] -- MapStruct: selecting property mapping: request.valorAcrescimo().
[INFO] -- MapStruct: mapping property: request.valorTotal() to: setValorTotal(java.math.BigDecimal).
[INFO] -- MapStruct: selecting property mapping: request.valorTotal().
[INFO] -- MapStruct: mapping property: request.formaPagamentoId() to: setFormaPagamentoId(java.lang.Long).
[INFO] -- MapStruct: selecting property mapping: request.formaPagamentoId().
[INFO] -- MapStruct: mapping property: request.condicaoPagamentoId() to: setCondicaoPagamentoId(java.lang.Long).
[INFO] -- MapStruct: selecting property mapping: request.condicaoPagamentoId().
[INFO] -- MapStruct: mapping property: request.valorEntrada() to: setValorEntrada(java.math.BigDecimal).
[INFO] -- MapStruct: selecting property mapping: request.valorEntrada().
[INFO] -- MapStruct: mapping property: request.aprovadoCliente() to: setAprovadoCliente(java.lang.Boolean).
[INFO] -- MapStruct: selecting property mapping: request.aprovadoCliente().
[INFO] -- MapStruct: mapping property: request.metodoAprovacao() to: setMetodoAprovacao(com.neritech.saas.ordemservico.domain.enums.MetodoAprovacao).
[INFO] -- MapStruct: selecting property mapping: request.metodoAprovacao().
[INFO] -- MapStruct: mapping property: request.garantiaDias() to: setGarantiaDias(java.lang.Integer).
[INFO] -- MapStruct: selecting property mapping: request.garantiaDias().
[WARNING] /C:/Users/alexa/OneDrive/Documentos/NeriTech/backend/src/main/java/com/neritech/saas/ordemservico/mapper/OrdemServicoMapper.java:[31,34] Unmapped target properties: "dataInicioExecucao, dataFimExecucao, dataEntrega, quilometragemSaida, nivelCombustivelSaida, valorFinanciado, dataAprovacaoCliente, assinaturaDigitalCliente, dataVencimentoGarantia, nfeEmitida, numeroNFe, chaveNFe, urlDanfe, notaAvaliacaoCliente, comentarioAvaliacaoCliente, dataAvaliacaoCliente, tempoTotalExecucaoMinutos".
[INFO] - MapStruct: creating bean mapping method implementation for com.neritech.saas.ordemservico.dto.OrdemServicoResponse toResponse(com.neritech.saas.ordemservico.domain.OrdemServico entity).
[INFO] -- MapStruct: mapping property: entityStatusId( entity ) to: statusId.
[INFO] -- MapStruct: selecting property mapping: entityStatusId( entity ).
[INFO] -- MapStruct: mapping property: entityStatusNome( entity ) to: statusNome.
[INFO] -- MapStruct: selecting property mapping: entityStatusNome( entity ).
[INFO] -- MapStruct: mapping property: entityStatusCorIdentificacao( entity ) to: statusCor.
[INFO] -- MapStruct: selecting property mapping: entityStatusCorIdentificacao( entity ).
[INFO] -- MapStruct: mapping property: entity.getId() to: id.
[INFO] -- MapStruct: selecting property mapping: entity.getId().
[INFO] -- MapStruct: mapping property: entity.getEmpresaId() to: empresaId.
[INFO] -- MapStruct: selecting property mapping: entity.getEmpresaId().
[INFO] -- MapStruct: mapping property: entity.getNumeroOS() to: numeroOS.
[INFO] -- MapStruct: selecting property mapping: entity.getNumeroOS().
[INFO] -- MapStruct: mapping property: entity.getClienteId() to: clienteId.
[INFO] -- MapStruct: selecting property mapping: entity.getClienteId().
[INFO] -- MapStruct: mapping property: entity.getVeiculoId() to: veiculoId.
[INFO] -- MapStruct: selecting property mapping: entity.getVeiculoId().
[INFO] -- MapStruct: mapping property: entity.getTipoOS() to: tipoOS.
[INFO] -- MapStruct: selecting property mapping: entity.getTipoOS().
[INFO] -- MapStruct: mapping property: entity.getPrioridade() to: prioridade.
[INFO] -- MapStruct: selecting property mapping: entity.getPrioridade().
[INFO] -- MapStruct: mapping property: entity.getDataAbertura() to: dataAbertura.
[INFO] -- MapStruct: selecting property mapping: entity.getDataAbertura().
[INFO] -- MapStruct: mapping property: entity.getDataPromessa() to: dataPromessa.
[INFO] -- MapStruct: selecting property mapping: entity.getDataPromessa().
[INFO] -- MapStruct: mapping property: entity.getDataInicioExecucao() to: dataInicioExecucao.
[INFO] -- MapStruct: selecting property mapping: entity.getDataInicioExecucao().
[INFO] -- MapStruct: mapping property: entity.getDataFimExecucao() to: dataFimExecucao.
[INFO] -- MapStruct: selecting property mapping: entity.getDataFimExecucao().
[INFO] -- MapStruct: mapping property: entity.getDataEntrega() to: dataEntrega.
[INFO] -- MapStruct: selecting property mapping: entity.getDataEntrega().
[INFO] -- MapStruct: mapping property: entity.getQuilometragemEntrada() to: quilometragemEntrada.
[INFO] -- MapStruct: selecting property mapping: entity.getQuilometragemEntrada().
[INFO] -- MapStruct: mapping property: entity.getQuilometragemSaida() to: quilometragemSaida.
[INFO] -- MapStruct: selecting property mapping: entity.getQuilometragemSaida().
[INFO] -- MapStruct: mapping property: entity.getNivelCombustivelEntrada() to: nivelCombustivelEntrada.
[INFO] -- MapStruct: selecting property mapping: entity.getNivelCombustivelEntrada().
[INFO] -- MapStruct: mapping property: entity.getNivelCombustivelSaida() to: nivelCombustivelSaida.
[INFO] -- MapStruct: selecting property mapping: entity.getNivelCombustivelSaida().
[INFO] -- MapStruct: mapping property: entity.getConsultorResponsavelId() to: consultorResponsavelId.
[INFO] -- MapStruct: selecting property mapping: entity.getConsultorResponsavelId().
[INFO] -- MapStruct: mapping property: entity.getMecanicoResponsavelId() to: mecanicoResponsavelId.
[INFO] -- MapStruct: selecting property mapping: entity.getMecanicoResponsavelId().
[INFO] -- MapStruct: mapping property: entity.getEquipeExecucao() to: equipeExecucao.
[INFO] -- MapStruct: selecting property mapping: entity.getEquipeExecucao().
[INFO] -- MapStruct: mapping property: entity.getProblemaRelatado() to: problemaRelatado.
[INFO] -- MapStruct: selecting property mapping: entity.getProblemaRelatado().
[INFO] -- MapStruct: mapping property: entity.getSolucaoAplicada() to: solucaoAplicada.
[INFO] -- MapStruct: selecting property mapping: entity.getSolucaoAplicada().
[INFO] -- MapStruct: mapping property: entity.getObservacoesInternas() to: observacoesInternas.
[INFO] -- MapStruct: selecting property mapping: entity.getObservacoesInternas().
[INFO] -- MapStruct: mapping property: entity.getObservacoesCliente() to: observacoesCliente.
[INFO] -- MapStruct: selecting property mapping: entity.getObservacoesCliente().
[INFO] -- MapStruct: mapping property: entity.getValorServicos() to: valorServicos.
[INFO] -- MapStruct: selecting property mapping: entity.getValorServicos().
[INFO] -- MapStruct: mapping property: entity.getValorProdutos() to: valorProdutos.
[INFO] -- MapStruct: selecting property mapping: entity.getValorProdutos().
[INFO] -- MapStruct: mapping property: entity.getValorDesconto() to: valorDesconto.
[INFO] -- MapStruct: selecting property mapping: entity.getValorDesconto().
[INFO] -- MapStruct: mapping property: entity.getValorAcrescimo() to: valorAcrescimo.
[INFO] -- MapStruct: selecting property mapping: entity.getValorAcrescimo().
[INFO] -- MapStruct: mapping property: entity.getValorTotal() to: valorTotal.
[INFO] -- MapStruct: selecting property mapping: entity.getValorTotal().
[INFO] -- MapStruct: mapping property: entity.getFormaPagamentoId() to: formaPagamentoId.
[INFO] -- MapStruct: selecting property mapping: entity.getFormaPagamentoId().
[INFO] -- MapStruct: mapping property: entity.getCondicaoPagamentoId() to: condicaoPagamentoId.
[INFO] -- MapStruct: selecting property mapping: entity.getCondicaoPagamentoId().
[INFO] -- MapStruct: mapping property: entity.getValorEntrada() to: valorEntrada.
[INFO] -- MapStruct: selecting property mapping: entity.getValorEntrada().
[INFO] -- MapStruct: mapping property: entity.getValorFinanciado() to: valorFinanciado.
[INFO] -- MapStruct: selecting property mapping: entity.getValorFinanciado().
[INFO] -- MapStruct: mapping property: entity.getAprovadoCliente() to: aprovadoCliente.
[INFO] -- MapStruct: selecting property mapping: entity.getAprovadoCliente().
[INFO] -- MapStruct: mapping property: entity.getDataAprovacaoCliente() to: dataAprovacaoCliente.
[INFO] -- MapStruct: selecting property mapping: entity.getDataAprovacaoCliente().
[INFO] -- MapStruct: mapping property: entity.getMetodoAprovacao() to: metodoAprovacao.
[INFO] -- MapStruct: selecting property mapping: entity.getMetodoAprovacao().
[INFO] -- MapStruct: mapping property: entity.getGarantiaDias() to: garantiaDias.
[INFO] -- MapStruct: selecting property mapping: entity.getGarantiaDias().
[INFO] -- MapStruct: mapping property: entity.getDataVencimentoGarantia() to: dataVencimentoGarantia.
[INFO] -- MapStruct: selecting property mapping: entity.getDataVencimentoGarantia().
[INFO] -- MapStruct: mapping property: entity.getNfeEmitida() to: nfeEmitida.
[INFO] -- MapStruct: selecting property mapping: entity.getNfeEmitida().
[INFO] -- MapStruct: mapping property: entity.getNumeroNFe() to: numeroNFe.
[INFO] -- MapStruct: selecting property mapping: entity.getNumeroNFe().
[INFO] -- MapStruct: mapping property: entity.getNotaAvaliacaoCliente() to: notaAvaliacaoCliente.
[INFO] -- MapStruct: selecting property mapping: entity.getNotaAvaliacaoCliente().
[INFO] -- MapStruct: mapping property: entity.getTempoTotalExecucaoMinutos() to: tempoTotalExecucaoMinutos.
[INFO] -- MapStruct: selecting property mapping: entity.getTempoTotalExecucaoMinutos().
[INFO] -- MapStruct: mapping property: entity.getMargemLucroRealizada() to: margemLucroRealizada.
[INFO] -- MapStruct: selecting property mapping: entity.getMargemLucroRealizada().
[INFO] -- MapStruct: mapping property: entity.getDataCadastro() to: dataCadastro.
[INFO] -- MapStruct: selecting property mapping: entity.getDataCadastro().
[INFO] -- MapStruct: mapping property: entity.getDataAtualizacao() to: dataAtualizacao.
[INFO] -- MapStruct: selecting property mapping: entity.getDataAtualizacao().
[INFO] -- MapStruct: mapping property: entity.getVersao() to: versao.
[INFO] -- MapStruct: selecting property mapping: entity.getVersao().
[INFO] - MapStruct: creating bean mapping method implementation for void updateEntityFromRequest(com.neritech.saas.ordemservico.dto.OrdemServicoRequest request, @MappingTarget com.neritech.saas.ordemservico.domain.OrdemServico entity).
[INFO] -- MapStruct: mapping property: request.empresaId() to: setEmpresaId(java.lang.Long).
[INFO] -- MapStruct: selecting property mapping: request.empresaId().
[INFO] -- MapStruct: mapping property: request.numeroOS() to: setNumeroOS(java.lang.String).
[INFO] -- MapStruct: selecting property mapping: request.numeroOS().
[INFO] -- MapStruct: mapping property: request.clienteId() to: setClienteId(java.lang.Long).
[INFO] -- MapStruct: selecting property mapping: request.clienteId().
[INFO] -- MapStruct: mapping property: request.veiculoId() to: setVeiculoId(java.lang.Long).
[INFO] -- MapStruct: selecting property mapping: request.veiculoId().
[INFO] -- MapStruct: mapping property: request.tipoOS() to: setTipoOS(com.neritech.saas.ordemservico.domain.enums.TipoOS).
[INFO] -- MapStruct: selecting property mapping: request.tipoOS().
[INFO] -- MapStruct: mapping property: request.prioridade() to: setPrioridade(com.neritech.saas.ordemservico.domain.enums.PrioridadeOS).
[INFO] -- MapStruct: selecting property mapping: request.prioridade().
[INFO] -- MapStruct: mapping property: request.dataAbertura() to: setDataAbertura(java.time.LocalDateTime).
[INFO] -- MapStruct: selecting property mapping: request.dataAbertura().
[INFO] -- MapStruct: mapping property: request.dataPromessa() to: setDataPromessa(java.time.LocalDateTime).
[INFO] -- MapStruct: selecting property mapping: request.dataPromessa().
[INFO] -- MapStruct: mapping property: request.quilometragemEntrada() to: setQuilometragemEntrada(java.lang.Integer).
[INFO] -- MapStruct: selecting property mapping: request.quilometragemEntrada().
[INFO] -- MapStruct: mapping property: request.nivelCombustivelEntrada() to: setNivelCombustivelEntrada(com.neritech.saas.ordemservico.domain.enums.NivelCombustivel).
[INFO] -- MapStruct: selecting property mapping: request.nivelCombustivelEntrada().
[INFO] -- MapStruct: mapping property: request.consultorResponsavelId() to: setConsultorResponsavelId(java.lang.Long).
[INFO] -- MapStruct: selecting property mapping: request.consultorResponsavelId().
[INFO] -- MapStruct: mapping property: request.mecanicoResponsavelId() to: setMecanicoResponsavelId(java.lang.Long).
[INFO] -- MapStruct: selecting property mapping: request.mecanicoResponsavelId().
[INFO] -- MapStruct: mapping property: request.equipeExecucao() to: setEquipeExecucao(java.lang.String).
[INFO] -- MapStruct: selecting property mapping: request.equipeExecucao().
[INFO] -- MapStruct: mapping property: request.problemaRelatado() to: setProblemaRelatado(java.lang.String).
[INFO] -- MapStruct: selecting property mapping: request.problemaRelatado().
[INFO] -- MapStruct: mapping property: request.solucaoAplicada() to: setSolucaoAplicada(java.lang.String).
[INFO] -- MapStruct: selecting property mapping: request.solucaoAplicada().
[INFO] -- MapStruct: mapping property: request.observacoesInternas() to: setObservacoesInternas(java.lang.String).
[INFO] -- MapStruct: selecting property mapping: request.observacoesInternas().
[INFO] -- MapStruct: mapping property: request.observacoesCliente() to: setObservacoesCliente(java.lang.String).
[INFO] -- MapStruct: selecting property mapping: request.observacoesCliente().
[INFO] -- MapStruct: mapping property: request.valorServicos() to: setValorServicos(java.math.BigDecimal).
[INFO] -- MapStruct: selecting property mapping: request.valorServicos().
[INFO] -- MapStruct: mapping property: request.valorProdutos() to: setValorProdutos(java.math.BigDecimal).
[INFO] -- MapStruct: selecting property mapping: request.valorProdutos().
[INFO] -- MapStruct: mapping property: request.valorDesconto() to: setValorDesconto(java.math.BigDecimal).
[INFO] -- MapStruct: selecting property mapping: request.valorDesconto().
[INFO] -- MapStruct: mapping property: request.valorAcrescimo() to: setValorAcrescimo(java.math.BigDecimal).
[INFO] -- MapStruct: selecting property mapping: request.valorAcrescimo().
[INFO] -- MapStruct: mapping property: request.valorTotal() to: setValorTotal(java.math.BigDecimal).
[INFO] -- MapStruct: selecting property mapping: request.valorTotal().
[INFO] -- MapStruct: mapping property: request.formaPagamentoId() to: setFormaPagamentoId(java.lang.Long).
[INFO] -- MapStruct: selecting property mapping: request.formaPagamentoId().
[INFO] -- MapStruct: mapping property: request.condicaoPagamentoId() to: setCondicaoPagamentoId(java.lang.Long).
[INFO] -- MapStruct: selecting property mapping: request.condicaoPagamentoId().
[INFO] -- MapStruct: mapping property: request.valorEntrada() to: setValorEntrada(java.math.BigDecimal).
[INFO] -- MapStruct: selecting property mapping: request.valorEntrada().
[INFO] -- MapStruct: mapping property: request.aprovadoCliente() to: setAprovadoCliente(java.lang.Boolean).
[INFO] -- MapStruct: selecting property mapping: request.aprovadoCliente().
[INFO] -- MapStruct: mapping property: request.metodoAprovacao() to: setMetodoAprovacao(com.neritech.saas.ordemservico.domain.enums.MetodoAprovacao).
[INFO] -- MapStruct: selecting property mapping: request.metodoAprovacao().
[INFO] -- MapStruct: mapping property: request.garantiaDias() to: setGarantiaDias(java.lang.Integer).
[INFO] -- MapStruct: selecting property mapping: request.garantiaDias().
[WARNING] /C:/Users/alexa/OneDrive/Documentos/NeriTech/backend/src/main/java/com/neritech/saas/ordemservico/mapper/OrdemServicoMapper.java:[52,26] Unmapped target properties: "versao, dataInicioExecucao, dataFimExecucao, dataEntrega, quilometragemSaida, nivelCombustivelSaida, valorFinanciado, dataAprovacaoCliente, assinaturaDigitalCliente, dataVencimentoGarantia, nfeEmitida, numeroNFe, chaveNFe, urlDanfe, notaAvaliacaoCliente, comentarioAvaliacaoCliente, dataAvaliacaoCliente, tempoTotalExecucaoMinutos".
[INFO]  MapStruct: processing: com.neritech.saas.comunicacao.mapper.ItQuestionarioMapper.
[INFO] - MapStruct: creating bean mapping method implementation for com.neritech.saas.comunicacao.domain.ItQuestionario toEntity(com.neritech.saas.comunicacao.dto.ItQuestionarioRequest request).
[INFO] -- MapStruct: mapping property: request.dsItQuestionario() to: setDsItQuestionario(java.lang.String).
[INFO] -- MapStruct: selecting property mapping: request.dsItQuestionario().
[INFO] -- MapStruct: mapping property: request.tpItQuestionario() to: setTpItQuestionario(com.neritech.saas.comunicacao.domain.enums.TipoItemQuestionario).
[INFO] -- MapStruct: selecting property mapping: request.tpItQuestionario().
[INFO] - MapStruct: creating bean mapping method implementation for com.neritech.saas.comunicacao.dto.ItQuestionarioResponse toResponse(com.neritech.saas.comunicacao.domain.ItQuestionario entity).
[INFO] -- MapStruct: mapping property: entityQuestionarioId( entity ) to: questionarioId.
[INFO] -- MapStruct: selecting property mapping: entityQuestionarioId( entity ).
[INFO] -- MapStruct: mapping property: entity.getId() to: id.
[INFO] -- MapStruct: selecting property mapping: entity.getId().
[INFO] -- MapStruct: mapping property: entity.getDsItQuestionario() to: dsItQuestionario.
[INFO] -- MapStruct: selecting property mapping: entity.getDsItQuestionario().
[INFO] -- MapStruct: mapping property: entity.getTpItQuestionario() to: tpItQuestionario.
[INFO] -- MapStruct: selecting property mapping: entity.getTpItQuestionario().
[INFO] -- MapStruct: mapping property: entity.getDataCadastro() to: dataCadastro.
[INFO] -- MapStruct: selecting property mapping: entity.getDataCadastro().
[INFO] -- MapStruct: mapping property: entity.getDataAtualizacao() to: dataAtualizacao.
[INFO] -- MapStruct: selecting property mapping: entity.getDataAtualizacao().
[INFO] - MapStruct: creating bean mapping method implementation for void updateEntityFromRequest(com.neritech.saas.comunicacao.dto.ItQuestionarioRequest request, @MappingTarget com.neritech.saas.comunicacao.domain.ItQuestionario entity).
[INFO] -- MapStruct: mapping property: request.dsItQuestionario() to: setDsItQuestionario(java.lang.String).
[INFO] -- MapStruct: selecting property mapping: request.dsItQuestionario().
[INFO] -- MapStruct: mapping property: request.tpItQuestionario() to: setTpItQuestionario(com.neritech.saas.comunicacao.domain.enums.TipoItemQuestionario).
[INFO] -- MapStruct: selecting property mapping: request.tpItQuestionario().
[INFO]  MapStruct: processing: com.neritech.saas.agendamento.mapper.RecursoAgendaMapper.
[INFO] - MapStruct: creating bean mapping method implementation for com.neritech.saas.agendamento.domain.RecursoAgenda toEntity(com.neritech.saas.agendamento.dto.RecursoAgendaRequest request).
[INFO] -- MapStruct: mapping property: request.empresaId() to: setEmpresaId(java.lang.Long).
[INFO] -- MapStruct: selecting property mapping: request.empresaId().
[INFO] -- MapStruct: mapping property: request.nomeRecurso() to: setNomeRecurso(java.lang.String).
[INFO] -- MapStruct: selecting property mapping: request.nomeRecurso().
[INFO] -- MapStruct: mapping property: request.tipoRecurso() to: setTipoRecurso(com.neritech.saas.agendamento.domain.enums.TipoRecurso).
[INFO] -- MapStruct: selecting property mapping: request.tipoRecurso().
[INFO] -- MapStruct: mapping property: request.descricao() to: setDescricao(java.lang.String).
[INFO] -- MapStruct: selecting property mapping: request.descricao().
[INFO] -- MapStruct: mapping property: request.localizacao() to: setLocalizacao(java.lang.String).
[INFO] -- MapStruct: selecting property mapping: request.localizacao().
[INFO] -- MapStruct: mapping property: request.observacoes() to: setObservacoes(java.lang.String).
[INFO] -- MapStruct: selecting property mapping: request.observacoes().
[INFO] -- MapStruct: mapping property: request.responsavelId() to: setResponsavelId(java.lang.Long).
[INFO] -- MapStruct: selecting property mapping: request.responsavelId().
[INFO] -- MapStruct: mapping property: request.capacidadeSimultanea() to: setCapacidadeSimultanea(java.lang.Integer).
[INFO] -- MapStruct: selecting property mapping: request.capacidadeSimultanea().
[INFO] -- MapStruct: mapping property: request.disponivel() to: setDisponivel(java.lang.Boolean).
[INFO] -- MapStruct: selecting property mapping: request.disponivel().
[INFO] -- MapStruct: mapping property: request.requerAgendamento() to: setRequerAgendamento(java.lang.Boolean).
[INFO] -- MapStruct: selecting property mapping: request.requerAgendamento().
[INFO] -- MapStruct: mapping property: request.tempoSetupMinutos() to: setTempoSetupMinutos(java.lang.Integer).
[INFO] -- MapStruct: selecting property mapping: request.tempoSetupMinutos().
[INFO] -- MapStruct: mapping property: request.tempoCleanupMinutos() to: setTempoCleanupMinutos(java.lang.Integer).
[INFO] -- MapStruct: selecting property mapping: request.tempoCleanupMinutos().
[INFO] -- MapStruct: mapping property: request.custoHora() to: setCustoHora(java.math.BigDecimal).
[INFO] -- MapStruct: selecting property mapping: request.custoHora().
[WARNING] /C:/Users/alexa/OneDrive/Documentos/NeriTech/backend/src/main/java/com/neritech/saas/agendamento/mapper/RecursoAgendaMapper.java:[14,19] Unmapped target properties: "criadoPor, atualizadoPor, versao".
[INFO] - MapStruct: creating bean mapping method implementation for com.neritech.saas.agendamento.dto.RecursoAgendaResponse toResponse(com.neritech.saas.agendamento.domain.RecursoAgenda entity).
[INFO] -- MapStruct: mapping property: entity.getId() to: id.
[INFO] -- MapStruct: selecting property mapping: entity.getId().
[INFO] -- MapStruct: mapping property: entity.getEmpresaId() to: empresaId.
[INFO] -- MapStruct: selecting property mapping: entity.getEmpresaId().
[INFO] -- MapStruct: mapping property: entity.getNomeRecurso() to: nomeRecurso.
[INFO] -- MapStruct: selecting property mapping: entity.getNomeRecurso().
[INFO] -- MapStruct: mapping property: entity.getTipoRecurso() to: tipoRecurso.
[INFO] -- MapStruct: selecting property mapping: entity.getTipoRecurso().
[INFO] -- MapStruct: mapping property: entity.getDescricao() to: descricao.
[INFO] -- MapStruct: selecting property mapping: entity.getDescricao().
[INFO] -- MapStruct: mapping property: entity.getCapacidadeSimultanea() to: capacidadeSimultanea.
[INFO] -- MapStruct: selecting property mapping: entity.getCapacidadeSimultanea().
[INFO] -- MapStruct: mapping property: entity.getLocalizacao() to: localizacao.
[INFO] -- MapStruct: selecting property mapping: entity.getLocalizacao().
[INFO] -- MapStruct: mapping property: entity.getDisponivel() to: disponivel.
[INFO] -- MapStruct: selecting property mapping: entity.getDisponivel().
[INFO] -- MapStruct: mapping property: entity.getRequerAgendamento() to: requerAgendamento.
[INFO] -- MapStruct: selecting property mapping: entity.getRequerAgendamento().
[INFO] -- MapStruct: mapping property: entity.getTempoSetupMinutos() to: tempoSetupMinutos.
[INFO] -- MapStruct: selecting property mapping: entity.getTempoSetupMinutos().
[INFO] -- MapStruct: mapping property: entity.getTempoCleanupMinutos() to: tempoCleanupMinutos.
[INFO] -- MapStruct: selecting property mapping: entity.getTempoCleanupMinutos().
[INFO] -- MapStruct: mapping property: entity.getCustoHora() to: custoHora.
[INFO] -- MapStruct: selecting property mapping: entity.getCustoHora().
[INFO] -- MapStruct: mapping property: entity.getObservacoes() to: observacoes.
[INFO] -- MapStruct: selecting property mapping: entity.getObservacoes().
[INFO] -- MapStruct: mapping property: entity.getResponsavelId() to: responsavelId.
[INFO] -- MapStruct: selecting property mapping: entity.getResponsavelId().
[INFO] -- MapStruct: mapping property: entity.getDataCadastro() to: dataCadastro.
[INFO] -- MapStruct: selecting property mapping: entity.getDataCadastro().
[INFO]  MapStruct: processing: com.neritech.saas.estoque.mapper.PerdaEstoqueMapper.
[INFO] - MapStruct: creating bean mapping method implementation for com.neritech.saas.estoque.domain.PerdaEstoque toEntity(com.neritech.saas.estoque.dto.PerdaEstoqueRequest request).
[INFO] -- MapStruct: mapping property: request.loteNumero() to: setLoteNumero(java.lang.String).
[INFO] -- MapStruct: selecting property mapping: request.loteNumero().
[INFO] -- MapStruct: mapping property: request.quantidadePerdida() to: setQuantidadePerdida(java.math.BigDecimal).
[INFO] -- MapStruct: selecting property mapping: request.quantidadePerdida().
[INFO] -- MapStruct: mapping property: request.tipoPerda() to: setTipoPerda(com.neritech.saas.estoque.domain.enums.TipoPerda).
[INFO] -- MapStruct: selecting property mapping: request.tipoPerda().
[INFO] -- MapStruct: mapping property: request.descricao() to: setDescricao(java.lang.String).
[INFO] -- MapStruct: selecting property mapping: request.descricao().
[INFO] -- MapStruct: mapping property: request.valorPerda() to: setValorPerda(java.math.BigDecimal).
[INFO] -- MapStruct: selecting property mapping: request.valorPerda().
[INFO] -- MapStruct: mapping property: request.responsavelPerda() to: setResponsavelPerda(java.lang.String).
[INFO] -- MapStruct: selecting property mapping: request.responsavelPerda().
[INFO] -- MapStruct: mapping property: request.foiSegurado() to: setFoiSegurado(java.lang.Boolean).
[INFO] -- MapStruct: selecting property mapping: request.foiSegurado().
[INFO] -- MapStruct: mapping property: request.numeroSinistro() to: setNumeroSinistro(java.lang.String).
[INFO] -- MapStruct: selecting property mapping: request.numeroSinistro().
[INFO] -- MapStruct: mapping property: request.valorIndenizado() to: setValorIndenizado(java.math.BigDecimal).
[INFO] -- MapStruct: selecting property mapping: request.valorIndenizado().
[INFO] -- MapStruct: mapping property: request.dataOcorrencia() to: setDataOcorrencia(java.time.LocalDate).
[INFO] -- MapStruct: selecting property mapping: request.dataOcorrencia().
[INFO] -- MapStruct: mapping property: request.dataDescoberta() to: setDataDescoberta(java.time.LocalDate).
[INFO] -- MapStruct: selecting property mapping: request.dataDescoberta().
[INFO] -- MapStruct: mapping property: request.boletimOcorrencia() to: setBoletimOcorrencia(java.lang.String).
[INFO] -- MapStruct: selecting property mapping: request.boletimOcorrencia().
[INFO] -- MapStruct: mapping property: request.fotosComprovantesUrl() to: setFotosComprovantesUrl(java.lang.String).
[INFO] -- MapStruct: selecting property mapping: request.fotosComprovantesUrl().
[INFO] -- MapStruct: mapping property: request.observacoes() to: setObservacoes(java.lang.String).
[INFO] -- MapStruct: selecting property mapping: request.observacoes().
[INFO] -- MapStruct: mapping property: request.aprovadoPor() to: setAprovadoPor(java.lang.Long).
[INFO] -- MapStruct: selecting property mapping: request.aprovadoPor().
[INFO] -- MapStruct: mapping property: request.usuarioCadastro() to: setUsuarioCadastro(java.lang.Long).
[INFO] -- MapStruct: selecting property mapping: request.usuarioCadastro().
[INFO] - MapStruct: creating bean mapping method implementation for com.neritech.saas.estoque.dto.PerdaEstoqueResponse toResponse(com.neritech.saas.estoque.domain.PerdaEstoque entity).
[INFO] -- MapStruct: mapping property: entityProdutoId( entity ) to: produtoId.
[INFO] -- MapStruct: selecting property mapping: entityProdutoId( entity ).
[INFO] -- MapStruct: mapping property: entityProdutoNome( entity ) to: produtoNome.
[INFO] -- MapStruct: selecting property mapping: entityProdutoNome( entity ).
[INFO] -- MapStruct: mapping property: entityLocalizacaoId( entity ) to: localizacaoId.
[INFO] -- MapStruct: selecting property mapping: entityLocalizacaoId( entity ).
[INFO] -- MapStruct: mapping property: entityLocalizacaoNome( entity ) to: localizacaoNome.
[INFO] -- MapStruct: selecting property mapping: entityLocalizacaoNome( entity ).
[INFO] -- MapStruct: mapping property: entity.getId() to: id.
[INFO] -- MapStruct: selecting property mapping: entity.getId().
[INFO] -- MapStruct: mapping property: entity.getLoteNumero() to: loteNumero.
[INFO] -- MapStruct: selecting property mapping: entity.getLoteNumero().
[INFO] -- MapStruct: mapping property: entity.getQuantidadePerdida() to: quantidadePerdida.
[INFO] -- MapStruct: selecting property mapping: entity.getQuantidadePerdida().
[INFO] -- MapStruct: mapping property: entity.getTipoPerda() to: tipoPerda.
[INFO] -- MapStruct: selecting property mapping: entity.getTipoPerda().
[INFO] -- MapStruct: mapping property: entity.getDescricao() to: descricao.
[INFO] -- MapStruct: selecting property mapping: entity.getDescricao().
[INFO] -- MapStruct: mapping property: entity.getValorPerda() to: valorPerda.
[INFO] -- MapStruct: selecting property mapping: entity.getValorPerda().
[INFO] -- MapStruct: mapping property: entity.getResponsavelPerda() to: responsavelPerda.
[INFO] -- MapStruct: selecting property mapping: entity.getResponsavelPerda().
[INFO] -- MapStruct: mapping property: entity.getFoiSegurado() to: foiSegurado.
[INFO] -- MapStruct: selecting property mapping: entity.getFoiSegurado().
[INFO] -- MapStruct: mapping property: entity.getNumeroSinistro() to: numeroSinistro.
[INFO] -- MapStruct: selecting property mapping: entity.getNumeroSinistro().
[INFO] -- MapStruct: mapping property: entity.getValorIndenizado() to: valorIndenizado.
[INFO] -- MapStruct: selecting property mapping: entity.getValorIndenizado().
[INFO] -- MapStruct: mapping property: entity.getDataOcorrencia() to: dataOcorrencia.
[INFO] -- MapStruct: selecting property mapping: entity.getDataOcorrencia().
[INFO] -- MapStruct: mapping property: entity.getDataDescoberta() to: dataDescoberta.
[INFO] -- MapStruct: selecting property mapping: entity.getDataDescoberta().
[INFO] -- MapStruct: mapping property: entity.getBoletimOcorrencia() to: boletimOcorrencia.
[INFO] -- MapStruct: selecting property mapping: entity.getBoletimOcorrencia().
[INFO] -- MapStruct: mapping property: entity.getFotosComprovantesUrl() to: fotosComprovantesUrl.
[INFO] -- MapStruct: selecting property mapping: entity.getFotosComprovantesUrl().
[INFO] -- MapStruct: mapping property: entity.getObservacoes() to: observacoes.
[INFO] -- MapStruct: selecting property mapping: entity.getObservacoes().
[INFO] -- MapStruct: mapping property: entity.getAprovadoPor() to: aprovadoPor.
[INFO] -- MapStruct: selecting property mapping: entity.getAprovadoPor().
[INFO] -- MapStruct: mapping property: entity.getDataAprovacao() to: dataAprovacao.
[INFO] -- MapStruct: selecting property mapping: entity.getDataAprovacao().
[INFO] -- MapStruct: mapping property: entity.getUsuarioCadastro() to: usuarioCadastro.
[INFO] -- MapStruct: selecting property mapping: entity.getUsuarioCadastro().
[INFO] - MapStruct: creating bean mapping method implementation for void updateEntityFromRequest(com.neritech.saas.estoque.dto.PerdaEstoqueRequest request, @MappingTarget com.neritech.saas.estoque.domain.PerdaEstoque entity).
[INFO] -- MapStruct: mapping property: request.loteNumero() to: setLoteNumero(java.lang.String).
[INFO] -- MapStruct: selecting property mapping: request.loteNumero().
[INFO] -- MapStruct: mapping property: request.quantidadePerdida() to: setQuantidadePerdida(java.math.BigDecimal).
[INFO] -- MapStruct: selecting property mapping: request.quantidadePerdida().
[INFO] -- MapStruct: mapping property: request.tipoPerda() to: setTipoPerda(com.neritech.saas.estoque.domain.enums.TipoPerda).
[INFO] -- MapStruct: selecting property mapping: request.tipoPerda().
[INFO] -- MapStruct: mapping property: request.descricao() to: setDescricao(java.lang.String).
[INFO] -- MapStruct: selecting property mapping: request.descricao().
[INFO] -- MapStruct: mapping property: request.valorPerda() to: setValorPerda(java.math.BigDecimal).
[INFO] -- MapStruct: selecting property mapping: request.valorPerda().
[INFO] -- MapStruct: mapping property: request.responsavelPerda() to: setResponsavelPerda(java.lang.String).
[INFO] -- MapStruct: selecting property mapping: request.responsavelPerda().
[INFO] -- MapStruct: mapping property: request.foiSegurado() to: setFoiSegurado(java.lang.Boolean).
[INFO] -- MapStruct: selecting property mapping: request.foiSegurado().
[INFO] -- MapStruct: mapping property: request.numeroSinistro() to: setNumeroSinistro(java.lang.String).
[INFO] -- MapStruct: selecting property mapping: request.numeroSinistro().
[INFO] -- MapStruct: mapping property: request.valorIndenizado() to: setValorIndenizado(java.math.BigDecimal).
[INFO] -- MapStruct: selecting property mapping: request.valorIndenizado().
[INFO] -- MapStruct: mapping property: request.dataOcorrencia() to: setDataOcorrencia(java.time.LocalDate).
[INFO] -- MapStruct: selecting property mapping: request.dataOcorrencia().
[INFO] -- MapStruct: mapping property: request.dataDescoberta() to: setDataDescoberta(java.time.LocalDate).
[INFO] -- MapStruct: selecting property mapping: request.dataDescoberta().
[INFO] -- MapStruct: mapping property: request.boletimOcorrencia() to: setBoletimOcorrencia(java.lang.String).
[INFO] -- MapStruct: selecting property mapping: request.boletimOcorrencia().
[INFO] -- MapStruct: mapping property: request.fotosComprovantesUrl() to: setFotosComprovantesUrl(java.lang.String).
[INFO] -- MapStruct: selecting property mapping: request.fotosComprovantesUrl().
[INFO] -- MapStruct: mapping property: request.observacoes() to: setObservacoes(java.lang.String).
[INFO] -- MapStruct: selecting property mapping: request.observacoes().
[INFO] -- MapStruct: mapping property: request.aprovadoPor() to: setAprovadoPor(java.lang.Long).
[INFO] -- MapStruct: selecting property mapping: request.aprovadoPor().
[INFO] -- MapStruct: mapping property: request.usuarioCadastro() to: setUsuarioCadastro(java.lang.Long).
[INFO] -- MapStruct: selecting property mapping: request.usuarioCadastro().
[INFO]  MapStruct: processing: com.neritech.saas.relatorios.mapper.KpiOficinaMapper.
[INFO] - MapStruct: creating bean mapping method implementation for com.neritech.saas.relatorios.domain.KpiOficina toEntity(com.neritech.saas.relatorios.dto.KpiOficinaRequest request).
[INFO] -- MapStruct: mapping property: request.getNomeKpi() to: nomeKpi(java.lang.String).
[INFO] -- MapStruct: selecting property mapping: request.getNomeKpi().
[INFO] -- MapStruct: mapping property: request.getCategoria() to: categoria(java.lang.String).
[INFO] -- MapStruct: selecting property mapping: request.getCategoria().
[INFO] -- MapStruct: mapping property: request.getDescricao() to: descricao(java.lang.String).
[INFO] -- MapStruct: selecting property mapping: request.getDescricao().
[INFO] -- MapStruct: mapping property: request.getFormulaCalculo() to: formulaCalculo(java.lang.String).
[INFO] -- MapStruct: selecting property mapping: request.getFormulaCalculo().
[INFO] -- MapStruct: mapping property: request.getValorAtual() to: valorAtual(java.math.BigDecimal).
[INFO] -- MapStruct: selecting property mapping: request.getValorAtual().
[INFO] -- MapStruct: mapping property: request.getValorMeta() to: valorMeta(java.math.BigDecimal).
[INFO] -- MapStruct: selecting property mapping: request.getValorMeta().
[INFO] -- MapStruct: mapping property: request.getValorPeriodoAnterior() to: valorPeriodoAnterior(java.math.BigDecimal).
[INFO] -- MapStruct: selecting property mapping: request.getValorPeriodoAnterior().
[INFO] -- MapStruct: mapping property: request.getUnidadeMedida() to: unidadeMedida(java.lang.String).
[INFO] -- MapStruct: selecting property mapping: request.getUnidadeMedida().
[INFO] -- MapStruct: mapping property: request.getFrequenciaCalculo() to: frequenciaCalculo(com.neritech.saas.relatorios.domain.enums.FrequenciaCalculo).
[INFO] -- MapStruct: selecting property mapping: request.getFrequenciaCalculo().
[INFO] -- MapStruct: mapping property: request.getPeriodoReferencia() to: periodoReferencia(java.lang.String).
[INFO] -- MapStruct: selecting property mapping: request.getPeriodoReferencia().
[INFO] -- MapStruct: mapping property: request.getDataCalculo() to: dataCalculo(java.time.LocalDateTime).
[INFO] -- MapStruct: selecting property mapping: request.getDataCalculo().
[INFO] -- MapStruct: mapping property: request.getPercentualMetaAtingido() to: percentualMetaAtingido(java.math.BigDecimal).
[INFO] -- MapStruct: selecting property mapping: request.getPercentualMetaAtingido().
[INFO] -- MapStruct: mapping property: request.getVariacaoPeriodoAnterior() to: variacaoPeriodoAnterior(java.math.BigDecimal).
[INFO] -- MapStruct: selecting property mapping: request.getVariacaoPeriodoAnterior().
[INFO] -- MapStruct: mapping property: request.getTendencia() to: tendencia(com.neritech.saas.relatorios.domain.enums.TendenciaKpi).
[INFO] -- MapStruct: selecting property mapping: request.getTendencia().
[INFO] -- MapStruct: mapping property: request.getCorIndicador() to: corIndicador(java.lang.String).
[INFO] -- MapStruct: selecting property mapping: request.getCorIndicador().
[INFO] -- MapStruct: mapping property: request.getOrigemDados() to: origemDados(java.lang.String).
[INFO] -- MapStruct: selecting property mapping: request.getOrigemDados().
[INFO] -- MapStruct: mapping property: request.getObservacoes() to: observacoes(java.lang.String).
[INFO] -- MapStruct: selecting property mapping: request.getObservacoes().
[INFO] -- MapStruct: mapping property: request.getAtivo() to: ativo(java.lang.Boolean).
[INFO] -- MapStruct: selecting property mapping: request.getAtivo().
[INFO] -- MapStruct: mapping property: request.getOrdemExibicao() to: ordemExibicao(java.lang.Integer).
[INFO] -- MapStruct: selecting property mapping: request.getOrdemExibicao().
[INFO] -- MapStruct: mapping property: request.getDashboardPublico() to: dashboardPublico(java.lang.Boolean).
[INFO] -- MapStruct: selecting property mapping: request.getDashboardPublico().
[INFO] -- MapStruct: mapping property: request.getCalculadoAutomaticamente() to: calculadoAutomaticamente(java.lang.Boolean).
[INFO] -- MapStruct: selecting property mapping: request.getCalculadoAutomaticamente().
[INFO] - MapStruct: creating bean mapping method implementation for com.neritech.saas.relatorios.dto.KpiOficinaResponse toResponse(com.neritech.saas.relatorios.domain.KpiOficina entity).
[INFO] -- MapStruct: mapping property: entity.getId() to: setId(java.lang.Long).
[INFO] -- MapStruct: selecting property mapping: entity.getId().
[INFO] -- MapStruct: mapping property: entity.getEmpresaId() to: setEmpresaId(java.lang.Long).
[INFO] -- MapStruct: selecting property mapping: entity.getEmpresaId().
[INFO] -- MapStruct: mapping property: entity.getNomeKpi() to: setNomeKpi(java.lang.String).
[INFO] -- MapStruct: selecting property mapping: entity.getNomeKpi().
[INFO] -- MapStruct: mapping property: entity.getCategoria() to: setCategoria(java.lang.String).
[INFO] -- MapStruct: selecting property mapping: entity.getCategoria().
[INFO] -- MapStruct: mapping property: entity.getDescricao() to: setDescricao(java.lang.String).
[INFO] -- MapStruct: selecting property mapping: entity.getDescricao().
[INFO] -- MapStruct: mapping property: entity.getFormulaCalculo() to: setFormulaCalculo(java.lang.String).
[INFO] -- MapStruct: selecting property mapping: entity.getFormulaCalculo().
[INFO] -- MapStruct: mapping property: entity.getValorAtual() to: setValorAtual(java.math.BigDecimal).
[INFO] -- MapStruct: selecting property mapping: entity.getValorAtual().
[INFO] -- MapStruct: mapping property: entity.getValorMeta() to: setValorMeta(java.math.BigDecimal).
[INFO] -- MapStruct: selecting property mapping: entity.getValorMeta().
[INFO] -- MapStruct: mapping property: entity.getValorPeriodoAnterior() to: setValorPeriodoAnterior(java.math.BigDecimal).
[INFO] -- MapStruct: selecting property mapping: entity.getValorPeriodoAnterior().
[INFO] -- MapStruct: mapping property: entity.getUnidadeMedida() to: setUnidadeMedida(java.lang.String).
[INFO] -- MapStruct: selecting property mapping: entity.getUnidadeMedida().
[INFO] -- MapStruct: mapping property: entity.getFrequenciaCalculo() to: setFrequenciaCalculo(com.neritech.saas.relatorios.domain.enums.FrequenciaCalculo).
[INFO] -- MapStruct: selecting property mapping: entity.getFrequenciaCalculo().
[INFO] -- MapStruct: mapping property: entity.getPeriodoReferencia() to: setPeriodoReferencia(java.lang.String).
[INFO] -- MapStruct: selecting property mapping: entity.getPeriodoReferencia().
[INFO] -- MapStruct: mapping property: entity.getDataCalculo() to: setDataCalculo(java.time.LocalDateTime).
[INFO] -- MapStruct: selecting property mapping: entity.getDataCalculo().
[INFO] -- MapStruct: mapping property: entity.getPercentualMetaAtingido() to: setPercentualMetaAtingido(java.math.BigDecimal).
[INFO] -- MapStruct: selecting property mapping: entity.getPercentualMetaAtingido().
[INFO] -- MapStruct: mapping property: entity.getVariacaoPeriodoAnterior() to: setVariacaoPeriodoAnterior(java.math.BigDecimal).
[INFO] -- MapStruct: selecting property mapping: entity.getVariacaoPeriodoAnterior().
[INFO] -- MapStruct: mapping property: entity.getTendencia() to: setTendencia(com.neritech.saas.relatorios.domain.enums.TendenciaKpi).
[INFO] -- MapStruct: selecting property mapping: entity.getTendencia().
[INFO] -- MapStruct: mapping property: entity.getCorIndicador() to: setCorIndicador(java.lang.String).
[INFO] -- MapStruct: selecting property mapping: entity.getCorIndicador().
[INFO] -- MapStruct: mapping property: entity.getOrigemDados() to: setOrigemDados(java.lang.String).
[INFO] -- MapStruct: selecting property mapping: entity.getOrigemDados().
[INFO] -- MapStruct: mapping property: entity.getObservacoes() to: setObservacoes(java.lang.String).
[INFO] -- MapStruct: selecting property mapping: entity.getObservacoes().
[INFO] -- MapStruct: mapping property: entity.getAtivo() to: setAtivo(java.lang.Boolean).
[INFO] -- MapStruct: selecting property mapping: entity.getAtivo().
[INFO] -- MapStruct: mapping property: entity.getOrdemExibicao() to: setOrdemExibicao(java.lang.Integer).
[INFO] -- MapStruct: selecting property mapping: entity.getOrdemExibicao().
[INFO] -- MapStruct: mapping property: entity.getDashboardPublico() to: setDashboardPublico(java.lang.Boolean).
[INFO] -- MapStruct: selecting property mapping: entity.getDashboardPublico().
[INFO] -- MapStruct: mapping property: entity.getCalculadoAutomaticamente() to: setCalculadoAutomaticamente(java.lang.Boolean).
[INFO] -- MapStruct: selecting property mapping: entity.getCalculadoAutomaticamente().
[INFO] -- MapStruct: mapping property: entity.getDataProximaAtualizacao() to: setDataProximaAtualizacao(java.time.LocalDateTime).
[INFO] -- MapStruct: selecting property mapping: entity.getDataProximaAtualizacao().
[INFO] - MapStruct: creating bean mapping method implementation for void updateEntity(@MappingTarget com.neritech.saas.relatorios.domain.KpiOficina entity, com.neritech.saas.relatorios.dto.KpiOficinaRequest request).
[INFO] -- MapStruct: mapping property: request.getNomeKpi() to: setNomeKpi(java.lang.String).
[INFO] -- MapStruct: selecting property mapping: request.getNomeKpi().
[INFO] -- MapStruct: mapping property: request.getCategoria() to: setCategoria(java.lang.String).
[INFO] -- MapStruct: selecting property mapping: request.getCategoria().
[INFO] -- MapStruct: mapping property: request.getDescricao() to: setDescricao(java.lang.String).
[INFO] -- MapStruct: selecting property mapping: request.getDescricao().
[INFO] -- MapStruct: mapping property: request.getFormulaCalculo() to: setFormulaCalculo(java.lang.String).
[INFO] -- MapStruct: selecting property mapping: request.getFormulaCalculo().
[INFO] -- MapStruct: mapping property: request.getValorAtual() to: setValorAtual(java.math.BigDecimal).
[INFO] -- MapStruct: selecting property mapping: request.getValorAtual().
[INFO] -- MapStruct: mapping property: request.getValorMeta() to: setValorMeta(java.math.BigDecimal).
[INFO] -- MapStruct: selecting property mapping: request.getValorMeta().
[INFO] -- MapStruct: mapping property: request.getValorPeriodoAnterior() to: setValorPeriodoAnterior(java.math.BigDecimal).
[INFO] -- MapStruct: selecting property mapping: request.getValorPeriodoAnterior().
[INFO] -- MapStruct: mapping property: request.getUnidadeMedida() to: setUnidadeMedida(java.lang.String).
[INFO] -- MapStruct: selecting property mapping: request.getUnidadeMedida().
[INFO] -- MapStruct: mapping property: request.getFrequenciaCalculo() to: setFrequenciaCalculo(com.neritech.saas.relatorios.domain.enums.FrequenciaCalculo).
[INFO] -- MapStruct: selecting property mapping: request.getFrequenciaCalculo().
[INFO] -- MapStruct: mapping property: request.getPeriodoReferencia() to: setPeriodoReferencia(java.lang.String).
[INFO] -- MapStruct: selecting property mapping: request.getPeriodoReferencia().
[INFO] -- MapStruct: mapping property: request.getDataCalculo() to: setDataCalculo(java.time.LocalDateTime).
[INFO] -- MapStruct: selecting property mapping: request.getDataCalculo().
[INFO] -- MapStruct: mapping property: request.getPercentualMetaAtingido() to: setPercentualMetaAtingido(java.math.BigDecimal).
[INFO] -- MapStruct: selecting property mapping: request.getPercentualMetaAtingido().
[INFO] -- MapStruct: mapping property: request.getVariacaoPeriodoAnterior() to: setVariacaoPeriodoAnterior(java.math.BigDecimal).
[INFO] -- MapStruct: selecting property mapping: request.getVariacaoPeriodoAnterior().
[INFO] -- MapStruct: mapping property: request.getTendencia() to: setTendencia(com.neritech.saas.relatorios.domain.enums.TendenciaKpi).
[INFO] -- MapStruct: selecting property mapping: request.getTendencia().
[INFO] -- MapStruct: mapping property: request.getCorIndicador() to: setCorIndicador(java.lang.String).
[INFO] -- MapStruct: selecting property mapping: request.getCorIndicador().
[INFO] -- MapStruct: mapping property: request.getOrigemDados() to: setOrigemDados(java.lang.String).
[INFO] -- MapStruct: selecting property mapping: request.getOrigemDados().
[INFO] -- MapStruct: mapping property: request.getObservacoes() to: setObservacoes(java.lang.String).
[INFO] -- MapStruct: selecting property mapping: request.getObservacoes().
[INFO] -- MapStruct: mapping property: request.getDataProximaAtualizacao() to: setDataProximaAtualizacao(java.time.LocalDateTime).
[INFO] -- MapStruct: selecting property mapping: request.getDataProximaAtualizacao().
[INFO] -- MapStruct: mapping property: request.getAtivo() to: setAtivo(java.lang.Boolean).
[INFO] -- MapStruct: selecting property mapping: request.getAtivo().
[INFO] -- MapStruct: mapping property: request.getOrdemExibicao() to: setOrdemExibicao(java.lang.Integer).
[INFO] -- MapStruct: selecting property mapping: request.getOrdemExibicao().
[INFO] -- MapStruct: mapping property: request.getDashboardPublico() to: setDashboardPublico(java.lang.Boolean).
[INFO] -- MapStruct: selecting property mapping: request.getDashboardPublico().
[INFO] -- MapStruct: mapping property: request.getCalculadoAutomaticamente() to: setCalculadoAutomaticamente(java.lang.Boolean).
[INFO] -- MapStruct: selecting property mapping: request.getCalculadoAutomaticamente().
[WARNING] /C:/Users/alexa/OneDrive/Documentos/NeriTech/backend/src/main/java/com/neritech/saas/relatorios/mapper/KpiOficinaMapper.java:[20,10] Unmapped target properties: "dataCadastro, dataAtualizacao, criadoPor, atualizadoPor, versao".
[INFO]  MapStruct: processing: com.neritech.saas.rh.mapper.FuncionarioMapper.
[INFO] - MapStruct: creating bean mapping method implementation for com.neritech.saas.rh.domain.Funcionario toEntity(com.neritech.saas.rh.dto.FuncionarioRequest request).
[INFO] -- MapStruct: mapping property: request.empresaId() to: setEmpresaId(java.lang.Long).
[INFO] -- MapStruct: selecting property mapping: request.empresaId().
[INFO] -- MapStruct: mapping property: request.usuarioId() to: setUsuarioId(java.lang.Long).
[INFO] -- MapStruct: selecting property mapping: request.usuarioId().
[INFO] -- MapStruct: mapping property: request.matricula() to: setMatricula(java.lang.String).
[INFO] -- MapStruct: selecting property mapping: request.matricula().
[INFO] -- MapStruct: mapping property: request.nomeCompleto() to: setNomeCompleto(java.lang.String).
[INFO] -- MapStruct: selecting property mapping: request.nomeCompleto().
[INFO] -- MapStruct: mapping property: request.cpf() to: setCpf(java.lang.String).
[INFO] -- MapStruct: selecting property mapping: request.cpf().
[INFO] -- MapStruct: mapping property: request.rg() to: setRg(java.lang.String).
[INFO] -- MapStruct: selecting property mapping: request.rg().
[INFO] -- MapStruct: mapping property: request.dataNascimento() to: setDataNascimento(java.time.LocalDate).
[INFO] -- MapStruct: selecting property mapping: request.dataNascimento().
[INFO] -- MapStruct: mapping property: request.sexo() to: setSexo(com.neritech.saas.rh.domain.enums.Sexo).
[INFO] -- MapStruct: selecting property mapping: request.sexo().
[INFO] -- MapStruct: mapping property: request.estadoCivil() to: setEstadoCivil(com.neritech.saas.rh.domain.enums.EstadoCivil).
[INFO] -- MapStruct: selecting property mapping: request.estadoCivil().
[INFO] -- MapStruct: mapping property: request.nacionalidade() to: setNacionalidade(java.lang.String).
[INFO] -- MapStruct: selecting property mapping: request.nacionalidade().
[INFO] -- MapStruct: mapping property: request.naturalidade() to: setNaturalidade(java.lang.String).
[INFO] -- MapStruct: selecting property mapping: request.naturalidade().
[INFO] -- MapStruct: mapping property: request.nomeMae() to: setNomeMae(java.lang.String).
[INFO] -- MapStruct: selecting property mapping: request.nomeMae().
[INFO] -- MapStruct: mapping property: request.nomePai() to: setNomePai(java.lang.String).
[INFO] -- MapStruct: selecting property mapping: request.nomePai().
[INFO] -- MapStruct: mapping property: request.escolaridade() to: setEscolaridade(com.neritech.saas.rh.domain.enums.Escolaridade).
[INFO] -- MapStruct: selecting property mapping: request.escolaridade().
[INFO] -- MapStruct: mapping property: request.profissao() to: setProfissao(java.lang.String).
[INFO] -- MapStruct: selecting property mapping: request.profissao().
[INFO] -- MapStruct: mapping property: request.cargoId() to: setCargoId(java.lang.Long).
[INFO] -- MapStruct: selecting property mapping: request.cargoId().
[INFO] -- MapStruct: mapping property: request.departamentoId() to: setDepartamentoId(java.lang.Long).
[INFO] -- MapStruct: selecting property mapping: request.departamentoId().
[INFO] -- MapStruct: mapping property: request.dataAdmissao() to: setDataAdmissao(java.time.LocalDate).
[INFO] -- MapStruct: selecting property mapping: request.dataAdmissao().
[INFO] -- MapStruct: mapping property: request.dataDemissao() to: setDataDemissao(java.time.LocalDate).
[INFO] -- MapStruct: selecting property mapping: request.dataDemissao().
[INFO] -- MapStruct: mapping property: request.tipoContrato() to: setTipoContrato(com.neritech.saas.rh.domain.enums.TipoContrato).
[INFO] -- MapStruct: selecting property mapping: request.tipoContrato().
[INFO] -- MapStruct: mapping property: request.salarioBase() to: setSalarioBase(java.math.BigDecimal).
[INFO] -- MapStruct: selecting property mapping: request.salarioBase().
[INFO] -- MapStruct: mapping property: request.comissaoPercentual() to: setComissaoPercentual(java.math.BigDecimal).
[INFO] -- MapStruct: selecting property mapping: request.comissaoPercentual().
[INFO] -- MapStruct: mapping property: request.valeTransporte() to: setValeTransporte(java.math.BigDecimal).
[INFO] -- MapStruct: selecting property mapping: request.valeTransporte().
[INFO] -- MapStruct: mapping property: request.valeAlimentacao() to: setValeAlimentacao(java.math.BigDecimal).
[INFO] -- MapStruct: selecting property mapping: request.valeAlimentacao().
[INFO] -- MapStruct: mapping property: request.planoSaude() to: setPlanoSaude(java.lang.Boolean).
[INFO] -- MapStruct: selecting property mapping: request.planoSaude().
[INFO] -- MapStruct: mapping property: request.planoOdontologico() to: setPlanoOdontologico(java.lang.Boolean).
[INFO] -- MapStruct: selecting property mapping: request.planoOdontologico().
[INFO] -- MapStruct: mapping property: request.status() to: setStatus(com.neritech.saas.rh.domain.enums.StatusFuncionario).
[INFO] -- MapStruct: selecting property mapping: request.status().
[INFO] -- MapStruct: mapping property: request.motivoInativacao() to: setMotivoInativacao(java.lang.String).
[INFO] -- MapStruct: selecting property mapping: request.motivoInativacao().
[INFO] -- MapStruct: mapping property: request.enderecoCompleto() to: setEnderecoCompleto(java.lang.String).
[INFO] -- MapStruct: selecting property mapping: request.enderecoCompleto().
[INFO] -- MapStruct: mapping property: request.telefonePrincipal() to: setTelefonePrincipal(java.lang.String).
[INFO] -- MapStruct: selecting property mapping: request.telefonePrincipal().
[INFO] -- MapStruct: mapping property: request.telefoneEmergencia() to: setTelefoneEmergencia(java.lang.String).
[INFO] -- MapStruct: selecting property mapping: request.telefoneEmergencia().
[INFO] -- MapStruct: mapping property: request.contatoEmergenciaNome() to: setContatoEmergenciaNome(java.lang.String).
[INFO] -- MapStruct: selecting property mapping: request.contatoEmergenciaNome().
[INFO] -- MapStruct: mapping property: request.contatoEmergenciaParentesco() to: setContatoEmergenciaParentesco(java.lang.String).
[INFO] -- MapStruct: selecting property mapping: request.contatoEmergenciaParentesco().
[INFO] -- MapStruct: mapping property: request.emailPessoal() to: setEmailPessoal(java.lang.String).
[INFO] -- MapStruct: selecting property mapping: request.emailPessoal().
[INFO] -- MapStruct: mapping property: request.bancoCodigo() to: setBancoCodigo(java.lang.String).
[INFO] -- MapStruct: selecting property mapping: request.bancoCodigo().
[INFO] -- MapStruct: mapping property: request.bancoAgencia() to: setBancoAgencia(java.lang.String).
[INFO] -- MapStruct: selecting property mapping: request.bancoAgencia().
[INFO] -- MapStruct: mapping property: request.bancoConta() to: setBancoConta(java.lang.String).
[INFO] -- MapStruct: selecting property mapping: request.bancoConta().
[INFO] -- MapStruct: mapping property: request.bancoTipoConta() to: setBancoTipoConta(com.neritech.saas.financeiro.domain.enums.TipoConta).
[INFO] -- MapStruct: selecting property mapping: request.bancoTipoConta().
[INFO] -- MapStruct: mapping property: request.pisPasep() to: setPisPasep(java.lang.String).
[INFO] -- MapStruct: selecting property mapping: request.pisPasep().
[INFO] -- MapStruct: mapping property: request.tituloEleitor() to: setTituloEleitor(java.lang.String).
[INFO] -- MapStruct: selecting property mapping: request.tituloEleitor().
[INFO] -- MapStruct: mapping property: request.carteiraTrabalho() to: setCarteiraTrabalho(java.lang.String).
[INFO] -- MapStruct: selecting property mapping: request.carteiraTrabalho().
[INFO] -- MapStruct: mapping property: request.certificadoReservista() to: setCertificadoReservista(java.lang.String).
[INFO] -- MapStruct: selecting property mapping: request.certificadoReservista().
[INFO] -- MapStruct: mapping property: request.cnhNumero() to: setCnhNumero(java.lang.String).
[INFO] -- MapStruct: selecting property mapping: request.cnhNumero().
[INFO] -- MapStruct: mapping property: request.cnhCategoria() to: setCnhCategoria(java.lang.String).
[INFO] -- MapStruct: selecting property mapping: request.cnhCategoria().
[INFO] -- MapStruct: mapping property: request.cnhValidade() to: setCnhValidade(java.time.LocalDate).
[INFO] -- MapStruct: selecting property mapping: request.cnhValidade().
[INFO] -- MapStruct: mapping property: request.fotoFuncionarioUrl() to: setFotoFuncionarioUrl(java.lang.String).
[INFO] -- MapStruct: selecting property mapping: request.fotoFuncionarioUrl().
[INFO] -- MapStruct: mapping property: request.observacoes() to: setObservacoes(java.lang.String).
[INFO] -- MapStruct: selecting property mapping: request.observacoes().
[INFO] - MapStruct: creating bean mapping method implementation for com.neritech.saas.rh.dto.FuncionarioResponse toResponse(com.neritech.saas.rh.domain.Funcionario entity).
[INFO] -- MapStruct: mapping property: entity.getId() to: id.
[INFO] -- MapStruct: selecting property mapping: entity.getId().
[INFO] -- MapStruct: mapping property: entity.getEmpresaId() to: empresaId.
[INFO] -- MapStruct: selecting property mapping: entity.getEmpresaId().
[INFO] -- MapStruct: mapping property: entity.getUsuarioId() to: usuarioId.
[INFO] -- MapStruct: selecting property mapping: entity.getUsuarioId().
[INFO] -- MapStruct: mapping property: entity.getMatricula() to: matricula.
[INFO] -- MapStruct: selecting property mapping: entity.getMatricula().
[INFO] -- MapStruct: mapping property: entity.getNomeCompleto() to: nomeCompleto.
[INFO] -- MapStruct: selecting property mapping: entity.getNomeCompleto().
[INFO] -- MapStruct: mapping property: entity.getCpf() to: cpf.
[INFO] -- MapStruct: selecting property mapping: entity.getCpf().
[INFO] -- MapStruct: mapping property: entity.getRg() to: rg.
[INFO] -- MapStruct: selecting property mapping: entity.getRg().
[INFO] -- MapStruct: mapping property: entity.getDataNascimento() to: dataNascimento.
[INFO] -- MapStruct: selecting property mapping: entity.getDataNascimento().
[INFO] -- MapStruct: mapping property: entity.getSexo() to: sexo.
[INFO] -- MapStruct: selecting property mapping: entity.getSexo().
[INFO] -- MapStruct: mapping property: entity.getEstadoCivil() to: estadoCivil.
[INFO] -- MapStruct: selecting property mapping: entity.getEstadoCivil().
[INFO] -- MapStruct: mapping property: entity.getNacionalidade() to: nacionalidade.
[INFO] -- MapStruct: selecting property mapping: entity.getNacionalidade().
[INFO] -- MapStruct: mapping property: entity.getNaturalidade() to: naturalidade.
[INFO] -- MapStruct: selecting property mapping: entity.getNaturalidade().
[INFO] -- MapStruct: mapping property: entity.getNomeMae() to: nomeMae.
[INFO] -- MapStruct: selecting property mapping: entity.getNomeMae().
[INFO] -- MapStruct: mapping property: entity.getNomePai() to: nomePai.
[INFO] -- MapStruct: selecting property mapping: entity.getNomePai().
[INFO] -- MapStruct: mapping property: entity.getEscolaridade() to: escolaridade.
[INFO] -- MapStruct: selecting property mapping: entity.getEscolaridade().
[INFO] -- MapStruct: mapping property: entity.getProfissao() to: profissao.
[INFO] -- MapStruct: selecting property mapping: entity.getProfissao().
[INFO] -- MapStruct: mapping property: entity.getCargoId() to: cargoId.
[INFO] -- MapStruct: selecting property mapping: entity.getCargoId().
[INFO] -- MapStruct: mapping property: entity.getDepartamentoId() to: departamentoId.
[INFO] -- MapStruct: selecting property mapping: entity.getDepartamentoId().
[INFO] -- MapStruct: mapping property: entity.getDataAdmissao() to: dataAdmissao.
[INFO] -- MapStruct: selecting property mapping: entity.getDataAdmissao().
[INFO] -- MapStruct: mapping property: entity.getDataDemissao() to: dataDemissao.
[INFO] -- MapStruct: selecting property mapping: entity.getDataDemissao().
[INFO] -- MapStruct: mapping property: entity.getTipoContrato() to: tipoContrato.
[INFO] -- MapStruct: selecting property mapping: entity.getTipoContrato().
[INFO] -- MapStruct: mapping property: entity.getSalarioBase() to: salarioBase.
[INFO] -- MapStruct: selecting property mapping: entity.getSalarioBase().
[INFO] -- MapStruct: mapping property: entity.getComissaoPercentual() to: comissaoPercentual.
[INFO] -- MapStruct: selecting property mapping: entity.getComissaoPercentual().
[INFO] -- MapStruct: mapping property: entity.getValeTransporte() to: valeTransporte.
[INFO] -- MapStruct: selecting property mapping: entity.getValeTransporte().
[INFO] -- MapStruct: mapping property: entity.getValeAlimentacao() to: valeAlimentacao.
[INFO] -- MapStruct: selecting property mapping: entity.getValeAlimentacao().
[INFO] -- MapStruct: mapping property: entity.getPlanoSaude() to: planoSaude.
[INFO] -- MapStruct: selecting property mapping: entity.getPlanoSaude().
[INFO] -- MapStruct: mapping property: entity.getPlanoOdontologico() to: planoOdontologico.
[INFO] -- MapStruct: selecting property mapping: entity.getPlanoOdontologico().
[INFO] -- MapStruct: mapping property: entity.getStatus() to: status.
[INFO] -- MapStruct: selecting property mapping: entity.getStatus().
[INFO] -- MapStruct: mapping property: entity.getMotivoInativacao() to: motivoInativacao.
[INFO] -- MapStruct: selecting property mapping: entity.getMotivoInativacao().
[INFO] -- MapStruct: mapping property: entity.getEnderecoCompleto() to: enderecoCompleto.
[INFO] -- MapStruct: selecting property mapping: entity.getEnderecoCompleto().
[INFO] -- MapStruct: mapping property: entity.getTelefonePrincipal() to: telefonePrincipal.
[INFO] -- MapStruct: selecting property mapping: entity.getTelefonePrincipal().
[INFO] -- MapStruct: mapping property: entity.getTelefoneEmergencia() to: telefoneEmergencia.
[INFO] -- MapStruct: selecting property mapping: entity.getTelefoneEmergencia().
[INFO] -- MapStruct: mapping property: entity.getContatoEmergenciaNome() to: contatoEmergenciaNome.
[INFO] -- MapStruct: selecting property mapping: entity.getContatoEmergenciaNome().
[INFO] -- MapStruct: mapping property: entity.getContatoEmergenciaParentesco() to: contatoEmergenciaParentesco.
[INFO] -- MapStruct: selecting property mapping: entity.getContatoEmergenciaParentesco().
[INFO] -- MapStruct: mapping property: entity.getEmailPessoal() to: emailPessoal.
[INFO] -- MapStruct: selecting property mapping: entity.getEmailPessoal().
[INFO] -- MapStruct: mapping property: entity.getBancoCodigo() to: bancoCodigo.
[INFO] -- MapStruct: selecting property mapping: entity.getBancoCodigo().
[INFO] -- MapStruct: mapping property: entity.getBancoAgencia() to: bancoAgencia.
[INFO] -- MapStruct: selecting property mapping: entity.getBancoAgencia().
[INFO] -- MapStruct: mapping property: entity.getBancoConta() to: bancoConta.
[INFO] -- MapStruct: selecting property mapping: entity.getBancoConta().
[INFO] -- MapStruct: mapping property: entity.getBancoTipoConta() to: bancoTipoConta.
[INFO] -- MapStruct: selecting property mapping: entity.getBancoTipoConta().
[INFO] -- MapStruct: mapping property: entity.getPisPasep() to: pisPasep.
[INFO] -- MapStruct: selecting property mapping: entity.getPisPasep().
[INFO] -- MapStruct: mapping property: entity.getTituloEleitor() to: tituloEleitor.
[INFO] -- MapStruct: selecting property mapping: entity.getTituloEleitor().
[INFO] -- MapStruct: mapping property: entity.getCarteiraTrabalho() to: carteiraTrabalho.
[INFO] -- MapStruct: selecting property mapping: entity.getCarteiraTrabalho().
[INFO] -- MapStruct: mapping property: entity.getCertificadoReservista() to: certificadoReservista.
[INFO] -- MapStruct: selecting property mapping: entity.getCertificadoReservista().
[INFO] -- MapStruct: mapping property: entity.getCnhNumero() to: cnhNumero.
[INFO] -- MapStruct: selecting property mapping: entity.getCnhNumero().
[INFO] -- MapStruct: mapping property: entity.getCnhCategoria() to: cnhCategoria.
[INFO] -- MapStruct: selecting property mapping: entity.getCnhCategoria().
[INFO] -- MapStruct: mapping property: entity.getCnhValidade() to: cnhValidade.
[INFO] -- MapStruct: selecting property mapping: entity.getCnhValidade().
[INFO] -- MapStruct: mapping property: entity.getFotoFuncionarioUrl() to: fotoFuncionarioUrl.
[INFO] -- MapStruct: selecting property mapping: entity.getFotoFuncionarioUrl().
[INFO] -- MapStruct: mapping property: entity.getObservacoes() to: observacoes.
[INFO] -- MapStruct: selecting property mapping: entity.getObservacoes().
[INFO] -- MapStruct: mapping property: entity.getDataCadastro() to: dataCadastro.
[INFO] -- MapStruct: selecting property mapping: entity.getDataCadastro().
[INFO] -- MapStruct: mapping property: entity.getDataAtualizacao() to: dataAtualizacao.
[INFO] -- MapStruct: selecting property mapping: entity.getDataAtualizacao().
[INFO] - MapStruct: creating bean mapping method implementation for void updateEntity(com.neritech.saas.rh.dto.FuncionarioRequest request, @MappingTarget com.neritech.saas.rh.domain.Funcionario entity).
[INFO] -- MapStruct: mapping property: request.empresaId() to: setEmpresaId(java.lang.Long).
[INFO] -- MapStruct: selecting property mapping: request.empresaId().
[INFO] -- MapStruct: mapping property: request.usuarioId() to: setUsuarioId(java.lang.Long).
[INFO] -- MapStruct: selecting property mapping: request.usuarioId().
[INFO] -- MapStruct: mapping property: request.matricula() to: setMatricula(java.lang.String).
[INFO] -- MapStruct: selecting property mapping: request.matricula().
[INFO] -- MapStruct: mapping property: request.nomeCompleto() to: setNomeCompleto(java.lang.String).
[INFO] -- MapStruct: selecting property mapping: request.nomeCompleto().
[INFO] -- MapStruct: mapping property: request.cpf() to: setCpf(java.lang.String).
[INFO] -- MapStruct: selecting property mapping: request.cpf().
[INFO] -- MapStruct: mapping property: request.rg() to: setRg(java.lang.String).
[INFO] -- MapStruct: selecting property mapping: request.rg().
[INFO] -- MapStruct: mapping property: request.dataNascimento() to: setDataNascimento(java.time.LocalDate).
[INFO] -- MapStruct: selecting property mapping: request.dataNascimento().
[INFO] -- MapStruct: mapping property: request.sexo() to: setSexo(com.neritech.saas.rh.domain.enums.Sexo).
[INFO] -- MapStruct: selecting property mapping: request.sexo().
[INFO] -- MapStruct: mapping property: request.estadoCivil() to: setEstadoCivil(com.neritech.saas.rh.domain.enums.EstadoCivil).
[INFO] -- MapStruct: selecting property mapping: request.estadoCivil().
[INFO] -- MapStruct: mapping property: request.nacionalidade() to: setNacionalidade(java.lang.String).
[INFO] -- MapStruct: selecting property mapping: request.nacionalidade().
[INFO] -- MapStruct: mapping property: request.naturalidade() to: setNaturalidade(java.lang.String).
[INFO] -- MapStruct: selecting property mapping: request.naturalidade().
[INFO] -- MapStruct: mapping property: request.nomeMae() to: setNomeMae(java.lang.String).
[INFO] -- MapStruct: selecting property mapping: request.nomeMae().
[INFO] -- MapStruct: mapping property: request.nomePai() to: setNomePai(java.lang.String).
[INFO] -- MapStruct: selecting property mapping: request.nomePai().
[INFO] -- MapStruct: mapping property: request.escolaridade() to: setEscolaridade(com.neritech.saas.rh.domain.enums.Escolaridade).
[INFO] -- MapStruct: selecting property mapping: request.escolaridade().
[INFO] -- MapStruct: mapping property: request.profissao() to: setProfissao(java.lang.String).
[INFO] -- MapStruct: selecting property mapping: request.profissao().
[INFO] -- MapStruct: mapping property: request.cargoId() to: setCargoId(java.lang.Long).
[INFO] -- MapStruct: selecting property mapping: request.cargoId().
[INFO] -- MapStruct: mapping property: request.departamentoId() to: setDepartamentoId(java.lang.Long).
[INFO] -- MapStruct: selecting property mapping: request.departamentoId().
[INFO] -- MapStruct: mapping property: request.dataAdmissao() to: setDataAdmissao(java.time.LocalDate).
[INFO] -- MapStruct: selecting property mapping: request.dataAdmissao().
[INFO] -- MapStruct: mapping property: request.dataDemissao() to: setDataDemissao(java.time.LocalDate).
[INFO] -- MapStruct: selecting property mapping: request.dataDemissao().
[INFO] -- MapStruct: mapping property: request.tipoContrato() to: setTipoContrato(com.neritech.saas.rh.domain.enums.TipoContrato).
[INFO] -- MapStruct: selecting property mapping: request.tipoContrato().
[INFO] -- MapStruct: mapping property: request.salarioBase() to: setSalarioBase(java.math.BigDecimal).
[INFO] -- MapStruct: selecting property mapping: request.salarioBase().
[INFO] -- MapStruct: mapping property: request.comissaoPercentual() to: setComissaoPercentual(java.math.BigDecimal).
[INFO] -- MapStruct: selecting property mapping: request.comissaoPercentual().
[INFO] -- MapStruct: mapping property: request.valeTransporte() to: setValeTransporte(java.math.BigDecimal).
[INFO] -- MapStruct: selecting property mapping: request.valeTransporte().
[INFO] -- MapStruct: mapping property: request.valeAlimentacao() to: setValeAlimentacao(java.math.BigDecimal).
[INFO] -- MapStruct: selecting property mapping: request.valeAlimentacao().
[INFO] -- MapStruct: mapping property: request.planoSaude() to: setPlanoSaude(java.lang.Boolean).
[INFO] -- MapStruct: selecting property mapping: request.planoSaude().
[INFO] -- MapStruct: mapping property: request.planoOdontologico() to: setPlanoOdontologico(java.lang.Boolean).
[INFO] -- MapStruct: selecting property mapping: request.planoOdontologico().
[INFO] -- MapStruct: mapping property: request.status() to: setStatus(com.neritech.saas.rh.domain.enums.StatusFuncionario).
[INFO] -- MapStruct: selecting property mapping: request.status().
[INFO] -- MapStruct: mapping property: request.motivoInativacao() to: setMotivoInativacao(java.lang.String).
[INFO] -- MapStruct: selecting property mapping: request.motivoInativacao().
[INFO] -- MapStruct: mapping property: request.enderecoCompleto() to: setEnderecoCompleto(java.lang.String).
[INFO] -- MapStruct: selecting property mapping: request.enderecoCompleto().
[INFO] -- MapStruct: mapping property: request.telefonePrincipal() to: setTelefonePrincipal(java.lang.String).
[INFO] -- MapStruct: selecting property mapping: request.telefonePrincipal().
[INFO] -- MapStruct: mapping property: request.telefoneEmergencia() to: setTelefoneEmergencia(java.lang.String).
[INFO] -- MapStruct: selecting property mapping: request.telefoneEmergencia().
[INFO] -- MapStruct: mapping property: request.contatoEmergenciaNome() to: setContatoEmergenciaNome(java.lang.String).
[INFO] -- MapStruct: selecting property mapping: request.contatoEmergenciaNome().
[INFO] -- MapStruct: mapping property: request.contatoEmergenciaParentesco() to: setContatoEmergenciaParentesco(java.lang.String).
[INFO] -- MapStruct: selecting property mapping: request.contatoEmergenciaParentesco().
[INFO] -- MapStruct: mapping property: request.emailPessoal() to: setEmailPessoal(java.lang.String).
[INFO] -- MapStruct: selecting property mapping: request.emailPessoal().
[INFO] -- MapStruct: mapping property: request.bancoCodigo() to: setBancoCodigo(java.lang.String).
[INFO] -- MapStruct: selecting property mapping: request.bancoCodigo().
[INFO] -- MapStruct: mapping property: request.bancoAgencia() to: setBancoAgencia(java.lang.String).
[INFO] -- MapStruct: selecting property mapping: request.bancoAgencia().
[INFO] -- MapStruct: mapping property: request.bancoConta() to: setBancoConta(java.lang.String).
[INFO] -- MapStruct: selecting property mapping: request.bancoConta().
[INFO] -- MapStruct: mapping property: request.bancoTipoConta() to: setBancoTipoConta(com.neritech.saas.financeiro.domain.enums.TipoConta).
[INFO] -- MapStruct: selecting property mapping: request.bancoTipoConta().
[INFO] -- MapStruct: mapping property: request.pisPasep() to: setPisPasep(java.lang.String).
[INFO] -- MapStruct: selecting property mapping: request.pisPasep().
[INFO] -- MapStruct: mapping property: request.tituloEleitor() to: setTituloEleitor(java.lang.String).
[INFO] -- MapStruct: selecting property mapping: request.tituloEleitor().
[INFO] -- MapStruct: mapping property: request.carteiraTrabalho() to: setCarteiraTrabalho(java.lang.String).
[INFO] -- MapStruct: selecting property mapping: request.carteiraTrabalho().
[INFO] -- MapStruct: mapping property: request.certificadoReservista() to: setCertificadoReservista(java.lang.String).
[INFO] -- MapStruct: selecting property mapping: request.certificadoReservista().
[INFO] -- MapStruct: mapping property: request.cnhNumero() to: setCnhNumero(java.lang.String).
[INFO] -- MapStruct: selecting property mapping: request.cnhNumero().
[INFO] -- MapStruct: mapping property: request.cnhCategoria() to: setCnhCategoria(java.lang.String).
[INFO] -- MapStruct: selecting property mapping: request.cnhCategoria().
[INFO] -- MapStruct: mapping property: request.cnhValidade() to: setCnhValidade(java.time.LocalDate).
[INFO] -- MapStruct: selecting property mapping: request.cnhValidade().
[INFO] -- MapStruct: mapping property: request.fotoFuncionarioUrl() to: setFotoFuncionarioUrl(java.lang.String).
[INFO] -- MapStruct: selecting property mapping: request.fotoFuncionarioUrl().
[INFO] -- MapStruct: mapping property: request.observacoes() to: setObservacoes(java.lang.String).
[INFO] -- MapStruct: selecting property mapping: request.observacoes().
[INFO]  MapStruct: processing: com.neritech.saas.fiscal.mapper.RegimeTributarioMapper.
[INFO] - MapStruct: creating bean mapping method implementation for com.neritech.saas.fiscal.domain.RegimeTributario toEntity(com.neritech.saas.fiscal.dto.RegimeTributarioRequest request).
[INFO] MapStruct: referred types not available (yet), deferring mapper: com.neritech.saas.fiscal.mapper.RegimeTributarioMapper
[INFO]  MapStruct: processing: com.neritech.saas.rh.mapper.AvaliacaoFuncionarioMapper.
[INFO] - MapStruct: creating bean mapping method implementation for com.neritech.saas.rh.domain.AvaliacaoFuncionario toEntity(com.neritech.saas.rh.dto.AvaliacaoFuncionarioRequest request).
[INFO] -- MapStruct: mapping property: request.funcionarioId() to: setFuncionarioId(java.lang.Long).
[INFO] -- MapStruct: selecting property mapping: request.funcionarioId().
[INFO] -- MapStruct: mapping property: request.avaliadorId() to: setAvaliadorId(java.lang.Long).
[INFO] -- MapStruct: selecting property mapping: request.avaliadorId().
[INFO] -- MapStruct: mapping property: request.tipoAvaliacao() to: setTipoAvaliacao(com.neritech.saas.rh.domain.enums.TipoAvaliacao).
[INFO] -- MapStruct: selecting property mapping: request.tipoAvaliacao().
[INFO] -- MapStruct: mapping property: request.periodoAvaliado() to: setPeriodoAvaliado(java.lang.String).
[INFO] -- MapStruct: selecting property mapping: request.periodoAvaliado().
[INFO] -- MapStruct: mapping property: request.dataAvaliacao() to: setDataAvaliacao(java.time.LocalDate).
[INFO] -- MapStruct: selecting property mapping: request.dataAvaliacao().
[INFO] -- MapStruct: mapping property: request.notaProdutividade() to: setNotaProdutividade(java.math.BigDecimal).
[INFO] -- MapStruct: selecting property mapping: request.notaProdutividade().
[INFO] -- MapStruct: mapping property: request.notaQualidade() to: setNotaQualidade(java.math.BigDecimal).
[INFO] -- MapStruct: selecting property mapping: request.notaQualidade().
[INFO] -- MapStruct: mapping property: request.notaPontualidade() to: setNotaPontualidade(java.math.BigDecimal).
[INFO] -- MapStruct: selecting property mapping: request.notaPontualidade().
[INFO] -- MapStruct: mapping property: request.notaTrabalhoEquipe() to: setNotaTrabalhoEquipe(java.math.BigDecimal).
[INFO] -- MapStruct: selecting property mapping: request.notaTrabalhoEquipe().
[INFO] -- MapStruct: mapping property: request.notaIniciativa() to: setNotaIniciativa(java.math.BigDecimal).
[INFO] -- MapStruct: selecting property mapping: request.notaIniciativa().
[INFO] -- MapStruct: mapping property: request.notaConhecimentoTecnico() to: setNotaConhecimentoTecnico(java.math.BigDecimal).
[INFO] -- MapStruct: selecting property mapping: request.notaConhecimentoTecnico().
[INFO] -- MapStruct: mapping property: request.notaAtendimentoCliente() to: setNotaAtendimentoCliente(java.math.BigDecimal).
[INFO] -- MapStruct: selecting property mapping: request.notaAtendimentoCliente().
[INFO] -- MapStruct: mapping property: request.notaOrganizacao() to: setNotaOrganizacao(java.math.BigDecimal).
[INFO] -- MapStruct: selecting property mapping: request.notaOrganizacao().
[INFO] -- MapStruct: mapping property: request.notaLideranca() to: setNotaLideranca(java.math.BigDecimal).
[INFO] -- MapStruct: selecting property mapping: request.notaLideranca().
[INFO] -- MapStruct: mapping property: request.notaFinal() to: setNotaFinal(java.math.BigDecimal).
[INFO] -- MapStruct: selecting property mapping: request.notaFinal().
[INFO] -- MapStruct: mapping property: request.pontosFortes() to: setPontosFortes(java.lang.String).
[INFO] -- MapStruct: selecting property mapping: request.pontosFortes().
[INFO] -- MapStruct: mapping property: request.pontosMelhoria() to: setPontosMelhoria(java.lang.String).
[INFO] -- MapStruct: selecting property mapping: request.pontosMelhoria().
[INFO] -- MapStruct: mapping property: request.metasEstabelecidas() to: setMetasEstabelecidas(java.lang.String).
[INFO] -- MapStruct: selecting property mapping: request.metasEstabelecidas().
[INFO] -- MapStruct: mapping property: request.planoDesenvolvimento() to: setPlanoDesenvolvimento(java.lang.String).
[INFO] -- MapStruct: selecting property mapping: request.planoDesenvolvimento().
[INFO] -- MapStruct: mapping property: request.treinamentosRecomendados() to: setTreinamentosRecomendados(java.lang.String).
[INFO] -- MapStruct: selecting property mapping: request.treinamentosRecomendados().
[INFO] -- MapStruct: mapping property: request.recomendacao() to: setRecomendacao(com.neritech.saas.rh.domain.enums.RecomendacaoAvaliacao).
[INFO] -- MapStruct: selecting property mapping: request.recomendacao().
[INFO] -- MapStruct: mapping property: request.aumentoSalarialSugerido() to: setAumentoSalarialSugerido(java.math.BigDecimal).
[INFO] -- MapStruct: selecting property mapping: request.aumentoSalarialSugerido().
[INFO] -- MapStruct: mapping property: request.bonusSugerido() to: setBonusSugerido(java.math.BigDecimal).
[INFO] -- MapStruct: selecting property mapping: request.bonusSugerido().
[INFO] -- MapStruct: mapping property: request.observacoesAvaliador() to: setObservacoesAvaliador(java.lang.String).
[INFO] -- MapStruct: selecting property mapping: request.observacoesAvaliador().
[INFO] -- MapStruct: mapping property: request.comentariosFuncionario() to: setComentariosFuncionario(java.lang.String).
[INFO] -- MapStruct: selecting property mapping: request.comentariosFuncionario().
[INFO] -- MapStruct: mapping property: request.dataCienciaFuncionario() to: setDataCienciaFuncionario(java.time.LocalDate).
[INFO] -- MapStruct: selecting property mapping: request.dataCienciaFuncionario().
[INFO] - MapStruct: creating bean mapping method implementation for com.neritech.saas.rh.dto.AvaliacaoFuncionarioResponse toResponse(com.neritech.saas.rh.domain.AvaliacaoFuncionario entity).
[INFO] -- MapStruct: mapping property: entity.getId() to: id.
[INFO] -- MapStruct: selecting property mapping: entity.getId().
[INFO] -- MapStruct: mapping property: entity.getFuncionarioId() to: funcionarioId.
[INFO] -- MapStruct: selecting property mapping: entity.getFuncionarioId().
[INFO] -- MapStruct: mapping property: entity.getAvaliadorId() to: avaliadorId.
[INFO] -- MapStruct: selecting property mapping: entity.getAvaliadorId().
[INFO] -- MapStruct: mapping property: entity.getTipoAvaliacao() to: tipoAvaliacao.
[INFO] -- MapStruct: selecting property mapping: entity.getTipoAvaliacao().
[INFO] -- MapStruct: mapping property: entity.getPeriodoAvaliado() to: periodoAvaliado.
[INFO] -- MapStruct: selecting property mapping: entity.getPeriodoAvaliado().
[INFO] -- MapStruct: mapping property: entity.getDataAvaliacao() to: dataAvaliacao.
[INFO] -- MapStruct: selecting property mapping: entity.getDataAvaliacao().
[INFO] -- MapStruct: mapping property: entity.getNotaProdutividade() to: notaProdutividade.
[INFO] -- MapStruct: selecting property mapping: entity.getNotaProdutividade().
[INFO] -- MapStruct: mapping property: entity.getNotaQualidade() to: notaQualidade.
[INFO] -- MapStruct: selecting property mapping: entity.getNotaQualidade().
[INFO] -- MapStruct: mapping property: entity.getNotaPontualidade() to: notaPontualidade.
[INFO] -- MapStruct: selecting property mapping: entity.getNotaPontualidade().
[INFO] -- MapStruct: mapping property: entity.getNotaTrabalhoEquipe() to: notaTrabalhoEquipe.
[INFO] -- MapStruct: selecting property mapping: entity.getNotaTrabalhoEquipe().
[INFO] -- MapStruct: mapping property: entity.getNotaIniciativa() to: notaIniciativa.
[INFO] -- MapStruct: selecting property mapping: entity.getNotaIniciativa().
[INFO] -- MapStruct: mapping property: entity.getNotaConhecimentoTecnico() to: notaConhecimentoTecnico.
[INFO] -- MapStruct: selecting property mapping: entity.getNotaConhecimentoTecnico().
[INFO] -- MapStruct: mapping property: entity.getNotaAtendimentoCliente() to: notaAtendimentoCliente.
[INFO] -- MapStruct: selecting property mapping: entity.getNotaAtendimentoCliente().
[INFO] -- MapStruct: mapping property: entity.getNotaOrganizacao() to: notaOrganizacao.
[INFO] -- MapStruct: selecting property mapping: entity.getNotaOrganizacao().
[INFO] -- MapStruct: mapping property: entity.getNotaLideranca() to: notaLideranca.
[INFO] -- MapStruct: selecting property mapping: entity.getNotaLideranca().
[INFO] -- MapStruct: mapping property: entity.getNotaFinal() to: notaFinal.
[INFO] -- MapStruct: selecting property mapping: entity.getNotaFinal().
[INFO] -- MapStruct: mapping property: entity.getPontosFortes() to: pontosFortes.
[INFO] -- MapStruct: selecting property mapping: entity.getPontosFortes().
[INFO] -- MapStruct: mapping property: entity.getPontosMelhoria() to: pontosMelhoria.
[INFO] -- MapStruct: selecting property mapping: entity.getPontosMelhoria().
[INFO] -- MapStruct: mapping property: entity.getMetasEstabelecidas() to: metasEstabelecidas.
[INFO] -- MapStruct: selecting property mapping: entity.getMetasEstabelecidas().
[INFO] -- MapStruct: mapping property: entity.getPlanoDesenvolvimento() to: planoDesenvolvimento.
[INFO] -- MapStruct: selecting property mapping: entity.getPlanoDesenvolvimento().
[INFO] -- MapStruct: mapping property: entity.getTreinamentosRecomendados() to: treinamentosRecomendados.
[INFO] -- MapStruct: selecting property mapping: entity.getTreinamentosRecomendados().
[INFO] -- MapStruct: mapping property: entity.getRecomendacao() to: recomendacao.
[INFO] -- MapStruct: selecting property mapping: entity.getRecomendacao().
[INFO] -- MapStruct: mapping property: entity.getAumentoSalarialSugerido() to: aumentoSalarialSugerido.
[INFO] -- MapStruct: selecting property mapping: entity.getAumentoSalarialSugerido().
[INFO] -- MapStruct: mapping property: entity.getBonusSugerido() to: bonusSugerido.
[INFO] -- MapStruct: selecting property mapping: entity.getBonusSugerido().
[INFO] -- MapStruct: mapping property: entity.getObservacoesAvaliador() to: observacoesAvaliador.
[INFO] -- MapStruct: selecting property mapping: entity.getObservacoesAvaliador().
[INFO] -- MapStruct: mapping property: entity.getComentariosFuncionario() to: comentariosFuncionario.
[INFO] -- MapStruct: selecting property mapping: entity.getComentariosFuncionario().
[INFO] -- MapStruct: mapping property: entity.getDataCienciaFuncionario() to: dataCienciaFuncionario.
[INFO] -- MapStruct: selecting property mapping: entity.getDataCienciaFuncionario().
[INFO] -- MapStruct: mapping property: entity.getAprovadaPor() to: aprovadaPor.
[INFO] -- MapStruct: selecting property mapping: entity.getAprovadaPor().
[INFO] -- MapStruct: mapping property: entity.getDataAprovacao() to: dataAprovacao.
[INFO] -- MapStruct: selecting property mapping: entity.getDataAprovacao().
[INFO] -- MapStruct: mapping property: entity.getDataCadastro() to: dataCadastro.
[INFO] -- MapStruct: selecting property mapping: entity.getDataCadastro().
[INFO] -- MapStruct: mapping property: entity.getDataAtualizacao() to: dataAtualizacao.
[INFO] -- MapStruct: selecting property mapping: entity.getDataAtualizacao().
[INFO] - MapStruct: creating bean mapping method implementation for void updateEntity(com.neritech.saas.rh.dto.AvaliacaoFuncionarioRequest request, @MappingTarget com.neritech.saas.rh.domain.AvaliacaoFuncionario entity).
[INFO] -- MapStruct: mapping property: request.funcionarioId() to: setFuncionarioId(java.lang.Long).
[INFO] -- MapStruct: selecting property mapping: request.funcionarioId().
[INFO] -- MapStruct: mapping property: request.avaliadorId() to: setAvaliadorId(java.lang.Long).
[INFO] -- MapStruct: selecting property mapping: request.avaliadorId().
[INFO] -- MapStruct: mapping property: request.tipoAvaliacao() to: setTipoAvaliacao(com.neritech.saas.rh.domain.enums.TipoAvaliacao).
[INFO] -- MapStruct: selecting property mapping: request.tipoAvaliacao().
[INFO] -- MapStruct: mapping property: request.periodoAvaliado() to: setPeriodoAvaliado(java.lang.String).
[INFO] -- MapStruct: selecting property mapping: request.periodoAvaliado().
[INFO] -- MapStruct: mapping property: request.dataAvaliacao() to: setDataAvaliacao(java.time.LocalDate).
[INFO] -- MapStruct: selecting property mapping: request.dataAvaliacao().
[INFO] -- MapStruct: mapping property: request.notaProdutividade() to: setNotaProdutividade(java.math.BigDecimal).
[INFO] -- MapStruct: selecting property mapping: request.notaProdutividade().
[INFO] -- MapStruct: mapping property: request.notaQualidade() to: setNotaQualidade(java.math.BigDecimal).
[INFO] -- MapStruct: selecting property mapping: request.notaQualidade().
[INFO] -- MapStruct: mapping property: request.notaPontualidade() to: setNotaPontualidade(java.math.BigDecimal).
[INFO] -- MapStruct: selecting property mapping: request.notaPontualidade().
[INFO] -- MapStruct: mapping property: request.notaTrabalhoEquipe() to: setNotaTrabalhoEquipe(java.math.BigDecimal).
[INFO] -- MapStruct: selecting property mapping: request.notaTrabalhoEquipe().
[INFO] -- MapStruct: mapping property: request.notaIniciativa() to: setNotaIniciativa(java.math.BigDecimal).
[INFO] -- MapStruct: selecting property mapping: request.notaIniciativa().
[INFO] -- MapStruct: mapping property: request.notaConhecimentoTecnico() to: setNotaConhecimentoTecnico(java.math.BigDecimal).
[INFO] -- MapStruct: selecting property mapping: request.notaConhecimentoTecnico().
[INFO] -- MapStruct: mapping property: request.notaAtendimentoCliente() to: setNotaAtendimentoCliente(java.math.BigDecimal).
[INFO] -- MapStruct: selecting property mapping: request.notaAtendimentoCliente().
[INFO] -- MapStruct: mapping property: request.notaOrganizacao() to: setNotaOrganizacao(java.math.BigDecimal).
[INFO] -- MapStruct: selecting property mapping: request.notaOrganizacao().
[INFO] -- MapStruct: mapping property: request.notaLideranca() to: setNotaLideranca(java.math.BigDecimal).
[INFO] -- MapStruct: selecting property mapping: request.notaLideranca().
[INFO] -- MapStruct: mapping property: request.notaFinal() to: setNotaFinal(java.math.BigDecimal).
[INFO] -- MapStruct: selecting property mapping: request.notaFinal().
[INFO] -- MapStruct: mapping property: request.pontosFortes() to: setPontosFortes(java.lang.String).
[INFO] -- MapStruct: selecting property mapping: request.pontosFortes().
[INFO] -- MapStruct: mapping property: request.pontosMelhoria() to: setPontosMelhoria(java.lang.String).
[INFO] -- MapStruct: selecting property mapping: request.pontosMelhoria().
[INFO] -- MapStruct: mapping property: request.metasEstabelecidas() to: setMetasEstabelecidas(java.lang.String).
[INFO] -- MapStruct: selecting property mapping: request.metasEstabelecidas().
[INFO] -- MapStruct: mapping property: request.planoDesenvolvimento() to: setPlanoDesenvolvimento(java.lang.String).
[INFO] -- MapStruct: selecting property mapping: request.planoDesenvolvimento().
[INFO] -- MapStruct: mapping property: request.treinamentosRecomendados() to: setTreinamentosRecomendados(java.lang.String).
[INFO] -- MapStruct: selecting property mapping: request.treinamentosRecomendados().
[INFO] -- MapStruct: mapping property: request.recomendacao() to: setRecomendacao(com.neritech.saas.rh.domain.enums.RecomendacaoAvaliacao).
[INFO] -- MapStruct: selecting property mapping: request.recomendacao().
[INFO] -- MapStruct: mapping property: request.aumentoSalarialSugerido() to: setAumentoSalarialSugerido(java.math.BigDecimal).
[INFO] -- MapStruct: selecting property mapping: request.aumentoSalarialSugerido().
[INFO] -- MapStruct: mapping property: request.bonusSugerido() to: setBonusSugerido(java.math.BigDecimal).
[INFO] -- MapStruct: selecting property mapping: request.bonusSugerido().
[INFO] -- MapStruct: mapping property: request.observacoesAvaliador() to: setObservacoesAvaliador(java.lang.String).
[INFO] -- MapStruct: selecting property mapping: request.observacoesAvaliador().
[INFO] -- MapStruct: mapping property: request.comentariosFuncionario() to: setComentariosFuncionario(java.lang.String).
[INFO] -- MapStruct: selecting property mapping: request.comentariosFuncionario().
[INFO] -- MapStruct: mapping property: request.dataCienciaFuncionario() to: setDataCienciaFuncionario(java.time.LocalDate).
[INFO] -- MapStruct: selecting property mapping: request.dataCienciaFuncionario().
[INFO]  MapStruct: processing: com.neritech.saas.garantia.mapper.ResolucaoGarantiaMapper.
[INFO] - MapStruct: creating bean mapping method implementation for com.neritech.saas.garantia.domain.ResolucaoGarantia toEntity(com.neritech.saas.garantia.dto.ResolucaoGarantiaRequest request).
[INFO] -- MapStruct: mapping property: request.tipoResolucao() to: setTipoResolucao(com.neritech.saas.garantia.domain.TipoResolucao).
[INFO] -- MapStruct: selecting property mapping: request.tipoResolucao().
[INFO] -- MapStruct: mapping property: request.descricaoResolucao() to: setDescricaoResolucao(java.lang.String).
[INFO] -- MapStruct: selecting property mapping: request.descricaoResolucao().
[INFO] -- MapStruct: mapping property: request.servicosExecutados() to: setServicosExecutados(java.lang.String).
[INFO] -- MapStruct: selecting property mapping: request.servicosExecutados().
[INFO] -- MapStruct: mapping property: request.produtosFornecidos() to: setProdutosFornecidos(java.lang.String).
[INFO] -- MapStruct: selecting property mapping: request.produtosFornecidos().
[INFO] -- MapStruct: mapping property: request.justificativaCobranca() to: setJustificativaCobranca(java.lang.String).
[INFO] -- MapStruct: selecting property mapping: request.justificativaCobranca().
[INFO] -- MapStruct: mapping property: request.prazoNovaGarantiaDias() to: setPrazoNovaGarantiaDias(java.lang.Integer).
[INFO] -- MapStruct: selecting property mapping: request.prazoNovaGarantiaDias().
[INFO] -- MapStruct: mapping property: request.dataInicioExecucao() to: setDataInicioExecucao(java.time.LocalDateTime).
[INFO] -- MapStruct: selecting property mapping: request.dataInicioExecucao().
[INFO] -- MapStruct: mapping property: request.dataConclusao() to: setDataConclusao(java.time.LocalDateTime).
[INFO] -- MapStruct: selecting property mapping: request.dataConclusao().
[INFO] -- MapStruct: mapping property: request.tempoResolucaoHoras() to: setTempoResolucaoHoras(java.lang.Integer).
[INFO] -- MapStruct: selecting property mapping: request.tempoResolucaoHoras().
[INFO] -- MapStruct: mapping property: request.equipeExecucao() to: setEquipeExecucao(java.lang.String).
[INFO] -- MapStruct: selecting property mapping: request.equipeExecucao().
[INFO] -- MapStruct: mapping property: request.qualidadeResolucao() to: setQualidadeResolucao(com.neritech.saas.garantia.domain.QualidadeResolucao).
[INFO] -- MapStruct: selecting property mapping: request.qualidadeResolucao().
[INFO] -- MapStruct: mapping property: request.clienteSatisfeito() to: setClienteSatisfeito(java.lang.Boolean).
[INFO] -- MapStruct: selecting property mapping: request.clienteSatisfeito().
[INFO] -- MapStruct: mapping property: request.observacoesExecucao() to: setObservacoesExecucao(java.lang.String).
[INFO] -- MapStruct: selecting property mapping: request.observacoesExecucao().
[INFO] -- MapStruct: mapping property: request.fotosAposResolucao() to: setFotosAposResolucao(java.lang.String).
[INFO] -- MapStruct: selecting property mapping: request.fotosAposResolucao().
[INFO] -- MapStruct: mapping property: request.documentosComprobatorios() to: setDocumentosComprobatorios(java.lang.String).
[INFO] -- MapStruct: selecting property mapping: request.documentosComprobatorios().
[INFO] -- MapStruct: mapping property: request.valorServicos() to: setValorServicos(java.math.BigDecimal).
[INFO] -- MapStruct: selecting property mapping: request.valorServicos().
[INFO] -- MapStruct: mapping property: request.valorProdutos() to: setValorProdutos(java.math.BigDecimal).
[INFO] -- MapStruct: selecting property mapping: request.valorProdutos().
[INFO] -- MapStruct: mapping property: request.valorTotalResolucao() to: setValorTotalResolucao(java.math.BigDecimal).
[INFO] -- MapStruct: selecting property mapping: request.valorTotalResolucao().
[INFO] -- MapStruct: mapping property: request.valorCobradoCliente() to: setValorCobradoCliente(java.math.BigDecimal).
[INFO] -- MapStruct: selecting property mapping: request.valorCobradoCliente().
[INFO] -- MapStruct: mapping property: request.descontoConcedido() to: setDescontoConcedido(java.math.BigDecimal).
[INFO] -- MapStruct: selecting property mapping: request.descontoConcedido().
[INFO] -- MapStruct: mapping property: request.novaGarantiaGerada() to: setNovaGarantiaGerada(java.lang.Boolean).
[INFO] -- MapStruct: selecting property mapping: request.novaGarantiaGerada().
[INFO] -- MapStruct: mapping property: request.aprovadaGerencia() to: setAprovadaGerencia(java.lang.Boolean).
[INFO] -- MapStruct: selecting property mapping: request.aprovadaGerencia().
[INFO] - MapStruct: creating bean mapping method implementation for com.neritech.saas.garantia.dto.ResolucaoGarantiaResponse toResponse(com.neritech.saas.garantia.domain.ResolucaoGarantia entity).
[INFO] -- MapStruct: mapping property: entityFuncionarioExecutorNomeCompleto( entity ) to: funcionarioExecutorNome.
[INFO] -- MapStruct: selecting property mapping: entityFuncionarioExecutorNomeCompleto( entity ).
[INFO] -- MapStruct: mapping property: entity.getId() to: id.
[INFO] -- MapStruct: selecting property mapping: entity.getId().
[INFO] -- MapStruct: mapping property: entity.getTipoResolucao() to: tipoResolucao.
[INFO] -- MapStruct: selecting property mapping: entity.getTipoResolucao().
[INFO] -- MapStruct: mapping property: entity.getDescricaoResolucao() to: descricaoResolucao.
[INFO] -- MapStruct: selecting property mapping: entity.getDescricaoResolucao().
[INFO] -- MapStruct: mapping property: entity.getServicosExecutados() to: servicosExecutados.
[INFO] -- MapStruct: selecting property mapping: entity.getServicosExecutados().
[INFO] -- MapStruct: mapping property: entity.getProdutosFornecidos() to: produtosFornecidos.
[INFO] -- MapStruct: selecting property mapping: entity.getProdutosFornecidos().
[INFO] -- MapStruct: mapping property: entity.getValorServicos() to: valorServicos.
[INFO] -- MapStruct: selecting property mapping: entity.getValorServicos().
[INFO] -- MapStruct: mapping property: entity.getValorProdutos() to: valorProdutos.
[INFO] -- MapStruct: selecting property mapping: entity.getValorProdutos().
[INFO] -- MapStruct: mapping property: entity.getValorTotalResolucao() to: valorTotalResolucao.
[INFO] -- MapStruct: selecting property mapping: entity.getValorTotalResolucao().
[INFO] -- MapStruct: mapping property: entity.getValorCobradoCliente() to: valorCobradoCliente.
[INFO] -- MapStruct: selecting property mapping: entity.getValorCobradoCliente().
[INFO] -- MapStruct: mapping property: entity.getDescontoConcedido() to: descontoConcedido.
[INFO] -- MapStruct: selecting property mapping: entity.getDescontoConcedido().
[INFO] -- MapStruct: mapping property: entity.getJustificativaCobranca() to: justificativaCobranca.
[INFO] -- MapStruct: selecting property mapping: entity.getJustificativaCobranca().
[INFO] -- MapStruct: mapping property: entity.getNovaGarantiaGerada() to: novaGarantiaGerada.
[INFO] -- MapStruct: selecting property mapping: entity.getNovaGarantiaGerada().
[INFO] -- MapStruct: mapping property: entity.getPrazoNovaGarantiaDias() to: prazoNovaGarantiaDias.
[INFO] -- MapStruct: selecting property mapping: entity.getPrazoNovaGarantiaDias().
[INFO] -- MapStruct: mapping property: entity.getDataInicioExecucao() to: dataInicioExecucao.
[INFO] -- MapStruct: selecting property mapping: entity.getDataInicioExecucao().
[INFO] -- MapStruct: mapping property: entity.getDataConclusao() to: dataConclusao.
[INFO] -- MapStruct: selecting property mapping: entity.getDataConclusao().
[INFO] -- MapStruct: mapping property: entity.getTempoResolucaoHoras() to: tempoResolucaoHoras.
[INFO] -- MapStruct: selecting property mapping: entity.getTempoResolucaoHoras().
[INFO] -- MapStruct: mapping property: entity.getEquipeExecucao() to: equipeExecucao.
[INFO] -- MapStruct: selecting property mapping: entity.getEquipeExecucao().
[INFO] -- MapStruct: mapping property: entity.getQualidadeResolucao() to: qualidadeResolucao.
[INFO] -- MapStruct: selecting property mapping: entity.getQualidadeResolucao().
[INFO] -- MapStruct: mapping property: entity.getClienteSatisfeito() to: clienteSatisfeito.
[INFO] -- MapStruct: selecting property mapping: entity.getClienteSatisfeito().
[INFO] -- MapStruct: mapping property: entity.getObservacoesExecucao() to: observacoesExecucao.
[INFO] -- MapStruct: selecting property mapping: entity.getObservacoesExecucao().
[INFO] -- MapStruct: mapping property: entity.getFotosAposResolucao() to: fotosAposResolucao.
[INFO] -- MapStruct: selecting property mapping: entity.getFotosAposResolucao().
[INFO] -- MapStruct: mapping property: entity.getDocumentosComprobatorios() to: documentosComprobatorios.
[INFO] -- MapStruct: selecting property mapping: entity.getDocumentosComprobatorios().
[INFO] -- MapStruct: mapping property: entity.getAprovadaGerencia() to: aprovadaGerencia.
[INFO] -- MapStruct: selecting property mapping: entity.getAprovadaGerencia().
[INFO] -- MapStruct: mapping property: entity.getAprovadaPor() to: aprovadaPor.
[INFO] -- MapStruct: selecting property mapping: entity.getAprovadaPor().
[INFO] -- MapStruct: mapping property: entity.getDataAprovacao() to: dataAprovacao.
[INFO] -- MapStruct: selecting property mapping: entity.getDataAprovacao().
[INFO] - MapStruct: creating bean mapping method implementation for void updateEntityFromDTO(com.neritech.saas.garantia.dto.ResolucaoGarantiaRequest request, @MappingTarget com.neritech.saas.garantia.domain.ResolucaoGarantia entity).
[INFO] -- MapStruct: mapping property: request.tipoResolucao() to: setTipoResolucao(com.neritech.saas.garantia.domain.TipoResolucao).
[INFO] -- MapStruct: selecting property mapping: request.tipoResolucao().
[INFO] -- MapStruct: mapping property: request.descricaoResolucao() to: setDescricaoResolucao(java.lang.String).
[INFO] -- MapStruct: selecting property mapping: request.descricaoResolucao().
[INFO] -- MapStruct: mapping property: request.servicosExecutados() to: setServicosExecutados(java.lang.String).
[INFO] -- MapStruct: selecting property mapping: request.servicosExecutados().
[INFO] -- MapStruct: mapping property: request.produtosFornecidos() to: setProdutosFornecidos(java.lang.String).
[INFO] -- MapStruct: selecting property mapping: request.produtosFornecidos().
[INFO] -- MapStruct: mapping property: request.justificativaCobranca() to: setJustificativaCobranca(java.lang.String).
[INFO] -- MapStruct: selecting property mapping: request.justificativaCobranca().
[INFO] -- MapStruct: mapping property: request.prazoNovaGarantiaDias() to: setPrazoNovaGarantiaDias(java.lang.Integer).
[INFO] -- MapStruct: selecting property mapping: request.prazoNovaGarantiaDias().
[INFO] -- MapStruct: mapping property: request.dataInicioExecucao() to: setDataInicioExecucao(java.time.LocalDateTime).
[INFO] -- MapStruct: selecting property mapping: request.dataInicioExecucao().
[INFO] -- MapStruct: mapping property: request.dataConclusao() to: setDataConclusao(java.time.LocalDateTime).
[INFO] -- MapStruct: selecting property mapping: request.dataConclusao().
[INFO] -- MapStruct: mapping property: request.tempoResolucaoHoras() to: setTempoResolucaoHoras(java.lang.Integer).
[INFO] -- MapStruct: selecting property mapping: request.tempoResolucaoHoras().
[INFO] -- MapStruct: mapping property: request.equipeExecucao() to: setEquipeExecucao(java.lang.String).
[INFO] -- MapStruct: selecting property mapping: request.equipeExecucao().
[INFO] -- MapStruct: mapping property: request.qualidadeResolucao() to: setQualidadeResolucao(com.neritech.saas.garantia.domain.QualidadeResolucao).
[INFO] -- MapStruct: selecting property mapping: request.qualidadeResolucao().
[INFO] -- MapStruct: mapping property: request.clienteSatisfeito() to: setClienteSatisfeito(java.lang.Boolean).
[INFO] -- MapStruct: selecting property mapping: request.clienteSatisfeito().
[INFO] -- MapStruct: mapping property: request.observacoesExecucao() to: setObservacoesExecucao(java.lang.String).
[INFO] -- MapStruct: selecting property mapping: request.observacoesExecucao().
[INFO] -- MapStruct: mapping property: request.fotosAposResolucao() to: setFotosAposResolucao(java.lang.String).
[INFO] -- MapStruct: selecting property mapping: request.fotosAposResolucao().
[INFO] -- MapStruct: mapping property: request.documentosComprobatorios() to: setDocumentosComprobatorios(java.lang.String).
[INFO] -- MapStruct: selecting property mapping: request.documentosComprobatorios().
[INFO] -- MapStruct: mapping property: request.valorServicos() to: setValorServicos(java.math.BigDecimal).
[INFO] -- MapStruct: selecting property mapping: request.valorServicos().
[INFO] -- MapStruct: mapping property: request.valorProdutos() to: setValorProdutos(java.math.BigDecimal).
[INFO] -- MapStruct: selecting property mapping: request.valorProdutos().
[INFO] -- MapStruct: mapping property: request.valorTotalResolucao() to: setValorTotalResolucao(java.math.BigDecimal).
[INFO] -- MapStruct: selecting property mapping: request.valorTotalResolucao().
[INFO] -- MapStruct: mapping property: request.valorCobradoCliente() to: setValorCobradoCliente(java.math.BigDecimal).
[INFO] -- MapStruct: selecting property mapping: request.valorCobradoCliente().
[INFO] -- MapStruct: mapping property: request.descontoConcedido() to: setDescontoConcedido(java.math.BigDecimal).
[INFO] -- MapStruct: selecting property mapping: request.descontoConcedido().
[INFO] -- MapStruct: mapping property: request.novaGarantiaGerada() to: setNovaGarantiaGerada(java.lang.Boolean).
[INFO] -- MapStruct: selecting property mapping: request.novaGarantiaGerada().
[INFO] -- MapStruct: mapping property: request.aprovadaGerencia() to: setAprovadaGerencia(java.lang.Boolean).
[INFO] -- MapStruct: selecting property mapping: request.aprovadaGerencia().
[INFO]  MapStruct: processing: com.neritech.saas.rh.mapper.MecanicoMapper.
[INFO] - MapStruct: creating bean mapping method implementation for com.neritech.saas.rh.domain.Mecanico toEntity(com.neritech.saas.rh.dto.MecanicoRequest request).
[INFO] -- MapStruct: mapping property: request.funcionarioId() to: setFuncionarioId(java.lang.Long).
[INFO] -- MapStruct: selecting property mapping: request.funcionarioId().
[INFO] -- MapStruct: mapping property: request.codigoMecanico() to: setCodigoMecanico(java.lang.String).
[INFO] -- MapStruct: selecting property mapping: request.codigoMecanico().
[INFO] -- MapStruct: mapping property: request.nivelExperiencia() to: setNivelExperiencia(com.neritech.saas.rh.domain.enums.NivelExperiencia).
[INFO] -- MapStruct: selecting property mapping: request.nivelExperiencia().
[INFO] -- MapStruct: mapping property: request.anosExperiencia() to: setAnosExperiencia(java.lang.Integer).
[INFO] -- MapStruct: selecting property mapping: request.anosExperiencia().
[INFO] -- MapStruct: mapping property: request.especialidadesPrincipais() to: setEspecialidadesPrincipais(java.lang.String).
[INFO] -- MapStruct: selecting property mapping: request.especialidadesPrincipais().
[INFO] -- MapStruct: mapping property: request.certificacoesAtivas() to: setCertificacoesAtivas(java.lang.String).
[INFO] -- MapStruct: selecting property mapping: request.certificacoesAtivas().
[INFO] -- MapStruct: mapping property: request.produtividadeMedia() to: setProdutividadeMedia(java.math.BigDecimal).
[INFO] -- MapStruct: selecting property mapping: request.produtividadeMedia().
[INFO] -- MapStruct: mapping property: request.qualidadeMedia() to: setQualidadeMedia(java.math.BigDecimal).
[INFO] -- MapStruct: selecting property mapping: request.qualidadeMedia().
[INFO] -- MapStruct: mapping property: request.tempoMedioServico() to: setTempoMedioServico(java.lang.Integer).
[INFO] -- MapStruct: selecting property mapping: request.tempoMedioServico().
[INFO] -- MapStruct: mapping property: request.totalOsExecutadas() to: setTotalOsExecutadas(java.lang.Integer).
[INFO] -- MapStruct: selecting property mapping: request.totalOsExecutadas().
[INFO] -- MapStruct: mapping property: request.totalRetrabalho() to: setTotalRetrabalho(java.lang.Integer).
[INFO] -- MapStruct: selecting property mapping: request.totalRetrabalho().
[INFO] -- MapStruct: mapping property: request.percentualRetrabalho() to: setPercentualRetrabalho(java.math.BigDecimal).
[INFO] -- MapStruct: selecting property mapping: request.percentualRetrabalho().
[INFO] -- MapStruct: mapping property: request.avaliacaoMediaCliente() to: setAvaliacaoMediaCliente(java.math.BigDecimal).
[INFO] -- MapStruct: selecting property mapping: request.avaliacaoMediaCliente().
[INFO] -- MapStruct: mapping property: request.capacidadeDiagnostico() to: setCapacidadeDiagnostico(com.neritech.saas.rh.domain.enums.CapacidadeDiagnostico).
[INFO] -- MapStruct: selecting property mapping: request.capacidadeDiagnostico().
[INFO] -- MapStruct: mapping property: request.podeLiderarEquipe() to: setPodeLiderarEquipe(java.lang.Boolean).
[INFO] -- MapStruct: selecting property mapping: request.podeLiderarEquipe().
[INFO] -- MapStruct: mapping property: request.autorizadoTestDrive() to: setAutorizadoTestDrive(java.lang.Boolean).
[INFO] -- MapStruct: selecting property mapping: request.autorizadoTestDrive().
[INFO] -- MapStruct: mapping property: request.autorizadoEquipamentosEspeciais() to: setAutorizadoEquipamentosEspeciais(java.lang.Boolean).
[INFO] -- MapStruct: selecting property mapping: request.autorizadoEquipamentosEspeciais().
[INFO] -- MapStruct: mapping property: request.metaProdutividadeMensal() to: setMetaProdutividadeMensal(java.math.BigDecimal).
[INFO] -- MapStruct: selecting property mapping: request.metaProdutividadeMensal().
[INFO] -- MapStruct: mapping property: request.comissaoOsPercentual() to: setComissaoOsPercentual(java.math.BigDecimal).
[INFO] -- MapStruct: selecting property mapping: request.comissaoOsPercentual().
[INFO] -- MapStruct: mapping property: request.bonusQualidadePercentual() to: setBonusQualidadePercentual(java.math.BigDecimal).
[INFO] -- MapStruct: selecting property mapping: request.bonusQualidadePercentual().
[INFO] -- MapStruct: mapping property: request.observacoesTecnicas() to: setObservacoesTecnicas(java.lang.String).
[INFO] -- MapStruct: selecting property mapping: request.observacoesTecnicas().
[INFO] -- MapStruct: mapping property: request.ativoExecucao() to: setAtivoExecucao(java.lang.Boolean).
[INFO] -- MapStruct: selecting property mapping: request.ativoExecucao().
[INFO] -- MapStruct: mapping property: request.dataUltimaAvaliacao() to: setDataUltimaAvaliacao(java.time.LocalDate).
[INFO] -- MapStruct: selecting property mapping: request.dataUltimaAvaliacao().
[INFO] -- MapStruct: mapping property: request.dataProximaAvaliacao() to: setDataProximaAvaliacao(java.time.LocalDate).
[INFO] -- MapStruct: selecting property mapping: request.dataProximaAvaliacao().
[INFO] - MapStruct: creating bean mapping method implementation for com.neritech.saas.rh.dto.MecanicoResponse toResponse(com.neritech.saas.rh.domain.Mecanico entity).
[INFO] -- MapStruct: mapping property: entity.getId() to: id.
[INFO] -- MapStruct: selecting property mapping: entity.getId().
[INFO] -- MapStruct: mapping property: entity.getFuncionarioId() to: funcionarioId.
[INFO] -- MapStruct: selecting property mapping: entity.getFuncionarioId().
[INFO] -- MapStruct: mapping property: entity.getCodigoMecanico() to: codigoMecanico.
[INFO] -- MapStruct: selecting property mapping: entity.getCodigoMecanico().
[INFO] -- MapStruct: mapping property: entity.getNivelExperiencia() to: nivelExperiencia.
[INFO] -- MapStruct: selecting property mapping: entity.getNivelExperiencia().
[INFO] -- MapStruct: mapping property: entity.getAnosExperiencia() to: anosExperiencia.
[INFO] -- MapStruct: selecting property mapping: entity.getAnosExperiencia().
[INFO] -- MapStruct: mapping property: entity.getEspecialidadesPrincipais() to: especialidadesPrincipais.
[INFO] -- MapStruct: selecting property mapping: entity.getEspecialidadesPrincipais().
[INFO] -- MapStruct: mapping property: entity.getCertificacoesAtivas() to: certificacoesAtivas.
[INFO] -- MapStruct: selecting property mapping: entity.getCertificacoesAtivas().
[INFO] -- MapStruct: mapping property: entity.getProdutividadeMedia() to: produtividadeMedia.
[INFO] -- MapStruct: selecting property mapping: entity.getProdutividadeMedia().
[INFO] -- MapStruct: mapping property: entity.getQualidadeMedia() to: qualidadeMedia.
[INFO] -- MapStruct: selecting property mapping: entity.getQualidadeMedia().
[INFO] -- MapStruct: mapping property: entity.getTempoMedioServico() to: tempoMedioServico.
[INFO] -- MapStruct: selecting property mapping: entity.getTempoMedioServico().
[INFO] -- MapStruct: mapping property: entity.getTotalOsExecutadas() to: totalOsExecutadas.
[INFO] -- MapStruct: selecting property mapping: entity.getTotalOsExecutadas().
[INFO] -- MapStruct: mapping property: entity.getTotalRetrabalho() to: totalRetrabalho.
[INFO] -- MapStruct: selecting property mapping: entity.getTotalRetrabalho().
[INFO] -- MapStruct: mapping property: entity.getPercentualRetrabalho() to: percentualRetrabalho.
[INFO] -- MapStruct: selecting property mapping: entity.getPercentualRetrabalho().
[INFO] -- MapStruct: mapping property: entity.getAvaliacaoMediaCliente() to: avaliacaoMediaCliente.
[INFO] -- MapStruct: selecting property mapping: entity.getAvaliacaoMediaCliente().
[INFO] -- MapStruct: mapping property: entity.getCapacidadeDiagnostico() to: capacidadeDiagnostico.
[INFO] -- MapStruct: selecting property mapping: entity.getCapacidadeDiagnostico().
[INFO] -- MapStruct: mapping property: entity.getPodeLiderarEquipe() to: podeLiderarEquipe.
[INFO] -- MapStruct: selecting property mapping: entity.getPodeLiderarEquipe().
[INFO] -- MapStruct: mapping property: entity.getAutorizadoTestDrive() to: autorizadoTestDrive.
[INFO] -- MapStruct: selecting property mapping: entity.getAutorizadoTestDrive().
[INFO] -- MapStruct: mapping property: entity.getAutorizadoEquipamentosEspeciais() to: autorizadoEquipamentosEspeciais.
[INFO] -- MapStruct: selecting property mapping: entity.getAutorizadoEquipamentosEspeciais().
[INFO] -- MapStruct: mapping property: entity.getMetaProdutividadeMensal() to: metaProdutividadeMensal.
[INFO] -- MapStruct: selecting property mapping: entity.getMetaProdutividadeMensal().
[INFO] -- MapStruct: mapping property: entity.getComissaoOsPercentual() to: comissaoOsPercentual.
[INFO] -- MapStruct: selecting property mapping: entity.getComissaoOsPercentual().
[INFO] -- MapStruct: mapping property: entity.getBonusQualidadePercentual() to: bonusQualidadePercentual.
[INFO] -- MapStruct: selecting property mapping: entity.getBonusQualidadePercentual().
[INFO] -- MapStruct: mapping property: entity.getObservacoesTecnicas() to: observacoesTecnicas.
[INFO] -- MapStruct: selecting property mapping: entity.getObservacoesTecnicas().
[INFO] -- MapStruct: mapping property: entity.getAtivoExecucao() to: ativoExecucao.
[INFO] -- MapStruct: selecting property mapping: entity.getAtivoExecucao().
[INFO] -- MapStruct: mapping property: entity.getDataUltimaAvaliacao() to: dataUltimaAvaliacao.
[INFO] -- MapStruct: selecting property mapping: entity.getDataUltimaAvaliacao().
[INFO] -- MapStruct: mapping property: entity.getDataProximaAvaliacao() to: dataProximaAvaliacao.
[INFO] -- MapStruct: selecting property mapping: entity.getDataProximaAvaliacao().
[INFO] -- MapStruct: mapping property: entity.getDataCadastro() to: dataCadastro.
[INFO] -- MapStruct: selecting property mapping: entity.getDataCadastro().
[INFO] -- MapStruct: mapping property: entity.getDataAtualizacao() to: dataAtualizacao.
[INFO] -- MapStruct: selecting property mapping: entity.getDataAtualizacao().
[INFO] - MapStruct: creating bean mapping method implementation for void updateEntity(com.neritech.saas.rh.dto.MecanicoRequest request, @MappingTarget com.neritech.saas.rh.domain.Mecanico entity).
[INFO] -- MapStruct: mapping property: request.funcionarioId() to: setFuncionarioId(java.lang.Long).
[INFO] -- MapStruct: selecting property mapping: request.funcionarioId().
[INFO] -- MapStruct: mapping property: request.codigoMecanico() to: setCodigoMecanico(java.lang.String).
[INFO] -- MapStruct: selecting property mapping: request.codigoMecanico().
[INFO] -- MapStruct: mapping property: request.nivelExperiencia() to: setNivelExperiencia(com.neritech.saas.rh.domain.enums.NivelExperiencia).
[INFO] -- MapStruct: selecting property mapping: request.nivelExperiencia().
[INFO] -- MapStruct: mapping property: request.anosExperiencia() to: setAnosExperiencia(java.lang.Integer).
[INFO] -- MapStruct: selecting property mapping: request.anosExperiencia().
[INFO] -- MapStruct: mapping property: request.especialidadesPrincipais() to: setEspecialidadesPrincipais(java.lang.String).
[INFO] -- MapStruct: selecting property mapping: request.especialidadesPrincipais().
[INFO] -- MapStruct: mapping property: request.certificacoesAtivas() to: setCertificacoesAtivas(java.lang.String).
[INFO] -- MapStruct: selecting property mapping: request.certificacoesAtivas().
[INFO] -- MapStruct: mapping property: request.produtividadeMedia() to: setProdutividadeMedia(java.math.BigDecimal).
[INFO] -- MapStruct: selecting property mapping: request.produtividadeMedia().
[INFO] -- MapStruct: mapping property: request.qualidadeMedia() to: setQualidadeMedia(java.math.BigDecimal).
[INFO] -- MapStruct: selecting property mapping: request.qualidadeMedia().
[INFO] -- MapStruct: mapping property: request.tempoMedioServico() to: setTempoMedioServico(java.lang.Integer).
[INFO] -- MapStruct: selecting property mapping: request.tempoMedioServico().
[INFO] -- MapStruct: mapping property: request.totalOsExecutadas() to: setTotalOsExecutadas(java.lang.Integer).
[INFO] -- MapStruct: selecting property mapping: request.totalOsExecutadas().
[INFO] -- MapStruct: mapping property: request.totalRetrabalho() to: setTotalRetrabalho(java.lang.Integer).
[INFO] -- MapStruct: selecting property mapping: request.totalRetrabalho().
[INFO] -- MapStruct: mapping property: request.percentualRetrabalho() to: setPercentualRetrabalho(java.math.BigDecimal).
[INFO] -- MapStruct: selecting property mapping: request.percentualRetrabalho().
[INFO] -- MapStruct: mapping property: request.avaliacaoMediaCliente() to: setAvaliacaoMediaCliente(java.math.BigDecimal).
[INFO] -- MapStruct: selecting property mapping: request.avaliacaoMediaCliente().
[INFO] -- MapStruct: mapping property: request.capacidadeDiagnostico() to: setCapacidadeDiagnostico(com.neritech.saas.rh.domain.enums.CapacidadeDiagnostico).
[INFO] -- MapStruct: selecting property mapping: request.capacidadeDiagnostico().
[INFO] -- MapStruct: mapping property: request.podeLiderarEquipe() to: setPodeLiderarEquipe(java.lang.Boolean).
[INFO] -- MapStruct: selecting property mapping: request.podeLiderarEquipe().
[INFO] -- MapStruct: mapping property: request.autorizadoTestDrive() to: setAutorizadoTestDrive(java.lang.Boolean).
[INFO] -- MapStruct: selecting property mapping: request.autorizadoTestDrive().
[INFO] -- MapStruct: mapping property: request.autorizadoEquipamentosEspeciais() to: setAutorizadoEquipamentosEspeciais(java.lang.Boolean).
[INFO] -- MapStruct: selecting property mapping: request.autorizadoEquipamentosEspeciais().
[INFO] -- MapStruct: mapping property: request.metaProdutividadeMensal() to: setMetaProdutividadeMensal(java.math.BigDecimal).
[INFO] -- MapStruct: selecting property mapping: request.metaProdutividadeMensal().
[INFO] -- MapStruct: mapping property: request.comissaoOsPercentual() to: setComissaoOsPercentual(java.math.BigDecimal).
[INFO] -- MapStruct: selecting property mapping: request.comissaoOsPercentual().
[INFO] -- MapStruct: mapping property: request.bonusQualidadePercentual() to: setBonusQualidadePercentual(java.math.BigDecimal).
[INFO] -- MapStruct: selecting property mapping: request.bonusQualidadePercentual().
[INFO] -- MapStruct: mapping property: request.observacoesTecnicas() to: setObservacoesTecnicas(java.lang.String).
[INFO] -- MapStruct: selecting property mapping: request.observacoesTecnicas().
[INFO] -- MapStruct: mapping property: request.ativoExecucao() to: setAtivoExecucao(java.lang.Boolean).
[INFO] -- MapStruct: selecting property mapping: request.ativoExecucao().
[INFO] -- MapStruct: mapping property: request.dataUltimaAvaliacao() to: setDataUltimaAvaliacao(java.time.LocalDate).
[INFO] -- MapStruct: selecting property mapping: request.dataUltimaAvaliacao().
[INFO] -- MapStruct: mapping property: request.dataProximaAvaliacao() to: setDataProximaAvaliacao(java.time.LocalDate).
[INFO] -- MapStruct: selecting property mapping: request.dataProximaAvaliacao().
[INFO]  MapStruct: processing: com.neritech.saas.veiculo.mapper.AnoModeloMapper.
[INFO] - MapStruct: creating bean mapping method implementation for com.neritech.saas.veiculo.domain.AnoModelo toEntity(com.neritech.saas.veiculo.dto.AnoModeloRequest request).
[INFO] -- MapStruct: mapping property: request to: setModelo(com.neritech.saas.veiculo.domain.ModeloVeiculo).
[INFO] -- MapStruct: mapping property: anoModeloRequest.modeloId() to: setId(java.lang.Long).
[INFO] -- MapStruct: selecting property mapping: anoModeloRequest.modeloId().
[INFO] -- MapStruct: creating property mapping: com.neritech.saas.veiculo.domain.ModeloVeiculo #anoModeloRequestToModeloVeiculo(request).
[INFO] -- MapStruct: selecting property mapping: com.neritech.saas.veiculo.domain.ModeloVeiculo #anoModeloRequestToModeloVeiculo(request).
[INFO] -- MapStruct: mapping property: request.anoFabricacao() to: setAnoFabricacao(java.lang.Integer).
[INFO] -- MapStruct: selecting property mapping: request.anoFabricacao().
[INFO] -- MapStruct: mapping property: request.anoModelo() to: setAnoModelo(java.lang.Integer).
[INFO] -- MapStruct: selecting property mapping: request.anoModelo().
[INFO] -- MapStruct: mapping property: request.codigoFipe() to: setCodigoFipe(java.lang.String).
[INFO] -- MapStruct: selecting property mapping: request.codigoFipe().
[INFO] -- MapStruct: mapping property: request.valorFipe() to: setValorFipe(java.math.BigDecimal).
[INFO] -- MapStruct: selecting property mapping: request.valorFipe().
[INFO] -- MapStruct: mapping property: request.dataValorFipe() to: setDataValorFipe(java.time.LocalDate).
[INFO] -- MapStruct: selecting property mapping: request.dataValorFipe().
[INFO] - MapStruct: creating bean mapping method implementation for com.neritech.saas.veiculo.dto.AnoModeloResponse toResponse(com.neritech.saas.veiculo.domain.AnoModelo entity).
[INFO] -- MapStruct: mapping property: entityModeloId( entity ) to: modeloId.
[INFO] -- MapStruct: selecting property mapping: entityModeloId( entity ).
[INFO] -- MapStruct: mapping property: entityModeloNome( entity ) to: modeloNome.
[INFO] -- MapStruct: selecting property mapping: entityModeloNome( entity ).
[INFO] -- MapStruct: mapping property: entity.getId() to: id.
[INFO] -- MapStruct: selecting property mapping: entity.getId().
[INFO] -- MapStruct: mapping property: entity.getAnoFabricacao() to: anoFabricacao.
[INFO] -- MapStruct: selecting property mapping: entity.getAnoFabricacao().
[INFO] -- MapStruct: mapping property: entity.getAnoModelo() to: anoModelo.
[INFO] -- MapStruct: selecting property mapping: entity.getAnoModelo().
[INFO] -- MapStruct: mapping property: entity.getCodigoFipe() to: codigoFipe.
[INFO] -- MapStruct: selecting property mapping: entity.getCodigoFipe().
[INFO] -- MapStruct: mapping property: entity.getValorFipe() to: valorFipe.
[INFO] -- MapStruct: selecting property mapping: entity.getValorFipe().
[INFO] -- MapStruct: mapping property: entity.getDataValorFipe() to: dataValorFipe.
[INFO] -- MapStruct: selecting property mapping: entity.getDataValorFipe().
[INFO] - MapStruct: creating bean mapping method implementation for void updateEntityFromRequest(com.neritech.saas.veiculo.dto.AnoModeloRequest request, @MappingTarget com.neritech.saas.veiculo.domain.AnoModelo entity).
[INFO] -- MapStruct: mapping property: request to: setModelo(com.neritech.saas.veiculo.domain.ModeloVeiculo).
[INFO] -- MapStruct: mapping property: anoModeloRequest.modeloId() to: setId(java.lang.Long).
[INFO] -- MapStruct: selecting property mapping: anoModeloRequest.modeloId().
[INFO] -- MapStruct: creating property mapping: void #anoModeloRequestToModeloVeiculo1(request).
[INFO] -- MapStruct: selecting property mapping: void #anoModeloRequestToModeloVeiculo1(request).
[INFO] -- MapStruct: mapping property: request.anoFabricacao() to: setAnoFabricacao(java.lang.Integer).
[INFO] -- MapStruct: selecting property mapping: request.anoFabricacao().
[INFO] -- MapStruct: mapping property: request.anoModelo() to: setAnoModelo(java.lang.Integer).
[INFO] -- MapStruct: selecting property mapping: request.anoModelo().
[INFO] -- MapStruct: mapping property: request.codigoFipe() to: setCodigoFipe(java.lang.String).
[INFO] -- MapStruct: selecting property mapping: request.codigoFipe().
[INFO] -- MapStruct: mapping property: request.valorFipe() to: setValorFipe(java.math.BigDecimal).
[INFO] -- MapStruct: selecting property mapping: request.valorFipe().
[INFO] -- MapStruct: mapping property: request.dataValorFipe() to: setDataValorFipe(java.time.LocalDate).
[INFO] -- MapStruct: selecting property mapping: request.dataValorFipe().
[INFO]  MapStruct: processing: com.neritech.saas.integracao.mapper.SincronizacaoMapper.
[INFO] - MapStruct: creating bean mapping method implementation for com.neritech.saas.integracao.domain.Sincronizacao toEntity(com.neritech.saas.integracao.dto.SincronizacaoRequest request).
[INFO] MapStruct: referred types not available (yet), deferring mapper: com.neritech.saas.integracao.mapper.SincronizacaoMapper
[INFO]  MapStruct: processing: com.neritech.saas.empresa.mapper.PlanoAssinaturaMapper.
[INFO] - MapStruct: creating bean mapping method implementation for com.neritech.saas.empresa.domain.PlanoAssinatura toEntity(com.neritech.saas.empresa.dto.PlanoAssinaturaRequest request).
[INFO] -- MapStruct: mapping property: request.nome() to: setNome(java.lang.String).
[INFO] -- MapStruct: selecting property mapping: request.nome().
[INFO] -- MapStruct: mapping property: request.descricao() to: setDescricao(java.lang.String).
[INFO] -- MapStruct: selecting property mapping: request.descricao().
[INFO] -- MapStruct: mapping property: request.precoMensal() to: setPrecoMensal(java.math.BigDecimal).
[INFO] -- MapStruct: selecting property mapping: request.precoMensal().
[INFO] -- MapStruct: mapping property: request.precoAnual() to: setPrecoAnual(java.math.BigDecimal).
[INFO] -- MapStruct: selecting property mapping: request.precoAnual().
[INFO] -- MapStruct: mapping property: request.maxUsuarios() to: setMaxUsuarios(java.lang.Integer).
[INFO] -- MapStruct: selecting property mapping: request.maxUsuarios().
[INFO] -- MapStruct: mapping property: request.maxClientes() to: setMaxClientes(java.lang.Integer).
[INFO] -- MapStruct: selecting property mapping: request.maxClientes().
[INFO] -- MapStruct: mapping property: request.maxVeiculos() to: setMaxVeiculos(java.lang.Integer).
[INFO] -- MapStruct: selecting property mapping: request.maxVeiculos().
[INFO] -- MapStruct: mapping property: request.maxOsMes() to: setMaxOsMes(java.lang.Integer).
[INFO] -- MapStruct: selecting property mapping: request.maxOsMes().
[INFO] -- MapStruct: mapping property: request.maxProdutos() to: setMaxProdutos(java.lang.Integer).
[INFO] -- MapStruct: selecting property mapping: request.maxProdutos().
[INFO] -- MapStruct: mapping property: request.maxFornecedores() to: setMaxFornecedores(java.lang.Integer).
[INFO] -- MapStruct: selecting property mapping: request.maxFornecedores().
[INFO] -- MapStruct: mapping property: request.possuiAppMobile() to: setPossuiAppMobile(java.lang.Boolean).
[INFO] -- MapStruct: selecting property mapping: request.possuiAppMobile().
[INFO] -- MapStruct: mapping property: request.possuiApi() to: setPossuiApi(java.lang.Boolean).
[INFO] -- MapStruct: selecting property mapping: request.possuiApi().
[INFO] -- MapStruct: mapping property: request.possuiIntegracaoNfe() to: setPossuiIntegracaoNfe(java.lang.Boolean).
[INFO] -- MapStruct: selecting property mapping: request.possuiIntegracaoNfe().
[INFO] -- MapStruct: mapping property: request.possuiBackupAutomatico() to: setPossuiBackupAutomatico(java.lang.Boolean).
[INFO] -- MapStruct: selecting property mapping: request.possuiBackupAutomatico().
[INFO] -- MapStruct: mapping property: request.storageGb() to: setStorageGb(java.lang.Integer).
[INFO] -- MapStruct: selecting property mapping: request.storageGb().
[INFO] -- MapStruct: mapping property: request.suporteTecnico() to: setSuporteTecnico(com.neritech.saas.empresa.domain.enums.SuporteTecnico).
[INFO] -- MapStruct: selecting property mapping: request.suporteTecnico().
[INFO] -- MapStruct: mapping property: request.periodoTesteDias() to: setPeriodoTesteDias(java.lang.Integer).
[INFO] -- MapStruct: selecting property mapping: request.periodoTesteDias().
[INFO] -- MapStruct: mapping property: request.ativo() to: setAtivo(java.lang.Boolean).
[INFO] -- MapStruct: selecting property mapping: request.ativo().
[INFO] - MapStruct: creating bean mapping method implementation for com.neritech.saas.empresa.dto.PlanoAssinaturaResponse toResponse(com.neritech.saas.empresa.domain.PlanoAssinatura entity).
[INFO] -- MapStruct: mapping property: entity.getId() to: id.
[INFO] -- MapStruct: selecting property mapping: entity.getId().
[INFO] -- MapStruct: mapping property: entity.getNome() to: nome.
[INFO] -- MapStruct: selecting property mapping: entity.getNome().
[INFO] -- MapStruct: mapping property: entity.getDescricao() to: descricao.
[INFO] -- MapStruct: selecting property mapping: entity.getDescricao().
[INFO] -- MapStruct: mapping property: entity.getPrecoMensal() to: precoMensal.
[INFO] -- MapStruct: selecting property mapping: entity.getPrecoMensal().
[INFO] -- MapStruct: mapping property: entity.getPrecoAnual() to: precoAnual.
[INFO] -- MapStruct: selecting property mapping: entity.getPrecoAnual().
[INFO] -- MapStruct: mapping property: entity.getMaxUsuarios() to: maxUsuarios.
[INFO] -- MapStruct: selecting property mapping: entity.getMaxUsuarios().
[INFO] -- MapStruct: mapping property: entity.getMaxClientes() to: maxClientes.
[INFO] -- MapStruct: selecting property mapping: entity.getMaxClientes().
[INFO] -- MapStruct: mapping property: entity.getMaxVeiculos() to: maxVeiculos.
[INFO] -- MapStruct: selecting property mapping: entity.getMaxVeiculos().
[INFO] -- MapStruct: mapping property: entity.getMaxOsMes() to: maxOsMes.
[INFO] -- MapStruct: selecting property mapping: entity.getMaxOsMes().
[INFO] -- MapStruct: mapping property: entity.getMaxProdutos() to: maxProdutos.
[INFO] -- MapStruct: selecting property mapping: entity.getMaxProdutos().
[INFO] -- MapStruct: mapping property: entity.getMaxFornecedores() to: maxFornecedores.
[INFO] -- MapStruct: selecting property mapping: entity.getMaxFornecedores().
[INFO] -- MapStruct: mapping property: entity.getPossuiAppMobile() to: possuiAppMobile.
[INFO] -- MapStruct: selecting property mapping: entity.getPossuiAppMobile().
[INFO] -- MapStruct: mapping property: entity.getPossuiApi() to: possuiApi.
[INFO] -- MapStruct: selecting property mapping: entity.getPossuiApi().
[INFO] -- MapStruct: mapping property: entity.getPossuiIntegracaoNfe() to: possuiIntegracaoNfe.
[INFO] -- MapStruct: selecting property mapping: entity.getPossuiIntegracaoNfe().
[INFO] -- MapStruct: mapping property: entity.getPossuiBackupAutomatico() to: possuiBackupAutomatico.
[INFO] -- MapStruct: selecting property mapping: entity.getPossuiBackupAutomatico().
[INFO] -- MapStruct: mapping property: entity.getStorageGb() to: storageGb.
[INFO] -- MapStruct: selecting property mapping: entity.getStorageGb().
[INFO] -- MapStruct: mapping property: entity.getSuporteTecnico() to: suporteTecnico.
[INFO] -- MapStruct: selecting property mapping: entity.getSuporteTecnico().
[INFO] -- MapStruct: mapping property: entity.getPeriodoTesteDias() to: periodoTesteDias.
[INFO] -- MapStruct: selecting property mapping: entity.getPeriodoTesteDias().
[INFO] -- MapStruct: mapping property: entity.getAtivo() to: ativo.
[INFO] -- MapStruct: selecting property mapping: entity.getAtivo().
[INFO] -- MapStruct: mapping property: entity.getDataCadastro() to: dataCadastro.
[INFO] -- MapStruct: selecting property mapping: entity.getDataCadastro().
[INFO] -- MapStruct: mapping property: entity.getDataAtualizacao() to: dataAtualizacao.
[INFO] -- MapStruct: selecting property mapping: entity.getDataAtualizacao().
[INFO] - MapStruct: creating bean mapping method implementation for void updateEntityFromRequest(com.neritech.saas.empresa.dto.PlanoAssinaturaRequest request, @MappingTarget com.neritech.saas.empresa.domain.PlanoAssinatura entity).
[INFO] -- MapStruct: mapping property: request.nome() to: setNome(java.lang.String).
[INFO] -- MapStruct: selecting property mapping: request.nome().
[INFO] -- MapStruct: mapping property: request.descricao() to: setDescricao(java.lang.String).
[INFO] -- MapStruct: selecting property mapping: request.descricao().
[INFO] -- MapStruct: mapping property: request.precoMensal() to: setPrecoMensal(java.math.BigDecimal).
[INFO] -- MapStruct: selecting property mapping: request.precoMensal().
[INFO] -- MapStruct: mapping property: request.precoAnual() to: setPrecoAnual(java.math.BigDecimal).
[INFO] -- MapStruct: selecting property mapping: request.precoAnual().
[INFO] -- MapStruct: mapping property: request.maxUsuarios() to: setMaxUsuarios(java.lang.Integer).
[INFO] -- MapStruct: selecting property mapping: request.maxUsuarios().
[INFO] -- MapStruct: mapping property: request.maxClientes() to: setMaxClientes(java.lang.Integer).
[INFO] -- MapStruct: selecting property mapping: request.maxClientes().
[INFO] -- MapStruct: mapping property: request.maxVeiculos() to: setMaxVeiculos(java.lang.Integer).
[INFO] -- MapStruct: selecting property mapping: request.maxVeiculos().
[INFO] -- MapStruct: mapping property: request.maxOsMes() to: setMaxOsMes(java.lang.Integer).
[INFO] -- MapStruct: selecting property mapping: request.maxOsMes().
[INFO] -- MapStruct: mapping property: request.maxProdutos() to: setMaxProdutos(java.lang.Integer).
[INFO] -- MapStruct: selecting property mapping: request.maxProdutos().
[INFO] -- MapStruct: mapping property: request.maxFornecedores() to: setMaxFornecedores(java.lang.Integer).
[INFO] -- MapStruct: selecting property mapping: request.maxFornecedores().
[INFO] -- MapStruct: mapping property: request.possuiAppMobile() to: setPossuiAppMobile(java.lang.Boolean).
[INFO] -- MapStruct: selecting property mapping: request.possuiAppMobile().
[INFO] -- MapStruct: mapping property: request.possuiApi() to: setPossuiApi(java.lang.Boolean).
[INFO] -- MapStruct: selecting property mapping: request.possuiApi().
[INFO] -- MapStruct: mapping property: request.possuiIntegracaoNfe() to: setPossuiIntegracaoNfe(java.lang.Boolean).
[INFO] -- MapStruct: selecting property mapping: request.possuiIntegracaoNfe().
[INFO] -- MapStruct: mapping property: request.possuiBackupAutomatico() to: setPossuiBackupAutomatico(java.lang.Boolean).
[INFO] -- MapStruct: selecting property mapping: request.possuiBackupAutomatico().
[INFO] -- MapStruct: mapping property: request.storageGb() to: setStorageGb(java.lang.Integer).
[INFO] -- MapStruct: selecting property mapping: request.storageGb().
[INFO] -- MapStruct: mapping property: request.suporteTecnico() to: setSuporteTecnico(com.neritech.saas.empresa.domain.enums.SuporteTecnico).
[INFO] -- MapStruct: selecting property mapping: request.suporteTecnico().
[INFO] -- MapStruct: mapping property: request.periodoTesteDias() to: setPeriodoTesteDias(java.lang.Integer).
[INFO] -- MapStruct: selecting property mapping: request.periodoTesteDias().
[INFO] -- MapStruct: mapping property: request.ativo() to: setAtivo(java.lang.Boolean).
[INFO] -- MapStruct: selecting property mapping: request.ativo().
[INFO]  MapStruct: processing: com.neritech.saas.agendamento.mapper.LembreteAgendamentoMapper.
[INFO] - MapStruct: creating bean mapping method implementation for com.neritech.saas.agendamento.domain.LembreteAgendamento toEntity(com.neritech.saas.agendamento.dto.LembreteAgendamentoRequest request).
[INFO] -- MapStruct: mapping property: request to: setAgendamento(com.neritech.saas.agendamento.domain.Agendamento).
[INFO] -- MapStruct: mapping property: lembreteAgendamentoRequest.agendamentoId() to: setId(java.lang.Long).
[INFO] -- MapStruct: selecting property mapping: lembreteAgendamentoRequest.agendamentoId().
[INFO] -- MapStruct: creating property mapping: com.neritech.saas.agendamento.domain.Agendamento #lembreteAgendamentoRequestToAgendamento(request).
[INFO] -- MapStruct: selecting property mapping: com.neritech.saas.agendamento.domain.Agendamento #lembreteAgendamentoRequestToAgendamento(request).
[INFO] -- MapStruct: mapping property: request.tipoLembrete() to: setTipoLembrete(com.neritech.saas.agendamento.domain.enums.TipoLembrete).
[INFO] -- MapStruct: selecting property mapping: request.tipoLembrete().
[INFO] -- MapStruct: mapping property: request.destinatario() to: setDestinatario(java.lang.String).
[INFO] -- MapStruct: selecting property mapping: request.destinatario().
[INFO] -- MapStruct: mapping property: request.assunto() to: setAssunto(java.lang.String).
[INFO] -- MapStruct: selecting property mapping: request.assunto().
[INFO] -- MapStruct: mapping property: request.mensagem() to: setMensagem(java.lang.String).
[INFO] -- MapStruct: selecting property mapping: request.mensagem().
[INFO] -- MapStruct: mapping property: request.dataAgendamentoEnvio() to: setDataAgendamentoEnvio(java.time.LocalDateTime).
[INFO] -- MapStruct: selecting property mapping: request.dataAgendamentoEnvio().
[INFO] -- MapStruct: mapping property: request.statusEnvio() to: setStatusEnvio(com.neritech.saas.agendamento.domain.enums.StatusEnvioLembrete).
[INFO] -- MapStruct: selecting property mapping: request.statusEnvio().
[INFO] -- MapStruct: mapping property: request.erroEnvio() to: setErroEnvio(java.lang.String).
[INFO] -- MapStruct: selecting property mapping: request.erroEnvio().
[INFO] -- MapStruct: mapping property: request.respostaCliente() to: setRespostaCliente(java.lang.String).
[INFO] -- MapStruct: selecting property mapping: request.respostaCliente().
[INFO] -- MapStruct: mapping property: request.dataResposta() to: setDataResposta(java.time.LocalDateTime).
[INFO] -- MapStruct: selecting property mapping: request.dataResposta().
[INFO] -- MapStruct: mapping property: request.custoEnvio() to: setCustoEnvio(java.math.BigDecimal).
[INFO] -- MapStruct: selecting property mapping: request.custoEnvio().
[INFO] -- MapStruct: mapping property: request.templateUsado() to: setTemplateUsado(java.lang.String).
[INFO] -- MapStruct: selecting property mapping: request.templateUsado().
[INFO] -- MapStruct: mapping property: request.variaveisTemplate() to: setVariaveisTemplate(java.lang.String).
[INFO] -- MapStruct: selecting property mapping: request.variaveisTemplate().
[INFO] -- MapStruct: mapping property: request.tentativasEnvio() to: setTentativasEnvio(java.lang.Integer).
[INFO] -- MapStruct: selecting property mapping: request.tentativasEnvio().
[INFO] -- MapStruct: mapping property: request.automatico() to: setAutomatico(java.lang.Boolean).
[INFO] -- MapStruct: selecting property mapping: request.automatico().
[WARNING] /C:/Users/alexa/OneDrive/Documentos/NeriTech/backend/src/main/java/com/neritech/saas/agendamento/mapper/LembreteAgendamentoMapper.java:[15,25] Unmapped target properties: "criadoPor, atualizadoPor, versao, dataEnvio".
[INFO] - MapStruct: creating bean mapping method implementation for com.neritech.saas.agendamento.dto.LembreteAgendamentoResponse toResponse(com.neritech.saas.agendamento.domain.LembreteAgendamento entity).
[INFO] -- MapStruct: mapping property: entityAgendamentoId( entity ) to: agendamentoId.
[INFO] -- MapStruct: selecting property mapping: entityAgendamentoId( entity ).
[INFO] -- MapStruct: mapping property: entityAgendamentoNumeroAgendamento( entity ) to: numeroAgendamento.
[INFO] -- MapStruct: selecting property mapping: entityAgendamentoNumeroAgendamento( entity ).
[INFO] -- MapStruct: mapping property: entity.getId() to: id.
[INFO] -- MapStruct: selecting property mapping: entity.getId().
[INFO] -- MapStruct: mapping property: entity.getTipoLembrete() to: tipoLembrete.
[INFO] -- MapStruct: selecting property mapping: entity.getTipoLembrete().
[INFO] -- MapStruct: mapping property: entity.getDestinatario() to: destinatario.
[INFO] -- MapStruct: selecting property mapping: entity.getDestinatario().
[INFO] -- MapStruct: mapping property: entity.getAssunto() to: assunto.
[INFO] -- MapStruct: selecting property mapping: entity.getAssunto().
[INFO] -- MapStruct: mapping property: entity.getMensagem() to: mensagem.
[INFO] -- MapStruct: selecting property mapping: entity.getMensagem().
[INFO] -- MapStruct: mapping property: entity.getDataAgendamentoEnvio() to: dataAgendamentoEnvio.
[INFO] -- MapStruct: selecting property mapping: entity.getDataAgendamentoEnvio().
[INFO] -- MapStruct: mapping property: entity.getDataEnvio() to: dataEnvio.
[INFO] -- MapStruct: selecting property mapping: entity.getDataEnvio().
[INFO] -- MapStruct: mapping property: entity.getStatusEnvio() to: statusEnvio.
[INFO] -- MapStruct: selecting property mapping: entity.getStatusEnvio().
[INFO] -- MapStruct: mapping property: entity.getTentativasEnvio() to: tentativasEnvio.
[INFO] -- MapStruct: selecting property mapping: entity.getTentativasEnvio().
[INFO] -- MapStruct: mapping property: entity.getErroEnvio() to: erroEnvio.
[INFO] -- MapStruct: selecting property mapping: entity.getErroEnvio().
[INFO] -- MapStruct: mapping property: entity.getRespostaCliente() to: respostaCliente.
[INFO] -- MapStruct: selecting property mapping: entity.getRespostaCliente().
[INFO] -- MapStruct: mapping property: entity.getDataResposta() to: dataResposta.
[INFO] -- MapStruct: selecting property mapping: entity.getDataResposta().
[INFO] -- MapStruct: mapping property: entity.getCustoEnvio() to: custoEnvio.
[INFO] -- MapStruct: selecting property mapping: entity.getCustoEnvio().
[INFO] -- MapStruct: mapping property: entity.getTemplateUsado() to: templateUsado.
[INFO] -- MapStruct: selecting property mapping: entity.getTemplateUsado().
[INFO] -- MapStruct: mapping property: entity.getVariaveisTemplate() to: variaveisTemplate.
[INFO] -- MapStruct: selecting property mapping: entity.getVariaveisTemplate().
[INFO] -- MapStruct: mapping property: entity.getAutomatico() to: automatico.
[INFO] -- MapStruct: selecting property mapping: entity.getAutomatico().
[INFO] -- MapStruct: mapping property: entity.getDataCadastro() to: dataCadastro.
[INFO] -- MapStruct: selecting property mapping: entity.getDataCadastro().
[INFO]  MapStruct: processing: com.neritech.saas.empresa.mapper.LocalizacaoMapper.
[INFO] - MapStruct: creating bean mapping method implementation for com.neritech.saas.empresa.domain.Localizacao toEntity(com.neritech.saas.empresa.dto.LocalizacaoRequest request).
[INFO] -- MapStruct: mapping property: request.descricao() to: setDescricao(java.lang.String).
[INFO] -- MapStruct: selecting property mapping: request.descricao().
[INFO] - MapStruct: creating bean mapping method implementation for com.neritech.saas.empresa.dto.LocalizacaoResponse toResponse(com.neritech.saas.empresa.domain.Localizacao entity).
[INFO] -- MapStruct: mapping property: entityEmpresaId( entity ) to: empresaId.
[INFO] -- MapStruct: selecting property mapping: entityEmpresaId( entity ).
[INFO] -- MapStruct: mapping property: entityEmpresaNomeFantasia( entity ) to: empresaNome.
[INFO] -- MapStruct: selecting property mapping: entityEmpresaNomeFantasia( entity ).
[INFO] -- MapStruct: mapping property: entity.getId() to: id.
[INFO] -- MapStruct: selecting property mapping: entity.getId().
[INFO] -- MapStruct: mapping property: entity.getDescricao() to: descricao.
[INFO] -- MapStruct: selecting property mapping: entity.getDescricao().
[INFO] -- MapStruct: mapping property: entity.getDataCadastro() to: dataCadastro.
[INFO] -- MapStruct: selecting property mapping: entity.getDataCadastro().
[INFO] -- MapStruct: mapping property: entity.getDataAtualizacao() to: dataAtualizacao.
[INFO] -- MapStruct: selecting property mapping: entity.getDataAtualizacao().
[INFO] - MapStruct: creating bean mapping method implementation for void updateEntityFromRequest(com.neritech.saas.empresa.dto.LocalizacaoRequest request, @MappingTarget com.neritech.saas.empresa.domain.Localizacao entity).
[INFO] -- MapStruct: mapping property: request.descricao() to: setDescricao(java.lang.String).
[INFO] -- MapStruct: selecting property mapping: request.descricao().
[INFO]  MapStruct: processing: com.neritech.saas.estoque.mapper.AlertaEstoqueMapper.
[INFO] - MapStruct: creating bean mapping method implementation for com.neritech.saas.estoque.domain.AlertaEstoque toEntity(com.neritech.saas.estoque.dto.AlertaEstoqueRequest request).
[INFO] -- MapStruct: mapping property: request.empresaId() to: setEmpresaId(java.lang.Long).
[INFO] -- MapStruct: selecting property mapping: request.empresaId().
[INFO] -- MapStruct: mapping property: request.tipoAlerta() to: setTipoAlerta(com.neritech.saas.comunicacao.domain.enums.TipoAlerta).
[INFO] -- MapStruct: selecting property mapping: request.tipoAlerta().
[INFO] -- MapStruct: mapping property: request.descricao() to: setDescricao(java.lang.String).
[INFO] -- MapStruct: selecting property mapping: request.descricao().
[INFO] -- MapStruct: mapping property: request.nivelPrioridade() to: setNivelPrioridade(com.neritech.saas.estoque.domain.enums.NivelPrioridade).
[INFO] -- MapStruct: selecting property mapping: request.nivelPrioridade().
[INFO] -- MapStruct: mapping property: request.quantidadeAtual() to: setQuantidadeAtual(java.math.BigDecimal).
[INFO] -- MapStruct: selecting property mapping: request.quantidadeAtual().
[INFO] -- MapStruct: mapping property: request.quantidadeReferencia() to: setQuantidadeReferencia(java.math.BigDecimal).
[INFO] -- MapStruct: selecting property mapping: request.quantidadeReferencia().
[INFO] -- MapStruct: mapping property: request.dataVencimento() to: setDataVencimento(java.time.LocalDate).
[INFO] -- MapStruct: selecting property mapping: request.dataVencimento().
[INFO] -- MapStruct: mapping property: request.diasParado() to: setDiasParado(java.lang.Integer).
[INFO] -- MapStruct: selecting property mapping: request.diasParado().
[INFO] -- MapStruct: mapping property: request.valorEnvolvido() to: setValorEnvolvido(java.math.BigDecimal).
[INFO] -- MapStruct: selecting property mapping: request.valorEnvolvido().
[INFO] -- MapStruct: mapping property: request.status() to: setStatus(com.neritech.saas.estoque.domain.enums.StatusAlerta).
[INFO] -- MapStruct: selecting property mapping: request.status().
[INFO] -- MapStruct: mapping property: request.usuarioResponsavel() to: setUsuarioResponsavel(java.lang.Long).
[INFO] -- MapStruct: selecting property mapping: request.usuarioResponsavel().
[INFO] -- MapStruct: mapping property: request.observacoesResolucao() to: setObservacoesResolucao(java.lang.String).
[INFO] -- MapStruct: selecting property mapping: request.observacoesResolucao().
[INFO] - MapStruct: creating bean mapping method implementation for com.neritech.saas.estoque.dto.AlertaEstoqueResponse toResponse(com.neritech.saas.estoque.domain.AlertaEstoque entity).
[INFO] -- MapStruct: mapping property: entityProdutoId( entity ) to: produtoId.
[INFO] -- MapStruct: selecting property mapping: entityProdutoId( entity ).
[INFO] -- MapStruct: mapping property: entityProdutoNome( entity ) to: produtoNome.
[INFO] -- MapStruct: selecting property mapping: entityProdutoNome( entity ).
[INFO] -- MapStruct: mapping property: entity.getId() to: id.
[INFO] -- MapStruct: selecting property mapping: entity.getId().
[INFO] -- MapStruct: mapping property: entity.getEmpresaId() to: empresaId.
[INFO] -- MapStruct: selecting property mapping: entity.getEmpresaId().
[INFO] -- MapStruct: mapping property: entity.getTipoAlerta() to: tipoAlerta.
[INFO] -- MapStruct: selecting property mapping: entity.getTipoAlerta().
[INFO] -- MapStruct: mapping property: entity.getDescricao() to: descricao.
[INFO] -- MapStruct: selecting property mapping: entity.getDescricao().
[INFO] -- MapStruct: mapping property: entity.getNivelPrioridade() to: nivelPrioridade.
[INFO] -- MapStruct: selecting property mapping: entity.getNivelPrioridade().
[INFO] -- MapStruct: mapping property: entity.getQuantidadeAtual() to: quantidadeAtual.
[INFO] -- MapStruct: selecting property mapping: entity.getQuantidadeAtual().
[INFO] -- MapStruct: mapping property: entity.getQuantidadeReferencia() to: quantidadeReferencia.
[INFO] -- MapStruct: selecting property mapping: entity.getQuantidadeReferencia().
[INFO] -- MapStruct: mapping property: entity.getDataVencimento() to: dataVencimento.
[INFO] -- MapStruct: selecting property mapping: entity.getDataVencimento().
[INFO] -- MapStruct: mapping property: entity.getDiasParado() to: diasParado.
[INFO] -- MapStruct: selecting property mapping: entity.getDiasParado().
[INFO] -- MapStruct: mapping property: entity.getValorEnvolvido() to: valorEnvolvido.
[INFO] -- MapStruct: selecting property mapping: entity.getValorEnvolvido().
[INFO] -- MapStruct: mapping property: entity.getStatus() to: status.
[INFO] -- MapStruct: selecting property mapping: entity.getStatus().
[INFO] -- MapStruct: mapping property: entity.getUsuarioResponsavel() to: usuarioResponsavel.
[INFO] -- MapStruct: selecting property mapping: entity.getUsuarioResponsavel().
[INFO] -- MapStruct: mapping property: entity.getDataResolucao() to: dataResolucao.
[INFO] -- MapStruct: selecting property mapping: entity.getDataResolucao().
[INFO] -- MapStruct: mapping property: entity.getObservacoesResolucao() to: observacoesResolucao.
[INFO] -- MapStruct: selecting property mapping: entity.getObservacoesResolucao().
[INFO] -- MapStruct: mapping property: entity.getNotificacaoEnviada() to: notificacaoEnviada.
[INFO] -- MapStruct: selecting property mapping: entity.getNotificacaoEnviada().
[INFO] -- MapStruct: mapping property: entity.getDataNotificacao() to: dataNotificacao.
[INFO] -- MapStruct: selecting property mapping: entity.getDataNotificacao().
[INFO] - MapStruct: creating bean mapping method implementation for void updateEntityFromRequest(com.neritech.saas.estoque.dto.AlertaEstoqueRequest request, @MappingTarget com.neritech.saas.estoque.domain.AlertaEstoque entity).
[INFO] -- MapStruct: mapping property: request.empresaId() to: setEmpresaId(java.lang.Long).
[INFO] -- MapStruct: selecting property mapping: request.empresaId().
[INFO] -- MapStruct: mapping property: request.tipoAlerta() to: setTipoAlerta(com.neritech.saas.comunicacao.domain.enums.TipoAlerta).
[INFO] -- MapStruct: selecting property mapping: request.tipoAlerta().
[INFO] -- MapStruct: mapping property: request.descricao() to: setDescricao(java.lang.String).
[INFO] -- MapStruct: selecting property mapping: request.descricao().
[INFO] -- MapStruct: mapping property: request.nivelPrioridade() to: setNivelPrioridade(com.neritech.saas.estoque.domain.enums.NivelPrioridade).
[INFO] -- MapStruct: selecting property mapping: request.nivelPrioridade().
[INFO] -- MapStruct: mapping property: request.quantidadeAtual() to: setQuantidadeAtual(java.math.BigDecimal).
[INFO] -- MapStruct: selecting property mapping: request.quantidadeAtual().
[INFO] -- MapStruct: mapping property: request.quantidadeReferencia() to: setQuantidadeReferencia(java.math.BigDecimal).
[INFO] -- MapStruct: selecting property mapping: request.quantidadeReferencia().
[INFO] -- MapStruct: mapping property: request.dataVencimento() to: setDataVencimento(java.time.LocalDate).
[INFO] -- MapStruct: selecting property mapping: request.dataVencimento().
[INFO] -- MapStruct: mapping property: request.diasParado() to: setDiasParado(java.lang.Integer).
[INFO] -- MapStruct: selecting property mapping: request.diasParado().
[INFO] -- MapStruct: mapping property: request.valorEnvolvido() to: setValorEnvolvido(java.math.BigDecimal).
[INFO] -- MapStruct: selecting property mapping: request.valorEnvolvido().
[INFO] -- MapStruct: mapping property: request.status() to: setStatus(com.neritech.saas.estoque.domain.enums.StatusAlerta).
[INFO] -- MapStruct: selecting property mapping: request.status().
[INFO] -- MapStruct: mapping property: request.usuarioResponsavel() to: setUsuarioResponsavel(java.lang.Long).
[INFO] -- MapStruct: selecting property mapping: request.usuarioResponsavel().
[INFO] -- MapStruct: mapping property: request.observacoesResolucao() to: setObservacoesResolucao(java.lang.String).
[INFO] -- MapStruct: selecting property mapping: request.observacoesResolucao().
[INFO]  MapStruct: processing: com.neritech.saas.fiscal.mapper.CertificadoDigitalMapper.
[INFO] - MapStruct: creating bean mapping method implementation for com.neritech.saas.fiscal.domain.CertificadoDigital toEntity(com.neritech.saas.fiscal.dto.CertificadoDigitalRequest request).
[INFO] MapStruct: referred types not available (yet), deferring mapper: com.neritech.saas.fiscal.mapper.CertificadoDigitalMapper
[INFO]  MapStruct: processing: com.neritech.saas.comunicacao.mapper.ListaContatosMapper.
[INFO] - MapStruct: creating bean mapping method implementation for com.neritech.saas.comunicacao.domain.ListaContatos toEntity(com.neritech.saas.comunicacao.dto.ListaContatosRequest request).
[INFO] -- MapStruct: mapping property: request.empresaId() to: setEmpresaId(java.lang.Long).
[INFO] -- MapStruct: selecting property mapping: request.empresaId().
[INFO] -- MapStruct: mapping property: request.nome() to: setNome(java.lang.String).
[INFO] -- MapStruct: selecting property mapping: request.nome().
[INFO] -- MapStruct: mapping property: request.descricao() to: setDescricao(java.lang.String).
[INFO] -- MapStruct: selecting property mapping: request.descricao().
[INFO] -- MapStruct: mapping property: request.tipoLista() to: setTipoLista(com.neritech.saas.comunicacao.domain.enums.TipoLista).
[INFO] -- MapStruct: selecting property mapping: request.tipoLista().
[INFO] -- MapStruct: mapping property: request.criteriosSegmentacao() to: setCriteriosSegmentacao(java.lang.String).
[INFO] -- MapStruct: selecting property mapping: request.criteriosSegmentacao().
[INFO] -- MapStruct: mapping property: request.frequenciaAtualizacao() to: setFrequenciaAtualizacao(com.neritech.saas.comunicacao.domain.enums.FrequenciaAtualizacao).
[INFO] -- MapStruct: selecting property mapping: request.frequenciaAtualizacao().
[INFO] -- MapStruct: mapping property: request.tags() to: setTags(java.lang.String).
[INFO] -- MapStruct: selecting property mapping: request.tags().
[INFO] -- MapStruct: mapping property: request.privada() to: setPrivada(java.lang.Boolean).
[INFO] -- MapStruct: selecting property mapping: request.privada().
[INFO] -- MapStruct: mapping property: request.compartilhadaCom() to: setCompartilhadaCom(java.lang.String).
[INFO] -- MapStruct: selecting property mapping: request.compartilhadaCom().
[INFO] -- MapStruct: mapping property: request.origemLista() to: setOrigemLista(java.lang.String).
[INFO] -- MapStruct: selecting property mapping: request.origemLista().
[INFO] -- MapStruct: mapping property: request.ativa() to: setAtiva(java.lang.Boolean).
[INFO] -- MapStruct: selecting property mapping: request.ativa().
[WARNING] /C:/Users/alexa/OneDrive/Documentos/NeriTech/backend/src/main/java/com/neritech/saas/comunicacao/mapper/ListaContatosMapper.java:[22,19] Unmapped target properties: "criadoPor, atualizadoPor".
[INFO] - MapStruct: creating bean mapping method implementation for com.neritech.saas.comunicacao.dto.ListaContatosResponse toResponse(com.neritech.saas.comunicacao.domain.ListaContatos entity).
[INFO] -- MapStruct: mapping property: entity.getId() to: id.
[INFO] -- MapStruct: selecting property mapping: entity.getId().
[INFO] -- MapStruct: mapping property: entity.getEmpresaId() to: empresaId.
[INFO] -- MapStruct: selecting property mapping: entity.getEmpresaId().
[INFO] -- MapStruct: mapping property: entity.getNome() to: nome.
[INFO] -- MapStruct: selecting property mapping: entity.getNome().
[INFO] -- MapStruct: mapping property: entity.getDescricao() to: descricao.
[INFO] -- MapStruct: selecting property mapping: entity.getDescricao().
[INFO] -- MapStruct: mapping property: entity.getTipoLista() to: tipoLista.
[INFO] -- MapStruct: selecting property mapping: entity.getTipoLista().
[INFO] -- MapStruct: mapping property: entity.getCriteriosSegmentacao() to: criteriosSegmentacao.
[INFO] -- MapStruct: selecting property mapping: entity.getCriteriosSegmentacao().
[INFO] -- MapStruct: mapping property: entity.getTotalContatos() to: totalContatos.
[INFO] -- MapStruct: selecting property mapping: entity.getTotalContatos().
[INFO] -- MapStruct: mapping property: entity.getContatosAtivos() to: contatosAtivos.
[INFO] -- MapStruct: selecting property mapping: entity.getContatosAtivos().
[INFO] -- MapStruct: mapping property: entity.getDataUltimaAtualizacao() to: dataUltimaAtualizacao.
[INFO] -- MapStruct: selecting property mapping: entity.getDataUltimaAtualizacao().
[INFO] -- MapStruct: mapping property: entity.getFrequenciaAtualizacao() to: frequenciaAtualizacao.
[INFO] -- MapStruct: selecting property mapping: entity.getFrequenciaAtualizacao().
[INFO] -- MapStruct: mapping property: entity.getProximaAtualizacao() to: proximaAtualizacao.
[INFO] -- MapStruct: selecting property mapping: entity.getProximaAtualizacao().
[INFO] -- MapStruct: mapping property: entity.getTags() to: tags.
[INFO] -- MapStruct: selecting property mapping: entity.getTags().
[INFO] -- MapStruct: mapping property: entity.getPrivada() to: privada.
[INFO] -- MapStruct: selecting property mapping: entity.getPrivada().
[INFO] -- MapStruct: mapping property: entity.getCompartilhadaCom() to: compartilhadaCom.
[INFO] -- MapStruct: selecting property mapping: entity.getCompartilhadaCom().
[INFO] -- MapStruct: mapping property: entity.getOrigemLista() to: origemLista.
[INFO] -- MapStruct: selecting property mapping: entity.getOrigemLista().
[INFO] -- MapStruct: mapping property: entity.getAtiva() to: ativa.
[INFO] -- MapStruct: selecting property mapping: entity.getAtiva().
[INFO] -- MapStruct: mapping property: entity.getCriadaPor() to: criadaPor.
[INFO] -- MapStruct: selecting property mapping: entity.getCriadaPor().
[INFO] -- MapStruct: mapping property: entity.getDataCadastro() to: dataCadastro.
[INFO] -- MapStruct: selecting property mapping: entity.getDataCadastro().
[INFO] -- MapStruct: mapping property: entity.getDataAtualizacao() to: dataAtualizacao.
[INFO] -- MapStruct: selecting property mapping: entity.getDataAtualizacao().
[INFO] - MapStruct: creating bean mapping method implementation for void updateEntity(com.neritech.saas.comunicacao.dto.ListaContatosRequest request, @MappingTarget com.neritech.saas.comunicacao.domain.ListaContatos entity).
[INFO] -- MapStruct: mapping property: request.empresaId() to: setEmpresaId(java.lang.Long).
[INFO] -- MapStruct: selecting property mapping: request.empresaId().
[INFO] -- MapStruct: mapping property: request.nome() to: setNome(java.lang.String).
[INFO] -- MapStruct: selecting property mapping: request.nome().
[INFO] -- MapStruct: mapping property: request.descricao() to: setDescricao(java.lang.String).
[INFO] -- MapStruct: selecting property mapping: request.descricao().
[INFO] -- MapStruct: mapping property: request.tipoLista() to: setTipoLista(com.neritech.saas.comunicacao.domain.enums.TipoLista).
[INFO] -- MapStruct: selecting property mapping: request.tipoLista().
[INFO] -- MapStruct: mapping property: request.criteriosSegmentacao() to: setCriteriosSegmentacao(java.lang.String).
[INFO] -- MapStruct: selecting property mapping: request.criteriosSegmentacao().
[INFO] -- MapStruct: mapping property: request.frequenciaAtualizacao() to: setFrequenciaAtualizacao(com.neritech.saas.comunicacao.domain.enums.FrequenciaAtualizacao).
[INFO] -- MapStruct: selecting property mapping: request.frequenciaAtualizacao().
[INFO] -- MapStruct: mapping property: request.tags() to: setTags(java.lang.String).
[INFO] -- MapStruct: selecting property mapping: request.tags().
[INFO] -- MapStruct: mapping property: request.privada() to: setPrivada(java.lang.Boolean).
[INFO] -- MapStruct: selecting property mapping: request.privada().
[INFO] -- MapStruct: mapping property: request.compartilhadaCom() to: setCompartilhadaCom(java.lang.String).
[INFO] -- MapStruct: selecting property mapping: request.compartilhadaCom().
[INFO] -- MapStruct: mapping property: request.origemLista() to: setOrigemLista(java.lang.String).
[INFO] -- MapStruct: selecting property mapping: request.origemLista().
[INFO] -- MapStruct: mapping property: request.ativa() to: setAtiva(java.lang.Boolean).
[INFO] -- MapStruct: selecting property mapping: request.ativa().
[WARNING] /C:/Users/alexa/OneDrive/Documentos/NeriTech/backend/src/main/java/com/neritech/saas/comunicacao/mapper/ListaContatosMapper.java:[35,10] Unmapped target properties: "criadoPor, atualizadoPor".
[INFO]  MapStruct: processing: com.neritech.saas.financeiro.mapper.ContaBancariaMapper.
[INFO] - MapStruct: creating bean mapping method implementation for com.neritech.saas.financeiro.domain.ContaBancaria toEntity(com.neritech.saas.financeiro.dto.ContaBancariaRequest request).
[INFO] -- MapStruct: mapping property: request.bancoCodigo() to: setBancoCodigo(java.lang.String).
[INFO] -- MapStruct: selecting property mapping: request.bancoCodigo().
[INFO] -- MapStruct: mapping property: request.bancoNome() to: setBancoNome(java.lang.String).
[INFO] -- MapStruct: selecting property mapping: request.bancoNome().
[INFO] -- MapStruct: mapping property: request.agencia() to: setAgencia(java.lang.String).
[INFO] -- MapStruct: selecting property mapping: request.agencia().
[INFO] -- MapStruct: mapping property: request.conta() to: setConta(java.lang.String).
[INFO] -- MapStruct: selecting property mapping: request.conta().
[INFO] -- MapStruct: mapping property: request.digitoConta() to: setDigitoConta(java.lang.String).
[INFO] -- MapStruct: selecting property mapping: request.digitoConta().
[INFO] -- MapStruct: mapping property: request.tipoConta() to: setTipoConta(com.neritech.saas.financeiro.domain.enums.TipoConta).
[INFO] -- MapStruct: selecting property mapping: request.tipoConta().
[INFO] -- MapStruct: mapping property: request.titularConta() to: setTitularConta(java.lang.String).
[INFO] -- MapStruct: selecting property mapping: request.titularConta().
[INFO] -- MapStruct: mapping property: request.cpfCnpjTitular() to: setCpfCnpjTitular(java.lang.String).
[INFO] -- MapStruct: selecting property mapping: request.cpfCnpjTitular().
[INFO] -- MapStruct: mapping property: request.dataUltimoSaldo() to: setDataUltimoSaldo(java.time.LocalDate).
[INFO] -- MapStruct: selecting property mapping: request.dataUltimoSaldo().
[INFO] -- MapStruct: mapping property: request.saldoAtual() to: setSaldoAtual(java.math.BigDecimal).
[INFO] -- MapStruct: selecting property mapping: request.saldoAtual().
[INFO] -- MapStruct: mapping property: request.limiteChequeEspecial() to: setLimiteChequeEspecial(java.math.BigDecimal).
[INFO] -- MapStruct: selecting property mapping: request.limiteChequeEspecial().
[INFO] -- MapStruct: mapping property: request.ativo() to: setAtivo(java.lang.Boolean).
[INFO] -- MapStruct: selecting property mapping: request.ativo().
[INFO] - MapStruct: creating bean mapping method implementation for com.neritech.saas.financeiro.dto.ContaBancariaResponse toResponse(com.neritech.saas.financeiro.domain.ContaBancaria entity).
[INFO] -- MapStruct: mapping property: entity.getId() to: id.
[INFO] -- MapStruct: selecting property mapping: entity.getId().
[INFO] -- MapStruct: mapping property: entity.getEmpresaId() to: empresaId.
[INFO] -- MapStruct: selecting property mapping: entity.getEmpresaId().
[INFO] -- MapStruct: mapping property: entity.getBancoCodigo() to: bancoCodigo.
[INFO] -- MapStruct: selecting property mapping: entity.getBancoCodigo().
[INFO] -- MapStruct: mapping property: entity.getBancoNome() to: bancoNome.
[INFO] -- MapStruct: selecting property mapping: entity.getBancoNome().
[INFO] -- MapStruct: mapping property: entity.getAgencia() to: agencia.
[INFO] -- MapStruct: selecting property mapping: entity.getAgencia().
[INFO] -- MapStruct: mapping property: entity.getConta() to: conta.
[INFO] -- MapStruct: selecting property mapping: entity.getConta().
[INFO] -- MapStruct: mapping property: entity.getDigitoConta() to: digitoConta.
[INFO] -- MapStruct: selecting property mapping: entity.getDigitoConta().
[INFO] -- MapStruct: mapping property: entity.getTipoConta() to: tipoConta.
[INFO] -- MapStruct: selecting property mapping: entity.getTipoConta().
[INFO] -- MapStruct: mapping property: entity.getTitularConta() to: titularConta.
[INFO] -- MapStruct: selecting property mapping: entity.getTitularConta().
[INFO] -- MapStruct: mapping property: entity.getCpfCnpjTitular() to: cpfCnpjTitular.
[INFO] -- MapStruct: selecting property mapping: entity.getCpfCnpjTitular().
[INFO] -- MapStruct: mapping property: entity.getSaldoAtual() to: saldoAtual.
[INFO] -- MapStruct: selecting property mapping: entity.getSaldoAtual().
[INFO] -- MapStruct: mapping property: entity.getLimiteChequeEspecial() to: limiteChequeEspecial.
[INFO] -- MapStruct: selecting property mapping: entity.getLimiteChequeEspecial().
[INFO] -- MapStruct: mapping property: entity.getDataUltimoSaldo() to: dataUltimoSaldo.
[INFO] -- MapStruct: selecting property mapping: entity.getDataUltimoSaldo().
[INFO] -- MapStruct: mapping property: entity.getAtivo() to: ativo.
[INFO] -- MapStruct: selecting property mapping: entity.getAtivo().
[INFO] -- MapStruct: mapping property: entity.getDataCadastro() to: dataCadastro.
[INFO] -- MapStruct: selecting property mapping: entity.getDataCadastro().
[INFO] -- MapStruct: mapping property: entity.getDataAtualizacao() to: dataAtualizacao.
[INFO] -- MapStruct: selecting property mapping: entity.getDataAtualizacao().
[INFO] - MapStruct: creating bean mapping method implementation for void updateEntityFromDTO(com.neritech.saas.financeiro.dto.ContaBancariaRequest request, @MappingTarget com.neritech.saas.financeiro.domain.ContaBancaria entity).
[INFO] -- MapStruct: mapping property: request.bancoCodigo() to: setBancoCodigo(java.lang.String).
[INFO] -- MapStruct: selecting property mapping: request.bancoCodigo().
[INFO] -- MapStruct: mapping property: request.bancoNome() to: setBancoNome(java.lang.String).
[INFO] -- MapStruct: selecting property mapping: request.bancoNome().
[INFO] -- MapStruct: mapping property: request.agencia() to: setAgencia(java.lang.String).
[INFO] -- MapStruct: selecting property mapping: request.agencia().
[INFO] -- MapStruct: mapping property: request.conta() to: setConta(java.lang.String).
[INFO] -- MapStruct: selecting property mapping: request.conta().
[INFO] -- MapStruct: mapping property: request.digitoConta() to: setDigitoConta(java.lang.String).
[INFO] -- MapStruct: selecting property mapping: request.digitoConta().
[INFO] -- MapStruct: mapping property: request.tipoConta() to: setTipoConta(com.neritech.saas.financeiro.domain.enums.TipoConta).
[INFO] -- MapStruct: selecting property mapping: request.tipoConta().
[INFO] -- MapStruct: mapping property: request.titularConta() to: setTitularConta(java.lang.String).
[INFO] -- MapStruct: selecting property mapping: request.titularConta().
[INFO] -- MapStruct: mapping property: request.cpfCnpjTitular() to: setCpfCnpjTitular(java.lang.String).
[INFO] -- MapStruct: selecting property mapping: request.cpfCnpjTitular().
[INFO] -- MapStruct: mapping property: request.dataUltimoSaldo() to: setDataUltimoSaldo(java.time.LocalDate).
[INFO] -- MapStruct: selecting property mapping: request.dataUltimoSaldo().
[INFO] -- MapStruct: mapping property: request.saldoAtual() to: setSaldoAtual(java.math.BigDecimal).
[INFO] -- MapStruct: selecting property mapping: request.saldoAtual().
[INFO] -- MapStruct: mapping property: request.limiteChequeEspecial() to: setLimiteChequeEspecial(java.math.BigDecimal).
[INFO] -- MapStruct: selecting property mapping: request.limiteChequeEspecial().
[INFO] -- MapStruct: mapping property: request.ativo() to: setAtivo(java.lang.Boolean).
[INFO] -- MapStruct: selecting property mapping: request.ativo().
[INFO]  MapStruct: processing: com.neritech.saas.fiscal.mapper.NcmProdutoMapper.
[INFO] - MapStruct: creating bean mapping method implementation for com.neritech.saas.fiscal.domain.NcmProduto toEntity(com.neritech.saas.fiscal.dto.NcmProdutoRequest request).
[INFO] -- MapStruct: mapping property: request.codigo() to: codigo(java.lang.String).
[INFO] -- MapStruct: selecting property mapping: request.codigo().
[INFO] -- MapStruct: mapping property: request.descricao() to: descricao(java.lang.String).
[INFO] -- MapStruct: selecting property mapping: request.descricao().
[INFO] -- MapStruct: mapping property: request.aliquotaIpi() to: aliquotaIpi(java.lang.Double).
[INFO] -- MapStruct: selecting property mapping: request.aliquotaIpi().
[INFO] -- MapStruct: mapping property: request.ativo() to: ativo(boolean).
[INFO] -- MapStruct: selecting property mapping: request.ativo().
[WARNING] /C:/Users/alexa/OneDrive/Documentos/NeriTech/backend/src/main/java/com/neritech/saas/fiscal/mapper/NcmProdutoMapper.java:[12,16] Unmapped target properties: "id, dataCadastro, dataAtualizacao, criadoPor, atualizadoPor, versao".
[INFO] - MapStruct: creating bean mapping method implementation for com.neritech.saas.fiscal.dto.NcmProdutoResponse toResponse(com.neritech.saas.fiscal.domain.NcmProduto entity).
[INFO] -- MapStruct: mapping property: entity.getId() to: id.
[INFO] -- MapStruct: selecting property mapping: entity.getId().
[INFO] -- MapStruct: mapping property: entity.getCodigo() to: codigo.
[INFO] -- MapStruct: selecting property mapping: entity.getCodigo().
[INFO] -- MapStruct: mapping property: entity.getDescricao() to: descricao.
[INFO] -- MapStruct: selecting property mapping: entity.getDescricao().
[INFO] -- MapStruct: mapping property: entity.getAliquotaIpi() to: aliquotaIpi.
[INFO] -- MapStruct: selecting property mapping: entity.getAliquotaIpi().
[INFO] -- MapStruct: mapping property: entity.isAtivo() to: ativo.
[INFO] -- MapStruct: selecting property mapping: entity.isAtivo().
[WARNING] /C:/Users/alexa/OneDrive/Documentos/NeriTech/backend/src/main/java/com/neritech/saas/fiscal/mapper/NcmProdutoMapper.java:[14,24] Unmapped target properties: "createdAt, updatedAt".
[INFO] - MapStruct: creating bean mapping method implementation for void updateEntityFromRequest(com.neritech.saas.fiscal.dto.NcmProdutoRequest request, @MappingTarget com.neritech.saas.fiscal.domain.NcmProduto entity).
[INFO] -- MapStruct: mapping property: request.codigo() to: setCodigo(java.lang.String).
[INFO] -- MapStruct: selecting property mapping: request.codigo().
[INFO] -- MapStruct: mapping property: request.descricao() to: setDescricao(java.lang.String).
[INFO] -- MapStruct: selecting property mapping: request.descricao().
[INFO] -- MapStruct: mapping property: request.aliquotaIpi() to: setAliquotaIpi(java.lang.Double).
[INFO] -- MapStruct: selecting property mapping: request.aliquotaIpi().
[INFO] -- MapStruct: mapping property: request.ativo() to: setAtivo(boolean).
[INFO] -- MapStruct: selecting property mapping: request.ativo().
[WARNING] /C:/Users/alexa/OneDrive/Documentos/NeriTech/backend/src/main/java/com/neritech/saas/fiscal/mapper/NcmProdutoMapper.java:[19,10] Unmapped target properties: "criadoPor, atualizadoPor, versao".
[INFO]  MapStruct: processing: com.neritech.saas.rh.mapper.ComissaoMapper.
[INFO] - MapStruct: creating bean mapping method implementation for com.neritech.saas.rh.domain.Comissao toEntity(com.neritech.saas.rh.dto.ComissaoRequest request).
[INFO] -- MapStruct: mapping property: request.empresaId() to: setEmpresaId(java.lang.Long).
[INFO] -- MapStruct: selecting property mapping: request.empresaId().
[INFO] -- MapStruct: mapping property: request.funcionarioId() to: setFuncionarioId(java.lang.Long).
[INFO] -- MapStruct: selecting property mapping: request.funcionarioId().
[INFO] -- MapStruct: mapping property: request.tipoComissao() to: setTipoComissao(com.neritech.saas.financeiro.domain.enums.TipoComissao).
[INFO] -- MapStruct: selecting property mapping: request.tipoComissao().
[INFO] -- MapStruct: mapping property: request.periodoReferencia() to: setPeriodoReferencia(java.lang.String).
[INFO] -- MapStruct: selecting property mapping: request.periodoReferencia().
[INFO] -- MapStruct: mapping property: request.baseCalculo() to: setBaseCalculo(com.neritech.saas.rh.domain.enums.BaseCalculoComissao).
[INFO] -- MapStruct: selecting property mapping: request.baseCalculo().
[INFO] -- MapStruct: mapping property: request.valorBase() to: setValorBase(java.math.BigDecimal).
[INFO] -- MapStruct: selecting property mapping: request.valorBase().
[INFO] -- MapStruct: mapping property: request.percentualComissao() to: setPercentualComissao(java.math.BigDecimal).
[INFO] -- MapStruct: selecting property mapping: request.percentualComissao().
[INFO] -- MapStruct: mapping property: request.valorComissao() to: setValorComissao(java.math.BigDecimal).
[INFO] -- MapStruct: selecting property mapping: request.valorComissao().
[INFO] -- MapStruct: mapping property: request.metaEstabelecida() to: setMetaEstabelecida(java.math.BigDecimal).
[INFO] -- MapStruct: selecting property mapping: request.metaEstabelecida().
[INFO] -- MapStruct: mapping property: request.metaAtingida() to: setMetaAtingida(java.math.BigDecimal).
[INFO] -- MapStruct: selecting property mapping: request.metaAtingida().
[INFO] -- MapStruct: mapping property: request.percentualMetaAtingido() to: setPercentualMetaAtingido(java.math.BigDecimal).
[INFO] -- MapStruct: selecting property mapping: request.percentualMetaAtingido().
[INFO] -- MapStruct: mapping property: request.bonusMeta() to: setBonusMeta(java.math.BigDecimal).
[INFO] -- MapStruct: selecting property mapping: request.bonusMeta().
[INFO] -- MapStruct: mapping property: request.descontoRetrabalho() to: setDescontoRetrabalho(java.math.BigDecimal).
[INFO] -- MapStruct: selecting property mapping: request.descontoRetrabalho().
[INFO] -- MapStruct: mapping property: request.valorLiquido() to: setValorLiquido(java.math.BigDecimal).
[INFO] -- MapStruct: selecting property mapping: request.valorLiquido().
[INFO] -- MapStruct: mapping property: request.dataCompetencia() to: setDataCompetencia(java.time.LocalDate).
[INFO] -- MapStruct: selecting property mapping: request.dataCompetencia().
[INFO] -- MapStruct: mapping property: request.dataPagamento() to: setDataPagamento(java.time.LocalDate).
[INFO] -- MapStruct: selecting property mapping: request.dataPagamento().
[INFO] -- MapStruct: mapping property: request.statusPagamento() to: setStatusPagamento(com.neritech.saas.financeiro.domain.enums.StatusPagamento).
[INFO] -- MapStruct: selecting property mapping: request.statusPagamento().
[INFO] -- MapStruct: mapping property: request.observacoes() to: setObservacoes(java.lang.String).
[INFO] -- MapStruct: selecting property mapping: request.observacoes().
[INFO] - MapStruct: creating bean mapping method implementation for com.neritech.saas.rh.dto.ComissaoResponse toResponse(com.neritech.saas.rh.domain.Comissao entity).
[INFO] -- MapStruct: mapping property: entity.getId() to: id.
[INFO] -- MapStruct: selecting property mapping: entity.getId().
[INFO] -- MapStruct: mapping property: entity.getEmpresaId() to: empresaId.
[INFO] -- MapStruct: selecting property mapping: entity.getEmpresaId().
[INFO] -- MapStruct: mapping property: entity.getFuncionarioId() to: funcionarioId.
[INFO] -- MapStruct: selecting property mapping: entity.getFuncionarioId().
[INFO] -- MapStruct: mapping property: entity.getTipoComissao() to: tipoComissao.
[INFO] -- MapStruct: selecting property mapping: entity.getTipoComissao().
[INFO] -- MapStruct: mapping property: entity.getPeriodoReferencia() to: periodoReferencia.
[INFO] -- MapStruct: selecting property mapping: entity.getPeriodoReferencia().
[INFO] -- MapStruct: mapping property: entity.getBaseCalculo() to: baseCalculo.
[INFO] -- MapStruct: selecting property mapping: entity.getBaseCalculo().
[INFO] -- MapStruct: mapping property: entity.getValorBase() to: valorBase.
[INFO] -- MapStruct: selecting property mapping: entity.getValorBase().
[INFO] -- MapStruct: mapping property: entity.getPercentualComissao() to: percentualComissao.
[INFO] -- MapStruct: selecting property mapping: entity.getPercentualComissao().
[INFO] -- MapStruct: mapping property: entity.getValorComissao() to: valorComissao.
[INFO] -- MapStruct: selecting property mapping: entity.getValorComissao().
[INFO] -- MapStruct: mapping property: entity.getMetaEstabelecida() to: metaEstabelecida.
[INFO] -- MapStruct: selecting property mapping: entity.getMetaEstabelecida().
[INFO] -- MapStruct: mapping property: entity.getMetaAtingida() to: metaAtingida.
[INFO] -- MapStruct: selecting property mapping: entity.getMetaAtingida().
[INFO] -- MapStruct: mapping property: entity.getPercentualMetaAtingido() to: percentualMetaAtingido.
[INFO] -- MapStruct: selecting property mapping: entity.getPercentualMetaAtingido().
[INFO] -- MapStruct: mapping property: entity.getBonusMeta() to: bonusMeta.
[INFO] -- MapStruct: selecting property mapping: entity.getBonusMeta().
[INFO] -- MapStruct: mapping property: entity.getDescontoRetrabalho() to: descontoRetrabalho.
[INFO] -- MapStruct: selecting property mapping: entity.getDescontoRetrabalho().
[INFO] -- MapStruct: mapping property: entity.getValorLiquido() to: valorLiquido.
[INFO] -- MapStruct: selecting property mapping: entity.getValorLiquido().
[INFO] -- MapStruct: mapping property: entity.getDataCompetencia() to: dataCompetencia.
[INFO] -- MapStruct: selecting property mapping: entity.getDataCompetencia().
[INFO] -- MapStruct: mapping property: entity.getDataPagamento() to: dataPagamento.
[INFO] -- MapStruct: selecting property mapping: entity.getDataPagamento().
[INFO] -- MapStruct: mapping property: entity.getStatusPagamento() to: statusPagamento.
[INFO] -- MapStruct: selecting property mapping: entity.getStatusPagamento().
[INFO] -- MapStruct: mapping property: entity.getObservacoes() to: observacoes.
[INFO] -- MapStruct: selecting property mapping: entity.getObservacoes().
[INFO] -- MapStruct: mapping property: entity.getAprovadaPor() to: aprovadaPor.
[INFO] -- MapStruct: selecting property mapping: entity.getAprovadaPor().
[INFO] -- MapStruct: mapping property: entity.getDataAprovacao() to: dataAprovacao.
[INFO] -- MapStruct: selecting property mapping: entity.getDataAprovacao().
[INFO] -- MapStruct: mapping property: entity.getPagaPor() to: pagaPor.
[INFO] -- MapStruct: selecting property mapping: entity.getPagaPor().
[INFO] -- MapStruct: mapping property: entity.getDataCadastro() to: dataCadastro.
[INFO] -- MapStruct: selecting property mapping: entity.getDataCadastro().
[INFO] -- MapStruct: mapping property: entity.getDataAtualizacao() to: dataAtualizacao.
[INFO] -- MapStruct: selecting property mapping: entity.getDataAtualizacao().
[INFO] - MapStruct: creating bean mapping method implementation for void updateEntity(com.neritech.saas.rh.dto.ComissaoRequest request, @MappingTarget com.neritech.saas.rh.domain.Comissao entity).
[INFO] -- MapStruct: mapping property: request.empresaId() to: setEmpresaId(java.lang.Long).
[INFO] -- MapStruct: selecting property mapping: request.empresaId().
[INFO] -- MapStruct: mapping property: request.funcionarioId() to: setFuncionarioId(java.lang.Long).
[INFO] -- MapStruct: selecting property mapping: request.funcionarioId().
[INFO] -- MapStruct: mapping property: request.tipoComissao() to: setTipoComissao(com.neritech.saas.financeiro.domain.enums.TipoComissao).
[INFO] -- MapStruct: selecting property mapping: request.tipoComissao().
[INFO] -- MapStruct: mapping property: request.periodoReferencia() to: setPeriodoReferencia(java.lang.String).
[INFO] -- MapStruct: selecting property mapping: request.periodoReferencia().
[INFO] -- MapStruct: mapping property: request.baseCalculo() to: setBaseCalculo(com.neritech.saas.rh.domain.enums.BaseCalculoComissao).
[INFO] -- MapStruct: selecting property mapping: request.baseCalculo().
[INFO] -- MapStruct: mapping property: request.valorBase() to: setValorBase(java.math.BigDecimal).
[INFO] -- MapStruct: selecting property mapping: request.valorBase().
[INFO] -- MapStruct: mapping property: request.percentualComissao() to: setPercentualComissao(java.math.BigDecimal).
[INFO] -- MapStruct: selecting property mapping: request.percentualComissao().
[INFO] -- MapStruct: mapping property: request.valorComissao() to: setValorComissao(java.math.BigDecimal).
[INFO] -- MapStruct: selecting property mapping: request.valorComissao().
[INFO] -- MapStruct: mapping property: request.metaEstabelecida() to: setMetaEstabelecida(java.math.BigDecimal).
[INFO] -- MapStruct: selecting property mapping: request.metaEstabelecida().
[INFO] -- MapStruct: mapping property: request.metaAtingida() to: setMetaAtingida(java.math.BigDecimal).
[INFO] -- MapStruct: selecting property mapping: request.metaAtingida().
[INFO] -- MapStruct: mapping property: request.percentualMetaAtingido() to: setPercentualMetaAtingido(java.math.BigDecimal).
[INFO] -- MapStruct: selecting property mapping: request.percentualMetaAtingido().
[INFO] -- MapStruct: mapping property: request.bonusMeta() to: setBonusMeta(java.math.BigDecimal).
[INFO] -- MapStruct: selecting property mapping: request.bonusMeta().
[INFO] -- MapStruct: mapping property: request.descontoRetrabalho() to: setDescontoRetrabalho(java.math.BigDecimal).
[INFO] -- MapStruct: selecting property mapping: request.descontoRetrabalho().
[INFO] -- MapStruct: mapping property: request.valorLiquido() to: setValorLiquido(java.math.BigDecimal).
[INFO] -- MapStruct: selecting property mapping: request.valorLiquido().
[INFO] -- MapStruct: mapping property: request.dataCompetencia() to: setDataCompetencia(java.time.LocalDate).
[INFO] -- MapStruct: selecting property mapping: request.dataCompetencia().
[INFO] -- MapStruct: mapping property: request.dataPagamento() to: setDataPagamento(java.time.LocalDate).
[INFO] -- MapStruct: selecting property mapping: request.dataPagamento().
[INFO] -- MapStruct: mapping property: request.statusPagamento() to: setStatusPagamento(com.neritech.saas.financeiro.domain.enums.StatusPagamento).
[INFO] -- MapStruct: selecting property mapping: request.statusPagamento().
[INFO] -- MapStruct: mapping property: request.observacoes() to: setObservacoes(java.lang.String).
[INFO] -- MapStruct: selecting property mapping: request.observacoes().
[INFO]  MapStruct: processing: com.neritech.saas.gestaoUsuarios.mapper.UsuarioMapper.
[INFO] - MapStruct: creating bean mapping method implementation for com.neritech.saas.gestaoUsuarios.dto.UsuarioResponse toResponse(com.neritech.saas.gestaoUsuarios.domain.Usuario usuario).
[INFO] -- MapStruct: mapping property: usuario.getId() to: id(java.lang.Long).
[INFO] -- MapStruct: selecting property mapping: usuario.getId().
[INFO] -- MapStruct: mapping property: usuario.getEmpresaId() to: empresaId(java.lang.Long).
[INFO] -- MapStruct: selecting property mapping: usuario.getEmpresaId().
[INFO] -- MapStruct: mapping property: usuario.getNomeCompleto() to: nomeCompleto(java.lang.String).
[INFO] -- MapStruct: selecting property mapping: usuario.getNomeCompleto().
[INFO] -- MapStruct: mapping property: usuario.getEmail() to: email(java.lang.String).
[INFO] -- MapStruct: selecting property mapping: usuario.getEmail().
[INFO] -- MapStruct: mapping property: usuario.getAtivo() to: ativo(boolean).
[INFO] -- MapStruct: selecting property mapping: usuario.getAtivo().
[INFO] -- MapStruct: mapping property: usuario.getBloqueado() to: bloqueado(boolean).
[INFO] -- MapStruct: selecting property mapping: usuario.getBloqueado().
[INFO] -- MapStruct: mapping property: usuario.getUltimoAcesso() to: ultimoAcesso(java.time.LocalDateTime).
[INFO] -- MapStruct: selecting property mapping: usuario.getUltimoAcesso().
[WARNING] /C:/Users/alexa/OneDrive/Documentos/NeriTech/backend/src/main/java/com/neritech/saas/gestaoUsuarios/mapper/UsuarioMapper.java:[13,21] Unmapped target properties: "cargo, departamento, telefone, avatarUrl".
[INFO] - MapStruct: creating bean mapping method implementation for com.neritech.saas.gestaoUsuarios.domain.Usuario toEntity(com.neritech.saas.gestaoUsuarios.dto.UsuarioRequest request).
[INFO] MapStruct: referred types not available (yet), deferring mapper: com.neritech.saas.gestaoUsuarios.mapper.UsuarioMapper
[INFO]  MapStruct: processing: com.neritech.saas.ordemservico.mapper.StatusOSMapper.
[INFO] - MapStruct: creating bean mapping method implementation for com.neritech.saas.ordemservico.domain.StatusOS toEntity(com.neritech.saas.ordemservico.dto.StatusOSRequest request).
[INFO] -- MapStruct: mapping property: request.empresaId() to: setEmpresaId(java.lang.Long).
[INFO] -- MapStruct: selecting property mapping: request.empresaId().
[INFO] -- MapStruct: mapping property: request.nome() to: setNome(java.lang.String).
[INFO] -- MapStruct: selecting property mapping: request.nome().
[INFO] -- MapStruct: mapping property: request.descricao() to: setDescricao(java.lang.String).
[INFO] -- MapStruct: selecting property mapping: request.descricao().
[INFO] -- MapStruct: mapping property: request.codigo() to: setCodigo(java.lang.String).
[INFO] -- MapStruct: selecting property mapping: request.codigo().
[INFO] -- MapStruct: mapping property: request.corIdentificacao() to: setCorIdentificacao(java.lang.String).
[INFO] -- MapStruct: selecting property mapping: request.corIdentificacao().
[INFO] -- MapStruct: mapping property: request.icone() to: setIcone(java.lang.String).
[INFO] -- MapStruct: selecting property mapping: request.icone().
[INFO] -- MapStruct: mapping property: request.ordemExibicao() to: setOrdemExibicao(java.lang.Integer).
[INFO] -- MapStruct: selecting property mapping: request.ordemExibicao().
[INFO] -- MapStruct: mapping property: request.permiteEdicao() to: setPermiteEdicao(java.lang.Boolean).
[INFO] -- MapStruct: selecting property mapping: request.permiteEdicao().
[INFO] -- MapStruct: mapping property: request.notificaCliente() to: setNotificaCliente(java.lang.Boolean).
[INFO] -- MapStruct: selecting property mapping: request.notificaCliente().
[INFO] -- MapStruct: mapping property: request.templateNotificacaoId() to: setTemplateNotificacaoId(java.lang.Long).
[INFO] -- MapStruct: selecting property mapping: request.templateNotificacaoId().
[INFO] -- MapStruct: mapping property: request.exigeAprovacao() to: setExigeAprovacao(java.lang.Boolean).
[INFO] -- MapStruct: selecting property mapping: request.exigeAprovacao().
[INFO] -- MapStruct: mapping property: request.finalizaOS() to: setFinalizaOS(java.lang.Boolean).
[INFO] -- MapStruct: selecting property mapping: request.finalizaOS().
[INFO] -- MapStruct: mapping property: request.cancelaOS() to: setCancelaOS(java.lang.Boolean).
[INFO] -- MapStruct: selecting property mapping: request.cancelaOS().
[INFO] -- MapStruct: mapping property: request.ativo() to: setAtivo(java.lang.Boolean).
[INFO] -- MapStruct: selecting property mapping: request.ativo().
[INFO] - MapStruct: creating bean mapping method implementation for com.neritech.saas.ordemservico.dto.StatusOSResponse toResponse(com.neritech.saas.ordemservico.domain.StatusOS entity).
[INFO] -- MapStruct: mapping property: entity.getId() to: id.
[INFO] -- MapStruct: selecting property mapping: entity.getId().
[INFO] -- MapStruct: mapping property: entity.getEmpresaId() to: empresaId.
[INFO] -- MapStruct: selecting property mapping: entity.getEmpresaId().
[INFO] -- MapStruct: mapping property: entity.getNome() to: nome.
[INFO] -- MapStruct: selecting property mapping: entity.getNome().
[INFO] -- MapStruct: mapping property: entity.getDescricao() to: descricao.
[INFO] -- MapStruct: selecting property mapping: entity.getDescricao().
[INFO] -- MapStruct: mapping property: entity.getCodigo() to: codigo.
[INFO] -- MapStruct: selecting property mapping: entity.getCodigo().
[INFO] -- MapStruct: mapping property: entity.getCorIdentificacao() to: corIdentificacao.
[INFO] -- MapStruct: selecting property mapping: entity.getCorIdentificacao().
[INFO] -- MapStruct: mapping property: entity.getIcone() to: icone.
[INFO] -- MapStruct: selecting property mapping: entity.getIcone().
[INFO] -- MapStruct: mapping property: entity.getOrdemExibicao() to: ordemExibicao.
[INFO] -- MapStruct: selecting property mapping: entity.getOrdemExibicao().
[INFO] -- MapStruct: mapping property: entity.getPermiteEdicao() to: permiteEdicao.
[INFO] -- MapStruct: selecting property mapping: entity.getPermiteEdicao().
[INFO] -- MapStruct: mapping property: entity.getNotificaCliente() to: notificaCliente.
[INFO] -- MapStruct: selecting property mapping: entity.getNotificaCliente().
[INFO] -- MapStruct: mapping property: entity.getTemplateNotificacaoId() to: templateNotificacaoId.
[INFO] -- MapStruct: selecting property mapping: entity.getTemplateNotificacaoId().
[INFO] -- MapStruct: mapping property: entity.getExigeAprovacao() to: exigeAprovacao.
[INFO] -- MapStruct: selecting property mapping: entity.getExigeAprovacao().
[INFO] -- MapStruct: mapping property: entity.getFinalizaOS() to: finalizaOS.
[INFO] -- MapStruct: selecting property mapping: entity.getFinalizaOS().
[INFO] -- MapStruct: mapping property: entity.getCancelaOS() to: cancelaOS.
[INFO] -- MapStruct: selecting property mapping: entity.getCancelaOS().
[INFO] -- MapStruct: mapping property: entity.getSistema() to: sistema.
[INFO] -- MapStruct: selecting property mapping: entity.getSistema().
[INFO] -- MapStruct: mapping property: entity.getAtivo() to: ativo.
[INFO] -- MapStruct: selecting property mapping: entity.getAtivo().
[INFO] -- MapStruct: mapping property: entity.getDataCadastro() to: dataCadastro.
[INFO] -- MapStruct: selecting property mapping: entity.getDataCadastro().
[INFO] -- MapStruct: mapping property: entity.getDataAtualizacao() to: dataAtualizacao.
[INFO] -- MapStruct: selecting property mapping: entity.getDataAtualizacao().
[INFO] -- MapStruct: mapping property: entity.getVersao() to: versao.
[INFO] -- MapStruct: selecting property mapping: entity.getVersao().
[INFO] - MapStruct: creating bean mapping method implementation for void updateEntityFromRequest(com.neritech.saas.ordemservico.dto.StatusOSRequest request, @MappingTarget com.neritech.saas.ordemservico.domain.StatusOS entity).
[INFO] -- MapStruct: mapping property: request.empresaId() to: setEmpresaId(java.lang.Long).
[INFO] -- MapStruct: selecting property mapping: request.empresaId().
[INFO] -- MapStruct: mapping property: request.nome() to: setNome(java.lang.String).
[INFO] -- MapStruct: selecting property mapping: request.nome().
[INFO] -- MapStruct: mapping property: request.descricao() to: setDescricao(java.lang.String).
[INFO] -- MapStruct: selecting property mapping: request.descricao().
[INFO] -- MapStruct: mapping property: request.codigo() to: setCodigo(java.lang.String).
[INFO] -- MapStruct: selecting property mapping: request.codigo().
[INFO] -- MapStruct: mapping property: request.corIdentificacao() to: setCorIdentificacao(java.lang.String).
[INFO] -- MapStruct: selecting property mapping: request.corIdentificacao().
[INFO] -- MapStruct: mapping property: request.icone() to: setIcone(java.lang.String).
[INFO] -- MapStruct: selecting property mapping: request.icone().
[INFO] -- MapStruct: mapping property: request.ordemExibicao() to: setOrdemExibicao(java.lang.Integer).
[INFO] -- MapStruct: selecting property mapping: request.ordemExibicao().
[INFO] -- MapStruct: mapping property: request.permiteEdicao() to: setPermiteEdicao(java.lang.Boolean).
[INFO] -- MapStruct: selecting property mapping: request.permiteEdicao().
[INFO] -- MapStruct: mapping property: request.notificaCliente() to: setNotificaCliente(java.lang.Boolean).
[INFO] -- MapStruct: selecting property mapping: request.notificaCliente().
[INFO] -- MapStruct: mapping property: request.templateNotificacaoId() to: setTemplateNotificacaoId(java.lang.Long).
[INFO] -- MapStruct: selecting property mapping: request.templateNotificacaoId().
[INFO] -- MapStruct: mapping property: request.exigeAprovacao() to: setExigeAprovacao(java.lang.Boolean).
[INFO] -- MapStruct: selecting property mapping: request.exigeAprovacao().
[INFO] -- MapStruct: mapping property: request.finalizaOS() to: setFinalizaOS(java.lang.Boolean).
[INFO] -- MapStruct: selecting property mapping: request.finalizaOS().
[INFO] -- MapStruct: mapping property: request.cancelaOS() to: setCancelaOS(java.lang.Boolean).
[INFO] -- MapStruct: selecting property mapping: request.cancelaOS().
[INFO] -- MapStruct: mapping property: request.ativo() to: setAtivo(java.lang.Boolean).
[INFO] -- MapStruct: selecting property mapping: request.ativo().
[WARNING] /C:/Users/alexa/OneDrive/Documentos/NeriTech/backend/src/main/java/com/neritech/saas/ordemservico/mapper/StatusOSMapper.java:[29,10] Unmapped target property: "versao".
[INFO]  MapStruct: processing: com.neritech.saas.integracao.mapper.WebhookMapper.
[INFO] - MapStruct: creating bean mapping method implementation for com.neritech.saas.integracao.domain.Webhook toEntity(com.neritech.saas.integracao.dto.WebhookRequest request).
[INFO] -- MapStruct: mapping property: request.nome() to: nome(java.lang.String).
[INFO] -- MapStruct: selecting property mapping: request.nome().
[INFO] -- MapStruct: mapping property: request.urlDestino() to: urlDestino(java.lang.String).
[INFO] -- MapStruct: selecting property mapping: request.urlDestino().
[INFO] -- MapStruct: mapping property: request.evento() to: evento(java.lang.String).
[INFO] -- MapStruct: selecting property mapping: request.evento().
[INFO] -- MapStruct: mapping property: request.metodoHttp() to: metodoHttp(java.lang.String).
[INFO] -- MapStruct: selecting property mapping: request.metodoHttp().
[INFO] -- MapStruct: mapping property: request.headers() to: headers(java.lang.String).
[INFO] -- MapStruct: selecting property mapping: request.headers().
[INFO] -- MapStruct: mapping property: request.secretKey() to: secretKey(java.lang.String).
[INFO] -- MapStruct: selecting property mapping: request.secretKey().
[INFO] -- MapStruct: mapping property: request.ativo() to: ativo(boolean).
[INFO] -- MapStruct: selecting property mapping: request.ativo().
[INFO] -- MapStruct: mapping property: request.tentativasMaximas() to: tentativasMaximas(java.lang.Integer).
[INFO] -- MapStruct: selecting property mapping: request.tentativasMaximas().
[WARNING] /C:/Users/alexa/OneDrive/Documentos/NeriTech/backend/src/main/java/com/neritech/saas/integracao/mapper/WebhookMapper.java:[12,13] Unmapped target properties: "id, dataCadastro, dataAtualizacao, criadoPor, atualizadoPor, versao".
[INFO] - MapStruct: creating bean mapping method implementation for com.neritech.saas.integracao.dto.WebhookResponse toResponse(com.neritech.saas.integracao.domain.Webhook entity).
[INFO] -- MapStruct: mapping property: entity.getId() to: id.
[INFO] -- MapStruct: selecting property mapping: entity.getId().
[INFO] -- MapStruct: mapping property: entity.getNome() to: nome.
[INFO] -- MapStruct: selecting property mapping: entity.getNome().
[INFO] -- MapStruct: mapping property: entity.getUrlDestino() to: urlDestino.
[INFO] -- MapStruct: selecting property mapping: entity.getUrlDestino().
[INFO] -- MapStruct: mapping property: entity.getEvento() to: evento.
[INFO] -- MapStruct: selecting property mapping: entity.getEvento().
[INFO] -- MapStruct: mapping property: entity.getMetodoHttp() to: metodoHttp.
[INFO] -- MapStruct: selecting property mapping: entity.getMetodoHttp().
[INFO] -- MapStruct: mapping property: entity.getHeaders() to: headers.
[INFO] -- MapStruct: selecting property mapping: entity.getHeaders().
[INFO] -- MapStruct: mapping property: entity.isAtivo() to: ativo.
[INFO] -- MapStruct: selecting property mapping: entity.isAtivo().
[INFO] -- MapStruct: mapping property: entity.getTentativasMaximas() to: tentativasMaximas.
[INFO] -- MapStruct: selecting property mapping: entity.getTentativasMaximas().
[WARNING] /C:/Users/alexa/OneDrive/Documentos/NeriTech/backend/src/main/java/com/neritech/saas/integracao/mapper/WebhookMapper.java:[14,21] Unmapped target properties: "createdAt, updatedAt".
[INFO] - MapStruct: creating bean mapping method implementation for void updateEntityFromRequest(com.neritech.saas.integracao.dto.WebhookRequest request, @MappingTarget com.neritech.saas.integracao.domain.Webhook entity).
[INFO] -- MapStruct: mapping property: request.nome() to: setNome(java.lang.String).
[INFO] -- MapStruct: selecting property mapping: request.nome().
[INFO] -- MapStruct: mapping property: request.urlDestino() to: setUrlDestino(java.lang.String).
[INFO] -- MapStruct: selecting property mapping: request.urlDestino().
[INFO] -- MapStruct: mapping property: request.evento() to: setEvento(java.lang.String).
[INFO] -- MapStruct: selecting property mapping: request.evento().
[INFO] -- MapStruct: mapping property: request.headers() to: setHeaders(java.lang.String).
[INFO] -- MapStruct: selecting property mapping: request.headers().
[INFO] -- MapStruct: mapping property: request.secretKey() to: setSecretKey(java.lang.String).
[INFO] -- MapStruct: selecting property mapping: request.secretKey().
[INFO] -- MapStruct: mapping property: request.metodoHttp() to: setMetodoHttp(java.lang.String).
[INFO] -- MapStruct: selecting property mapping: request.metodoHttp().
[INFO] -- MapStruct: mapping property: request.ativo() to: setAtivo(boolean).
[INFO] -- MapStruct: selecting property mapping: request.ativo().
[INFO] -- MapStruct: mapping property: request.tentativasMaximas() to: setTentativasMaximas(java.lang.Integer).
[INFO] -- MapStruct: selecting property mapping: request.tentativasMaximas().
[WARNING] /C:/Users/alexa/OneDrive/Documentos/NeriTech/backend/src/main/java/com/neritech/saas/integracao/mapper/WebhookMapper.java:[19,10] Unmapped target properties: "criadoPor, atualizadoPor, versao".
[INFO]  MapStruct: processing: com.neritech.saas.garantia.mapper.TipoGarantiaMapper.
[INFO] - MapStruct: creating bean mapping method implementation for com.neritech.saas.garantia.domain.TipoGarantia toEntity(com.neritech.saas.garantia.dto.TipoGarantiaRequest request).
[INFO] -- MapStruct: mapping property: request.nome() to: setNome(java.lang.String).
[INFO] -- MapStruct: selecting property mapping: request.nome().
[INFO] -- MapStruct: mapping property: request.descricao() to: setDescricao(java.lang.String).
[INFO] -- MapStruct: selecting property mapping: request.descricao().
[INFO] -- MapStruct: mapping property: request.prazoDias() to: setPrazoDias(java.lang.Integer).
[INFO] -- MapStruct: selecting property mapping: request.prazoDias().
[INFO] -- MapStruct: mapping property: request.tipoCobertura() to: setTipoCobertura(com.neritech.saas.garantia.domain.TipoCobertura).
[INFO] -- MapStruct: selecting property mapping: request.tipoCobertura().
[INFO] -- MapStruct: mapping property: request.valorMaximoCobertura() to: setValorMaximoCobertura(java.math.BigDecimal).
[INFO] -- MapStruct: selecting property mapping: request.valorMaximoCobertura().
[INFO] -- MapStruct: mapping property: request.condicoesAplicacao() to: setCondicoesAplicacao(java.lang.String).
[INFO] -- MapStruct: selecting property mapping: request.condicoesAplicacao().
[INFO] -- MapStruct: mapping property: request.restricoes() to: setRestricoes(java.lang.String).
[INFO] -- MapStruct: selecting property mapping: request.restricoes().
[INFO] -- MapStruct: mapping property: request.documentacaoNecessaria() to: setDocumentacaoNecessaria(java.lang.String).
[INFO] -- MapStruct: selecting property mapping: request.documentacaoNecessaria().
[INFO] -- MapStruct: mapping property: request.processoAcionamento() to: setProcessoAcionamento(java.lang.String).
[INFO] -- MapStruct: selecting property mapping: request.processoAcionamento().
[INFO] -- MapStruct: mapping property: request.custosAdicionais() to: setCustosAdicionais(java.lang.String).
[INFO] -- MapStruct: selecting property mapping: request.custosAdicionais().
[INFO] -- MapStruct: mapping property: request.exclusoes() to: setExclusoes(java.lang.String).
[INFO] -- MapStruct: selecting property mapping: request.exclusoes().
[INFO] -- MapStruct: mapping property: request.percentualCobertura() to: setPercentualCobertura(java.math.BigDecimal).
[INFO] -- MapStruct: selecting property mapping: request.percentualCobertura().
[INFO] -- MapStruct: mapping property: request.slaAtendimentoHoras() to: setSlaAtendimentoHoras(java.lang.Integer).
[INFO] -- MapStruct: selecting property mapping: request.slaAtendimentoHoras().
[INFO] -- MapStruct: mapping property: request.transferivel() to: setTransferivel(java.lang.Boolean).
[INFO] -- MapStruct: selecting property mapping: request.transferivel().
[INFO] -- MapStruct: mapping property: request.renovavel() to: setRenovavel(java.lang.Boolean).
[INFO] -- MapStruct: selecting property mapping: request.renovavel().
[INFO] -- MapStruct: mapping property: request.ativo() to: setAtivo(java.lang.Boolean).
[INFO] -- MapStruct: selecting property mapping: request.ativo().
[INFO] -- MapStruct: mapping property: request.padraoServicos() to: setPadraoServicos(java.lang.Boolean).
[INFO] -- MapStruct: selecting property mapping: request.padraoServicos().
[INFO] -- MapStruct: mapping property: request.padraoProdutos() to: setPadraoProdutos(java.lang.Boolean).
[INFO] -- MapStruct: selecting property mapping: request.padraoProdutos().
[INFO] - MapStruct: creating bean mapping method implementation for com.neritech.saas.garantia.dto.TipoGarantiaResponse toResponse(com.neritech.saas.garantia.domain.TipoGarantia entity).
[INFO] -- MapStruct: mapping property: entity.getId() to: id.
[INFO] -- MapStruct: selecting property mapping: entity.getId().
[INFO] -- MapStruct: mapping property: entity.getEmpresaId() to: empresaId.
[INFO] -- MapStruct: selecting property mapping: entity.getEmpresaId().
[INFO] -- MapStruct: mapping property: entity.getNome() to: nome.
[INFO] -- MapStruct: selecting property mapping: entity.getNome().
[INFO] -- MapStruct: mapping property: entity.getDescricao() to: descricao.
[INFO] -- MapStruct: selecting property mapping: entity.getDescricao().
[INFO] -- MapStruct: mapping property: entity.getPrazoDias() to: prazoDias.
[INFO] -- MapStruct: selecting property mapping: entity.getPrazoDias().
[INFO] -- MapStruct: mapping property: entity.getTipoCobertura() to: tipoCobertura.
[INFO] -- MapStruct: selecting property mapping: entity.getTipoCobertura().
[INFO] -- MapStruct: mapping property: entity.getPercentualCobertura() to: percentualCobertura.
[INFO] -- MapStruct: selecting property mapping: entity.getPercentualCobertura().
[INFO] -- MapStruct: mapping property: entity.getValorMaximoCobertura() to: valorMaximoCobertura.
[INFO] -- MapStruct: selecting property mapping: entity.getValorMaximoCobertura().
[INFO] -- MapStruct: mapping property: entity.getCondicoesAplicacao() to: condicoesAplicacao.
[INFO] -- MapStruct: selecting property mapping: entity.getCondicoesAplicacao().
[INFO] -- MapStruct: mapping property: entity.getRestricoes() to: restricoes.
[INFO] -- MapStruct: selecting property mapping: entity.getRestricoes().
[INFO] -- MapStruct: mapping property: entity.getDocumentacaoNecessaria() to: documentacaoNecessaria.
[INFO] -- MapStruct: selecting property mapping: entity.getDocumentacaoNecessaria().
[INFO] -- MapStruct: mapping property: entity.getProcessoAcionamento() to: processoAcionamento.
[INFO] -- MapStruct: selecting property mapping: entity.getProcessoAcionamento().
[INFO] -- MapStruct: mapping property: entity.getSlaAtendimentoHoras() to: slaAtendimentoHoras.
[INFO] -- MapStruct: selecting property mapping: entity.getSlaAtendimentoHoras().
[INFO] -- MapStruct: mapping property: entity.getTransferivel() to: transferivel.
[INFO] -- MapStruct: selecting property mapping: entity.getTransferivel().
[INFO] -- MapStruct: mapping property: entity.getRenovavel() to: renovavel.
[INFO] -- MapStruct: selecting property mapping: entity.getRenovavel().
[INFO] -- MapStruct: mapping property: entity.getCustosAdicionais() to: custosAdicionais.
[INFO] -- MapStruct: selecting property mapping: entity.getCustosAdicionais().
[INFO] -- MapStruct: mapping property: entity.getExclusoes() to: exclusoes.
[INFO] -- MapStruct: selecting property mapping: entity.getExclusoes().
[INFO] -- MapStruct: mapping property: entity.getAtivo() to: ativo.
[INFO] -- MapStruct: selecting property mapping: entity.getAtivo().
[INFO] -- MapStruct: mapping property: entity.getPadraoServicos() to: padraoServicos.
[INFO] -- MapStruct: selecting property mapping: entity.getPadraoServicos().
[INFO] -- MapStruct: mapping property: entity.getPadraoProdutos() to: padraoProdutos.
[INFO] -- MapStruct: selecting property mapping: entity.getPadraoProdutos().
[INFO] -- MapStruct: mapping property: entity.getDataCadastro() to: dataCadastro.
[INFO] -- MapStruct: selecting property mapping: entity.getDataCadastro().
[INFO] -- MapStruct: mapping property: entity.getCriadoPor() to: criadoPor.
[INFO] -- MapStruct: selecting property mapping: entity.getCriadoPor().
[INFO] - MapStruct: creating bean mapping method implementation for void updateEntityFromDTO(com.neritech.saas.garantia.dto.TipoGarantiaRequest request, @MappingTarget com.neritech.saas.garantia.domain.TipoGarantia entity).
[INFO] -- MapStruct: mapping property: request.nome() to: setNome(java.lang.String).
[INFO] -- MapStruct: selecting property mapping: request.nome().
[INFO] -- MapStruct: mapping property: request.descricao() to: setDescricao(java.lang.String).
[INFO] -- MapStruct: selecting property mapping: request.descricao().
[INFO] -- MapStruct: mapping property: request.prazoDias() to: setPrazoDias(java.lang.Integer).
[INFO] -- MapStruct: selecting property mapping: request.prazoDias().
[INFO] -- MapStruct: mapping property: request.tipoCobertura() to: setTipoCobertura(com.neritech.saas.garantia.domain.TipoCobertura).
[INFO] -- MapStruct: selecting property mapping: request.tipoCobertura().
[INFO] -- MapStruct: mapping property: request.valorMaximoCobertura() to: setValorMaximoCobertura(java.math.BigDecimal).
[INFO] -- MapStruct: selecting property mapping: request.valorMaximoCobertura().
[INFO] -- MapStruct: mapping property: request.condicoesAplicacao() to: setCondicoesAplicacao(java.lang.String).
[INFO] -- MapStruct: selecting property mapping: request.condicoesAplicacao().
[INFO] -- MapStruct: mapping property: request.restricoes() to: setRestricoes(java.lang.String).
[INFO] -- MapStruct: selecting property mapping: request.restricoes().
[INFO] -- MapStruct: mapping property: request.documentacaoNecessaria() to: setDocumentacaoNecessaria(java.lang.String).
[INFO] -- MapStruct: selecting property mapping: request.documentacaoNecessaria().
[INFO] -- MapStruct: mapping property: request.processoAcionamento() to: setProcessoAcionamento(java.lang.String).
[INFO] -- MapStruct: selecting property mapping: request.processoAcionamento().
[INFO] -- MapStruct: mapping property: request.custosAdicionais() to: setCustosAdicionais(java.lang.String).
[INFO] -- MapStruct: selecting property mapping: request.custosAdicionais().
[INFO] -- MapStruct: mapping property: request.exclusoes() to: setExclusoes(java.lang.String).
[INFO] -- MapStruct: selecting property mapping: request.exclusoes().
[INFO] -- MapStruct: mapping property: request.percentualCobertura() to: setPercentualCobertura(java.math.BigDecimal).
[INFO] -- MapStruct: selecting property mapping: request.percentualCobertura().
[INFO] -- MapStruct: mapping property: request.slaAtendimentoHoras() to: setSlaAtendimentoHoras(java.lang.Integer).
[INFO] -- MapStruct: selecting property mapping: request.slaAtendimentoHoras().
[INFO] -- MapStruct: mapping property: request.transferivel() to: setTransferivel(java.lang.Boolean).
[INFO] -- MapStruct: selecting property mapping: request.transferivel().
[INFO] -- MapStruct: mapping property: request.renovavel() to: setRenovavel(java.lang.Boolean).
[INFO] -- MapStruct: selecting property mapping: request.renovavel().
[INFO] -- MapStruct: mapping property: request.ativo() to: setAtivo(java.lang.Boolean).
[INFO] -- MapStruct: selecting property mapping: request.ativo().
[INFO] -- MapStruct: mapping property: request.padraoServicos() to: setPadraoServicos(java.lang.Boolean).
[INFO] -- MapStruct: selecting property mapping: request.padraoServicos().
[INFO] -- MapStruct: mapping property: request.padraoProdutos() to: setPadraoProdutos(java.lang.Boolean).
[INFO] -- MapStruct: selecting property mapping: request.padraoProdutos().
[INFO]  MapStruct: processing: com.neritech.saas.agendamento.mapper.NoShowMapper.
[INFO] - MapStruct: creating bean mapping method implementation for com.neritech.saas.agendamento.domain.NoShow toEntity(com.neritech.saas.agendamento.dto.NoShowRequest request).
[INFO] -- MapStruct: mapping property: request to: setAgendamento(com.neritech.saas.agendamento.domain.Agendamento).
[INFO] -- MapStruct: mapping property: noShowRequest.agendamentoId() to: setId(java.lang.Long).
[INFO] -- MapStruct: selecting property mapping: noShowRequest.agendamentoId().
[INFO] -- MapStruct: creating property mapping: com.neritech.saas.agendamento.domain.Agendamento #noShowRequestToAgendamento(request).
[INFO] -- MapStruct: selecting property mapping: com.neritech.saas.agendamento.domain.Agendamento #noShowRequestToAgendamento(request).
[INFO] -- MapStruct: mapping property: request to: setNovoAgendamento(com.neritech.saas.agendamento.domain.Agendamento).
[INFO] -- MapStruct: mapping property: noShowRequest.novoAgendamentoId() to: setId(java.lang.Long).
[INFO] -- MapStruct: selecting property mapping: noShowRequest.novoAgendamentoId().
[INFO] -- MapStruct: creating property mapping: com.neritech.saas.agendamento.domain.Agendamento #noShowRequestToAgendamento1(request).
[INFO] -- MapStruct: selecting property mapping: com.neritech.saas.agendamento.domain.Agendamento #noShowRequestToAgendamento1(request).
[INFO] -- MapStruct: mapping property: request.clienteId() to: setClienteId(java.lang.Long).
[INFO] -- MapStruct: selecting property mapping: request.clienteId().
[INFO] -- MapStruct: mapping property: request.dataAgendamento() to: setDataAgendamento(java.time.LocalDate).
[INFO] -- MapStruct: selecting property mapping: request.dataAgendamento().
[INFO] -- MapStruct: mapping property: request.horaAgendamento() to: setHoraAgendamento(java.time.LocalTime).
[INFO] -- MapStruct: selecting property mapping: request.horaAgendamento().
[INFO] -- MapStruct: mapping property: request.meioContatoTentado() to: setMeioContatoTentado(java.lang.String).
[INFO] -- MapStruct: selecting property mapping: request.meioContatoTentado().
[INFO] -- MapStruct: mapping property: request.motivoDeclarado() to: setMotivoDeclarado(java.lang.String).
[INFO] -- MapStruct: selecting property mapping: request.motivoDeclarado().
[INFO] -- MapStruct: mapping property: request.observacoes() to: setObservacoes(java.lang.String).
[INFO] -- MapStruct: selecting property mapping: request.observacoes().
[INFO] -- MapStruct: mapping property: request.registradoPor() to: setRegistradoPor(java.lang.Long).
[INFO] -- MapStruct: selecting property mapping: request.registradoPor().
[INFO] -- MapStruct: mapping property: request.tempoToleranciaMinutos() to: setTempoToleranciaMinutos(java.lang.Integer).
[INFO] -- MapStruct: selecting property mapping: request.tempoToleranciaMinutos().
[INFO] -- MapStruct: mapping property: request.tentativasContato() to: setTentativasContato(java.lang.Integer).
[INFO] -- MapStruct: selecting property mapping: request.tentativasContato().
[INFO] -- MapStruct: mapping property: request.reagendado() to: setReagendado(java.lang.Boolean).
[INFO] -- MapStruct: selecting property mapping: request.reagendado().
[INFO] -- MapStruct: mapping property: request.taxaNoShow() to: setTaxaNoShow(java.math.BigDecimal).
[INFO] -- MapStruct: selecting property mapping: request.taxaNoShow().
[INFO] -- MapStruct: mapping property: request.taxaAplicada() to: setTaxaAplicada(java.lang.Boolean).
[INFO] -- MapStruct: selecting property mapping: request.taxaAplicada().
[INFO] -- MapStruct: mapping property: request.justificativaAceita() to: setJustificativaAceita(java.lang.Boolean).
[INFO] -- MapStruct: selecting property mapping: request.justificativaAceita().
[WARNING] /C:/Users/alexa/OneDrive/Documentos/NeriTech/backend/src/main/java/com/neritech/saas/agendamento/mapper/NoShowMapper.java:[16,12] Unmapped target properties: "criadoPor, atualizadoPor, versao, dataRegistro".
[INFO] - MapStruct: creating bean mapping method implementation for com.neritech.saas.agendamento.dto.NoShowResponse toResponse(com.neritech.saas.agendamento.domain.NoShow entity).
[INFO] -- MapStruct: mapping property: entityAgendamentoId( entity ) to: agendamentoId.
[INFO] -- MapStruct: selecting property mapping: entityAgendamentoId( entity ).
[INFO] -- MapStruct: mapping property: entityAgendamentoNumeroAgendamento( entity ) to: numeroAgendamento.
[INFO] -- MapStruct: selecting property mapping: entityAgendamentoNumeroAgendamento( entity ).
[INFO] -- MapStruct: mapping property: entityNovoAgendamentoId( entity ) to: novoAgendamentoId.
[INFO] -- MapStruct: selecting property mapping: entityNovoAgendamentoId( entity ).
[INFO] -- MapStruct: mapping property: entityNovoAgendamentoNumeroAgendamento( entity ) to: numeroNovoAgendamento.
[INFO] -- MapStruct: selecting property mapping: entityNovoAgendamentoNumeroAgendamento( entity ).
[INFO] -- MapStruct: mapping property: entity.getId() to: id.
[INFO] -- MapStruct: selecting property mapping: entity.getId().
[INFO] -- MapStruct: mapping property: entity.getClienteId() to: clienteId.
[INFO] -- MapStruct: selecting property mapping: entity.getClienteId().
[INFO] -- MapStruct: mapping property: entity.getDataAgendamento() to: dataAgendamento.
[INFO] -- MapStruct: selecting property mapping: entity.getDataAgendamento().
[INFO] -- MapStruct: mapping property: entity.getHoraAgendamento() to: horaAgendamento.
[INFO] -- MapStruct: selecting property mapping: entity.getHoraAgendamento().
[INFO] -- MapStruct: mapping property: entity.getTempoToleranciaMinutos() to: tempoToleranciaMinutos.
[INFO] -- MapStruct: selecting property mapping: entity.getTempoToleranciaMinutos().
[INFO] -- MapStruct: mapping property: entity.getTentativasContato() to: tentativasContato.
[INFO] -- MapStruct: selecting property mapping: entity.getTentativasContato().
[INFO] -- MapStruct: mapping property: entity.getMeioContatoTentado() to: meioContatoTentado.
[INFO] -- MapStruct: selecting property mapping: entity.getMeioContatoTentado().
[INFO] -- MapStruct: mapping property: entity.getReagendado() to: reagendado.
[INFO] -- MapStruct: selecting property mapping: entity.getReagendado().
[INFO] -- MapStruct: mapping property: entity.getTaxaNoShow() to: taxaNoShow.
[INFO] -- MapStruct: selecting property mapping: entity.getTaxaNoShow().
[INFO] -- MapStruct: mapping property: entity.getTaxaAplicada() to: taxaAplicada.
[INFO] -- MapStruct: selecting property mapping: entity.getTaxaAplicada().
[INFO] -- MapStruct: mapping property: entity.getMotivoDeclarado() to: motivoDeclarado.
[INFO] -- MapStruct: selecting property mapping: entity.getMotivoDeclarado().
[INFO] -- MapStruct: mapping property: entity.getJustificativaAceita() to: justificativaAceita.
[INFO] -- MapStruct: selecting property mapping: entity.getJustificativaAceita().
[INFO] -- MapStruct: mapping property: entity.getObservacoes() to: observacoes.
[INFO] -- MapStruct: selecting property mapping: entity.getObservacoes().
[INFO] -- MapStruct: mapping property: entity.getRegistradoPor() to: registradoPor.
[INFO] -- MapStruct: selecting property mapping: entity.getRegistradoPor().
[INFO] -- MapStruct: mapping property: entity.getDataRegistro() to: dataRegistro.
[INFO] -- MapStruct: selecting property mapping: entity.getDataRegistro().
[INFO]  MapStruct: processing: com.neritech.saas.ordemservico.mapper.OrcamentoMapper.
[INFO] - MapStruct: creating bean mapping method implementation for com.neritech.saas.ordemservico.domain.Orcamento toEntity(com.neritech.saas.ordemservico.dto.OrcamentoRequest request).
[INFO] -- MapStruct: mapping property: request.numeroOrcamento() to: setNumeroOrcamento(java.lang.String).
[INFO] -- MapStruct: selecting property mapping: request.numeroOrcamento().
[INFO] -- MapStruct: mapping property: request.tipoOrcamento() to: setTipoOrcamento(com.neritech.saas.ordemservico.domain.enums.TipoOrcamento).
[INFO] -- MapStruct: selecting property mapping: request.tipoOrcamento().
[INFO] -- MapStruct: mapping property: request.valorServicos() to: setValorServicos(java.math.BigDecimal).
[INFO] -- MapStruct: selecting property mapping: request.valorServicos().
[INFO] -- MapStruct: mapping property: request.valorProdutos() to: setValorProdutos(java.math.BigDecimal).
[INFO] -- MapStruct: selecting property mapping: request.valorProdutos().
[INFO] -- MapStruct: mapping property: request.valorMaoObra() to: setValorMaoObra(java.math.BigDecimal).
[INFO] -- MapStruct: selecting property mapping: request.valorMaoObra().
[INFO] -- MapStruct: mapping property: request.valorDesconto() to: setValorDesconto(java.math.BigDecimal).
[INFO] -- MapStruct: selecting property mapping: request.valorDesconto().
[INFO] -- MapStruct: mapping property: request.valorAcrescimo() to: setValorAcrescimo(java.math.BigDecimal).
[INFO] -- MapStruct: selecting property mapping: request.valorAcrescimo().
[INFO] -- MapStruct: mapping property: request.valorTotal() to: setValorTotal(java.math.BigDecimal).
[INFO] -- MapStruct: selecting property mapping: request.valorTotal().
[INFO] -- MapStruct: mapping property: request.prazoValidadeDias() to: setPrazoValidadeDias(java.lang.Integer).
[INFO] -- MapStruct: selecting property mapping: request.prazoValidadeDias().
[INFO] -- MapStruct: mapping property: request.dataVencimento() to: setDataVencimento(java.time.LocalDate).
[INFO] -- MapStruct: selecting property mapping: request.dataVencimento().
[INFO] -- MapStruct: mapping property: request.prazoExecucaoDias() to: setPrazoExecucaoDias(java.lang.Integer).
[INFO] -- MapStruct: selecting property mapping: request.prazoExecucaoDias().
[INFO] -- MapStruct: mapping property: request.dataPrevistaConclusao() to: setDataPrevistaConclusao(java.time.LocalDate).
[INFO] -- MapStruct: selecting property mapping: request.dataPrevistaConclusao().
[INFO] -- MapStruct: mapping property: request.condicoesPagamento() to: setCondicoesPagamento(java.lang.String).
[INFO] -- MapStruct: selecting property mapping: request.condicoesPagamento().
[INFO] -- MapStruct: mapping property: request.observacoesComerciais() to: setObservacoesComerciais(java.lang.String).
[INFO] -- MapStruct: selecting property mapping: request.observacoesComerciais().
[INFO] -- MapStruct: mapping property: request.termosCondicoes() to: setTermosCondicoes(java.lang.String).
[INFO] -- MapStruct: selecting property mapping: request.termosCondicoes().
[INFO] -- MapStruct: mapping property: request.status() to: setStatus(com.neritech.saas.ordemservico.domain.enums.StatusOrcamento).
[INFO] -- MapStruct: selecting property mapping: request.status().
[INFO] -- MapStruct: mapping property: request.metodoEnvio() to: setMetodoEnvio(com.neritech.saas.ordemservico.domain.enums.MetodoEnvio).
[INFO] -- MapStruct: selecting property mapping: request.metodoEnvio().
[INFO] -- MapStruct: mapping property: request.responsavelOrcamentoId() to: setResponsavelOrcamentoId(java.lang.Long).
[INFO] -- MapStruct: selecting property mapping: request.responsavelOrcamentoId().
[WARNING] /C:/Users/alexa/OneDrive/Documentos/NeriTech/backend/src/main/java/com/neritech/saas/ordemservico/mapper/OrcamentoMapper.java:[18,15] Unmapped target properties: "dataEnvioCliente, dataRespostaCliente, aprovadoPorCliente, documentoCliente, assinaturaDigitalCliente, ipAprovacao, dataAprovacao, motivoRejeicao".
[INFO] - MapStruct: creating bean mapping method implementation for com.neritech.saas.ordemservico.dto.OrcamentoResponse toResponse(com.neritech.saas.ordemservico.domain.Orcamento entity).
[INFO] -- MapStruct: mapping property: entityOrdemServicoId( entity ) to: ordemServicoId.
[INFO] -- MapStruct: selecting property mapping: entityOrdemServicoId( entity ).
[INFO] -- MapStruct: mapping property: entity.getVersao() to: versaoRegistro.
[INFO] -- MapStruct: selecting property mapping: entity.getVersao().
[INFO] -- MapStruct: mapping property: entity.getId() to: id.
[INFO] -- MapStruct: selecting property mapping: entity.getId().
[INFO] -- MapStruct: mapping property: entity.getNumeroOrcamento() to: numeroOrcamento.
[INFO] -- MapStruct: selecting property mapping: entity.getNumeroOrcamento().
[INFO] -- MapStruct: mapping property: entity.getVersao() to: versao.
[INFO] -- MapStruct: selecting property mapping: entity.getVersao().
[INFO] -- MapStruct: mapping property: entity.getTipoOrcamento() to: tipoOrcamento.
[INFO] -- MapStruct: selecting property mapping: entity.getTipoOrcamento().
[INFO] -- MapStruct: mapping property: entity.getValorServicos() to: valorServicos.
[INFO] -- MapStruct: selecting property mapping: entity.getValorServicos().
[INFO] -- MapStruct: mapping property: entity.getValorProdutos() to: valorProdutos.
[INFO] -- MapStruct: selecting property mapping: entity.getValorProdutos().
[INFO] -- MapStruct: mapping property: entity.getValorMaoObra() to: valorMaoObra.
[INFO] -- MapStruct: selecting property mapping: entity.getValorMaoObra().
[INFO] -- MapStruct: mapping property: entity.getValorDesconto() to: valorDesconto.
[INFO] -- MapStruct: selecting property mapping: entity.getValorDesconto().
[INFO] -- MapStruct: mapping property: entity.getValorAcrescimo() to: valorAcrescimo.
[INFO] -- MapStruct: selecting property mapping: entity.getValorAcrescimo().
[INFO] -- MapStruct: mapping property: entity.getValorTotal() to: valorTotal.
[INFO] -- MapStruct: selecting property mapping: entity.getValorTotal().
[INFO] -- MapStruct: mapping property: entity.getPrazoValidadeDias() to: prazoValidadeDias.
[INFO] -- MapStruct: selecting property mapping: entity.getPrazoValidadeDias().
[INFO] -- MapStruct: mapping property: entity.getDataVencimento() to: dataVencimento.
[INFO] -- MapStruct: selecting property mapping: entity.getDataVencimento().
[INFO] -- MapStruct: mapping property: entity.getPrazoExecucaoDias() to: prazoExecucaoDias.
[INFO] -- MapStruct: selecting property mapping: entity.getPrazoExecucaoDias().
[INFO] -- MapStruct: mapping property: entity.getDataPrevistaConclusao() to: dataPrevistaConclusao.
[INFO] -- MapStruct: selecting property mapping: entity.getDataPrevistaConclusao().
[INFO] -- MapStruct: mapping property: entity.getCondicoesPagamento() to: condicoesPagamento.
[INFO] -- MapStruct: selecting property mapping: entity.getCondicoesPagamento().
[INFO] -- MapStruct: mapping property: entity.getObservacoesComerciais() to: observacoesComerciais.
[INFO] -- MapStruct: selecting property mapping: entity.getObservacoesComerciais().
[INFO] -- MapStruct: mapping property: entity.getTermosCondicoes() to: termosCondicoes.
[INFO] -- MapStruct: selecting property mapping: entity.getTermosCondicoes().
[INFO] -- MapStruct: mapping property: entity.getStatus() to: status.
[INFO] -- MapStruct: selecting property mapping: entity.getStatus().
[INFO] -- MapStruct: mapping property: entity.getDataEnvioCliente() to: dataEnvioCliente.
[INFO] -- MapStruct: selecting property mapping: entity.getDataEnvioCliente().
[INFO] -- MapStruct: mapping property: entity.getDataRespostaCliente() to: dataRespostaCliente.
[INFO] -- MapStruct: selecting property mapping: entity.getDataRespostaCliente().
[INFO] -- MapStruct: mapping property: entity.getMetodoEnvio() to: metodoEnvio.
[INFO] -- MapStruct: selecting property mapping: entity.getMetodoEnvio().
[INFO] -- MapStruct: mapping property: entity.getAprovadoPorCliente() to: aprovadoPorCliente.
[INFO] -- MapStruct: selecting property mapping: entity.getAprovadoPorCliente().
[INFO] -- MapStruct: mapping property: entity.getDocumentoCliente() to: documentoCliente.
[INFO] -- MapStruct: selecting property mapping: entity.getDocumentoCliente().
[INFO] -- MapStruct: mapping property: entity.getIpAprovacao() to: ipAprovacao.
[INFO] -- MapStruct: selecting property mapping: entity.getIpAprovacao().
[INFO] -- MapStruct: mapping property: entity.getDataAprovacao() to: dataAprovacao.
[INFO] -- MapStruct: selecting property mapping: entity.getDataAprovacao().
[INFO] -- MapStruct: mapping property: entity.getMotivoRejeicao() to: motivoRejeicao.
[INFO] -- MapStruct: selecting property mapping: entity.getMotivoRejeicao().
[INFO] -- MapStruct: mapping property: entity.getResponsavelOrcamentoId() to: responsavelOrcamentoId.
[INFO] -- MapStruct: selecting property mapping: entity.getResponsavelOrcamentoId().
[INFO] -- MapStruct: mapping property: entity.getDataCadastro() to: dataCadastro.
[INFO] -- MapStruct: selecting property mapping: entity.getDataCadastro().
[INFO] -- MapStruct: mapping property: entity.getDataAtualizacao() to: dataAtualizacao.
[INFO] -- MapStruct: selecting property mapping: entity.getDataAtualizacao().
[INFO] - MapStruct: creating bean mapping method implementation for void updateEntityFromRequest(com.neritech.saas.ordemservico.dto.OrcamentoRequest request, @MappingTarget com.neritech.saas.ordemservico.domain.Orcamento entity).
[INFO] -- MapStruct: mapping property: request.numeroOrcamento() to: setNumeroOrcamento(java.lang.String).
[INFO] -- MapStruct: selecting property mapping: request.numeroOrcamento().
[INFO] -- MapStruct: mapping property: request.versao() to: setVersao(java.lang.Integer).
[INFO] -- MapStruct: selecting property mapping: request.versao().
[INFO] -- MapStruct: mapping property: request.tipoOrcamento() to: setTipoOrcamento(com.neritech.saas.ordemservico.domain.enums.TipoOrcamento).
[INFO] -- MapStruct: selecting property mapping: request.tipoOrcamento().
[INFO] -- MapStruct: mapping property: request.valorServicos() to: setValorServicos(java.math.BigDecimal).
[INFO] -- MapStruct: selecting property mapping: request.valorServicos().
[INFO] -- MapStruct: mapping property: request.valorProdutos() to: setValorProdutos(java.math.BigDecimal).
[INFO] -- MapStruct: selecting property mapping: request.valorProdutos().
[INFO] -- MapStruct: mapping property: request.valorMaoObra() to: setValorMaoObra(java.math.BigDecimal).
[INFO] -- MapStruct: selecting property mapping: request.valorMaoObra().
[INFO] -- MapStruct: mapping property: request.valorDesconto() to: setValorDesconto(java.math.BigDecimal).
[INFO] -- MapStruct: selecting property mapping: request.valorDesconto().
[INFO] -- MapStruct: mapping property: request.valorAcrescimo() to: setValorAcrescimo(java.math.BigDecimal).
[INFO] -- MapStruct: selecting property mapping: request.valorAcrescimo().
[INFO] -- MapStruct: mapping property: request.valorTotal() to: setValorTotal(java.math.BigDecimal).
[INFO] -- MapStruct: selecting property mapping: request.valorTotal().
[INFO] -- MapStruct: mapping property: request.prazoValidadeDias() to: setPrazoValidadeDias(java.lang.Integer).
[INFO] -- MapStruct: selecting property mapping: request.prazoValidadeDias().
[INFO] -- MapStruct: mapping property: request.dataVencimento() to: setDataVencimento(java.time.LocalDate).
[INFO] -- MapStruct: selecting property mapping: request.dataVencimento().
[INFO] -- MapStruct: mapping property: request.prazoExecucaoDias() to: setPrazoExecucaoDias(java.lang.Integer).
[INFO] -- MapStruct: selecting property mapping: request.prazoExecucaoDias().
[INFO] -- MapStruct: mapping property: request.dataPrevistaConclusao() to: setDataPrevistaConclusao(java.time.LocalDate).
[INFO] -- MapStruct: selecting property mapping: request.dataPrevistaConclusao().
[INFO] -- MapStruct: mapping property: request.condicoesPagamento() to: setCondicoesPagamento(java.lang.String).
[INFO] -- MapStruct: selecting property mapping: request.condicoesPagamento().
[INFO] -- MapStruct: mapping property: request.observacoesComerciais() to: setObservacoesComerciais(java.lang.String).
[INFO] -- MapStruct: selecting property mapping: request.observacoesComerciais().
[INFO] -- MapStruct: mapping property: request.termosCondicoes() to: setTermosCondicoes(java.lang.String).
[INFO] -- MapStruct: selecting property mapping: request.termosCondicoes().
[INFO] -- MapStruct: mapping property: request.status() to: setStatus(com.neritech.saas.ordemservico.domain.enums.StatusOrcamento).
[INFO] -- MapStruct: selecting property mapping: request.status().
[INFO] -- MapStruct: mapping property: request.metodoEnvio() to: setMetodoEnvio(com.neritech.saas.ordemservico.domain.enums.MetodoEnvio).
[INFO] -- MapStruct: selecting property mapping: request.metodoEnvio().
[INFO] -- MapStruct: mapping property: request.responsavelOrcamentoId() to: setResponsavelOrcamentoId(java.lang.Long).
[INFO] -- MapStruct: selecting property mapping: request.responsavelOrcamentoId().
[WARNING] /C:/Users/alexa/OneDrive/Documentos/NeriTech/backend/src/main/java/com/neritech/saas/ordemservico/mapper/OrcamentoMapper.java:[31,10] Unmapped target properties: "dataEnvioCliente, dataRespostaCliente, aprovadoPorCliente, documentoCliente, assinaturaDigitalCliente, ipAprovacao, dataAprovacao, motivoRejeicao".
[INFO]  MapStruct: processing: com.neritech.saas.estoque.mapper.MovimentacaoEstoqueMapper.
[INFO] - MapStruct: creating bean mapping method implementation for com.neritech.saas.estoque.domain.MovimentacaoEstoque toEntity(com.neritech.saas.estoque.dto.MovimentacaoEstoqueRequest request).
[INFO] -- MapStruct: mapping property: request.empresaId() to: setEmpresaId(java.lang.Long).
[INFO] -- MapStruct: selecting property mapping: request.empresaId().
[INFO] -- MapStruct: mapping property: request.tipoMovimentacao() to: setTipoMovimentacao(com.neritech.saas.estoque.domain.enums.TipoMovimentacao).
[INFO] -- MapStruct: selecting property mapping: request.tipoMovimentacao().
[INFO] -- MapStruct: mapping property: request.subtipoMovimentacao() to: setSubtipoMovimentacao(java.lang.String).
[INFO] -- MapStruct: selecting property mapping: request.subtipoMovimentacao().
[INFO] -- MapStruct: mapping property: request.quantidade() to: setQuantidade(java.math.BigDecimal).
[INFO] -- MapStruct: selecting property mapping: request.quantidade().
[INFO] -- MapStruct: mapping property: request.valorUnitario() to: setValorUnitario(java.math.BigDecimal).
[INFO] -- MapStruct: selecting property mapping: request.valorUnitario().
[INFO] -- MapStruct: mapping property: request.documentoTipo() to: setDocumentoTipo(java.lang.String).
[INFO] -- MapStruct: selecting property mapping: request.documentoTipo().
[INFO] -- MapStruct: mapping property: request.documentoNumero() to: setDocumentoNumero(java.lang.String).
[INFO] -- MapStruct: selecting property mapping: request.documentoNumero().
[INFO] -- MapStruct: mapping property: request.documentoId() to: setDocumentoId(java.lang.Long).
[INFO] -- MapStruct: selecting property mapping: request.documentoId().
[INFO] -- MapStruct: mapping property: request.loteNumero() to: setLoteNumero(java.lang.String).
[INFO] -- MapStruct: selecting property mapping: request.loteNumero().
[INFO] -- MapStruct: mapping property: request.dataValidade() to: setDataValidade(java.time.LocalDate).
[INFO] -- MapStruct: selecting property mapping: request.dataValidade().
[INFO] -- MapStruct: mapping property: request.dataFabricacao() to: setDataFabricacao(java.time.LocalDate).
[INFO] -- MapStruct: selecting property mapping: request.dataFabricacao().
[INFO] -- MapStruct: mapping property: request.motivo() to: setMotivo(java.lang.String).
[INFO] -- MapStruct: selecting property mapping: request.motivo().
[INFO] -- MapStruct: mapping property: request.observacoes() to: setObservacoes(java.lang.String).
[INFO] -- MapStruct: selecting property mapping: request.observacoes().
[INFO] -- MapStruct: mapping property: request.usuarioResponsavel() to: setUsuarioResponsavel(java.lang.Long).
[INFO] -- MapStruct: selecting property mapping: request.usuarioResponsavel().
[INFO] -- MapStruct: mapping property: request.ordemServicoId() to: setOrdemServicoId(java.lang.Long).
[INFO] -- MapStruct: selecting property mapping: request.ordemServicoId().
[INFO] - MapStruct: creating bean mapping method implementation for com.neritech.saas.estoque.dto.MovimentacaoEstoqueResponse toResponse(com.neritech.saas.estoque.domain.MovimentacaoEstoque entity).
[INFO] -- MapStruct: mapping property: entityProdutoId( entity ) to: produtoId.
[INFO] -- MapStruct: selecting property mapping: entityProdutoId( entity ).
[INFO] -- MapStruct: mapping property: entityProdutoNome( entity ) to: produtoNome.
[INFO] -- MapStruct: selecting property mapping: entityProdutoNome( entity ).
[INFO] -- MapStruct: mapping property: entityLocalizacaoOrigemId( entity ) to: localizacaoOrigemId.
[INFO] -- MapStruct: selecting property mapping: entityLocalizacaoOrigemId( entity ).
[INFO] -- MapStruct: mapping property: entityLocalizacaoOrigemNome( entity ) to: localizacaoOrigemNome.
[INFO] -- MapStruct: selecting property mapping: entityLocalizacaoOrigemNome( entity ).
[INFO] -- MapStruct: mapping property: entityLocalizacaoDestinoId( entity ) to: localizacaoDestinoId.
[INFO] -- MapStruct: selecting property mapping: entityLocalizacaoDestinoId( entity ).
[INFO] -- MapStruct: mapping property: entityLocalizacaoDestinoNome( entity ) to: localizacaoDestinoNome.
[INFO] -- MapStruct: selecting property mapping: entityLocalizacaoDestinoNome( entity ).
[INFO] -- MapStruct: mapping property: entityFornecedorId( entity ) to: fornecedorId.
[INFO] -- MapStruct: selecting property mapping: entityFornecedorId( entity ).
[INFO] -- MapStruct: mapping property: entityFornecedorNomeFantasia( entity ) to: fornecedorNome.
[INFO] -- MapStruct: selecting property mapping: entityFornecedorNomeFantasia( entity ).
[INFO] -- MapStruct: mapping property: entity.getId() to: id.
[INFO] -- MapStruct: selecting property mapping: entity.getId().
[INFO] -- MapStruct: mapping property: entity.getEmpresaId() to: empresaId.
[INFO] -- MapStruct: selecting property mapping: entity.getEmpresaId().
[INFO] -- MapStruct: mapping property: entity.getTipoMovimentacao() to: tipoMovimentacao.
[INFO] -- MapStruct: selecting property mapping: entity.getTipoMovimentacao().
[INFO] -- MapStruct: mapping property: entity.getSubtipoMovimentacao() to: subtipoMovimentacao.
[INFO] -- MapStruct: selecting property mapping: entity.getSubtipoMovimentacao().
[INFO] -- MapStruct: mapping property: entity.getQuantidade() to: quantidade.
[INFO] -- MapStruct: selecting property mapping: entity.getQuantidade().
[INFO] -- MapStruct: mapping property: entity.getQuantidadeAnterior() to: quantidadeAnterior.
[INFO] -- MapStruct: selecting property mapping: entity.getQuantidadeAnterior().
[INFO] -- MapStruct: mapping property: entity.getQuantidadeAtual() to: quantidadeAtual.
[INFO] -- MapStruct: selecting property mapping: entity.getQuantidadeAtual().
[INFO] -- MapStruct: mapping property: entity.getValorUnitario() to: valorUnitario.
[INFO] -- MapStruct: selecting property mapping: entity.getValorUnitario().
[INFO] -- MapStruct: mapping property: entity.getValorTotal() to: valorTotal.
[INFO] -- MapStruct: selecting property mapping: entity.getValorTotal().
[INFO] -- MapStruct: mapping property: entity.getDocumentoTipo() to: documentoTipo.
[INFO] -- MapStruct: selecting property mapping: entity.getDocumentoTipo().
[INFO] -- MapStruct: mapping property: entity.getDocumentoNumero() to: documentoNumero.
[INFO] -- MapStruct: selecting property mapping: entity.getDocumentoNumero().
[INFO] -- MapStruct: mapping property: entity.getDocumentoId() to: documentoId.
[INFO] -- MapStruct: selecting property mapping: entity.getDocumentoId().
[INFO] -- MapStruct: mapping property: entity.getLoteNumero() to: loteNumero.
[INFO] -- MapStruct: selecting property mapping: entity.getLoteNumero().
[INFO] -- MapStruct: mapping property: entity.getDataValidade() to: dataValidade.
[INFO] -- MapStruct: selecting property mapping: entity.getDataValidade().
[INFO] -- MapStruct: mapping property: entity.getDataFabricacao() to: dataFabricacao.
[INFO] -- MapStruct: selecting property mapping: entity.getDataFabricacao().
[INFO] -- MapStruct: mapping property: entity.getMotivo() to: motivo.
[INFO] -- MapStruct: selecting property mapping: entity.getMotivo().
[INFO] -- MapStruct: mapping property: entity.getObservacoes() to: observacoes.
[INFO] -- MapStruct: selecting property mapping: entity.getObservacoes().
[INFO] -- MapStruct: mapping property: entity.getUsuarioResponsavel() to: usuarioResponsavel.
[INFO] -- MapStruct: selecting property mapping: entity.getUsuarioResponsavel().
[INFO] -- MapStruct: mapping property: entity.getDataMovimentacao() to: dataMovimentacao.
[INFO] -- MapStruct: selecting property mapping: entity.getDataMovimentacao().
[INFO] -- MapStruct: mapping property: entity.getOrdemServicoId() to: ordemServicoId.
[INFO] -- MapStruct: selecting property mapping: entity.getOrdemServicoId().
[INFO]  MapStruct: processing: com.neritech.saas.financeiro.mapper.LancamentoContabilMapper.
[INFO] - MapStruct: creating bean mapping method implementation for com.neritech.saas.financeiro.domain.LancamentoContabil toEntity(com.neritech.saas.financeiro.dto.LancamentoContabilRequest request).
[INFO] -- MapStruct: mapping property: request.numeroLancamento() to: setNumeroLancamento(java.lang.String).
[INFO] -- MapStruct: selecting property mapping: request.numeroLancamento().
[INFO] -- MapStruct: mapping property: request.dataLancamento() to: setDataLancamento(java.time.LocalDate).
[INFO] -- MapStruct: selecting property mapping: request.dataLancamento().
[INFO] -- MapStruct: mapping property: request.historico() to: setHistorico(java.lang.String).
[INFO] -- MapStruct: selecting property mapping: request.historico().
[INFO] - MapStruct: creating bean mapping method implementation for com.neritech.saas.financeiro.dto.LancamentoContabilResponse toResponse(com.neritech.saas.financeiro.domain.LancamentoContabil entity).
[INFO] -- MapStruct: mapping property: entityContaDebitoNome( entity ) to: contaDebitoNome.
[INFO] -- MapStruct: selecting property mapping: entityContaDebitoNome( entity ).
[INFO] -- MapStruct: mapping property: entityContaCreditoNome( entity ) to: contaCreditoNome.
[INFO] -- MapStruct: selecting property mapping: entityContaCreditoNome( entity ).
[INFO] -- MapStruct: mapping property: entityCentroCustoNome( entity ) to: centroCustoNome.
[INFO] -- MapStruct: selecting property mapping: entityCentroCustoNome( entity ).
[INFO] -- MapStruct: mapping property: entity.getId() to: id.
[INFO] -- MapStruct: selecting property mapping: entity.getId().
[INFO] -- MapStruct: mapping property: entity.getEmpresaId() to: empresaId.
[INFO] -- MapStruct: selecting property mapping: entity.getEmpresaId().
[INFO] -- MapStruct: mapping property: entity.getDataLancamento() to: dataLancamento.
[INFO] -- MapStruct: selecting property mapping: entity.getDataLancamento().
[INFO] -- MapStruct: mapping property: entity.getNumeroLancamento() to: numeroLancamento.
[INFO] -- MapStruct: selecting property mapping: entity.getNumeroLancamento().
[INFO] -- MapStruct: mapping property: entity.getHistorico() to: historico.
[INFO] -- MapStruct: selecting property mapping: entity.getHistorico().
[INFO] - MapStruct: creating bean mapping method implementation for void updateEntityFromDTO(com.neritech.saas.financeiro.dto.LancamentoContabilRequest request, @MappingTarget com.neritech.saas.financeiro.domain.LancamentoContabil entity).
[INFO] -- MapStruct: mapping property: request.numeroLancamento() to: setNumeroLancamento(java.lang.String).
[INFO] -- MapStruct: selecting property mapping: request.numeroLancamento().
[INFO] -- MapStruct: mapping property: request.dataLancamento() to: setDataLancamento(java.time.LocalDate).
[INFO] -- MapStruct: selecting property mapping: request.dataLancamento().
[INFO] -- MapStruct: mapping property: request.historico() to: setHistorico(java.lang.String).
[INFO] -- MapStruct: selecting property mapping: request.historico().
[INFO]  MapStruct: processing: com.neritech.saas.comunicacao.mapper.AlertaAutomaticoMapper.
[INFO] - MapStruct: creating bean mapping method implementation for com.neritech.saas.comunicacao.domain.AlertaAutomatico toEntity(com.neritech.saas.comunicacao.dto.AlertaAutomaticoRequest request).
[INFO] -- MapStruct: mapping property: request.empresaId() to: setEmpresaId(java.lang.Long).
[INFO] -- MapStruct: selecting property mapping: request.empresaId().
[INFO] -- MapStruct: mapping property: request.nomeAlerta() to: setNomeAlerta(java.lang.String).
[INFO] -- MapStruct: selecting property mapping: request.nomeAlerta().
[INFO] -- MapStruct: mapping property: request.descricao() to: setDescricao(java.lang.String).
[INFO] -- MapStruct: selecting property mapping: request.descricao().
[INFO] -- MapStruct: mapping property: request.tipoAlerta() to: setTipoAlerta(com.neritech.saas.comunicacao.domain.enums.TipoAlerta).
[INFO] -- MapStruct: selecting property mapping: request.tipoAlerta().
[INFO] -- MapStruct: mapping property: request.condicoesDisparo() to: setCondicoesDisparo(java.lang.String).
[INFO] -- MapStruct: selecting property mapping: request.condicoesDisparo().
[INFO] -- MapStruct: mapping property: request.frequenciaVerificacao() to: setFrequenciaVerificacao(com.neritech.saas.comunicacao.domain.enums.FrequenciaVerificacao).
[INFO] -- MapStruct: selecting property mapping: request.frequenciaVerificacao().
[INFO] -- MapStruct: mapping property: request.horarioVerificacao() to: setHorarioVerificacao(java.time.LocalTime).
[INFO] -- MapStruct: selecting property mapping: request.horarioVerificacao().
[INFO] -- MapStruct: mapping property: request.diaSemanaVerificacao() to: setDiaSemanaVerificacao(java.lang.Integer).
[INFO] -- MapStruct: selecting property mapping: request.diaSemanaVerificacao().
[INFO] -- MapStruct: mapping property: request.diaMesVerificacao() to: setDiaMesVerificacao(java.lang.Integer).
[INFO] -- MapStruct: selecting property mapping: request.diaMesVerificacao().
[INFO] -- MapStruct: mapping property: request.usuariosNotificar() to: setUsuariosNotificar(java.lang.String).
[INFO] -- MapStruct: selecting property mapping: request.usuariosNotificar().
[INFO] -- MapStruct: mapping property: request.canaisNotificacao() to: setCanaisNotificacao(java.lang.String).
[INFO] -- MapStruct: selecting property mapping: request.canaisNotificacao().
[INFO] -- MapStruct: mapping property: request.templateNotificacaoId() to: setTemplateNotificacaoId(java.lang.Long).
[INFO] -- MapStruct: selecting property mapping: request.templateNotificacaoId().
[INFO] -- MapStruct: mapping property: request.mensagemPersonalizada() to: setMensagemPersonalizada(java.lang.String).
[INFO] -- MapStruct: selecting property mapping: request.mensagemPersonalizada().
[INFO] -- MapStruct: mapping property: request.ativo() to: setAtivo(java.lang.Boolean).
[INFO] -- MapStruct: selecting property mapping: request.ativo().
[INFO] -- MapStruct: mapping property: request.observacoes() to: setObservacoes(java.lang.String).
[INFO] -- MapStruct: selecting property mapping: request.observacoes().
[WARNING] /C:/Users/alexa/OneDrive/Documentos/NeriTech/backend/src/main/java/com/neritech/saas/comunicacao/mapper/AlertaAutomaticoMapper.java:[23,22] Unmapped target property: "atualizadoPor".
[INFO] - MapStruct: creating bean mapping method implementation for com.neritech.saas.comunicacao.dto.AlertaAutomaticoResponse toResponse(com.neritech.saas.comunicacao.domain.AlertaAutomatico entity).
[INFO] -- MapStruct: mapping property: entity.getId() to: id.
[INFO] -- MapStruct: selecting property mapping: entity.getId().
[INFO] -- MapStruct: mapping property: entity.getEmpresaId() to: empresaId.
[INFO] -- MapStruct: selecting property mapping: entity.getEmpresaId().
[INFO] -- MapStruct: mapping property: entity.getNomeAlerta() to: nomeAlerta.
[INFO] -- MapStruct: selecting property mapping: entity.getNomeAlerta().
[INFO] -- MapStruct: mapping property: entity.getDescricao() to: descricao.
[INFO] -- MapStruct: selecting property mapping: entity.getDescricao().
[INFO] -- MapStruct: mapping property: entity.getTipoAlerta() to: tipoAlerta.
[INFO] -- MapStruct: selecting property mapping: entity.getTipoAlerta().
[INFO] -- MapStruct: mapping property: entity.getCondicoesDisparo() to: condicoesDisparo.
[INFO] -- MapStruct: selecting property mapping: entity.getCondicoesDisparo().
[INFO] -- MapStruct: mapping property: entity.getFrequenciaVerificacao() to: frequenciaVerificacao.
[INFO] -- MapStruct: selecting property mapping: entity.getFrequenciaVerificacao().
[INFO] -- MapStruct: mapping property: entity.getHorarioVerificacao() to: horarioVerificacao.
[INFO] -- MapStruct: selecting property mapping: entity.getHorarioVerificacao().
[INFO] -- MapStruct: mapping property: entity.getDiaSemanaVerificacao() to: diaSemanaVerificacao.
[INFO] -- MapStruct: selecting property mapping: entity.getDiaSemanaVerificacao().
[INFO] -- MapStruct: mapping property: entity.getDiaMesVerificacao() to: diaMesVerificacao.
[INFO] -- MapStruct: selecting property mapping: entity.getDiaMesVerificacao().
[INFO] -- MapStruct: mapping property: entity.getUsuariosNotificar() to: usuariosNotificar.
[INFO] -- MapStruct: selecting property mapping: entity.getUsuariosNotificar().
[INFO] -- MapStruct: mapping property: entity.getCanaisNotificacao() to: canaisNotificacao.
[INFO] -- MapStruct: selecting property mapping: entity.getCanaisNotificacao().
[INFO] -- MapStruct: mapping property: entity.getTemplateNotificacaoId() to: templateNotificacaoId.
[INFO] -- MapStruct: selecting property mapping: entity.getTemplateNotificacaoId().
[INFO] -- MapStruct: mapping property: entity.getMensagemPersonalizada() to: mensagemPersonalizada.
[INFO] -- MapStruct: selecting property mapping: entity.getMensagemPersonalizada().
[INFO] -- MapStruct: mapping property: entity.getAtivo() to: ativo.
[INFO] -- MapStruct: selecting property mapping: entity.getAtivo().
[INFO] -- MapStruct: mapping property: entity.getUltimaExecucao() to: ultimaExecucao.
[INFO] -- MapStruct: selecting property mapping: entity.getUltimaExecucao().
[INFO] -- MapStruct: mapping property: entity.getProximaExecucao() to: proximaExecucao.
[INFO] -- MapStruct: selecting property mapping: entity.getProximaExecucao().
[INFO] -- MapStruct: mapping property: entity.getTotalDisparos() to: totalDisparos.
[INFO] -- MapStruct: selecting property mapping: entity.getTotalDisparos().
[INFO] -- MapStruct: mapping property: entity.getTotalErros() to: totalErros.
[INFO] -- MapStruct: selecting property mapping: entity.getTotalErros().
[INFO] -- MapStruct: mapping property: entity.getLogExecucoes() to: logExecucoes.
[INFO] -- MapStruct: selecting property mapping: entity.getLogExecucoes().
[INFO] -- MapStruct: mapping property: entity.getObservacoes() to: observacoes.
[INFO] -- MapStruct: selecting property mapping: entity.getObservacoes().
[INFO] -- MapStruct: mapping property: entity.getCriadoPor() to: criadoPor.
[INFO] -- MapStruct: selecting property mapping: entity.getCriadoPor().
[INFO] -- MapStruct: mapping property: entity.getDataCadastro() to: dataCadastro.
[INFO] -- MapStruct: selecting property mapping: entity.getDataCadastro().
[INFO] -- MapStruct: mapping property: entity.getDataAtualizacao() to: dataAtualizacao.
[INFO] -- MapStruct: selecting property mapping: entity.getDataAtualizacao().
[INFO] - MapStruct: creating bean mapping method implementation for void updateEntity(com.neritech.saas.comunicacao.dto.AlertaAutomaticoRequest request, @MappingTarget com.neritech.saas.comunicacao.domain.AlertaAutomatico entity).
[INFO] -- MapStruct: mapping property: request.empresaId() to: setEmpresaId(java.lang.Long).
[INFO] -- MapStruct: selecting property mapping: request.empresaId().
[INFO] -- MapStruct: mapping property: request.nomeAlerta() to: setNomeAlerta(java.lang.String).
[INFO] -- MapStruct: selecting property mapping: request.nomeAlerta().
[INFO] -- MapStruct: mapping property: request.descricao() to: setDescricao(java.lang.String).
[INFO] -- MapStruct: selecting property mapping: request.descricao().
[INFO] -- MapStruct: mapping property: request.tipoAlerta() to: setTipoAlerta(com.neritech.saas.comunicacao.domain.enums.TipoAlerta).
[INFO] -- MapStruct: selecting property mapping: request.tipoAlerta().
[INFO] -- MapStruct: mapping property: request.condicoesDisparo() to: setCondicoesDisparo(java.lang.String).
[INFO] -- MapStruct: selecting property mapping: request.condicoesDisparo().
[INFO] -- MapStruct: mapping property: request.frequenciaVerificacao() to: setFrequenciaVerificacao(com.neritech.saas.comunicacao.domain.enums.FrequenciaVerificacao).
[INFO] -- MapStruct: selecting property mapping: request.frequenciaVerificacao().
[INFO] -- MapStruct: mapping property: request.horarioVerificacao() to: setHorarioVerificacao(java.time.LocalTime).
[INFO] -- MapStruct: selecting property mapping: request.horarioVerificacao().
[INFO] -- MapStruct: mapping property: request.diaSemanaVerificacao() to: setDiaSemanaVerificacao(java.lang.Integer).
[INFO] -- MapStruct: selecting property mapping: request.diaSemanaVerificacao().
[INFO] -- MapStruct: mapping property: request.diaMesVerificacao() to: setDiaMesVerificacao(java.lang.Integer).
[INFO] -- MapStruct: selecting property mapping: request.diaMesVerificacao().
[INFO] -- MapStruct: mapping property: request.usuariosNotificar() to: setUsuariosNotificar(java.lang.String).
[INFO] -- MapStruct: selecting property mapping: request.usuariosNotificar().
[INFO] -- MapStruct: mapping property: request.canaisNotificacao() to: setCanaisNotificacao(java.lang.String).
[INFO] -- MapStruct: selecting property mapping: request.canaisNotificacao().
[INFO] -- MapStruct: mapping property: request.templateNotificacaoId() to: setTemplateNotificacaoId(java.lang.Long).
[INFO] -- MapStruct: selecting property mapping: request.templateNotificacaoId().
[INFO] -- MapStruct: mapping property: request.mensagemPersonalizada() to: setMensagemPersonalizada(java.lang.String).
[INFO] -- MapStruct: selecting property mapping: request.mensagemPersonalizada().
[INFO] -- MapStruct: mapping property: request.ativo() to: setAtivo(java.lang.Boolean).
[INFO] -- MapStruct: selecting property mapping: request.ativo().
[INFO] -- MapStruct: mapping property: request.observacoes() to: setObservacoes(java.lang.String).
[INFO] -- MapStruct: selecting property mapping: request.observacoes().
[WARNING] /C:/Users/alexa/OneDrive/Documentos/NeriTech/backend/src/main/java/com/neritech/saas/comunicacao/mapper/AlertaAutomaticoMapper.java:[37,10] Unmapped target property: "atualizadoPor".
[INFO]  MapStruct: processing: com.neritech.saas.garantia.mapper.ReclamacaoGarantiaMapper.
[INFO] - MapStruct: creating bean mapping method implementation for com.neritech.saas.garantia.domain.ReclamacaoGarantia toEntity(com.neritech.saas.garantia.dto.ReclamacaoGarantiaRequest request).
[INFO] -- MapStruct: mapping property: request.numeroReclamacao() to: setNumeroReclamacao(java.lang.String).
[INFO] -- MapStruct: selecting property mapping: request.numeroReclamacao().
[INFO] -- MapStruct: mapping property: request.tipoReclamacao() to: setTipoReclamacao(com.neritech.saas.garantia.domain.TipoReclamacao).
[INFO] -- MapStruct: selecting property mapping: request.tipoReclamacao().
[INFO] -- MapStruct: mapping property: request.problemaRelatado() to: setProblemaRelatado(java.lang.String).
[INFO] -- MapStruct: selecting property mapping: request.problemaRelatado().
[INFO] -- MapStruct: mapping property: request.sintomasObservados() to: setSintomasObservados(java.lang.String).
[INFO] -- MapStruct: selecting property mapping: request.sintomasObservados().
[INFO] -- MapStruct: mapping property: request.condicoesUso() to: setCondicoesUso(java.lang.String).
[INFO] -- MapStruct: selecting property mapping: request.condicoesUso().
[INFO] -- MapStruct: mapping property: request.kilometragemAtual() to: setKilometragemAtual(java.lang.Integer).
[INFO] -- MapStruct: selecting property mapping: request.kilometragemAtual().
[INFO] -- MapStruct: mapping property: request.tempoUsoDesdeServico() to: setTempoUsoDesdeServico(java.lang.Integer).
[INFO] -- MapStruct: selecting property mapping: request.tempoUsoDesdeServico().
[INFO] -- MapStruct: mapping property: request.evidenciasFornecidas() to: setEvidenciasFornecidas(java.lang.String).
[INFO] -- MapStruct: selecting property mapping: request.evidenciasFornecidas().
[INFO] -- MapStruct: mapping property: request.fotosProblema() to: setFotosProblema(java.lang.String).
[INFO] -- MapStruct: selecting property mapping: request.fotosProblema().
[INFO] -- MapStruct: mapping property: request.videosProblema() to: setVideosProblema(java.lang.String).
[INFO] -- MapStruct: selecting property mapping: request.videosProblema().
[INFO] -- MapStruct: mapping property: request.documentosAnexos() to: setDocumentosAnexos(java.lang.String).
[INFO] -- MapStruct: selecting property mapping: request.documentosAnexos().
[INFO] -- MapStruct: mapping property: request.prioridade() to: setPrioridade(com.neritech.saas.garantia.domain.PrioridadeReclamacao).
[INFO] -- MapStruct: selecting property mapping: request.prioridade().
[INFO] -- MapStruct: mapping property: request.canalAbertura() to: setCanalAbertura(com.neritech.saas.garantia.domain.CanalAberturaReclamacao).
[INFO] -- MapStruct: selecting property mapping: request.canalAbertura().
[INFO] -- MapStruct: mapping property: request.clienteSolicitante() to: setClienteSolicitante(java.lang.String).
[INFO] -- MapStruct: selecting property mapping: request.clienteSolicitante().
[INFO] -- MapStruct: mapping property: request.contatoSolicitante() to: setContatoSolicitante(java.lang.String).
[INFO] -- MapStruct: selecting property mapping: request.contatoSolicitante().
[INFO] -- MapStruct: mapping property: request.enderecoAtendimento() to: setEnderecoAtendimento(java.lang.String).
[INFO] -- MapStruct: selecting property mapping: request.enderecoAtendimento().
[INFO] -- MapStruct: mapping property: request.dataAgendamentoAnalise() to: setDataAgendamentoAnalise(java.time.LocalDateTime).
[INFO] -- MapStruct: selecting property mapping: request.dataAgendamentoAnalise().
[INFO] -- MapStruct: mapping property: request.status() to: setStatus(com.neritech.saas.garantia.domain.StatusReclamacao).
[INFO] -- MapStruct: selecting property mapping: request.status().
[INFO] -- MapStruct: mapping property: request.observacoesInternas() to: setObservacoesInternas(java.lang.String).
[INFO] -- MapStruct: selecting property mapping: request.observacoesInternas().
[INFO] - MapStruct: creating bean mapping method implementation for com.neritech.saas.garantia.dto.ReclamacaoGarantiaResponse toResponse(com.neritech.saas.garantia.domain.ReclamacaoGarantia entity).
[INFO] -- MapStruct: mapping property: entityTecnicoResponsavelNomeCompleto( entity ) to: tecnicoResponsavelNome.
[INFO] -- MapStruct: selecting property mapping: entityTecnicoResponsavelNomeCompleto( entity ).
[INFO] -- MapStruct: mapping property: entity.getId() to: id.
[INFO] -- MapStruct: selecting property mapping: entity.getId().
[INFO] -- MapStruct: mapping property: entity.getNumeroReclamacao() to: numeroReclamacao.
[INFO] -- MapStruct: selecting property mapping: entity.getNumeroReclamacao().
[INFO] -- MapStruct: mapping property: entity.getDataAbertura() to: dataAbertura.
[INFO] -- MapStruct: selecting property mapping: entity.getDataAbertura().
[INFO] -- MapStruct: mapping property: entity.getTipoReclamacao() to: tipoReclamacao.
[INFO] -- MapStruct: selecting property mapping: entity.getTipoReclamacao().
[INFO] -- MapStruct: mapping property: entity.getProblemaRelatado() to: problemaRelatado.
[INFO] -- MapStruct: selecting property mapping: entity.getProblemaRelatado().
[INFO] -- MapStruct: mapping property: entity.getSintomasObservados() to: sintomasObservados.
[INFO] -- MapStruct: selecting property mapping: entity.getSintomasObservados().
[INFO] -- MapStruct: mapping property: entity.getCondicoesUso() to: condicoesUso.
[INFO] -- MapStruct: selecting property mapping: entity.getCondicoesUso().
[INFO] -- MapStruct: mapping property: entity.getKilometragemAtual() to: kilometragemAtual.
[INFO] -- MapStruct: selecting property mapping: entity.getKilometragemAtual().
[INFO] -- MapStruct: mapping property: entity.getTempoUsoDesdeServico() to: tempoUsoDesdeServico.
[INFO] -- MapStruct: selecting property mapping: entity.getTempoUsoDesdeServico().
[INFO] -- MapStruct: mapping property: entity.getEvidenciasFornecidas() to: evidenciasFornecidas.
[INFO] -- MapStruct: selecting property mapping: entity.getEvidenciasFornecidas().
[INFO] -- MapStruct: mapping property: entity.getFotosProblema() to: fotosProblema.
[INFO] -- MapStruct: selecting property mapping: entity.getFotosProblema().
[INFO] -- MapStruct: mapping property: entity.getVideosProblema() to: videosProblema.
[INFO] -- MapStruct: selecting property mapping: entity.getVideosProblema().
[INFO] -- MapStruct: mapping property: entity.getDocumentosAnexos() to: documentosAnexos.
[INFO] -- MapStruct: selecting property mapping: entity.getDocumentosAnexos().
[INFO] -- MapStruct: mapping property: entity.getPrioridade() to: prioridade.
[INFO] -- MapStruct: selecting property mapping: entity.getPrioridade().
[INFO] -- MapStruct: mapping property: entity.getCanalAbertura() to: canalAbertura.
[INFO] -- MapStruct: selecting property mapping: entity.getCanalAbertura().
[INFO] -- MapStruct: mapping property: entity.getClienteSolicitante() to: clienteSolicitante.
[INFO] -- MapStruct: selecting property mapping: entity.getClienteSolicitante().
[INFO] -- MapStruct: mapping property: entity.getContatoSolicitante() to: contatoSolicitante.
[INFO] -- MapStruct: selecting property mapping: entity.getContatoSolicitante().
[INFO] -- MapStruct: mapping property: entity.getEnderecoAtendimento() to: enderecoAtendimento.
[INFO] -- MapStruct: selecting property mapping: entity.getEnderecoAtendimento().
[INFO] -- MapStruct: mapping property: entity.getDataAgendamentoAnalise() to: dataAgendamentoAnalise.
[INFO] -- MapStruct: selecting property mapping: entity.getDataAgendamentoAnalise().
[INFO] -- MapStruct: mapping property: entity.getDataInicioAnalise() to: dataInicioAnalise.
[INFO] -- MapStruct: selecting property mapping: entity.getDataInicioAnalise().
[INFO] -- MapStruct: mapping property: entity.getDataFimAnalise() to: dataFimAnalise.
[INFO] -- MapStruct: selecting property mapping: entity.getDataFimAnalise().
[INFO] -- MapStruct: mapping property: entity.getTempoAnaliseHoras() to: tempoAnaliseHoras.
[INFO] -- MapStruct: selecting property mapping: entity.getTempoAnaliseHoras().
[INFO] -- MapStruct: mapping property: entity.getDiagnosticoTecnico() to: diagnosticoTecnico.
[INFO] -- MapStruct: selecting property mapping: entity.getDiagnosticoTecnico().
[INFO] -- MapStruct: mapping property: entity.getCausaIdentificada() to: causaIdentificada.
[INFO] -- MapStruct: selecting property mapping: entity.getCausaIdentificada().
[INFO] -- MapStruct: mapping property: entity.getProcedimentoRealizado() to: procedimentoRealizado.
[INFO] -- MapStruct: selecting property mapping: entity.getProcedimentoRealizado().
[INFO] -- MapStruct: mapping property: entity.getAprovada() to: aprovada.
[INFO] -- MapStruct: selecting property mapping: entity.getAprovada().
[INFO] -- MapStruct: mapping property: entity.getMotivoReprovacao() to: motivoReprovacao.
[INFO] -- MapStruct: selecting property mapping: entity.getMotivoReprovacao().
[INFO] -- MapStruct: mapping property: entity.getValorAprovado() to: valorAprovado.
[INFO] -- MapStruct: selecting property mapping: entity.getValorAprovado().
[INFO] -- MapStruct: mapping property: entity.getItensSubstituidos() to: itensSubstituidos.
[INFO] -- MapStruct: selecting property mapping: entity.getItensSubstituidos().
[INFO] -- MapStruct: mapping property: entity.getServicosRefeitos() to: servicosRefeitos.
[INFO] -- MapStruct: selecting property mapping: entity.getServicosRefeitos().
[INFO] -- MapStruct: mapping property: entity.getCustosAdicionais() to: custosAdicionais.
[INFO] -- MapStruct: selecting property mapping: entity.getCustosAdicionais().
[INFO] -- MapStruct: mapping property: entity.getJustificativaCustos() to: justificativaCustos.
[INFO] -- MapStruct: selecting property mapping: entity.getJustificativaCustos().
[INFO] -- MapStruct: mapping property: entity.getSatisfacaoCliente() to: satisfacaoCliente.
[INFO] -- MapStruct: selecting property mapping: entity.getSatisfacaoCliente().
[INFO] -- MapStruct: mapping property: entity.getComentarioSatisfacao() to: comentarioSatisfacao.
[INFO] -- MapStruct: selecting property mapping: entity.getComentarioSatisfacao().
[INFO] -- MapStruct: mapping property: entity.getStatus() to: status.
[INFO] -- MapStruct: selecting property mapping: entity.getStatus().
[INFO] -- MapStruct: mapping property: entity.getDataResolucao() to: dataResolucao.
[INFO] -- MapStruct: selecting property mapping: entity.getDataResolucao().
[INFO] -- MapStruct: mapping property: entity.getObservacoesInternas() to: observacoesInternas.
[INFO] -- MapStruct: selecting property mapping: entity.getObservacoesInternas().
[INFO] -- MapStruct: mapping property: entity.getAbertaPor() to: abertaPor.
[INFO] -- MapStruct: selecting property mapping: entity.getAbertaPor().
[INFO] - MapStruct: creating bean mapping method implementation for void updateEntityFromDTO(com.neritech.saas.garantia.dto.ReclamacaoGarantiaRequest request, @MappingTarget com.neritech.saas.garantia.domain.ReclamacaoGarantia entity).
[INFO] -- MapStruct: mapping property: request.numeroReclamacao() to: setNumeroReclamacao(java.lang.String).
[INFO] -- MapStruct: selecting property mapping: request.numeroReclamacao().
[INFO] -- MapStruct: mapping property: request.tipoReclamacao() to: setTipoReclamacao(com.neritech.saas.garantia.domain.TipoReclamacao).
[INFO] -- MapStruct: selecting property mapping: request.tipoReclamacao().
[INFO] -- MapStruct: mapping property: request.problemaRelatado() to: setProblemaRelatado(java.lang.String).
[INFO] -- MapStruct: selecting property mapping: request.problemaRelatado().
[INFO] -- MapStruct: mapping property: request.sintomasObservados() to: setSintomasObservados(java.lang.String).
[INFO] -- MapStruct: selecting property mapping: request.sintomasObservados().
[INFO] -- MapStruct: mapping property: request.condicoesUso() to: setCondicoesUso(java.lang.String).
[INFO] -- MapStruct: selecting property mapping: request.condicoesUso().
[INFO] -- MapStruct: mapping property: request.kilometragemAtual() to: setKilometragemAtual(java.lang.Integer).
[INFO] -- MapStruct: selecting property mapping: request.kilometragemAtual().
[INFO] -- MapStruct: mapping property: request.tempoUsoDesdeServico() to: setTempoUsoDesdeServico(java.lang.Integer).
[INFO] -- MapStruct: selecting property mapping: request.tempoUsoDesdeServico().
[INFO] -- MapStruct: mapping property: request.evidenciasFornecidas() to: setEvidenciasFornecidas(java.lang.String).
[INFO] -- MapStruct: selecting property mapping: request.evidenciasFornecidas().
[INFO] -- MapStruct: mapping property: request.fotosProblema() to: setFotosProblema(java.lang.String).
[INFO] -- MapStruct: selecting property mapping: request.fotosProblema().
[INFO] -- MapStruct: mapping property: request.videosProblema() to: setVideosProblema(java.lang.String).
[INFO] -- MapStruct: selecting property mapping: request.videosProblema().
[INFO] -- MapStruct: mapping property: request.documentosAnexos() to: setDocumentosAnexos(java.lang.String).
[INFO] -- MapStruct: selecting property mapping: request.documentosAnexos().
[INFO] -- MapStruct: mapping property: request.prioridade() to: setPrioridade(com.neritech.saas.garantia.domain.PrioridadeReclamacao).
[INFO] -- MapStruct: selecting property mapping: request.prioridade().
[INFO] -- MapStruct: mapping property: request.canalAbertura() to: setCanalAbertura(com.neritech.saas.garantia.domain.CanalAberturaReclamacao).
[INFO] -- MapStruct: selecting property mapping: request.canalAbertura().
[INFO] -- MapStruct: mapping property: request.clienteSolicitante() to: setClienteSolicitante(java.lang.String).
[INFO] -- MapStruct: selecting property mapping: request.clienteSolicitante().
[INFO] -- MapStruct: mapping property: request.contatoSolicitante() to: setContatoSolicitante(java.lang.String).
[INFO] -- MapStruct: selecting property mapping: request.contatoSolicitante().
[INFO] -- MapStruct: mapping property: request.enderecoAtendimento() to: setEnderecoAtendimento(java.lang.String).
[INFO] -- MapStruct: selecting property mapping: request.enderecoAtendimento().
[INFO] -- MapStruct: mapping property: request.dataAgendamentoAnalise() to: setDataAgendamentoAnalise(java.time.LocalDateTime).
[INFO] -- MapStruct: selecting property mapping: request.dataAgendamentoAnalise().
[INFO] -- MapStruct: mapping property: request.status() to: setStatus(com.neritech.saas.garantia.domain.StatusReclamacao).
[INFO] -- MapStruct: selecting property mapping: request.status().
[INFO] -- MapStruct: mapping property: request.observacoesInternas() to: setObservacoesInternas(java.lang.String).
[INFO] -- MapStruct: selecting property mapping: request.observacoesInternas().
[INFO]  MapStruct: processing: com.neritech.saas.agendamento.mapper.ListaEsperaMapper.
[INFO] - MapStruct: creating bean mapping method implementation for com.neritech.saas.agendamento.domain.ListaEspera toEntity(com.neritech.saas.agendamento.dto.ListaEsperaRequest request).
[INFO] -- MapStruct: mapping property: request to: setTipoAgendamento(com.neritech.saas.agendamento.domain.TipoAgendamento).
[INFO] -- MapStruct: mapping property: listaEsperaRequest.tipoAgendamentoId() to: setId(java.lang.Long).
[INFO] -- MapStruct: selecting property mapping: listaEsperaRequest.tipoAgendamentoId().
[INFO] -- MapStruct: creating property mapping: com.neritech.saas.agendamento.domain.TipoAgendamento #listaEsperaRequestToTipoAgendamento(request).
[INFO] -- MapStruct: selecting property mapping: com.neritech.saas.agendamento.domain.TipoAgendamento #listaEsperaRequestToTipoAgendamento(request).
[INFO] -- MapStruct: mapping property: request.empresaId() to: setEmpresaId(java.lang.Long).
[INFO] -- MapStruct: selecting property mapping: request.empresaId().
[INFO] -- MapStruct: mapping property: request.clienteId() to: setClienteId(java.lang.Long).
[INFO] -- MapStruct: selecting property mapping: request.clienteId().
[INFO] -- MapStruct: mapping property: request.veiculoId() to: setVeiculoId(java.lang.Long).
[INFO] -- MapStruct: selecting property mapping: request.veiculoId().
[INFO] -- MapStruct: mapping property: request.dataPreferida() to: setDataPreferida(java.time.LocalDate).
[INFO] -- MapStruct: selecting property mapping: request.dataPreferida().
[INFO] -- MapStruct: mapping property: request.periodoPreferido() to: setPeriodoPreferido(com.neritech.saas.agendamento.domain.enums.PeriodoPreferido).
[INFO] -- MapStruct: selecting property mapping: request.periodoPreferido().
[INFO] -- MapStruct: mapping property: request.servicosDesejados() to: setServicosDesejados(java.lang.String).
[INFO] -- MapStruct: selecting property mapping: request.servicosDesejados().
[INFO] -- MapStruct: mapping property: request.mecanicoPreferidoId() to: setMecanicoPreferidoId(java.lang.Long).
[INFO] -- MapStruct: selecting property mapping: request.mecanicoPreferidoId().
[INFO] -- MapStruct: mapping property: request.urgencia() to: setUrgencia(com.neritech.saas.agendamento.domain.enums.UrgenciaListaEspera).
[INFO] -- MapStruct: selecting property mapping: request.urgencia().
[INFO] -- MapStruct: mapping property: request.observacoes() to: setObservacoes(java.lang.String).
[INFO] -- MapStruct: selecting property mapping: request.observacoes().
[INFO] -- MapStruct: mapping property: request.telefoneContato() to: setTelefoneContato(java.lang.String).
[INFO] -- MapStruct: selecting property mapping: request.telefoneContato().
[INFO] -- MapStruct: mapping property: request.emailContato() to: setEmailContato(java.lang.String).
[INFO] -- MapStruct: selecting property mapping: request.emailContato().
[INFO] -- MapStruct: mapping property: request.whatsappContato() to: setWhatsappContato(java.lang.String).
[INFO] -- MapStruct: selecting property mapping: request.whatsappContato().
[INFO] -- MapStruct: mapping property: request.status() to: setStatus(com.neritech.saas.agendamento.domain.enums.StatusListaEspera).
[INFO] -- MapStruct: selecting property mapping: request.status().
[INFO] -- MapStruct: mapping property: request.notificarDisponibilidade() to: setNotificarDisponibilidade(java.lang.Boolean).
[INFO] -- MapStruct: selecting property mapping: request.notificarDisponibilidade().
[INFO] -- MapStruct: mapping property: request.raioDisponibilidadeKm() to: setRaioDisponibilidadeKm(java.lang.Integer).
[INFO] -- MapStruct: selecting property mapping: request.raioDisponibilidadeKm().
[INFO] -- MapStruct: mapping property: request.flexibilidadeDataDias() to: setFlexibilidadeDataDias(java.lang.Integer).
[INFO] -- MapStruct: selecting property mapping: request.flexibilidadeDataDias().
[INFO] - MapStruct: creating bean mapping method implementation for com.neritech.saas.agendamento.dto.ListaEsperaResponse toResponse(com.neritech.saas.agendamento.domain.ListaEspera entity).
[INFO] -- MapStruct: mapping property: entityTipoAgendamentoId( entity ) to: tipoAgendamentoId.
[INFO] -- MapStruct: selecting property mapping: entityTipoAgendamentoId( entity ).
[INFO] -- MapStruct: mapping property: entityTipoAgendamentoNome( entity ) to: tipoAgendamentoNome.
[INFO] -- MapStruct: selecting property mapping: entityTipoAgendamentoNome( entity ).
[INFO] -- MapStruct: mapping property: entityAgendamentoGeradoId( entity ) to: agendamentoGeradoId.
[INFO] -- MapStruct: selecting property mapping: entityAgendamentoGeradoId( entity ).
[INFO] -- MapStruct: mapping property: entity.getId() to: id.
[INFO] -- MapStruct: selecting property mapping: entity.getId().
[INFO] -- MapStruct: mapping property: entity.getEmpresaId() to: empresaId.
[INFO] -- MapStruct: selecting property mapping: entity.getEmpresaId().
[INFO] -- MapStruct: mapping property: entity.getClienteId() to: clienteId.
[INFO] -- MapStruct: selecting property mapping: entity.getClienteId().
[INFO] -- MapStruct: mapping property: entity.getVeiculoId() to: veiculoId.
[INFO] -- MapStruct: selecting property mapping: entity.getVeiculoId().
[INFO] -- MapStruct: mapping property: entity.getDataPreferida() to: dataPreferida.
[INFO] -- MapStruct: selecting property mapping: entity.getDataPreferida().
[INFO] -- MapStruct: mapping property: entity.getPeriodoPreferido() to: periodoPreferido.
[INFO] -- MapStruct: selecting property mapping: entity.getPeriodoPreferido().
[INFO] -- MapStruct: mapping property: entity.getServicosDesejados() to: servicosDesejados.
[INFO] -- MapStruct: selecting property mapping: entity.getServicosDesejados().
[INFO] -- MapStruct: mapping property: entity.getMecanicoPreferidoId() to: mecanicoPreferidoId.
[INFO] -- MapStruct: selecting property mapping: entity.getMecanicoPreferidoId().
[INFO] -- MapStruct: mapping property: entity.getUrgencia() to: urgencia.
[INFO] -- MapStruct: selecting property mapping: entity.getUrgencia().
[INFO] -- MapStruct: mapping property: entity.getObservacoes() to: observacoes.
[INFO] -- MapStruct: selecting property mapping: entity.getObservacoes().
[INFO] -- MapStruct: mapping property: entity.getNotificarDisponibilidade() to: notificarDisponibilidade.
[INFO] -- MapStruct: selecting property mapping: entity.getNotificarDisponibilidade().
[INFO] -- MapStruct: mapping property: entity.getTelefoneContato() to: telefoneContato.
[INFO] -- MapStruct: selecting property mapping: entity.getTelefoneContato().
[INFO] -- MapStruct: mapping property: entity.getEmailContato() to: emailContato.
[INFO] -- MapStruct: selecting property mapping: entity.getEmailContato().
[INFO] -- MapStruct: mapping property: entity.getWhatsappContato() to: whatsappContato.
[INFO] -- MapStruct: selecting property mapping: entity.getWhatsappContato().
[INFO] -- MapStruct: mapping property: entity.getRaioDisponibilidadeKm() to: raioDisponibilidadeKm.
[INFO] -- MapStruct: selecting property mapping: entity.getRaioDisponibilidadeKm().
[INFO] -- MapStruct: mapping property: entity.getFlexibilidadeDataDias() to: flexibilidadeDataDias.
[INFO] -- MapStruct: selecting property mapping: entity.getFlexibilidadeDataDias().
[INFO] -- MapStruct: mapping property: entity.getStatus() to: status.
[INFO] -- MapStruct: selecting property mapping: entity.getStatus().
[INFO] -- MapStruct: mapping property: entity.getDataNotificacao() to: dataNotificacao.
[INFO] -- MapStruct: selecting property mapping: entity.getDataNotificacao().
[INFO] -- MapStruct: mapping property: entity.getDataExpiracao() to: dataExpiracao.
[INFO] -- MapStruct: selecting property mapping: entity.getDataExpiracao().
[INFO] -- MapStruct: mapping property: entity.getPosicaoLista() to: posicaoLista.
[INFO] -- MapStruct: selecting property mapping: entity.getPosicaoLista().
[INFO] -- MapStruct: mapping property: entity.getDataCadastro() to: dataCadastro.
[INFO] -- MapStruct: selecting property mapping: entity.getDataCadastro().
[INFO]  MapStruct: processing: com.neritech.saas.relatorios.mapper.ExportacaoMapper.
[INFO] - MapStruct: creating bean mapping method implementation for com.neritech.saas.relatorios.domain.Exportacao toEntity(com.neritech.saas.relatorios.dto.ExportacaoRequest request).
[INFO] -- MapStruct: mapping property: request.getUsuarioSolicitante() to: usuarioSolicitante(java.lang.Long).
[INFO] -- MapStruct: selecting property mapping: request.getUsuarioSolicitante().
[INFO] -- MapStruct: mapping property: request.getTipoExportacao() to: tipoExportacao(java.lang.String).
[INFO] -- MapStruct: selecting property mapping: request.getTipoExportacao().
[INFO] -- MapStruct: mapping property: request.getFormatoArquivo() to: formatoArquivo(com.neritech.saas.relatorios.domain.enums.FormatoArquivoExportacao).
[INFO] -- MapStruct: selecting property mapping: request.getFormatoArquivo().
[INFO] -- MapStruct: mapping property: request.getNomeArquivo() to: nomeArquivo(java.lang.String).
[INFO] -- MapStruct: selecting property mapping: request.getNomeArquivo().
[INFO] -- MapStruct: mapping property: request.getCriteriosExportacao() to: criteriosExportacao(java.lang.String).
[INFO] -- MapStruct: selecting property mapping: request.getCriteriosExportacao().
[INFO] -- MapStruct: mapping property: request.getCamposExportados() to: camposExportados(java.lang.String).
[INFO] -- MapStruct: selecting property mapping: request.getCamposExportados().
[INFO] -- MapStruct: mapping property: request.getSenhaProtegida() to: senhaProtegida(java.lang.Boolean).
[INFO] -- MapStruct: selecting property mapping: request.getSenhaProtegida().
[INFO] -- MapStruct: mapping property: request.getNotificarConclusao() to: notificarConclusao(java.lang.Boolean).
[INFO] -- MapStruct: selecting property mapping: request.getNotificarConclusao().
[INFO] -- MapStruct: mapping property: request.getObservacoes() to: observacoes(java.lang.String).
[INFO] -- MapStruct: selecting property mapping: request.getObservacoes().
[INFO] - MapStruct: creating bean mapping method implementation for com.neritech.saas.relatorios.dto.ExportacaoResponse toResponse(com.neritech.saas.relatorios.domain.Exportacao entity).
[INFO] -- MapStruct: mapping property: entity.getId() to: setId(java.lang.Long).
[INFO] -- MapStruct: selecting property mapping: entity.getId().
[INFO] -- MapStruct: mapping property: entity.getEmpresaId() to: setEmpresaId(java.lang.Long).
[INFO] -- MapStruct: selecting property mapping: entity.getEmpresaId().
[INFO] -- MapStruct: mapping property: entity.getUsuarioSolicitante() to: setUsuarioSolicitante(java.lang.Long).
[INFO] -- MapStruct: selecting property mapping: entity.getUsuarioSolicitante().
[INFO] -- MapStruct: mapping property: entity.getTipoExportacao() to: setTipoExportacao(java.lang.String).
[INFO] -- MapStruct: selecting property mapping: entity.getTipoExportacao().
[INFO] -- MapStruct: mapping property: entity.getFormatoArquivo() to: setFormatoArquivo(com.neritech.saas.relatorios.domain.enums.FormatoArquivoExportacao).
[INFO] -- MapStruct: selecting property mapping: entity.getFormatoArquivo().
[INFO] -- MapStruct: mapping property: entity.getNomeArquivo() to: setNomeArquivo(java.lang.String).
[INFO] -- MapStruct: selecting property mapping: entity.getNomeArquivo().
[INFO] -- MapStruct: mapping property: entity.getCaminhoArquivo() to: setCaminhoArquivo(java.lang.String).
[INFO] -- MapStruct: selecting property mapping: entity.getCaminhoArquivo().
[INFO] -- MapStruct: mapping property: entity.getTamanhoArquivoBytes() to: setTamanhoArquivoBytes(java.lang.Long).
[INFO] -- MapStruct: selecting property mapping: entity.getTamanhoArquivoBytes().
[INFO] -- MapStruct: mapping property: entity.getCriteriosExportacao() to: setCriteriosExportacao(java.lang.String).
[INFO] -- MapStruct: selecting property mapping: entity.getCriteriosExportacao().
[INFO] -- MapStruct: mapping property: entity.getCamposExportados() to: setCamposExportados(java.lang.String).
[INFO] -- MapStruct: selecting property mapping: entity.getCamposExportados().
[INFO] -- MapStruct: mapping property: entity.getTotalRegistros() to: setTotalRegistros(java.lang.Integer).
[INFO] -- MapStruct: selecting property mapping: entity.getTotalRegistros().
[INFO] -- MapStruct: mapping property: entity.getDataInicio() to: setDataInicio(java.time.LocalDateTime).
[INFO] -- MapStruct: selecting property mapping: entity.getDataInicio().
[INFO] -- MapStruct: mapping property: entity.getDataFim() to: setDataFim(java.time.LocalDateTime).
[INFO] -- MapStruct: selecting property mapping: entity.getDataFim().
[INFO] -- MapStruct: mapping property: entity.getDuracaoSegundos() to: setDuracaoSegundos(java.lang.Integer).
[INFO] -- MapStruct: selecting property mapping: entity.getDuracaoSegundos().
[INFO] -- MapStruct: mapping property: entity.getStatus() to: setStatus(com.neritech.saas.relatorios.domain.enums.StatusExportacao).
[INFO] -- MapStruct: selecting property mapping: entity.getStatus().
[INFO] -- MapStruct: mapping property: entity.getProgressoPercentual() to: setProgressoPercentual(java.lang.Integer).
[INFO] -- MapStruct: selecting property mapping: entity.getProgressoPercentual().
[INFO] -- MapStruct: mapping property: entity.getErroExportacao() to: setErroExportacao(java.lang.String).
[INFO] -- MapStruct: selecting property mapping: entity.getErroExportacao().
[INFO] -- MapStruct: mapping property: entity.getUrlDownload() to: setUrlDownload(java.lang.String).
[INFO] -- MapStruct: selecting property mapping: entity.getUrlDownload().
[INFO] -- MapStruct: mapping property: entity.getDataExpiracaoDownload() to: setDataExpiracaoDownload(java.time.LocalDateTime).
[INFO] -- MapStruct: selecting property mapping: entity.getDataExpiracaoDownload().
[INFO] -- MapStruct: mapping property: entity.getDownloadsRealizados() to: setDownloadsRealizados(java.lang.Integer).
[INFO] -- MapStruct: selecting property mapping: entity.getDownloadsRealizados().
[INFO] -- MapStruct: mapping property: entity.getLimiteDownloads() to: setLimiteDownloads(java.lang.Integer).
[INFO] -- MapStruct: selecting property mapping: entity.getLimiteDownloads().
[INFO] -- MapStruct: mapping property: entity.getSenhaProtegida() to: setSenhaProtegida(java.lang.Boolean).
[INFO] -- MapStruct: selecting property mapping: entity.getSenhaProtegida().
[INFO] -- MapStruct: mapping property: entity.getNotificarConclusao() to: setNotificarConclusao(java.lang.Boolean).
[INFO] -- MapStruct: selecting property mapping: entity.getNotificarConclusao().
[INFO] -- MapStruct: mapping property: entity.getNotificacaoEnviada() to: setNotificacaoEnviada(java.lang.Boolean).
[INFO] -- MapStruct: selecting property mapping: entity.getNotificacaoEnviada().
[INFO] -- MapStruct: mapping property: entity.getObservacoes() to: setObservacoes(java.lang.String).
[INFO] -- MapStruct: selecting property mapping: entity.getObservacoes().
[INFO] -- MapStruct: mapping property: entity.getDataCadastro() to: setDataCadastro(java.time.LocalDateTime).
[INFO] -- MapStruct: selecting property mapping: entity.getDataCadastro().
[INFO] - MapStruct: creating bean mapping method implementation for void updateEntity(@MappingTarget com.neritech.saas.relatorios.domain.Exportacao entity, com.neritech.saas.relatorios.dto.ExportacaoRequest request).
[INFO] -- MapStruct: mapping property: request.getTipoExportacao() to: setTipoExportacao(java.lang.String).
[INFO] -- MapStruct: selecting property mapping: request.getTipoExportacao().
[INFO] -- MapStruct: mapping property: request.getFormatoArquivo() to: setFormatoArquivo(com.neritech.saas.relatorios.domain.enums.FormatoArquivoExportacao).
[INFO] -- MapStruct: selecting property mapping: request.getFormatoArquivo().
[INFO] -- MapStruct: mapping property: request.getNomeArquivo() to: setNomeArquivo(java.lang.String).
[INFO] -- MapStruct: selecting property mapping: request.getNomeArquivo().
[INFO] -- MapStruct: mapping property: request.getCriteriosExportacao() to: setCriteriosExportacao(java.lang.String).
[INFO] -- MapStruct: selecting property mapping: request.getCriteriosExportacao().
[INFO] -- MapStruct: mapping property: request.getCamposExportados() to: setCamposExportados(java.lang.String).
[INFO] -- MapStruct: selecting property mapping: request.getCamposExportados().
[INFO] -- MapStruct: mapping property: request.getObservacoes() to: setObservacoes(java.lang.String).
[INFO] -- MapStruct: selecting property mapping: request.getObservacoes().
[INFO] -- MapStruct: mapping property: request.getSenhaProtegida() to: setSenhaProtegida(java.lang.Boolean).
[INFO] -- MapStruct: selecting property mapping: request.getSenhaProtegida().
[INFO] -- MapStruct: mapping property: request.getNotificarConclusao() to: setNotificarConclusao(java.lang.Boolean).
[INFO] -- MapStruct: selecting property mapping: request.getNotificarConclusao().
[WARNING] /C:/Users/alexa/OneDrive/Documentos/NeriTech/backend/src/main/java/com/neritech/saas/relatorios/mapper/ExportacaoMapper.java:[36,10] Unmapped target properties: "dataAtualizacao, criadoPor, atualizadoPor, versao, caminhoArquivo, tamanhoArquivoBytes, totalRegistros, dataInicio, dataFim, duracaoSegundos, status, erroExportacao, urlDownload, dataExpiracaoDownload, progressoPercentual, downloadsRealizados, limiteDownloads, notificacaoEnviada".
[INFO]  MapStruct: processing: com.neritech.saas.gestaoUsuarios.mapper.UsuarioMapper.
[INFO] - MapStruct: creating bean mapping method implementation for com.neritech.saas.gestaoUsuarios.dto.UsuarioResponse toResponse(com.neritech.saas.gestaoUsuarios.domain.Usuario usuario).
[INFO] -- MapStruct: mapping property: usuario.getId() to: id(java.lang.Long).
[INFO] -- MapStruct: selecting property mapping: usuario.getId().
[INFO] -- MapStruct: mapping property: usuario.getEmpresaId() to: empresaId(java.lang.Long).
[INFO] -- MapStruct: selecting property mapping: usuario.getEmpresaId().
[INFO] -- MapStruct: mapping property: usuario.getNomeCompleto() to: nomeCompleto(java.lang.String).
[INFO] -- MapStruct: selecting property mapping: usuario.getNomeCompleto().
[INFO] -- MapStruct: mapping property: usuario.getEmail() to: email(java.lang.String).
[INFO] -- MapStruct: selecting property mapping: usuario.getEmail().
[INFO] -- MapStruct: mapping property: usuario.getAtivo() to: ativo(boolean).
[INFO] -- MapStruct: selecting property mapping: usuario.getAtivo().
[INFO] -- MapStruct: mapping property: usuario.getBloqueado() to: bloqueado(boolean).
[INFO] -- MapStruct: selecting property mapping: usuario.getBloqueado().
[INFO] -- MapStruct: mapping property: usuario.getUltimoAcesso() to: ultimoAcesso(java.time.LocalDateTime).
[INFO] -- MapStruct: selecting property mapping: usuario.getUltimoAcesso().
[WARNING] /C:/Users/alexa/OneDrive/Documentos/NeriTech/backend/src/main/java/com/neritech/saas/gestaoUsuarios/mapper/UsuarioMapper.java:[13,21] Unmapped target properties: "cargo, departamento, telefone, avatarUrl".
[INFO] - MapStruct: creating bean mapping method implementation for com.neritech.saas.gestaoUsuarios.domain.Usuario toEntity(com.neritech.saas.gestaoUsuarios.dto.UsuarioRequest request).
[INFO] -- MapStruct: mapping property: request.getNomeCompleto() to: nomeCompleto(java.lang.String).
[INFO] -- MapStruct: selecting property mapping: request.getNomeCompleto().
[INFO] -- MapStruct: mapping property: request.getEmail() to: email(java.lang.String).
[INFO] -- MapStruct: selecting property mapping: request.getEmail().
[INFO] -- MapStruct: mapping property: request.isAtivo() to: ativo(java.lang.Boolean).
[INFO] -- MapStruct: selecting property mapping: request.isAtivo().
[INFO] -- MapStruct: mapping property: request.isBloqueado() to: bloqueado(java.lang.Boolean).
[INFO] -- MapStruct: selecting property mapping: request.isBloqueado().
[WARNING] /C:/Users/alexa/OneDrive/Documentos/NeriTech/backend/src/main/java/com/neritech/saas/gestaoUsuarios/mapper/UsuarioMapper.java:[16,13] Unmapped target properties: "id, dataCadastro, dataAtualizacao, criadoPor, atualizadoPor, versao, empresaId, dataBloqueio, motivoBloqueio, deveTrocarSenha, ultimoAcesso, perfil, funcoes".
[INFO]  MapStruct: processing: com.neritech.saas.integracao.mapper.LogIntegracaoMapper.
[INFO] - MapStruct: creating bean mapping method implementation for com.neritech.saas.integracao.domain.LogIntegracao toEntity(com.neritech.saas.integracao.dto.LogIntegracaoRequest request).
[INFO] -- MapStruct: mapping property: request.operacao() to: operacao(java.lang.String).
[INFO] -- MapStruct: selecting property mapping: request.operacao().
[INFO] -- MapStruct: mapping property: request.status() to: status(java.lang.String).
[INFO] -- MapStruct: selecting property mapping: request.status().
[INFO] -- MapStruct: mapping property: request.requisicao() to: requisicao(java.lang.String).
[INFO] -- MapStruct: selecting property mapping: request.requisicao().
[INFO] -- MapStruct: mapping property: request.resposta() to: resposta(java.lang.String).
[INFO] -- MapStruct: selecting property mapping: request.resposta().
[INFO] -- MapStruct: mapping property: request.mensagemErro() to: mensagemErro(java.lang.String).
[INFO] -- MapStruct: selecting property mapping: request.mensagemErro().
[INFO] -- MapStruct: mapping property: request.codigoHttp() to: codigoHttp(java.lang.Integer).
[INFO] -- MapStruct: selecting property mapping: request.codigoHttp().
[INFO] -- MapStruct: mapping property: request.dataExecucao() to: dataExecucao(java.time.LocalDateTime).
[INFO] -- MapStruct: selecting property mapping: request.dataExecucao().
[WARNING] /C:/Users/alexa/OneDrive/Documentos/NeriTech/backend/src/main/java/com/neritech/saas/integracao/mapper/LogIntegracaoMapper.java:[13,19] Unmapped target properties: "id, dataCadastro, dataAtualizacao, criadoPor, atualizadoPor, versao".
[INFO] - MapStruct: creating bean mapping method implementation for com.neritech.saas.integracao.dto.LogIntegracaoResponse toResponse(com.neritech.saas.integracao.domain.LogIntegracao entity).
[INFO] -- MapStruct: mapping property: entity.getId() to: id.
[INFO] -- MapStruct: selecting property mapping: entity.getId().
[INFO] -- MapStruct: mapping property: entity.getIntegracao() to: integracao.
[INFO] -- MapStruct: selecting property mapping: com.neritech.saas.integracao.dto.IntegracaoAtivaResponse IntegracaoAtivaMapper#toResponse(entity.getIntegracao()).
[INFO] -- MapStruct: mapping property: entity.getOperacao() to: operacao.
[INFO] -- MapStruct: selecting property mapping: entity.getOperacao().
[INFO] -- MapStruct: mapping property: entity.getStatus() to: status.
[INFO] -- MapStruct: selecting property mapping: entity.getStatus().
[INFO] -- MapStruct: mapping property: entity.getRequisicao() to: requisicao.
[INFO] -- MapStruct: selecting property mapping: entity.getRequisicao().
[INFO] -- MapStruct: mapping property: entity.getResposta() to: resposta.
[INFO] -- MapStruct: selecting property mapping: entity.getResposta().
[INFO] -- MapStruct: mapping property: entity.getMensagemErro() to: mensagemErro.
[INFO] -- MapStruct: selecting property mapping: entity.getMensagemErro().
[INFO] -- MapStruct: mapping property: entity.getCodigoHttp() to: codigoHttp.
[INFO] -- MapStruct: selecting property mapping: entity.getCodigoHttp().
[INFO] -- MapStruct: mapping property: entity.getDataExecucao() to: dataExecucao.
[INFO] -- MapStruct: selecting property mapping: entity.getDataExecucao().
[WARNING] /C:/Users/alexa/OneDrive/Documentos/NeriTech/backend/src/main/java/com/neritech/saas/integracao/mapper/LogIntegracaoMapper.java:[15,27] Unmapped target properties: "createdAt, updatedAt".
[INFO] - MapStruct: creating bean mapping method implementation for void updateEntityFromRequest(com.neritech.saas.integracao.dto.LogIntegracaoRequest request, @MappingTarget com.neritech.saas.integracao.domain.LogIntegracao entity).
[INFO] -- MapStruct: mapping property: request.operacao() to: setOperacao(java.lang.String).
[INFO] -- MapStruct: selecting property mapping: request.operacao().
[INFO] -- MapStruct: mapping property: request.status() to: setStatus(java.lang.String).
[INFO] -- MapStruct: selecting property mapping: request.status().
[INFO] -- MapStruct: mapping property: request.requisicao() to: setRequisicao(java.lang.String).
[INFO] -- MapStruct: selecting property mapping: request.requisicao().
[INFO] -- MapStruct: mapping property: request.resposta() to: setResposta(java.lang.String).
[INFO] -- MapStruct: selecting property mapping: request.resposta().
[INFO] -- MapStruct: mapping property: request.mensagemErro() to: setMensagemErro(java.lang.String).
[INFO] -- MapStruct: selecting property mapping: request.mensagemErro().
[INFO] -- MapStruct: mapping property: request.codigoHttp() to: setCodigoHttp(java.lang.Integer).
[INFO] -- MapStruct: selecting property mapping: request.codigoHttp().
[INFO] -- MapStruct: mapping property: request.dataExecucao() to: setDataExecucao(java.time.LocalDateTime).
[INFO] -- MapStruct: selecting property mapping: request.dataExecucao().
[WARNING] /C:/Users/alexa/OneDrive/Documentos/NeriTech/backend/src/main/java/com/neritech/saas/integracao/mapper/LogIntegracaoMapper.java:[21,10] Unmapped target properties: "criadoPor, atualizadoPor, versao".
[INFO]  MapStruct: processing: com.neritech.saas.integracao.mapper.TokenApiMapper.
[INFO] - MapStruct: creating bean mapping method implementation for com.neritech.saas.integracao.domain.TokenApi toEntity(com.neritech.saas.integracao.dto.TokenApiRequest request).
[INFO] -- MapStruct: mapping property: request.nome() to: nome(java.lang.String).
[INFO] -- MapStruct: selecting property mapping: request.nome().
[INFO] -- MapStruct: mapping property: request.token() to: token(java.lang.String).
[INFO] -- MapStruct: selecting property mapping: request.token().
[INFO] -- MapStruct: mapping property: request.tipo() to: tipo(java.lang.String).
[INFO] -- MapStruct: selecting property mapping: request.tipo().
[INFO] -- MapStruct: mapping property: request.dataExpiracao() to: dataExpiracao(java.time.LocalDateTime).
[INFO] -- MapStruct: selecting property mapping: request.dataExpiracao().
[INFO] -- MapStruct: mapping property: request.ativo() to: ativo(boolean).
[INFO] -- MapStruct: selecting property mapping: request.ativo().
[INFO] -- MapStruct: mapping property: request.escopos() to: escopos(java.lang.String).
[INFO] -- MapStruct: selecting property mapping: request.escopos().
[WARNING] /C:/Users/alexa/OneDrive/Documentos/NeriTech/backend/src/main/java/com/neritech/saas/integracao/mapper/TokenApiMapper.java:[13,14] Unmapped target properties: "id, dataCadastro, dataAtualizacao, criadoPor, atualizadoPor, versao".
[INFO] - MapStruct: creating bean mapping method implementation for com.neritech.saas.integracao.dto.TokenApiResponse toResponse(com.neritech.saas.integracao.domain.TokenApi entity).
[INFO] -- MapStruct: mapping property: entity.getId() to: id.
[INFO] -- MapStruct: selecting property mapping: entity.getId().
[INFO] -- MapStruct: mapping property: entity.getIntegracao() to: integracao.
[INFO] -- MapStruct: selecting property mapping: com.neritech.saas.integracao.dto.IntegracaoAtivaResponse IntegracaoAtivaMapper#toResponse(entity.getIntegracao()).
[INFO] -- MapStruct: mapping property: entity.getNome() to: nome.
[INFO] -- MapStruct: selecting property mapping: entity.getNome().
[INFO] -- MapStruct: mapping property: entity.getTipo() to: tipo.
[INFO] -- MapStruct: selecting property mapping: entity.getTipo().
[INFO] -- MapStruct: mapping property: entity.getDataExpiracao() to: dataExpiracao.
[INFO] -- MapStruct: selecting property mapping: entity.getDataExpiracao().
[INFO] -- MapStruct: mapping property: entity.isAtivo() to: ativo.
[INFO] -- MapStruct: selecting property mapping: entity.isAtivo().
[INFO] -- MapStruct: mapping property: entity.getEscopos() to: escopos.
[INFO] -- MapStruct: selecting property mapping: entity.getEscopos().
[WARNING] /C:/Users/alexa/OneDrive/Documentos/NeriTech/backend/src/main/java/com/neritech/saas/integracao/mapper/TokenApiMapper.java:[15,22] Unmapped target properties: "createdAt, updatedAt".
[INFO] - MapStruct: creating bean mapping method implementation for void updateEntityFromRequest(com.neritech.saas.integracao.dto.TokenApiRequest request, @MappingTarget com.neritech.saas.integracao.domain.TokenApi entity).
[INFO] -- MapStruct: mapping property: request.nome() to: setNome(java.lang.String).
[INFO] -- MapStruct: selecting property mapping: request.nome().
[INFO] -- MapStruct: mapping property: request.token() to: setToken(java.lang.String).
[INFO] -- MapStruct: selecting property mapping: request.token().
[INFO] -- MapStruct: mapping property: request.dataExpiracao() to: setDataExpiracao(java.time.LocalDateTime).
[INFO] -- MapStruct: selecting property mapping: request.dataExpiracao().
[INFO] -- MapStruct: mapping property: request.escopos() to: setEscopos(java.lang.String).
[INFO] -- MapStruct: selecting property mapping: request.escopos().
[INFO] -- MapStruct: mapping property: request.tipo() to: setTipo(java.lang.String).
[INFO] -- MapStruct: selecting property mapping: request.tipo().
[INFO] -- MapStruct: mapping property: request.ativo() to: setAtivo(boolean).
[INFO] -- MapStruct: selecting property mapping: request.ativo().
[WARNING] /C:/Users/alexa/OneDrive/Documentos/NeriTech/backend/src/main/java/com/neritech/saas/integracao/mapper/TokenApiMapper.java:[21,10] Unmapped target properties: "criadoPor, atualizadoPor, versao".
[INFO]  MapStruct: processing: com.neritech.saas.produtoServico.mapper.UnidadeMedidaMapper.
[INFO] - MapStruct: creating bean mapping method implementation for com.neritech.saas.produtoServico.domain.UnidadeMedida toEntity(com.neritech.saas.produtoServico.dto.UnidadeMedidaRequest request).
[INFO] -- MapStruct: mapping property: request.nome() to: nome(java.lang.String).
[INFO] -- MapStruct: selecting property mapping: request.nome().
[INFO] -- MapStruct: mapping property: request.sigla() to: sigla(java.lang.String).
[INFO] -- MapStruct: selecting property mapping: request.sigla().
[INFO] -- MapStruct: mapping property: request.ativo() to: ativo(java.lang.Boolean).
[INFO] -- MapStruct: selecting property mapping: request.ativo().
[INFO] - MapStruct: creating bean mapping method implementation for com.neritech.saas.produtoServico.dto.UnidadeMedidaResponse toResponse(com.neritech.saas.produtoServico.domain.UnidadeMedida entity).
[INFO] -- MapStruct: mapping property: entity.getId() to: id.
[INFO] -- MapStruct: selecting property mapping: entity.getId().
[INFO] -- MapStruct: mapping property: entity.getNome() to: nome.
[INFO] -- MapStruct: selecting property mapping: entity.getNome().
[INFO] -- MapStruct: mapping property: entity.getSigla() to: sigla.
[INFO] -- MapStruct: selecting property mapping: entity.getSigla().
[INFO] -- MapStruct: mapping property: entity.getAtivo() to: ativo.
[INFO] -- MapStruct: selecting property mapping: entity.getAtivo().
[INFO] - MapStruct: creating bean mapping method implementation for void updateEntityFromRequest(com.neritech.saas.produtoServico.dto.UnidadeMedidaRequest request, @MappingTarget com.neritech.saas.produtoServico.domain.UnidadeMedida entity).
[INFO] -- MapStruct: mapping property: request.nome() to: setNome(java.lang.String).
[INFO] -- MapStruct: selecting property mapping: request.nome().
[INFO] -- MapStruct: mapping property: request.sigla() to: setSigla(java.lang.String).
[INFO] -- MapStruct: selecting property mapping: request.sigla().
[INFO] -- MapStruct: mapping property: request.ativo() to: setAtivo(java.lang.Boolean).
[INFO] -- MapStruct: selecting property mapping: request.ativo().
[INFO]  MapStruct: processing: com.neritech.saas.fiscal.mapper.ConfiguracaoNfeMapper.
[INFO] - MapStruct: creating bean mapping method implementation for com.neritech.saas.fiscal.domain.ConfiguracaoNfe toEntity(com.neritech.saas.fiscal.dto.ConfiguracaoNfeRequest request).
[INFO] -- MapStruct: mapping property: request.ambiente() to: ambiente(com.neritech.saas.comunicacao.domain.enums.Ambiente).
[INFO] -- MapStruct: selecting property mapping: request.ambiente().
[INFO] -- MapStruct: mapping property: request.serie() to: serie(java.lang.Integer).
[INFO] -- MapStruct: selecting property mapping: request.serie().
[INFO] -- MapStruct: mapping property: request.proximoNumero() to: proximoNumero(java.lang.Long).
[INFO] -- MapStruct: selecting property mapping: request.proximoNumero().
[INFO] -- MapStruct: mapping property: request.versaoLayout() to: versaoLayout(java.lang.String).
[INFO] -- MapStruct: selecting property mapping: request.versaoLayout().
[INFO] -- MapStruct: mapping property: request.enviarEmailDestinatario() to: enviarEmailDestinatario(boolean).
[INFO] -- MapStruct: selecting property mapping: request.enviarEmailDestinatario().
[INFO] -- MapStruct: mapping property: request.salvarXml() to: salvarXml(boolean).
[INFO] -- MapStruct: selecting property mapping: request.salvarXml().
[INFO] - MapStruct: creating bean mapping method implementation for com.neritech.saas.fiscal.dto.ConfiguracaoNfeResponse toResponse(com.neritech.saas.fiscal.domain.ConfiguracaoNfe entity).
[INFO] -- MapStruct: mapping property: entity.getId() to: id.
[INFO] -- MapStruct: selecting property mapping: entity.getId().
[INFO] -- MapStruct: mapping property: entity.getAmbiente() to: ambiente.
[INFO] -- MapStruct: selecting property mapping: entity.getAmbiente().
[INFO] -- MapStruct: mapping property: entity.getSerie() to: serie.
[INFO] -- MapStruct: selecting property mapping: entity.getSerie().
[INFO] -- MapStruct: mapping property: entity.getProximoNumero() to: proximoNumero.
[INFO] -- MapStruct: selecting property mapping: entity.getProximoNumero().
[INFO] -- MapStruct: mapping property: entity.getCertificadoDigital() to: certificadoDigital.
[INFO] -- MapStruct: selecting property mapping: com.neritech.saas.fiscal.dto.CertificadoDigitalResponse CertificadoDigitalMapper#toResponse(entity.getCertificadoDigital()).
[INFO] -- MapStruct: mapping property: entity.getVersaoLayout() to: versaoLayout.
[INFO] -- MapStruct: selecting property mapping: entity.getVersaoLayout().
[INFO] -- MapStruct: mapping property: entity.isEnviarEmailDestinatario() to: enviarEmailDestinatario.
[INFO] -- MapStruct: selecting property mapping: entity.isEnviarEmailDestinatario().
[INFO] -- MapStruct: mapping property: entity.isSalvarXml() to: salvarXml.
[INFO] -- MapStruct: selecting property mapping: entity.isSalvarXml().
[INFO] - MapStruct: creating bean mapping method implementation for void updateEntityFromRequest(com.neritech.saas.fiscal.dto.ConfiguracaoNfeRequest request, @MappingTarget com.neritech.saas.fiscal.domain.ConfiguracaoNfe entity).
[INFO] -- MapStruct: mapping property: request.ambiente() to: setAmbiente(com.neritech.saas.comunicacao.domain.enums.Ambiente).
[INFO] -- MapStruct: selecting property mapping: request.ambiente().
[INFO] -- MapStruct: mapping property: request.serie() to: setSerie(java.lang.Integer).
[INFO] -- MapStruct: selecting property mapping: request.serie().
[INFO] -- MapStruct: mapping property: request.proximoNumero() to: setProximoNumero(java.lang.Long).
[INFO] -- MapStruct: selecting property mapping: request.proximoNumero().
[INFO] -- MapStruct: mapping property: request.versaoLayout() to: setVersaoLayout(java.lang.String).
[INFO] -- MapStruct: selecting property mapping: request.versaoLayout().
[INFO] -- MapStruct: mapping property: request.enviarEmailDestinatario() to: setEnviarEmailDestinatario(boolean).
[INFO] -- MapStruct: selecting property mapping: request.enviarEmailDestinatario().
[INFO] -- MapStruct: mapping property: request.salvarXml() to: setSalvarXml(boolean).
[INFO] -- MapStruct: selecting property mapping: request.salvarXml().
[INFO]  MapStruct: processing: com.neritech.saas.integracao.mapper.SincronizacaoMapper.
[INFO] - MapStruct: creating bean mapping method implementation for com.neritech.saas.integracao.domain.Sincronizacao toEntity(com.neritech.saas.integracao.dto.SincronizacaoRequest request).
[INFO] -- MapStruct: mapping property: request.entidade() to: entidade(java.lang.String).
[INFO] -- MapStruct: selecting property mapping: request.entidade().
[INFO] -- MapStruct: mapping property: request.direcao() to: direcao(java.lang.String).
[INFO] -- MapStruct: selecting property mapping: request.direcao().
[INFO] -- MapStruct: mapping property: request.status() to: status(java.lang.String).
[INFO] -- MapStruct: selecting property mapping: request.status().
[INFO] -- MapStruct: mapping property: request.dataInicio() to: dataInicio(java.time.LocalDateTime).
[INFO] -- MapStruct: selecting property mapping: request.dataInicio().
[INFO] -- MapStruct: mapping property: request.dataFim() to: dataFim(java.time.LocalDateTime).
[INFO] -- MapStruct: selecting property mapping: request.dataFim().
[INFO] -- MapStruct: mapping property: request.registrosProcessados() to: registrosProcessados(java.lang.Integer).
[INFO] -- MapStruct: selecting property mapping: request.registrosProcessados().
[INFO] -- MapStruct: mapping property: request.registrosComErro() to: registrosComErro(java.lang.Integer).
[INFO] -- MapStruct: selecting property mapping: request.registrosComErro().
[INFO] -- MapStruct: mapping property: request.logErros() to: logErros(java.lang.String).
[INFO] -- MapStruct: selecting property mapping: request.logErros().
[WARNING] /C:/Users/alexa/OneDrive/Documentos/NeriTech/backend/src/main/java/com/neritech/saas/integracao/mapper/SincronizacaoMapper.java:[13,19] Unmapped target properties: "id, dataCadastro, dataAtualizacao, criadoPor, atualizadoPor, versao".
[INFO] - MapStruct: creating bean mapping method implementation for com.neritech.saas.integracao.dto.SincronizacaoResponse toResponse(com.neritech.saas.integracao.domain.Sincronizacao entity).
[INFO] -- MapStruct: mapping property: entity.getId() to: id.
[INFO] -- MapStruct: selecting property mapping: entity.getId().
[INFO] -- MapStruct: mapping property: entity.getIntegracao() to: integracao.
[INFO] -- MapStruct: selecting property mapping: com.neritech.saas.integracao.dto.IntegracaoAtivaResponse IntegracaoAtivaMapper#toResponse(entity.getIntegracao()).
[INFO] -- MapStruct: mapping property: entity.getEntidade() to: entidade.
[INFO] -- MapStruct: selecting property mapping: entity.getEntidade().
[INFO] -- MapStruct: mapping property: entity.getDirecao() to: direcao.
[INFO] -- MapStruct: selecting property mapping: entity.getDirecao().
[INFO] -- MapStruct: mapping property: entity.getStatus() to: status.
[INFO] -- MapStruct: selecting property mapping: entity.getStatus().
[INFO] -- MapStruct: mapping property: entity.getDataInicio() to: dataInicio.
[INFO] -- MapStruct: selecting property mapping: entity.getDataInicio().
[INFO] -- MapStruct: mapping property: entity.getDataFim() to: dataFim.
[INFO] -- MapStruct: selecting property mapping: entity.getDataFim().
[INFO] -- MapStruct: mapping property: entity.getRegistrosProcessados() to: registrosProcessados.
[INFO] -- MapStruct: selecting property mapping: entity.getRegistrosProcessados().
[INFO] -- MapStruct: mapping property: entity.getRegistrosComErro() to: registrosComErro.
[INFO] -- MapStruct: selecting property mapping: entity.getRegistrosComErro().
[INFO] -- MapStruct: mapping property: entity.getLogErros() to: logErros.
[INFO] -- MapStruct: selecting property mapping: entity.getLogErros().
[WARNING] /C:/Users/alexa/OneDrive/Documentos/NeriTech/backend/src/main/java/com/neritech/saas/integracao/mapper/SincronizacaoMapper.java:[15,27] Unmapped target properties: "createdAt, updatedAt".
[INFO] - MapStruct: creating bean mapping method implementation for void updateEntityFromRequest(com.neritech.saas.integracao.dto.SincronizacaoRequest request, @MappingTarget com.neritech.saas.integracao.domain.Sincronizacao entity).
[INFO] -- MapStruct: mapping property: request.entidade() to: setEntidade(java.lang.String).
[INFO] -- MapStruct: selecting property mapping: request.entidade().
[INFO] -- MapStruct: mapping property: request.direcao() to: setDirecao(java.lang.String).
[INFO] -- MapStruct: selecting property mapping: request.direcao().
[INFO] -- MapStruct: mapping property: request.status() to: setStatus(java.lang.String).
[INFO] -- MapStruct: selecting property mapping: request.status().
[INFO] -- MapStruct: mapping property: request.dataInicio() to: setDataInicio(java.time.LocalDateTime).
[INFO] -- MapStruct: selecting property mapping: request.dataInicio().
[INFO] -- MapStruct: mapping property: request.dataFim() to: setDataFim(java.time.LocalDateTime).
[INFO] -- MapStruct: selecting property mapping: request.dataFim().
[INFO] -- MapStruct: mapping property: request.logErros() to: setLogErros(java.lang.String).
[INFO] -- MapStruct: selecting property mapping: request.logErros().
[INFO] -- MapStruct: mapping property: request.registrosProcessados() to: setRegistrosProcessados(java.lang.Integer).
[INFO] -- MapStruct: selecting property mapping: request.registrosProcessados().
[INFO] -- MapStruct: mapping property: request.registrosComErro() to: setRegistrosComErro(java.lang.Integer).
[INFO] -- MapStruct: selecting property mapping: request.registrosComErro().
[WARNING] /C:/Users/alexa/OneDrive/Documentos/NeriTech/backend/src/main/java/com/neritech/saas/integracao/mapper/SincronizacaoMapper.java:[21,10] Unmapped target properties: "criadoPor, atualizadoPor, versao".
[INFO]  MapStruct: processing: com.neritech.saas.integracao.mapper.IntegracaoAtivaMapper.
[INFO] - MapStruct: creating bean mapping method implementation for com.neritech.saas.integracao.domain.IntegracaoAtiva toEntity(com.neritech.saas.integracao.dto.IntegracaoAtivaRequest request).
[INFO] -- MapStruct: mapping property: request.nome() to: nome(java.lang.String).
[INFO] -- MapStruct: selecting property mapping: request.nome().
[INFO] -- MapStruct: mapping property: request.tipo() to: tipo(java.lang.String).
[INFO] -- MapStruct: selecting property mapping: request.tipo().
[INFO] -- MapStruct: mapping property: request.urlBase() to: urlBase(java.lang.String).
[INFO] -- MapStruct: selecting property mapping: request.urlBase().
[INFO] -- MapStruct: mapping property: request.descricao() to: descricao(java.lang.String).
[INFO] -- MapStruct: selecting property mapping: request.descricao().
[INFO] -- MapStruct: mapping property: request.ativo() to: ativo(boolean).
[INFO] -- MapStruct: selecting property mapping: request.ativo().
[INFO] -- MapStruct: mapping property: request.configuracoes() to: configuracoes(java.lang.String).
[INFO] -- MapStruct: selecting property mapping: request.configuracoes().
[WARNING] /C:/Users/alexa/OneDrive/Documentos/NeriTech/backend/src/main/java/com/neritech/saas/integracao/mapper/IntegracaoAtivaMapper.java:[12,21] Unmapped target properties: "id, dataCadastro, dataAtualizacao, criadoPor, atualizadoPor, versao".
[INFO] - MapStruct: creating bean mapping method implementation for com.neritech.saas.integracao.dto.IntegracaoAtivaResponse toResponse(com.neritech.saas.integracao.domain.IntegracaoAtiva entity).
[INFO] -- MapStruct: mapping property: entity.getId() to: id.
[INFO] -- MapStruct: selecting property mapping: entity.getId().
[INFO] -- MapStruct: mapping property: entity.getNome() to: nome.
[INFO] -- MapStruct: selecting property mapping: entity.getNome().
[INFO] -- MapStruct: mapping property: entity.getTipo() to: tipo.
[INFO] -- MapStruct: selecting property mapping: entity.getTipo().
[INFO] -- MapStruct: mapping property: entity.getUrlBase() to: urlBase.
[INFO] -- MapStruct: selecting property mapping: entity.getUrlBase().
[INFO] -- MapStruct: mapping property: entity.getDescricao() to: descricao.
[INFO] -- MapStruct: selecting property mapping: entity.getDescricao().
[INFO] -- MapStruct: mapping property: entity.isAtivo() to: ativo.
[INFO] -- MapStruct: selecting property mapping: entity.isAtivo().
[INFO] -- MapStruct: mapping property: entity.getConfiguracoes() to: configuracoes.
[INFO] -- MapStruct: selecting property mapping: entity.getConfiguracoes().
[WARNING] /C:/Users/alexa/OneDrive/Documentos/NeriTech/backend/src/main/java/com/neritech/saas/integracao/mapper/IntegracaoAtivaMapper.java:[14,29] Unmapped target properties: "createdAt, updatedAt".
[INFO] - MapStruct: creating bean mapping method implementation for void updateEntityFromRequest(com.neritech.saas.integracao.dto.IntegracaoAtivaRequest request, @MappingTarget com.neritech.saas.integracao.domain.IntegracaoAtiva entity).
[INFO] -- MapStruct: mapping property: request.nome() to: setNome(java.lang.String).
[INFO] -- MapStruct: selecting property mapping: request.nome().
[INFO] -- MapStruct: mapping property: request.tipo() to: setTipo(java.lang.String).
[INFO] -- MapStruct: selecting property mapping: request.tipo().
[INFO] -- MapStruct: mapping property: request.urlBase() to: setUrlBase(java.lang.String).
[INFO] -- MapStruct: selecting property mapping: request.urlBase().
[INFO] -- MapStruct: mapping property: request.descricao() to: setDescricao(java.lang.String).
[INFO] -- MapStruct: selecting property mapping: request.descricao().
[INFO] -- MapStruct: mapping property: request.configuracoes() to: setConfiguracoes(java.lang.String).
[INFO] -- MapStruct: selecting property mapping: request.configuracoes().
[INFO] -- MapStruct: mapping property: request.ativo() to: setAtivo(boolean).
[INFO] -- MapStruct: selecting property mapping: request.ativo().
[WARNING] /C:/Users/alexa/OneDrive/Documentos/NeriTech/backend/src/main/java/com/neritech/saas/integracao/mapper/IntegracaoAtivaMapper.java:[19,10] Unmapped target properties: "criadoPor, atualizadoPor, versao".
[INFO]  MapStruct: processing: com.neritech.saas.fiscal.mapper.SpedFiscalMapper.
[INFO] - MapStruct: creating bean mapping method implementation for com.neritech.saas.fiscal.domain.SpedFiscal toEntity(com.neritech.saas.fiscal.dto.SpedFiscalRequest request).
[INFO] -- MapStruct: mapping property: request.periodoInicio() to: periodoInicio(java.time.LocalDate).
[INFO] -- MapStruct: selecting property mapping: request.periodoInicio().
[INFO] -- MapStruct: mapping property: request.periodoFim() to: periodoFim(java.time.LocalDate).
[INFO] -- MapStruct: selecting property mapping: request.periodoFim().
[INFO] -- MapStruct: mapping property: request.tipoArquivo() to: tipoArquivo(java.lang.String).
[INFO] -- MapStruct: selecting property mapping: request.tipoArquivo().
[INFO] -- MapStruct: mapping property: request.status() to: status(java.lang.String).
[INFO] -- MapStruct: selecting property mapping: request.status().
[INFO] -- MapStruct: mapping property: request.arquivoGerado() to: arquivoGerado(byte[]).
[INFO] -- MapStruct: selecting property mapping: request.arquivoGerado().
[INFO] -- MapStruct: mapping property: request.logProcessamento() to: logProcessamento(java.lang.String).
[INFO] -- MapStruct: selecting property mapping: request.logProcessamento().
[WARNING] /C:/Users/alexa/OneDrive/Documentos/NeriTech/backend/src/main/java/com/neritech/saas/fiscal/mapper/SpedFiscalMapper.java:[12,16] Unmapped target properties: "id, dataCadastro, dataAtualizacao, criadoPor, atualizadoPor, versao, dataGeracao".
[INFO] - MapStruct: creating bean mapping method implementation for com.neritech.saas.fiscal.dto.SpedFiscalResponse toResponse(com.neritech.saas.fiscal.domain.SpedFiscal entity).
[INFO] -- MapStruct: mapping property: entity.getId() to: id.
[INFO] -- MapStruct: selecting property mapping: entity.getId().
[INFO] -- MapStruct: mapping property: entity.getPeriodoInicio() to: periodoInicio.
[INFO] -- MapStruct: selecting property mapping: entity.getPeriodoInicio().
[INFO] -- MapStruct: mapping property: entity.getPeriodoFim() to: periodoFim.
[INFO] -- MapStruct: selecting property mapping: entity.getPeriodoFim().
[INFO] -- MapStruct: mapping property: entity.getTipoArquivo() to: tipoArquivo.
[INFO] -- MapStruct: selecting property mapping: entity.getTipoArquivo().
[INFO] -- MapStruct: mapping property: entity.getStatus() to: status.
[INFO] -- MapStruct: selecting property mapping: entity.getStatus().
[INFO] -- MapStruct: mapping property: entity.getLogProcessamento() to: logProcessamento.
[INFO] -- MapStruct: selecting property mapping: entity.getLogProcessamento().
[INFO] -- MapStruct: mapping property: entity.getDataGeracao() to: dataGeracao.
[INFO] -- MapStruct: selecting property mapping: entity.getDataGeracao().
[WARNING] /C:/Users/alexa/OneDrive/Documentos/NeriTech/backend/src/main/java/com/neritech/saas/fiscal/mapper/SpedFiscalMapper.java:[14,24] Unmapped target properties: "createdAt, updatedAt".
[INFO] - MapStruct: creating bean mapping method implementation for void updateEntityFromRequest(com.neritech.saas.fiscal.dto.SpedFiscalRequest request, @MappingTarget com.neritech.saas.fiscal.domain.SpedFiscal entity).
[INFO] -- MapStruct: mapping property: request.periodoInicio() to: setPeriodoInicio(java.time.LocalDate).
[INFO] -- MapStruct: selecting property mapping: request.periodoInicio().
[INFO] -- MapStruct: mapping property: request.periodoFim() to: setPeriodoFim(java.time.LocalDate).
[INFO] -- MapStruct: selecting property mapping: request.periodoFim().
[INFO] -- MapStruct: mapping property: request.tipoArquivo() to: setTipoArquivo(java.lang.String).
[INFO] -- MapStruct: selecting property mapping: request.tipoArquivo().
[INFO] -- MapStruct: mapping property: request.status() to: setStatus(java.lang.String).
[INFO] -- MapStruct: selecting property mapping: request.status().
[INFO] -- MapStruct: mapping property: request.arquivoGerado() to: setArquivoGerado(byte[]).
[INFO] -- MapStruct: selecting property mapping: request.arquivoGerado().
[INFO] -- MapStruct: mapping property: request.logProcessamento() to: setLogProcessamento(java.lang.String).
[INFO] -- MapStruct: selecting property mapping: request.logProcessamento().
[WARNING] /C:/Users/alexa/OneDrive/Documentos/NeriTech/backend/src/main/java/com/neritech/saas/fiscal/mapper/SpedFiscalMapper.java:[20,10] Unmapped target properties: "criadoPor, atualizadoPor, versao".
[INFO]  MapStruct: processing: com.neritech.saas.fiscal.mapper.CstProdutoMapper.
[INFO] - MapStruct: creating bean mapping method implementation for com.neritech.saas.fiscal.domain.CstProduto toEntity(com.neritech.saas.fiscal.dto.CstProdutoRequest request).
[INFO] -- MapStruct: mapping property: request.codigo() to: codigo(java.lang.String).
[INFO] -- MapStruct: selecting property mapping: request.codigo().
[INFO] -- MapStruct: mapping property: request.descricao() to: descricao(java.lang.String).
[INFO] -- MapStruct: selecting property mapping: request.descricao().
[INFO] -- MapStruct: mapping property: request.tipo() to: tipo(java.lang.String).
[INFO] -- MapStruct: selecting property mapping: request.tipo().
[INFO] -- MapStruct: mapping property: request.ativo() to: ativo(boolean).
[INFO] -- MapStruct: selecting property mapping: request.ativo().
[WARNING] /C:/Users/alexa/OneDrive/Documentos/NeriTech/backend/src/main/java/com/neritech/saas/fiscal/mapper/CstProdutoMapper.java:[12,16] Unmapped target properties: "id, dataCadastro, dataAtualizacao, criadoPor, atualizadoPor, versao".
[INFO] - MapStruct: creating bean mapping method implementation for com.neritech.saas.fiscal.dto.CstProdutoResponse toResponse(com.neritech.saas.fiscal.domain.CstProduto entity).
[INFO] -- MapStruct: mapping property: entity.getId() to: id.
[INFO] -- MapStruct: selecting property mapping: entity.getId().
[INFO] -- MapStruct: mapping property: entity.getCodigo() to: codigo.
[INFO] -- MapStruct: selecting property mapping: entity.getCodigo().
[INFO] -- MapStruct: mapping property: entity.getDescricao() to: descricao.
[INFO] -- MapStruct: selecting property mapping: entity.getDescricao().
[INFO] -- MapStruct: mapping property: entity.getTipo() to: tipo.
[INFO] -- MapStruct: selecting property mapping: entity.getTipo().
[INFO] -- MapStruct: mapping property: entity.isAtivo() to: ativo.
[INFO] -- MapStruct: selecting property mapping: entity.isAtivo().
[WARNING] /C:/Users/alexa/OneDrive/Documentos/NeriTech/backend/src/main/java/com/neritech/saas/fiscal/mapper/CstProdutoMapper.java:[14,24] Unmapped target properties: "createdAt, updatedAt".
[INFO] - MapStruct: creating bean mapping method implementation for void updateEntityFromRequest(com.neritech.saas.fiscal.dto.CstProdutoRequest request, @MappingTarget com.neritech.saas.fiscal.domain.CstProduto entity).
[INFO] -- MapStruct: mapping property: request.codigo() to: setCodigo(java.lang.String).
[INFO] -- MapStruct: selecting property mapping: request.codigo().
[INFO] -- MapStruct: mapping property: request.descricao() to: setDescricao(java.lang.String).
[INFO] -- MapStruct: selecting property mapping: request.descricao().
[INFO] -- MapStruct: mapping property: request.tipo() to: setTipo(java.lang.String).
[INFO] -- MapStruct: selecting property mapping: request.tipo().
[INFO] -- MapStruct: mapping property: request.ativo() to: setAtivo(boolean).
[INFO] -- MapStruct: selecting property mapping: request.ativo().
[WARNING] /C:/Users/alexa/OneDrive/Documentos/NeriTech/backend/src/main/java/com/neritech/saas/fiscal/mapper/CstProdutoMapper.java:[19,10] Unmapped target properties: "criadoPor, atualizadoPor, versao".
[INFO]  MapStruct: processing: com.neritech.saas.fiscal.mapper.CertificadoDigitalMapper.
[INFO] - MapStruct: creating bean mapping method implementation for com.neritech.saas.fiscal.domain.CertificadoDigital toEntity(com.neritech.saas.fiscal.dto.CertificadoDigitalRequest request).
[INFO] -- MapStruct: mapping property: request.nomeArquivo() to: nomeArquivo(java.lang.String).
[INFO] -- MapStruct: selecting property mapping: request.nomeArquivo().
[INFO] -- MapStruct: mapping property: request.senha() to: senha(java.lang.String).
[INFO] -- MapStruct: selecting property mapping: request.senha().
[INFO] -- MapStruct: mapping property: request.arquivo() to: arquivo(byte[]).
[INFO] -- MapStruct: selecting property mapping: request.arquivo().
[INFO] -- MapStruct: mapping property: request.dataValidade() to: dataValidade(java.time.LocalDateTime).
[INFO] -- MapStruct: selecting property mapping: request.dataValidade().
[INFO] -- MapStruct: mapping property: request.emissor() to: emissor(java.lang.String).
[INFO] -- MapStruct: selecting property mapping: request.emissor().
[INFO] -- MapStruct: mapping property: request.serialNumber() to: serialNumber(java.lang.String).
[INFO] -- MapStruct: selecting property mapping: request.serialNumber().
[INFO] -- MapStruct: mapping property: request.ativo() to: ativo(boolean).
[INFO] -- MapStruct: selecting property mapping: request.ativo().
[WARNING] /C:/Users/alexa/OneDrive/Documentos/NeriTech/backend/src/main/java/com/neritech/saas/fiscal/mapper/CertificadoDigitalMapper.java:[12,24] Unmapped target properties: "id, dataCadastro, dataAtualizacao, criadoPor, atualizadoPor, versao".
[INFO] - MapStruct: creating bean mapping method implementation for com.neritech.saas.fiscal.dto.CertificadoDigitalResponse toResponse(com.neritech.saas.fiscal.domain.CertificadoDigital entity).
[INFO] -- MapStruct: mapping property: entity.getId() to: id.
[INFO] -- MapStruct: selecting property mapping: entity.getId().
[INFO] -- MapStruct: mapping property: entity.getNomeArquivo() to: nomeArquivo.
[INFO] -- MapStruct: selecting property mapping: entity.getNomeArquivo().
[INFO] -- MapStruct: mapping property: entity.getDataValidade() to: dataValidade.
[INFO] -- MapStruct: selecting property mapping: entity.getDataValidade().
[INFO] -- MapStruct: mapping property: entity.getEmissor() to: emissor.
[INFO] -- MapStruct: selecting property mapping: entity.getEmissor().
[INFO] -- MapStruct: mapping property: entity.getSerialNumber() to: serialNumber.
[INFO] -- MapStruct: selecting property mapping: entity.getSerialNumber().
[INFO] -- MapStruct: mapping property: entity.isAtivo() to: ativo.
[INFO] -- MapStruct: selecting property mapping: entity.isAtivo().
[INFO] - MapStruct: creating bean mapping method implementation for void updateEntityFromRequest(com.neritech.saas.fiscal.dto.CertificadoDigitalRequest request, @MappingTarget com.neritech.saas.fiscal.domain.CertificadoDigital entity).
[INFO] -- MapStruct: mapping property: request.nomeArquivo() to: setNomeArquivo(java.lang.String).
[INFO] -- MapStruct: selecting property mapping: request.nomeArquivo().
[INFO] -- MapStruct: mapping property: request.senha() to: setSenha(java.lang.String).
[INFO] -- MapStruct: selecting property mapping: request.senha().
[INFO] -- MapStruct: mapping property: request.arquivo() to: setArquivo(byte[]).
[INFO] -- MapStruct: selecting property mapping: request.arquivo().
[INFO] -- MapStruct: mapping property: request.dataValidade() to: setDataValidade(java.time.LocalDateTime).
[INFO] -- MapStruct: selecting property mapping: request.dataValidade().
[INFO] -- MapStruct: mapping property: request.emissor() to: setEmissor(java.lang.String).
[INFO] -- MapStruct: selecting property mapping: request.emissor().
[INFO] -- MapStruct: mapping property: request.serialNumber() to: setSerialNumber(java.lang.String).
[INFO] -- MapStruct: selecting property mapping: request.serialNumber().
[INFO] -- MapStruct: mapping property: request.ativo() to: setAtivo(boolean).
[INFO] -- MapStruct: selecting property mapping: request.ativo().
[INFO]  MapStruct: processing: com.neritech.saas.fiscal.mapper.RegimeTributarioMapper.
[INFO] - MapStruct: creating bean mapping method implementation for com.neritech.saas.fiscal.domain.RegimeTributario toEntity(com.neritech.saas.fiscal.dto.RegimeTributarioRequest request).
[INFO] -- MapStruct: mapping property: request.codigo() to: codigo(java.lang.String).
[INFO] -- MapStruct: selecting property mapping: request.codigo().
[INFO] -- MapStruct: mapping property: request.nome() to: nome(java.lang.String).
[INFO] -- MapStruct: selecting property mapping: request.nome().
[INFO] -- MapStruct: mapping property: request.descricao() to: descricao(java.lang.String).
[INFO] -- MapStruct: selecting property mapping: request.descricao().
[INFO] -- MapStruct: mapping property: request.ativo() to: ativo(boolean).
[INFO] -- MapStruct: selecting property mapping: request.ativo().
[WARNING] /C:/Users/alexa/OneDrive/Documentos/NeriTech/backend/src/main/java/com/neritech/saas/fiscal/mapper/RegimeTributarioMapper.java:[12,22] Unmapped target properties: "id, dataCadastro, dataAtualizacao, criadoPor, atualizadoPor, versao".
[INFO] - MapStruct: creating bean mapping method implementation for com.neritech.saas.fiscal.dto.RegimeTributarioResponse toResponse(com.neritech.saas.fiscal.domain.RegimeTributario entity).
[INFO] -- MapStruct: mapping property: entity.getId() to: id.
[INFO] -- MapStruct: selecting property mapping: entity.getId().
[INFO] -- MapStruct: mapping property: entity.getCodigo() to: codigo.
[INFO] -- MapStruct: selecting property mapping: entity.getCodigo().
[INFO] -- MapStruct: mapping property: entity.getNome() to: nome.
[INFO] -- MapStruct: selecting property mapping: entity.getNome().
[INFO] -- MapStruct: mapping property: entity.getDescricao() to: descricao.
[INFO] -- MapStruct: selecting property mapping: entity.getDescricao().
[INFO] -- MapStruct: mapping property: entity.isAtivo() to: ativo.
[INFO] -- MapStruct: selecting property mapping: entity.isAtivo().
[WARNING] /C:/Users/alexa/OneDrive/Documentos/NeriTech/backend/src/main/java/com/neritech/saas/fiscal/mapper/RegimeTributarioMapper.java:[14,30] Unmapped target properties: "createdAt, updatedAt".
[INFO] - MapStruct: creating bean mapping method implementation for void updateEntityFromRequest(com.neritech.saas.fiscal.dto.RegimeTributarioRequest request, @MappingTarget com.neritech.saas.fiscal.domain.RegimeTributario entity).
[INFO] -- MapStruct: mapping property: request.ativo() to: setAtivo(boolean).
[INFO] -- MapStruct: selecting property mapping: request.ativo().
[INFO] -- MapStruct: mapping property: request.codigo() to: setCodigo(java.lang.String).
[INFO] -- MapStruct: selecting property mapping: request.codigo().
[INFO] -- MapStruct: mapping property: request.nome() to: setNome(java.lang.String).
[INFO] -- MapStruct: selecting property mapping: request.nome().
[INFO] -- MapStruct: mapping property: request.descricao() to: setDescricao(java.lang.String).
[INFO] -- MapStruct: selecting property mapping: request.descricao().
[WARNING] /C:/Users/alexa/OneDrive/Documentos/NeriTech/backend/src/main/java/com/neritech/saas/fiscal/mapper/RegimeTributarioMapper.java:[19,10] Unmapped target properties: "criadoPor, atualizadoPor, versao".
[INFO]  MapStruct: processing: com.neritech.saas.relatorios.mapper.RelatorioSalvoMapper.
[INFO] - MapStruct: creating bean mapping method implementation for com.neritech.saas.relatorios.domain.RelatorioSalvo toEntity(com.neritech.saas.relatorios.dto.RelatorioSalvoRequest request).
[INFO] -- MapStruct: mapping property: request.getEmpresaId() to: empresaId(java.lang.Long).
[INFO] -- MapStruct: selecting property mapping: request.getEmpresaId().
[INFO] -- MapStruct: mapping property: request.getNomeRelatorio() to: nomeRelatorio(java.lang.String).
[INFO] -- MapStruct: selecting property mapping: request.getNomeRelatorio().
[INFO] -- MapStruct: mapping property: request.getDescricao() to: descricao(java.lang.String).
[INFO] -- MapStruct: selecting property mapping: request.getDescricao().
[INFO] -- MapStruct: mapping property: request.getTipoRelatorio() to: tipoRelatorio(java.lang.String).
[INFO] -- MapStruct: selecting property mapping: request.getTipoRelatorio().
[INFO] -- MapStruct: mapping property: request.getCategoria() to: categoria(java.lang.String).
[INFO] -- MapStruct: selecting property mapping: request.getCategoria().
[INFO] -- MapStruct: mapping property: request.getConsultaSql() to: consultaSql(java.lang.String).
[INFO] -- MapStruct: selecting property mapping: request.getConsultaSql().
[INFO] -- MapStruct: mapping property: request.getParametrosRelatorio() to: parametrosRelatorio(java.lang.String).
[INFO] -- MapStruct: selecting property mapping: request.getParametrosRelatorio().
[INFO] -- MapStruct: mapping property: request.getCamposExibidos() to: camposExibidos(java.lang.String).
[INFO] -- MapStruct: selecting property mapping: request.getCamposExibidos().
[INFO] -- MapStruct: mapping property: request.getOrdenacaoPadrao() to: ordenacaoPadrao(java.lang.String).
[INFO] -- MapStruct: selecting property mapping: request.getOrdenacaoPadrao().
[INFO] -- MapStruct: mapping property: request.getFiltrosPadrao() to: filtrosPadrao(java.lang.String).
[INFO] -- MapStruct: selecting property mapping: request.getFiltrosPadrao().
[INFO] -- MapStruct: mapping property: request.getFormatoSaida() to: formatoSaida(com.neritech.saas.relatorios.domain.enums.FormatoSaida).
[INFO] -- MapStruct: selecting property mapping: request.getFormatoSaida().
[INFO] -- MapStruct: mapping property: request.getOrientacaoPagina() to: orientacaoPagina(com.neritech.saas.relatorios.domain.enums.OrientacaoPagina).
[INFO] -- MapStruct: selecting property mapping: request.getOrientacaoPagina().
[INFO] -- MapStruct: mapping property: request.getTemplateLayout() to: templateLayout(java.lang.String).
[INFO] -- MapStruct: selecting property mapping: request.getTemplateLayout().
[INFO] -- MapStruct: mapping property: request.getAgrupamentos() to: agrupamentos(java.lang.String).
[INFO] -- MapStruct: selecting property mapping: request.getAgrupamentos().
[INFO] -- MapStruct: mapping property: request.getTotalizadores() to: totalizadores(java.lang.String).
[INFO] -- MapStruct: selecting property mapping: request.getTotalizadores().
[INFO] -- MapStruct: mapping property: request.getGraficosInclusos() to: graficosInclusos(java.lang.String).
[INFO] -- MapStruct: selecting property mapping: request.getGraficosInclusos().
[INFO] -- MapStruct: mapping property: request.getPublico() to: publico(java.lang.Boolean).
[INFO] -- MapStruct: selecting property mapping: request.getPublico().
[INFO] -- MapStruct: mapping property: request.getCompartilhadoCom() to: compartilhadoCom(java.lang.String).
[INFO] -- MapStruct: selecting property mapping: request.getCompartilhadoCom().
[INFO] -- MapStruct: mapping property: request.getAgendamentoAtivo() to: agendamentoAtivo(java.lang.Boolean).
[INFO] -- MapStruct: selecting property mapping: request.getAgendamentoAtivo().
[INFO] -- MapStruct: mapping property: request.getFrequenciaAgendamento() to: frequenciaAgendamento(com.neritech.saas.relatorios.domain.enums.FrequenciaAgendamento).
[INFO] -- MapStruct: selecting property mapping: request.getFrequenciaAgendamento().
[INFO] -- MapStruct: mapping property: request.getProximoEnvio() to: proximoEnvio(java.time.LocalDateTime).
[INFO] -- MapStruct: selecting property mapping: request.getProximoEnvio().
[INFO] -- MapStruct: mapping property: request.getEmailsEnvio() to: emailsEnvio(java.lang.String).
[INFO] -- MapStruct: selecting property mapping: request.getEmailsEnvio().
[INFO] -- MapStruct: mapping property: request.getPastaDestino() to: pastaDestino(java.lang.String).
[INFO] -- MapStruct: selecting property mapping: request.getPastaDestino().
[INFO] -- MapStruct: mapping property: request.getAtivo() to: ativo(java.lang.Boolean).
[INFO] -- MapStruct: selecting property mapping: request.getAtivo().
[INFO] - MapStruct: creating bean mapping method implementation for com.neritech.saas.relatorios.dto.RelatorioSalvoResponse toResponse(com.neritech.saas.relatorios.domain.RelatorioSalvo entity).
[INFO] -- MapStruct: mapping property: entity.getId() to: setId(java.lang.Long).
[INFO] -- MapStruct: selecting property mapping: entity.getId().
[INFO] -- MapStruct: mapping property: entity.getEmpresaId() to: setEmpresaId(java.lang.Long).
[INFO] -- MapStruct: selecting property mapping: entity.getEmpresaId().
[INFO] -- MapStruct: mapping property: entity.getNomeRelatorio() to: setNomeRelatorio(java.lang.String).
[INFO] -- MapStruct: selecting property mapping: entity.getNomeRelatorio().
[INFO] -- MapStruct: mapping property: entity.getDescricao() to: setDescricao(java.lang.String).
[INFO] -- MapStruct: selecting property mapping: entity.getDescricao().
[INFO] -- MapStruct: mapping property: entity.getTipoRelatorio() to: setTipoRelatorio(java.lang.String).
[INFO] -- MapStruct: selecting property mapping: entity.getTipoRelatorio().
[INFO] -- MapStruct: mapping property: entity.getCategoria() to: setCategoria(java.lang.String).
[INFO] -- MapStruct: selecting property mapping: entity.getCategoria().
[INFO] -- MapStruct: mapping property: entity.getConsultaSql() to: setConsultaSql(java.lang.String).
[INFO] -- MapStruct: selecting property mapping: entity.getConsultaSql().
[INFO] -- MapStruct: mapping property: entity.getParametrosRelatorio() to: setParametrosRelatorio(java.lang.String).
[INFO] -- MapStruct: selecting property mapping: entity.getParametrosRelatorio().
[INFO] -- MapStruct: mapping property: entity.getCamposExibidos() to: setCamposExibidos(java.lang.String).
[INFO] -- MapStruct: selecting property mapping: entity.getCamposExibidos().
[INFO] -- MapStruct: mapping property: entity.getOrdenacaoPadrao() to: setOrdenacaoPadrao(java.lang.String).
[INFO] -- MapStruct: selecting property mapping: entity.getOrdenacaoPadrao().
[INFO] -- MapStruct: mapping property: entity.getFiltrosPadrao() to: setFiltrosPadrao(java.lang.String).
[INFO] -- MapStruct: selecting property mapping: entity.getFiltrosPadrao().
[INFO] -- MapStruct: mapping property: entity.getFormatoSaida() to: setFormatoSaida(com.neritech.saas.relatorios.domain.enums.FormatoSaida).
[INFO] -- MapStruct: selecting property mapping: entity.getFormatoSaida().
[INFO] -- MapStruct: mapping property: entity.getOrientacaoPagina() to: setOrientacaoPagina(com.neritech.saas.relatorios.domain.enums.OrientacaoPagina).
[INFO] -- MapStruct: selecting property mapping: entity.getOrientacaoPagina().
[INFO] -- MapStruct: mapping property: entity.getTemplateLayout() to: setTemplateLayout(java.lang.String).
[INFO] -- MapStruct: selecting property mapping: entity.getTemplateLayout().
[INFO] -- MapStruct: mapping property: entity.getAgrupamentos() to: setAgrupamentos(java.lang.String).
[INFO] -- MapStruct: selecting property mapping: entity.getAgrupamentos().
[INFO] -- MapStruct: mapping property: entity.getTotalizadores() to: setTotalizadores(java.lang.String).
[INFO] -- MapStruct: selecting property mapping: entity.getTotalizadores().
[INFO] -- MapStruct: mapping property: entity.getGraficosInclusos() to: setGraficosInclusos(java.lang.String).
[INFO] -- MapStruct: selecting property mapping: entity.getGraficosInclusos().
[INFO] -- MapStruct: mapping property: entity.getPublico() to: setPublico(java.lang.Boolean).
[INFO] -- MapStruct: selecting property mapping: entity.getPublico().
[INFO] -- MapStruct: mapping property: entity.getCompartilhadoCom() to: setCompartilhadoCom(java.lang.String).
[INFO] -- MapStruct: selecting property mapping: entity.getCompartilhadoCom().
[INFO] -- MapStruct: mapping property: entity.getAgendamentoAtivo() to: setAgendamentoAtivo(java.lang.Boolean).
[INFO] -- MapStruct: selecting property mapping: entity.getAgendamentoAtivo().
[INFO] -- MapStruct: mapping property: entity.getFrequenciaAgendamento() to: setFrequenciaAgendamento(com.neritech.saas.relatorios.domain.enums.FrequenciaAgendamento).
[INFO] -- MapStruct: selecting property mapping: entity.getFrequenciaAgendamento().
[INFO] -- MapStruct: mapping property: entity.getProximoEnvio() to: setProximoEnvio(java.time.LocalDateTime).
[INFO] -- MapStruct: selecting property mapping: entity.getProximoEnvio().
[INFO] -- MapStruct: mapping property: entity.getEmailsEnvio() to: setEmailsEnvio(java.lang.String).
[INFO] -- MapStruct: selecting property mapping: entity.getEmailsEnvio().
[INFO] -- MapStruct: mapping property: entity.getPastaDestino() to: setPastaDestino(java.lang.String).
[INFO] -- MapStruct: selecting property mapping: entity.getPastaDestino().
[INFO] -- MapStruct: mapping property: entity.getAtivo() to: setAtivo(java.lang.Boolean).
[INFO] -- MapStruct: selecting property mapping: entity.getAtivo().
[INFO] -- MapStruct: mapping property: entity.getTotalExecucoes() to: setTotalExecucoes(java.lang.Integer).
[INFO] -- MapStruct: selecting property mapping: entity.getTotalExecucoes().
[INFO] -- MapStruct: mapping property: entity.getDataUltimaExecucao() to: setDataUltimaExecucao(java.time.LocalDateTime).
[INFO] -- MapStruct: selecting property mapping: entity.getDataUltimaExecucao().
[INFO] -- MapStruct: mapping property: entity.getTempoMedioExecucao() to: setTempoMedioExecucao(java.lang.Integer).
[INFO] -- MapStruct: selecting property mapping: entity.getTempoMedioExecucao().
[INFO] -- MapStruct: mapping property: entity.getTamanhoMedioArquivo() to: setTamanhoMedioArquivo(java.lang.Long).
[INFO] -- MapStruct: selecting property mapping: entity.getTamanhoMedioArquivo().
[INFO] -- MapStruct: mapping property: entity.getCriadoPor() to: setCriadoPor(java.lang.Long).
[INFO] -- MapStruct: selecting property mapping: entity.getCriadoPor().
[INFO] -- MapStruct: mapping property: entity.getDataCadastro() to: setDataCadastro(java.time.LocalDateTime).
[INFO] -- MapStruct: selecting property mapping: entity.getDataCadastro().
[INFO] -- MapStruct: mapping property: entity.getDataAtualizacao() to: setDataAtualizacao(java.time.LocalDateTime).
[INFO] -- MapStruct: selecting property mapping: entity.getDataAtualizacao().
[INFO] - MapStruct: creating bean mapping method implementation for void updateEntity(@MappingTarget com.neritech.saas.relatorios.domain.RelatorioSalvo entity, com.neritech.saas.relatorios.dto.RelatorioSalvoRequest request).
[INFO] -- MapStruct: mapping property: request.getFrequenciaAgendamento() to: setFrequenciaAgendamento(com.neritech.saas.relatorios.domain.enums.FrequenciaAgendamento).
[INFO] -- MapStruct: selecting property mapping: request.getFrequenciaAgendamento().
[INFO] -- MapStruct: mapping property: request.getProximoEnvio() to: setProximoEnvio(java.time.LocalDateTime).
[INFO] -- MapStruct: selecting property mapping: request.getProximoEnvio().
[INFO] -- MapStruct: mapping property: request.getEmailsEnvio() to: setEmailsEnvio(java.lang.String).
[INFO] -- MapStruct: selecting property mapping: request.getEmailsEnvio().
[INFO] -- MapStruct: mapping property: request.getPastaDestino() to: setPastaDestino(java.lang.String).
[INFO] -- MapStruct: selecting property mapping: request.getPastaDestino().
[INFO] -- MapStruct: mapping property: request.getNomeRelatorio() to: setNomeRelatorio(java.lang.String).
[INFO] -- MapStruct: selecting property mapping: request.getNomeRelatorio().
[INFO] -- MapStruct: mapping property: request.getDescricao() to: setDescricao(java.lang.String).
[INFO] -- MapStruct: selecting property mapping: request.getDescricao().
[INFO] -- MapStruct: mapping property: request.getTipoRelatorio() to: setTipoRelatorio(java.lang.String).
[INFO] -- MapStruct: selecting property mapping: request.getTipoRelatorio().
[INFO] -- MapStruct: mapping property: request.getCategoria() to: setCategoria(java.lang.String).
[INFO] -- MapStruct: selecting property mapping: request.getCategoria().
[INFO] -- MapStruct: mapping property: request.getConsultaSql() to: setConsultaSql(java.lang.String).
[INFO] -- MapStruct: selecting property mapping: request.getConsultaSql().
[INFO] -- MapStruct: mapping property: request.getParametrosRelatorio() to: setParametrosRelatorio(java.lang.String).
[INFO] -- MapStruct: selecting property mapping: request.getParametrosRelatorio().
[INFO] -- MapStruct: mapping property: request.getCamposExibidos() to: setCamposExibidos(java.lang.String).
[INFO] -- MapStruct: selecting property mapping: request.getCamposExibidos().
[INFO] -- MapStruct: mapping property: request.getOrdenacaoPadrao() to: setOrdenacaoPadrao(java.lang.String).
[INFO] -- MapStruct: selecting property mapping: request.getOrdenacaoPadrao().
[INFO] -- MapStruct: mapping property: request.getFiltrosPadrao() to: setFiltrosPadrao(java.lang.String).
[INFO] -- MapStruct: selecting property mapping: request.getFiltrosPadrao().
[INFO] -- MapStruct: mapping property: request.getFormatoSaida() to: setFormatoSaida(com.neritech.saas.relatorios.domain.enums.FormatoSaida).
[INFO] -- MapStruct: selecting property mapping: request.getFormatoSaida().
[INFO] -- MapStruct: mapping property: request.getOrientacaoPagina() to: setOrientacaoPagina(com.neritech.saas.relatorios.domain.enums.OrientacaoPagina).
[INFO] -- MapStruct: selecting property mapping: request.getOrientacaoPagina().
[INFO] -- MapStruct: mapping property: request.getTemplateLayout() to: setTemplateLayout(java.lang.String).
[INFO] -- MapStruct: selecting property mapping: request.getTemplateLayout().
[INFO] -- MapStruct: mapping property: request.getAgrupamentos() to: setAgrupamentos(java.lang.String).
[INFO] -- MapStruct: selecting property mapping: request.getAgrupamentos().
[INFO] -- MapStruct: mapping property: request.getTotalizadores() to: setTotalizadores(java.lang.String).
[INFO] -- MapStruct: selecting property mapping: request.getTotalizadores().
[INFO] -- MapStruct: mapping property: request.getGraficosInclusos() to: setGraficosInclusos(java.lang.String).
[INFO] -- MapStruct: selecting property mapping: request.getGraficosInclusos().
[INFO] -- MapStruct: mapping property: request.getPublico() to: setPublico(java.lang.Boolean).
[INFO] -- MapStruct: selecting property mapping: request.getPublico().
[INFO] -- MapStruct: mapping property: request.getCompartilhadoCom() to: setCompartilhadoCom(java.lang.String).
[INFO] -- MapStruct: selecting property mapping: request.getCompartilhadoCom().
[INFO] -- MapStruct: mapping property: request.getAgendamentoAtivo() to: setAgendamentoAtivo(java.lang.Boolean).
[INFO] -- MapStruct: selecting property mapping: request.getAgendamentoAtivo().
[INFO] -- MapStruct: mapping property: request.getAtivo() to: setAtivo(java.lang.Boolean).
[INFO] -- MapStruct: selecting property mapping: request.getAtivo().
[INFO] ------------------------------------------------------------------------
[INFO] BUILD SUCCESS
[INFO] ------------------------------------------------------------------------
[INFO] Total time:  02:28 min
[INFO] Finished at: 2026-02-25T22:31:40-03:00
[INFO] ------------------------------------------------------------------------
